Data/snickers_df.csv
,index,site_id,item_id,date,sq_footage,mpds,locale,periodic_gbv,quantity_sold,price,sales
0,163,516,-14148,2017-11-08,5046,12,1,3944879,5,1.9899999999999998,9.95
10,1231,516,-14148,2017-11-09,5046,12,1,3944879,1,1.99,1.99
16,2278,516,-14148,2017-11-10,5046,12,1,3944879,2,1.99,3.98
26,3765,516,-14148,2017-11-11,5046,12,1,3944879,1,1.99,1.99
30,4346,516,-14148,2017-11-12,5046,12,1,3944879,1,1.99,1.99
33,5032,516,-14148,2017-11-13,5046,12,1,3944879,3,1.99,5.97
41,5842,516,-14148,2017-11-14,5046,12,1,3944879,6,1.99,11.94
46,6982,516,-14148,2017-11-15,5046,12,1,3944879,4,1.99,7.96
58,8836,516,-14148,2017-11-17,5046,12,1,3944879,4,1.99,7.96
73,11108,516,-14148,2017-11-19,5046,12,1,3944879,3,1.99,5.97
87,13182,516,-14148,2017-11-21,5046,12,1,3944879,1,1.99,1.99
90,13670,516,-14148,2017-11-22,5046,12,1,3944879,1,1.99,1.99
115,18082,516,-14148,2017-11-26,5046,12,1,3944879,1,1.99,1.99
133,20689,516,-14148,2017-11-29,5046,12,1,3944879,5,1.8579999999999999,9.29
134,21032,516,-14148,2017-11-30,5046,12,1,3944879,5,1.7920000000000003,8.96
142,22130,516,-14148,2017-12-01,5046,12,1,3975605,2,1.825,3.65
149,23440,516,-14148,2017-12-02,5046,12,1,3975605,8,1.7425,13.94
160,24855,516,-14148,2017-12-03,5046,12,1,3975605,4,1.7425,6.97
166,25690,516,-14148,2017-12-04,5046,12,1,3975605,7,1.8957142857142857,13.27
168,25888,516,-14148,2017-12-05,5046,12,1,3975605,4,1.99,7.96
175,26673,516,-14148,2017-12-06,5046,12,1,3975605,6,1.7149999999999999,10.29
185,28141,516,-14148,2017-12-07,5046,12,1,3975605,9,1.77,15.93
191,29055,516,-14148,2017-12-08,5046,12,1,3975605,4,1.825,7.3
199,30337,516,-14148,2017-12-09,5046,12,1,3975605,4,1.9075,7.63
206,30999,516,-14148,2017-12-10,5046,12,1,3975605,6,1.7699999999999998,10.62
212,31859,516,-14148,2017-12-11,5046,12,1,3975605,7,1.8014285714285714,12.61
218,32613,516,-14148,2017-12-12,5046,12,1,3975605,6,1.88,11.28
226,33974,516,-14148,2017-12-13,5046,12,1,3975605,5,1.9899999999999998,9.95
227,34161,516,-14148,2017-12-14,5046,12,1,3975605,9,1.8800000000000001,16.92
235,35547,516,-14148,2017-12-15,5046,12,1,3975605,2,1.825,3.65
243,36762,516,-14148,2017-12-16,5046,12,1,3975605,6,1.825,10.95
252,38000,516,-14148,2017-12-17,5046,12,1,3975605,2,1.99,3.98
261,39276,516,-14148,2017-12-18,5046,12,1,3975605,3,1.88,5.64
265,39893,516,-14148,2017-12-19,5046,12,1,3975605,4,1.99,7.96
273,40537,516,-14148,2017-12-20,5046,12,1,3975605,5,1.7920000000000003,8.96
278,41361,516,-14148,2017-12-21,5046,12,1,3975605,4,1.9075,7.63
288,42954,516,-14148,2017-12-22,5046,12,1,3975605,7,1.8014285714285714,12.61
305,45289,516,-14148,2017-12-24,5046,12,1,3975605,3,1.88,5.64
308,45904,516,-14148,2017-12-25,5046,12,1,3975605,2,1.99,3.98
319,47104,516,-14148,2017-12-26,5046,12,1,3975605,2,1.99,3.98
329,48300,516,-14148,2017-12-28,5046,12,1,3975605,1,1.99,1.99
341,49639,516,-14148,2017-12-29,5046,12,1,3975605,2,1.99,3.98
346,50468,516,-14148,2017-12-30,5046,12,1,3975605,1,1.99,1.99
355,51862,516,-14148,2017-12-31,5046,12,1,3975605,4,1.7425,6.97
363,52460,516,-14148,2018-01-01,5046,12,1,3975605,1,1.99,1.99
375,53955,516,-14148,2018-01-03,5046,12,1,3975605,1,1.99,1.99
384,55038,516,-14148,2018-01-04,5046,12,1,3975605,7,1.6142857142857143,11.3
390,55855,516,-14148,2018-01-05,5046,12,1,3975605,12,1.6341666666666665,19.61
400,57373,516,-14148,2018-01-06,5046,12,1,3975605,6,1.5,9.0
405,57728,516,-14148,2018-01-07,5046,12,1,3975605,3,1.8833333333333335,5.65
414,59067,516,-14148,2018-01-08,5046,12,1,3975605,2,1.99,3.98
422,59692,516,-14148,2018-01-09,5046,12,1,3975605,1,1.33,1.33
427,60646,516,-14148,2018-01-10,5046,12,1,3975605,5,1.732,8.66
434,61316,516,-14148,2018-01-11,5046,12,1,3975605,6,1.5533333333333335,9.32
445,63261,516,-14148,2018-01-12,5046,12,1,3975605,5,1.924,9.62
449,64060,516,-14148,2018-01-13,5046,12,1,3975605,11,1.5427272727272727,16.97
461,65451,516,-14148,2018-01-14,5046,12,1,3975605,1,1.67,1.67
466,66168,516,-14148,2018-01-15,5046,12,1,3975605,1,1.99,1.99
478,67454,516,-14148,2018-01-16,5046,12,1,3975605,3,1.7733333333333334,5.32
481,67790,516,-14148,2018-01-17,5046,12,1,3975605,2,1.5,3.0
491,69541,516,-14148,2018-01-18,5046,12,1,3975605,9,1.7344444444444445,15.61
497,70569,516,-14148,2018-01-19,5046,12,1,3975605,12,1.5258333333333332,18.31
504,71322,516,-14148,2018-01-20,5046,12,1,3975605,4,1.6625,6.65
511,72351,516,-14148,2018-01-21,5046,12,1,3975605,1,1.67,1.67
518,73579,516,-14148,2018-01-22,5046,12,1,3975605,12,1.5258333333333332,18.31
531,75141,516,-14148,2018-01-23,5046,12,1,3975605,8,1.745,13.96
533,75586,516,-14148,2018-01-24,5046,12,1,3975605,5,1.9260000000000002,9.63
546,77279,516,-14148,2018-01-25,5046,12,1,3975605,1,1.99,1.99
556,78892,516,-14148,2018-01-27,5046,12,1,3978170,3,1.99,5.97
565,80385,516,-14148,2018-01-28,5046,12,1,3978170,1,1.66,1.66
574,81063,516,-14148,2018-01-29,5046,12,1,3978170,4,1.91,7.64
580,82341,516,-14148,2018-01-30,5046,12,1,3978170,5,1.924,9.62
588,83175,516,-14148,2018-01-31,5046,12,1,3978170,3,1.99,5.97
600,84671,516,-14148,2018-02-01,5046,12,1,3978170,7,1.8985714285714284,13.29
604,85507,516,-14148,2018-02-02,5046,12,1,3978170,2,1.325,2.65
609,86613,516,-14148,2018-02-03,5046,12,1,3978170,16,1.14,18.24
621,88546,516,-14148,2018-02-04,5046,12,1,3978170,2,1.49,2.98
629,89494,516,-14148,2018-02-05,5046,12,1,3978170,5,1.86,9.3
632,90054,516,-14148,2018-02-06,5046,12,1,3978170,9,1.661111111111111,14.95
638,90782,516,-14148,2018-02-07,5046,12,1,3978170,5,1.796,8.98
649,92294,516,-14148,2018-02-08,5046,12,1,3978170,6,1.61,9.66
655,93029,516,-14148,2018-02-09,5046,12,1,3978170,3,1.88,5.64
664,95209,516,-14148,2018-02-10,5046,12,1,3978170,7,1.4271428571428573,9.99
675,96269,516,-14148,2018-02-11,5046,12,1,3978170,1,1.99,1.99
686,98164,516,-14148,2018-02-13,5046,12,1,3978170,2,1.83,3.66
695,99303,516,-14148,2018-02-14,5046,12,1,3978170,2,1.99,3.98
701,100145,516,-14148,2018-02-15,5046,12,1,3978170,3,1.99,5.97
707,101140,516,-14148,2018-02-16,5046,12,1,3978170,1,1.99,1.99
716,103038,516,-14148,2018-02-17,5046,12,1,3978170,1,1.99,1.99
721,103339,516,-14148,2018-02-18,5046,12,1,3978170,1,1.99,1.99
724,104203,516,-14148,2018-02-19,5046,12,1,3978170,2,1.99,3.98
737,105792,516,-14148,2018-02-20,5046,12,1,3978170,3,1.99,5.97
739,106419,516,-14148,2018-02-21,5046,12,1,3978170,2,1.99,3.98
747,107094,516,-14148,2018-02-22,5046,12,1,3978170,2,1.99,3.98
769,112080,516,-14148,2018-02-26,5046,12,1,3978170,1,1.99,1.99
775,113008,516,-14148,2018-02-27,5046,12,1,3978170,2,1.99,3.98
789,114854,516,-14148,2018-02-28,5046,12,1,3978170,2,1.99,3.98
792,115470,516,-14148,2018-03-01,5046,12,1,3978170,5,1.9899999999999998,9.95
803,117092,516,-14148,2018-03-02,5046,12,1,3978170,8,1.99,15.92
816,119176,516,-14148,2018-03-04,5046,12,1,3978170,4,1.99,7.96
824,121063,516,-14148,2018-03-06,5046,12,1,3978170,1,1.99,1.99
835,122869,516,-14148,2018-03-07,5046,12,1,3978170,1,1.99,1.99
848,125206,516,-14148,2018-03-09,5046,12,1,3978170,3,1.99,5.97
858,126673,516,-14148,2018-03-10,5046,12,1,3978170,2,1.99,3.98
861,127135,516,-14148,2018-03-11,5046,12,1,3978170,2,1.99,3.98
867,128091,516,-14148,2018-03-12,5046,12,1,3978170,7,1.99,13.93
880,129853,516,-14148,2018-03-13,5046,12,1,3978170,6,1.99,11.94
882,130601,516,-14148,2018-03-14,5046,12,1,3978170,1,1.99,1.99
894,132337,516,-14148,2018-03-15,5046,12,1,3978170,4,1.99,7.96
898,133086,516,-14148,2018-03-16,5046,12,1,3978170,2,1.99,3.98
908,134986,516,-14148,2018-03-17,5046,12,1,3978170,1,1.99,1.99
912,135354,516,-14148,2018-03-18,5046,12,1,3978170,3,1.99,5.97
920,136685,516,-14148,2018-03-19,5046,12,1,3978170,1,1.99,1.99
929,138005,516,-14148,2018-03-20,5046,12,1,3978170,3,1.99,5.97
937,139108,516,-14148,2018-03-21,5046,12,1,3978170,2,1.99,3.98
944,140374,516,-14148,2018-03-22,5046,12,1,3978170,2,1.99,3.98
948,140606,516,-14148,2018-03-23,5046,12,1,3972958,5,1.9899999999999998,9.95
958,142479,516,-14148,2018-03-24,5046,12,1,3972958,1,1.99,1.99
967,144460,516,-14148,2018-03-26,5046,12,1,3972958,2,1.99,3.98
977,145896,516,-14148,2018-03-27,5046,12,1,3972958,2,1.99,3.98
988,147096,516,-14148,2018-03-28,5046,12,1,3972958,7,1.76,12.32
991,147877,516,-14148,2018-03-29,5046,12,1,3972958,6,1.8816666666666666,11.29
1002,149307,516,-14148,2018-03-30,5046,12,1,3972958,6,1.72,10.32
1007,150530,516,-14148,2018-03-31,5046,12,1,3972958,6,1.665,9.99
1017,152096,516,-14148,2018-04-01,5046,12,1,3972958,1,1.99,1.99
1027,152971,516,-14148,2018-04-02,5046,12,1,3972958,3,1.88,5.64
1033,153925,516,-14148,2018-04-03,5046,12,1,3972958,5,1.6640000000000001,8.32
1041,154625,516,-14148,2018-04-04,5046,12,1,3972958,10,1.763,17.63
1047,155430,516,-14148,2018-04-05,5046,12,1,3972958,13,1.8407692307692307,23.93
1055,156725,516,-14148,2018-04-06,5046,12,1,3972958,5,1.86,9.3
1066,158319,516,-14148,2018-04-07,5046,12,1,3972958,4,1.7475,6.99
1077,159607,516,-14148,2018-04-08,5046,12,1,3972958,2,1.99,3.98
1082,160359,516,-14148,2018-04-09,5046,12,1,3972958,3,1.4400000000000002,4.32
1092,161633,516,-14148,2018-04-10,5046,12,1,3972958,5,1.9260000000000002,9.63
1094,161996,516,-14148,2018-04-11,5046,12,1,3972958,5,1.86,9.3
1103,163016,516,-14148,2018-04-12,5046,12,1,3972958,3,1.7733333333333334,5.32
1114,164644,516,-14148,2018-04-13,5046,12,1,3972958,7,1.9442857142857142,13.61
1120,165735,516,-14148,2018-04-14,5046,12,1,3972958,10,1.763,17.63
1130,166996,516,-14148,2018-04-15,5046,12,1,3972958,2,1.99,3.98
1135,168253,516,-14148,2018-04-16,5046,12,1,3972958,3,1.8833333333333335,5.65
1143,169136,516,-14148,2018-04-17,5046,12,1,3972958,4,1.99,7.96
1149,170144,516,-14148,2018-04-18,5046,12,1,3972958,9,1.9533333333333331,17.58
1159,171798,516,-14148,2018-04-19,5046,12,1,3972958,6,1.9349999999999998,11.61
1166,172897,516,-14148,2018-04-20,5046,12,1,3972958,6,1.9349999999999998,11.61
1174,174632,516,-14148,2018-04-21,5046,12,1,3972958,3,1.7699999999999998,5.31
1178,175334,516,-14148,2018-04-22,5046,12,1,3972958,5,1.796,8.98
1193,177234,516,-14148,2018-04-23,5046,12,1,3972958,4,1.91,7.64
1197,177479,516,-14148,2018-04-24,5046,12,1,3972958,5,1.924,9.62
1203,178706,516,-14148,2018-04-25,5046,12,1,3972958,3,1.99,5.97
1229,183280,516,-14148,2018-04-28,5046,12,1,3972958,4,1.99,7.96
1237,184544,516,-14148,2018-04-29,5046,12,1,3972958,1,1.67,1.67
1242,185604,516,-14148,2018-04-30,5046,12,1,3972958,1,1.99,1.99
1246,186297,516,-14148,2018-05-01,5046,12,1,3972958,4,1.99,7.96
1257,187355,516,-14148,2018-05-02,5046,12,1,3972958,5,1.9899999999999998,9.95
1266,188807,516,-14148,2018-05-03,5046,12,1,3972958,2,1.99,3.98
1276,190959,516,-14148,2018-05-04,5046,12,1,3972958,3,1.8833333333333335,5.65
1281,191801,516,-14148,2018-05-05,5046,12,1,3972958,3,1.99,5.97
1289,192967,516,-14148,2018-05-06,5046,12,1,3972958,4,1.825,7.3
1294,194205,516,-14148,2018-05-07,5046,12,1,3972958,6,1.8816666666666666,11.29
1305,195581,516,-14148,2018-05-08,5046,12,1,3972958,7,1.8957142857142857,13.27
1313,196993,516,-14148,2018-05-09,5046,12,1,3972958,2,1.99,3.98
1315,197320,516,-14148,2018-05-10,5046,12,1,3972958,3,1.99,5.97
1326,198864,516,-14148,2018-05-11,5046,12,1,3972958,5,1.9899999999999998,9.95
1337,201258,516,-14148,2018-05-13,5046,12,1,3972958,2,1.99,3.98
1351,203198,516,-14148,2018-05-14,5046,12,1,3972958,2,1.99,3.98
1354,203366,516,-14148,2018-05-15,5046,12,1,3972958,1,1.99,1.99
1363,204826,516,-14148,2018-05-16,5046,12,1,3972958,2,1.99,3.98
1372,206546,516,-14148,2018-05-17,5046,12,1,3972958,8,1.99,15.92
1376,207183,516,-14148,2018-05-18,5046,12,1,3972958,2,1.99,3.98
1388,209447,516,-14148,2018-05-19,5046,12,1,3972958,4,1.99,7.96
1399,210895,516,-14148,2018-05-21,5046,12,1,3972958,8,1.99,15.92
1405,212174,516,-14148,2018-05-22,5046,12,1,3972958,5,1.9899999999999998,9.95
1418,213848,516,-14148,2018-05-23,5046,12,1,3972958,2,1.99,3.98
1424,214736,516,-14148,2018-05-24,5046,12,1,3972958,8,1.99,15.92
1433,216617,516,-14148,2018-05-25,5046,12,1,3972958,3,1.99,5.97
1435,216843,516,-14148,2018-05-26,5046,12,1,3972958,8,1.99,15.92
1444,218662,516,-14148,2018-05-27,5046,12,1,3972958,1,1.99,1.99
1452,219865,516,-14148,2018-05-28,5046,12,1,3972958,3,1.99,5.97
1467,221947,516,-14148,2018-05-30,5046,12,1,3972958,3,1.99,5.97
1475,223475,516,-14148,2018-05-31,5046,12,1,3972958,1,1.99,1.99
1483,224669,516,-14148,2018-06-01,5046,12,1,3972958,2,1.99,3.98
1491,226154,516,-14148,2018-06-02,5046,12,1,3972958,6,1.8266666666666669,10.96
1497,226897,516,-14148,2018-06-03,5046,12,1,3972958,6,1.99,11.94
1505,228215,516,-14148,2018-06-04,5046,12,1,3972958,1,1.99,1.99
1512,229732,516,-14148,2018-06-05,5046,12,1,3972958,5,1.9899999999999998,9.95
1520,230546,516,-14148,2018-06-06,5046,12,1,3972958,4,1.99,7.96
1530,232239,516,-14148,2018-06-07,5046,12,1,3972958,2,1.99,3.98
1537,233600,516,-14148,2018-06-08,5046,12,1,3972958,4,1.99,7.96
1545,234721,516,-14148,2018-06-09,5046,12,1,3972958,3,1.99,5.97
1549,235550,516,-14148,2018-06-10,5046,12,1,3972958,2,1.99,3.98
1559,236915,516,-14148,2018-06-11,5046,12,1,3972958,1,1.99,1.99
1566,238388,516,-14148,2018-06-12,5046,12,1,3972958,1,1.99,1.99
1567,238854,516,-14148,2018-06-13,5046,12,1,3972958,5,1.9899999999999998,9.95
1580,240184,516,-14148,2018-06-14,5046,12,1,3972958,3,1.99,5.97
1584,240923,516,-14148,2018-06-15,5046,12,1,3978170,1,1.99,1.99
1591,242152,516,-14148,2018-06-16,5046,12,1,3978170,5,1.9899999999999998,9.95
1602,244275,516,-14148,2018-06-17,5046,12,1,3978170,4,1.99,7.96
1604,244486,516,-14148,2018-06-18,5046,12,1,3978170,2,1.99,3.98
1615,246154,516,-14148,2018-06-19,5046,12,1,3978170,2,1.99,3.98
1623,247419,516,-14148,2018-06-20,5046,12,1,3978170,12,1.87,22.44
1629,248287,516,-14148,2018-06-21,5046,12,1,3978170,2,1.87,3.74
1639,250056,516,-14148,2018-06-22,5046,12,1,3978170,7,1.852857142857143,12.97
1643,250798,516,-14148,2018-06-23,5046,12,1,3978170,6,1.95,11.7
1653,252559,516,-14148,2018-06-24,5046,12,1,3978170,10,1.8219999999999998,18.22
1659,253150,516,-14148,2018-06-25,5046,12,1,3978170,5,1.9420000000000002,9.71
1669,254627,516,-14148,2018-06-26,5046,12,1,3978170,5,1.8940000000000001,9.47
1680,256242,516,-14148,2018-06-27,5046,12,1,3978170,9,1.8566666666666667,16.71
1688,257349,516,-14148,2018-06-28,5046,12,1,3978170,7,1.8871428571428572,13.21
1692,258066,516,-14148,2018-06-29,5046,12,1,3978170,8,1.84,14.72
1700,259446,516,-14148,2018-06-30,5046,12,1,3978170,7,1.852857142857143,12.97
1708,260925,516,-14148,2018-07-01,5046,12,1,3978170,1,1.75,1.75
1717,262067,516,-14148,2018-07-02,5046,12,1,3978170,6,1.83,10.98
1723,263376,516,-14148,2018-07-03,5046,12,1,3978170,6,1.79,10.74
1726,263794,516,-14148,2018-07-04,5046,12,1,3978170,4,1.93,7.72
1736,265369,516,-14148,2018-07-05,5046,12,1,3978170,2,1.87,3.74
1748,267174,516,-14148,2018-07-06,5046,12,1,3978170,6,1.87,11.22
1757,268519,516,-14148,2018-07-07,5046,12,1,3978170,2,1.75,3.5
1762,269228,516,-14148,2018-07-08,5046,12,1,3978170,5,1.9420000000000002,9.71
1765,269721,516,-14148,2018-07-09,5046,12,1,3978170,4,1.87,7.48
1775,271193,516,-14148,2018-07-10,5046,12,1,3978170,5,1.9420000000000002,9.71
1782,271893,516,-14148,2018-07-11,5046,12,1,3978170,4,1.81,7.24
1791,273305,516,-14148,2018-07-12,5046,12,1,3978170,7,1.8871428571428572,13.21
1801,275195,516,-14148,2018-07-13,5046,12,1,3976192,7,1.75,12.25
1807,276196,516,-14148,2018-07-14,5046,12,1,3976192,13,1.860769230769231,24.19
1818,277609,516,-14148,2018-07-15,5046,12,1,3976192,5,1.75,8.75
1820,277954,516,-14148,2018-07-16,5046,12,1,3976192,9,1.9100000000000001,17.19
1829,279544,516,-14148,2018-07-17,5046,12,1,3976192,2,1.75,3.5
1839,281161,516,-14148,2018-07-18,5046,12,1,3976192,3,1.9100000000000001,5.73
1846,282378,516,-14148,2018-07-19,5046,12,1,3976192,7,1.8185714285714287,12.73
1852,283060,516,-14148,2018-07-20,5046,12,1,3976192,11,1.880909090909091,20.69
1862,284663,516,-14148,2018-07-21,5046,12,1,3976192,7,1.8871428571428572,13.21
1864,285357,516,-14148,2018-07-22,5046,12,1,3976192,4,1.87,7.48
1873,286332,516,-14148,2018-07-23,5046,12,1,3976192,2,1.87,3.74
1882,287592,516,-14148,2018-07-24,5046,12,1,3976192,4,1.93,7.72
1889,288412,516,-14148,2018-07-25,5046,12,1,3976192,14,1.852857142857143,25.94
1902,290159,516,-14148,2018-07-26,5046,12,1,3976192,7,1.8871428571428572,13.21
1907,291326,516,-14148,2018-07-27,5046,12,1,3976192,4,1.75,7.0
1912,292026,516,-14148,2018-07-28,5046,12,1,3976192,3,1.5833333333333333,4.75
1922,293678,516,-14148,2018-07-29,5046,12,1,3976192,7,1.8871428571428572,13.21
1930,294652,516,-14148,2018-07-30,5046,12,1,3976192,8,1.87,14.96
1939,296100,516,-14148,2018-07-31,5046,12,1,3976192,6,1.9100000000000001,11.46
1949,297505,516,-14148,2018-08-01,5046,12,1,3976192,17,1.4052941176470588,23.89
1952,298094,516,-14148,2018-08-02,5046,12,1,3976192,17,1.1711764705882353,19.91
1960,299277,516,-14148,2018-08-03,5046,12,1,3976192,16,1.120625,17.93
1973,301118,516,-14148,2018-08-04,5046,12,1,3976192,20,1.095,21.9
1977,301818,516,-14148,2018-08-05,5046,12,1,3976192,16,1.18125,18.9
1987,302714,516,-14148,2018-08-06,5046,12,1,3976192,19,1.3489473684210527,25.63
1992,303802,516,-14148,2018-08-07,5046,12,1,3976192,13,1.4546153846153846,18.91
2003,305568,516,-14148,2018-08-08,5046,12,1,3976192,12,1.3375000000000001,16.05
2009,306166,516,-14148,2018-08-09,5046,12,1,3976192,11,1.3572727272727272,14.93
2021,308009,516,-14148,2018-08-10,5046,12,1,3976192,6,1.555,9.33
2023,308860,516,-14148,2018-08-11,5046,12,1,3976192,12,1.4100000000000001,16.92
2031,309846,516,-14148,2018-08-12,5046,12,1,3976192,6,1.265,7.59
2044,311418,516,-14148,2018-08-13,5046,12,1,3976192,8,1.22875,9.83
2051,312574,516,-14148,2018-08-14,5046,12,1,3976192,10,1.6420000000000001,16.42
2054,313172,516,-14148,2018-08-15,5046,12,1,3976192,7,1.6171428571428572,11.32
2062,314308,516,-14148,2018-08-16,5046,12,1,3976192,5,1.816,9.08
2075,315875,516,-14148,2018-08-17,5046,12,1,3976192,13,1.4546153846153846,18.91
2083,317945,516,-14148,2018-08-18,5046,12,1,3976192,12,1.555,18.66
2090,318846,516,-14148,2018-08-19,5046,12,1,3976192,5,1.1199999999999999,5.6
2103,320374,516,-14148,2018-08-20,5046,12,1,3976192,6,1.555,9.33
2108,321304,516,-14148,2018-08-21,5046,12,1,3976192,11,1.4363636363636365,15.8
2121,322858,516,-14148,2018-08-22,5046,12,1,3976192,16,1.12,17.92
