Data/snickers_df.csv
,index,site_id,item_id,date,sq_footage,mpds,locale,periodic_gbv,quantity_sold,price,sales
2125,323587,516,-14148,2018-08-23,5046,12,1,3976192,10,1.381,13.81
2134,324757,516,-14148,2018-08-24,5046,12,1,3976192,16,1.174375,18.79
2147,326567,516,-14148,2018-08-25,5046,12,1,3976192,10,1.1199999999999999,11.2
2160,328976,516,-14148,2018-08-26,5046,12,1,3976192,18,1.2166666666666666,21.9
2164,329938,516,-14148,2018-08-27,5046,12,1,3976192,10,1.381,13.81
2172,330779,516,-14148,2018-08-28,5046,12,1,3976192,6,1.1199999999999999,6.72
2182,331806,516,-14148,2018-08-29,5046,12,1,3976192,13,1.12,14.56
2194,333652,516,-14148,2018-08-30,5046,12,1,3976192,15,1.352,20.28
2203,335333,516,-14148,2018-08-31,5046,12,1,3976192,9,1.3133333333333335,11.82
2212,336918,516,-14148,2018-09-01,5046,12,1,3976192,10,1.381,13.81
2216,337276,516,-14148,2018-09-02,5046,12,1,3976192,7,1.1199999999999999,7.84
2225,338792,516,-14148,2018-09-03,5046,12,1,3976192,14,1.1821428571428572,16.55
2240,340447,516,-14148,2018-09-04,5046,12,1,3976192,16,1.283125,20.53
2243,341134,516,-14148,2018-09-05,5046,12,1,3976192,6,1.7,10.2
2257,343128,516,-14148,2018-09-06,5046,12,1,3976192,11,1.199090909090909,13.19
2260,343635,516,-14148,2018-09-07,5046,12,1,3976192,21,1.2442857142857142,26.13
2274,345484,516,-14148,2018-09-08,5046,12,1,3976192,10,1.381,13.81
2285,347122,516,-14148,2018-09-09,5046,12,1,3976192,9,1.2166666666666666,10.95
2291,347702,516,-14148,2018-09-10,5046,12,1,3976192,9,1.99,17.91
2303,349626,516,-14148,2018-09-11,5046,12,1,3976192,11,1.99,21.89
2307,350709,516,-14148,2018-09-12,5046,12,1,3976192,14,1.99,27.86
2322,352414,516,-14148,2018-09-14,5046,12,1,3976192,7,1.99,13.93
2334,354659,516,-14148,2018-09-15,5046,12,1,3976192,10,1.9899999999999998,19.9
2340,355650,516,-14148,2018-09-16,5046,12,1,3976192,11,1.99,21.89
2353,357447,516,-14148,2018-09-17,5046,12,1,3976192,1,1.99,1.99
2361,358532,516,-14148,2018-09-18,5046,12,1,3976192,3,1.99,5.97
2370,359890,516,-14148,2018-09-19,5046,12,1,3976192,3,1.99,5.97
2383,361536,516,-14148,2018-09-20,5046,12,1,3976192,9,1.9366666666666665,17.43
2390,362737,516,-14148,2018-09-21,5046,12,1,3976192,9,1.99,17.91
2401,364340,516,-14148,2018-09-22,5046,12,1,3976192,4,1.99,7.96
2407,365909,516,-14148,2018-09-23,5046,12,1,3976192,3,1.99,5.97
2417,366666,516,-14148,2018-09-24,5046,12,1,3976192,4,1.99,7.96
2425,368061,516,-14148,2018-09-25,5046,12,1,3976192,8,1.99,15.92
2430,368591,516,-14148,2018-09-26,5046,12,1,3976192,2,1.99,3.98
2441,370527,516,-14148,2018-09-27,5046,12,1,3976192,6,1.99,11.94
2449,371703,516,-14148,2018-09-28,5046,12,1,3976192,10,1.9899999999999998,19.9
2456,372826,516,-14148,2018-09-29,5046,12,1,3976192,4,1.99,7.96
2472,375324,516,-14148,2018-09-30,5046,12,1,3976192,2,1.99,3.98
2480,376669,516,-14148,2018-10-01,5046,12,1,3976192,5,1.9899999999999998,9.95
2486,377496,516,-14148,2018-10-02,5046,12,1,3976192,11,1.99,21.89
2491,378512,516,-14148,2018-10-03,5046,12,1,3976192,8,1.99,15.92
2504,380103,516,-14148,2018-10-04,5046,12,1,3976192,4,1.99,7.96
2512,381560,516,-14148,2018-10-05,5046,12,1,3975992,7,1.99,13.93
2520,382416,516,-14148,2018-10-06,5046,12,1,3975992,7,1.99,13.93
2526,383774,516,-14148,2018-10-07,5046,12,1,3975992,3,1.99,5.97
2535,384779,516,-14148,2018-10-08,5046,12,1,3975992,3,1.99,5.97
2547,386336,516,-14148,2018-10-09,5046,12,1,3975992,10,1.9899999999999998,19.9
2553,387227,516,-14148,2018-10-10,5046,12,1,3975992,11,1.99,21.89
2562,388398,516,-14148,2018-10-11,5046,12,1,3975992,7,1.99,13.93
2572,389837,516,-14148,2018-10-12,5046,12,1,3975992,5,1.9899999999999998,9.95
2588,392718,516,-14148,2018-10-13,5046,12,1,3975992,8,1.99,15.92
2591,393151,516,-14148,2018-10-14,5046,12,1,3975992,2,1.99,3.98
2605,395136,516,-14148,2018-10-15,5046,12,1,3975992,3,1.99,5.97
2614,396352,516,-14148,2018-10-16,5046,12,1,3975992,5,1.9899999999999998,9.95
2621,397348,516,-14148,2018-10-17,5046,12,1,3975992,9,1.99,17.91
2632,399136,516,-14148,2018-10-18,5046,12,1,3975992,4,1.99,7.96
2641,400416,516,-14148,2018-10-19,5046,12,1,3975992,12,1.99,23.88
2652,402450,516,-14148,2018-10-21,5046,12,1,3975992,5,1.9899999999999998,9.95
2659,403562,516,-14148,2018-10-22,5046,12,1,3975992,2,1.99,3.98
2667,404724,516,-14148,2018-10-23,5046,12,1,3975992,3,1.99,5.97
2673,405691,516,-14148,2018-10-24,5046,12,1,3975992,2,1.99,3.98
2682,406853,516,-14148,2018-10-25,5046,12,1,3975992,3,1.99,5.97
2697,409411,516,-14148,2018-10-26,5046,12,1,3975992,3,1.99,5.97
2704,410619,516,-14148,2018-10-27,5046,12,1,3975992,3,1.99,5.97
2710,411771,516,-14148,2018-10-28,5046,12,1,3975992,2,1.99,3.98
2716,412638,516,-14148,2018-10-29,5046,12,1,3975992,1,1.99,1.99
2723,413766,516,-14148,2018-10-30,5046,12,1,3975992,3,1.99,5.97
2736,415310,516,-14148,2018-10-31,5046,12,1,3975992,2,1.99,3.98
2739,415616,516,-14148,2018-11-01,5046,12,1,3975992,3,1.99,5.97
2750,417244,516,-14148,2018-11-02,5046,12,1,3975992,1,1.99,1.99
2757,418303,516,-14148,2018-11-03,5046,12,1,3975992,1,1.99,1.99
2771,420180,516,-14148,2018-11-05,5046,12,1,3975992,5,1.9899999999999998,9.95
2778,421198,516,-14148,2018-11-06,5046,12,1,3975992,3,1.99,5.97
2789,422666,516,-14148,2018-11-07,5046,12,1,3975992,3,1.99,5.97
2792,423085,516,-14148,2018-11-08,5046,12,1,3975992,1,1.99,1.99
2803,425144,516,-14148,2018-11-09,5046,12,1,3975992,1,1.99,1.99
2809,425966,516,-14148,2018-11-10,5046,12,1,3975992,2,1.99,3.98
2819,427571,516,-14148,2018-11-11,5046,12,1,3975992,1,1.99,1.99
2829,429158,516,-14148,2018-11-13,5046,12,1,3975992,3,1.99,5.97
2838,430452,516,-14148,2018-11-14,5046,12,1,3975992,1,1.99,1.99
2855,433494,516,-14148,2018-11-16,5046,12,1,3975992,4,1.99,7.96
2862,434489,516,-14148,2018-11-17,5046,12,1,3975992,1,1.99,1.99
2877,437524,516,-14148,2018-11-20,5046,12,1,3975992,2,1.99,3.98
2893,439771,516,-14148,2018-11-21,5046,12,1,3975992,5,1.9899999999999998,9.95
2899,440846,516,-14148,2018-11-22,5046,12,1,3975992,2,1.99,3.98
2907,442440,516,-14148,2018-11-23,5046,12,1,3975992,4,1.99,7.96
2911,442736,516,-14148,2018-11-24,5046,12,1,3975992,4,1.99,7.96
2918,444070,516,-14148,2018-11-25,5046,12,1,3975992,2,1.99,3.98
2926,445235,516,-14148,2018-11-26,5046,12,1,3975992,5,1.9899999999999998,9.95
2933,445966,516,-14148,2018-11-27,5046,12,1,3975992,7,1.99,13.93
2945,447805,516,-14148,2018-11-28,5046,12,1,3975992,11,1.9463636363636363,21.41
2948,448281,516,-14148,2018-11-29,5046,12,1,3975992,6,1.99,11.94
2957,449848,516,-14148,2018-11-30,5046,12,1,3976459,3,1.99,5.97
2972,451666,516,-14148,2018-12-01,5046,12,1,3976459,5,1.9899999999999998,9.95
2974,452297,516,-14148,2018-12-02,5046,12,1,3976459,3,1.99,5.97
2987,453868,516,-14148,2018-12-03,5046,12,1,3976459,11,1.99,21.89
2996,455038,516,-14148,2018-12-04,5046,12,1,3976459,3,1.99,5.97
3002,455807,516,-14148,2018-12-05,5046,12,1,3976459,4,1.99,7.96
3015,457585,516,-14148,2018-12-06,5046,12,1,3976459,6,1.99,11.94
3017,458329,516,-14148,2018-12-07,5046,12,1,3976459,10,1.9899999999999998,19.9
3030,459576,516,-14148,2018-12-08,5046,12,1,3976459,3,1.99,5.97
3039,461093,516,-14148,2018-12-09,5046,12,1,3976459,2,1.99,3.98
3042,461447,516,-14148,2018-12-10,5046,12,1,3976459,5,1.9899999999999998,9.95
3051,463075,516,-14148,2018-12-11,5046,12,1,3976459,2,1.99,3.98
3060,463888,516,-14148,2018-12-12,5046,12,1,3976459,6,1.99,11.94
3071,465493,516,-14148,2018-12-13,5046,12,1,3976459,5,1.9899999999999998,9.95
3076,466301,516,-14148,2018-12-14,5046,12,1,3976459,4,1.99,7.96
3087,467769,516,-14148,2018-12-15,5046,12,1,3976459,4,1.99,7.96
3097,469395,516,-14148,2018-12-16,5046,12,1,3976459,1,1.99,1.99
3105,470061,516,-14148,2018-12-17,5046,12,1,3976459,3,1.99,5.97
3112,471492,516,-14148,2018-12-18,5046,12,1,3976459,5,1.9899999999999998,9.95
3119,472057,516,-14148,2018-12-19,5046,12,1,3976459,4,1.99,7.96
3125,473411,516,-14148,2018-12-20,5046,12,1,3976459,4,1.99,7.96
3137,474747,516,-14148,2018-12-21,5046,12,1,3976459,6,1.99,11.94
3148,476470,516,-14148,2018-12-22,5046,12,1,3976459,3,1.99,5.97
3157,477346,516,-14148,2018-12-23,5046,12,1,3976459,1,1.99,1.99
3161,477708,516,-14148,2018-12-24,5046,12,1,3976459,5,1.9899999999999998,9.95
3176,479869,516,-14148,2018-12-25,5046,12,1,3976459,4,1.99,7.96
3179,480497,516,-14148,2018-12-26,5046,12,1,3976459,6,1.99,11.94
3185,481321,516,-14148,2018-12-27,5046,12,1,3976459,6,1.99,11.94
3201,482956,516,-14148,2018-12-28,5046,12,1,3976459,8,1.99,15.92
3205,483138,516,-14148,2018-12-29,5046,12,1,3976459,6,1.99,11.94
3214,484787,516,-14148,2018-12-30,5046,12,1,3976459,4,1.99,7.96
3226,486087,516,-14148,2018-12-31,5046,12,1,3976459,4,1.99,7.96
3227,486356,516,-14148,2019-01-01,5046,12,1,3976459,6,1.9100000000000001,11.46
3234,487432,516,-14148,2019-01-02,5046,12,1,3976459,5,1.846,9.23
3241,488351,516,-14148,2019-01-03,5046,12,1,3976459,3,1.9100000000000001,5.73
3251,489496,516,-14148,2019-01-04,5046,12,1,3976482,6,1.83,10.98
3264,491454,516,-14148,2019-01-05,5046,12,1,3976482,5,1.846,9.23
3270,492131,516,-14148,2019-01-06,5046,12,1,3976482,2,1.87,3.74
3275,492868,516,-14148,2019-01-07,5046,12,1,3976482,3,1.83,5.49
3285,494028,516,-14148,2019-01-08,5046,12,1,3976482,7,1.9214285714285713,13.45
3299,495641,516,-14148,2019-01-09,5046,12,1,3976482,6,1.95,11.7
3303,496400,516,-14148,2019-01-10,5046,12,1,3976482,14,1.8185714285714287,25.46
3310,497413,516,-14148,2019-01-11,5046,12,1,3976482,8,1.84,14.72
3322,498774,516,-14148,2019-01-12,5046,12,1,3976482,4,1.87,7.48
3330,500426,516,-14148,2019-01-13,5046,12,1,3976482,2,1.75,3.5
3341,501636,516,-14148,2019-01-14,5046,12,1,3976482,6,1.9100000000000001,11.46
3351,503270,516,-14148,2019-01-15,5046,12,1,3976482,3,1.75,5.25
3355,503708,516,-14148,2019-01-16,5046,12,1,3976482,5,1.846,9.23
3362,505054,516,-14148,2019-01-17,5046,12,1,3976482,2,1.87,3.74
3375,506960,516,-14148,2019-01-18,5046,12,1,3976482,4,1.93,7.72
3377,507747,516,-14148,2019-01-19,5046,12,1,3976482,5,1.8940000000000001,9.47
3385,508918,516,-14148,2019-01-20,5046,12,1,3976482,2,1.87,3.74
3397,510264,516,-14148,2019-01-21,5046,12,1,3976482,9,1.8833333333333333,16.95
3409,512085,516,-14148,2019-01-22,5046,12,1,3976482,6,1.9100000000000001,11.46
3412,512573,516,-14148,2019-01-23,5046,12,1,3976482,7,1.8185714285714287,12.73
3428,514249,516,-14148,2019-01-24,5046,12,1,3976482,3,1.9100000000000001,5.73
3437,516383,516,-14148,2019-01-26,5046,12,1,3976482,8,1.9,15.2
3445,517598,516,-14148,2019-01-27,5046,12,1,3976482,1,1.99,1.99
3461,519722,516,-14148,2019-01-28,5046,12,1,3976482,7,1.8185714285714287,12.73
3470,520855,516,-14148,2019-01-29,5046,12,1,3976482,5,1.8940000000000001,9.47
3478,521981,516,-14148,2019-01-30,5046,12,1,3976482,4,1.93,7.72
3483,523002,516,-14148,2019-01-31,5046,12,1,3976482,8,1.84,14.72
3492,524342,516,-14148,2019-02-01,5046,12,1,3990904,7,1.852857142857143,12.97
3502,526053,516,-14148,2019-02-02,5046,12,1,3990904,12,1.7699999999999998,21.24
3512,527048,516,-14148,2019-02-03,5046,12,1,3990904,11,1.8372727272727274,20.21
3516,527784,516,-14148,2019-02-04,5046,12,1,3990904,3,1.83,5.49
3531,529666,516,-14148,2019-02-05,5046,12,1,3990904,4,1.81,7.24
3538,530545,516,-14148,2019-02-06,5046,12,1,3990904,3,1.9100000000000001,5.73
3545,531481,516,-14148,2019-02-07,5046,12,1,3990904,9,1.8566666666666667,16.71
3553,533205,516,-14148,2019-02-08,5046,12,1,3990904,5,1.8940000000000001,9.47
3562,533960,516,-14148,2019-02-09,5046,12,1,3990904,5,1.798,8.99
3581,537067,516,-14148,2019-02-11,5046,12,1,3990904,3,1.9100000000000001,5.73
3592,539226,516,-14148,2019-02-13,5046,12,1,3990904,4,1.99,7.96
3596,539870,516,-14148,2019-02-14,5046,12,1,3990904,5,1.9899999999999998,9.95
3610,542147,516,-14148,2019-02-15,5046,12,1,3990904,2,1.99,3.98
3614,542686,516,-14148,2019-02-16,5046,12,1,3990904,4,1.99,7.96
3626,545629,516,-14148,2019-02-18,5046,12,1,3990904,3,1.99,5.97
3636,547051,516,-14148,2019-02-19,5046,12,1,3990904,1,1.99,1.99
3637,547372,516,-14148,2019-02-20,5046,12,1,3990904,3,1.99,5.97
3644,548971,516,-14148,2019-02-21,5046,12,1,3990904,2,1.99,3.98
3650,550069,516,-14148,2019-02-22,5046,12,1,3990904,3,1.99,5.97
3664,551971,516,-14148,2019-02-23,5046,12,1,3990904,2,1.99,3.98
3680,554486,516,-14148,2019-02-25,5046,12,1,3990904,2,1.99,3.98
3685,555693,516,-14148,2019-02-26,5046,12,1,3990904,5,1.9899999999999998,9.95
3689,556043,516,-14148,2019-02-27,5046,12,1,3990904,6,1.99,11.94
3704,557946,516,-14148,2019-02-28,5046,12,1,3990904,3,1.99,5.97
3711,559872,516,-14148,2019-03-01,5046,12,1,3995304,4,1.99,7.96
3717,560817,516,-14148,2019-03-02,5046,12,1,3995304,2,1.99,3.98
3722,561748,516,-14148,2019-03-03,5046,12,1,3995304,3,1.99,5.97
3737,563889,516,-14148,2019-03-04,5046,12,1,3995304,3,1.99,5.97
3742,564844,516,-14148,2019-03-05,5046,12,1,3995304,3,1.99,5.97
3753,566337,516,-14148,2019-03-06,5046,12,1,3995304,1,1.99,1.99
3759,567501,516,-14148,2019-03-07,5046,12,1,3995304,3,1.99,5.97
3766,568833,516,-14148,2019-03-08,5046,12,1,3995304,2,1.99,3.98
3770,569365,516,-14148,2019-03-09,5046,12,1,3995304,10,1.9899999999999998,19.9
3781,571739,516,-14148,2019-03-10,5046,12,1,3995304,3,1.99,5.97
3787,573156,516,-14148,2019-03-12,5046,12,1,3995304,1,1.99,1.99
3799,575566,516,-14148,2019-03-13,5046,12,1,3995304,7,1.99,13.93
3809,577245,516,-14148,2019-03-15,5046,12,1,3995304,1,1.99,1.99
3817,579316,516,-14148,2019-03-16,5046,12,1,3995304,2,1.99,3.98
3826,580728,516,-14148,2019-03-17,5046,12,1,3995304,1,1.99,1.99
3835,581940,516,-14148,2019-03-18,5046,12,1,3995304,2,1.99,3.98
3845,583825,516,-14148,2019-03-19,5046,12,1,3995304,1,1.99,1.99
3858,585865,516,-14148,2019-03-21,5046,12,1,3995304,1,1.99,1.99
3863,587065,516,-14148,2019-03-22,5046,12,1,3995304,4,1.99,7.96
3870,588190,516,-14148,2019-03-23,5046,12,1,3995304,7,1.99,13.93
3882,590722,516,-14148,2019-03-24,5046,12,1,3995304,1,1.99,1.99
3886,591057,516,-14148,2019-03-25,5046,12,1,3995304,1,1.99,1.99
3891,592535,516,-14148,2019-03-26,5046,12,1,3995304,4,1.99,7.96
3904,594711,516,-14148,2019-03-27,5046,12,1,3995304,3,1.99,5.97
3911,595556,516,-14148,2019-03-28,5046,12,1,3995304,2,1.99,3.98
3919,597395,516,-14148,2019-03-29,5046,12,1,3995304,1,1.99,1.99
3924,598156,516,-14148,2019-03-30,5046,12,1,3995304,1,1.99,1.99
3935,599750,516,-14148,2019-03-31,5046,12,1,3995304,1,1.99,1.99
3940,600999,516,-14148,2019-04-01,5046,12,1,3995304,3,1.99,5.97
3950,603042,516,-14148,2019-04-02,5046,12,1,3995304,5,1.9899999999999998,9.95
3962,604531,516,-14148,2019-04-03,5046,12,1,3995304,4,1.99,7.96
3963,604749,516,-14148,2019-04-04,5046,12,1,3995304,4,1.99,7.96
3973,606129,516,-14148,2019-04-05,5046,12,1,3995304,3,1.99,5.97
3985,608310,516,-14148,2019-04-06,5046,12,1,3995304,2,1.99,3.98
3993,609279,516,-14148,2019-04-07,5046,12,1,3995304,2,1.99,3.98
4000,610863,516,-14148,2019-04-08,5046,12,1,3995304,3,1.99,5.97
4005,612004,516,-14148,2019-04-09,5046,12,1,3995304,2,1.99,3.98
4017,613722,516,-14148,2019-04-10,5046,12,1,3995304,3,1.99,5.97
4026,615154,516,-14148,2019-04-11,5046,12,1,3995304,3,1.99,5.97
4027,615485,516,-14148,2019-04-12,5046,12,1,3995304,2,1.99,3.98
4037,616983,516,-14148,2019-04-13,5046,12,1,3995304,3,1.99,5.97
4051,619357,516,-14148,2019-04-14,5046,12,1,3995304,4,1.99,7.96
4057,620127,516,-14148,2019-04-15,5046,12,1,3995304,1,1.99,1.99
4067,621560,516,-14148,2019-04-16,5046,12,1,3995304,6,1.99,11.94
4073,622343,516,-14148,2019-04-17,5046,12,1,3995304,2,1.99,3.98
4079,623709,516,-14148,2019-04-18,5046,12,1,3995304,4,1.99,7.96
4089,625567,516,-14148,2019-04-19,5046,12,1,3995304,2,1.99,3.98
4098,626742,516,-14148,2019-04-20,5046,12,1,3995304,1,1.99,1.99
4108,628396,516,-14148,2019-04-21,5046,12,1,3995304,2,1.99,3.98
4122,630234,516,-14148,2019-04-23,5046,12,1,3995304,3,1.99,5.97
4127,631449,516,-14148,2019-04-24,5046,12,1,3995304,3,1.99,5.97
4136,632670,516,-14148,2019-04-25,5046,12,1,3995304,3,1.99,5.97
4146,634468,516,-14148,2019-04-26,5046,12,1,3995304,2,1.99,3.98
4156,635994,516,-14148,2019-04-27,5046,12,1,3995304,5,1.9899999999999998,9.95
4161,637192,516,-14148,2019-04-28,5046,12,1,3995304,4,1.99,7.96
4170,638761,516,-14148,2019-04-29,5046,12,1,3995304,1,1.99,1.99
4179,639907,516,-14148,2019-04-30,5046,12,1,3995304,1,1.99,1.99
4182,640203,516,-14148,2019-05-01,5046,12,1,3995304,5,1.9899999999999998,9.95
4197,641806,516,-14148,2019-05-02,5046,12,1,3995304,1,1.99,1.99
4205,643630,516,-14148,2019-05-03,5046,12,1,3995304,3,1.99,5.97
4216,645781,516,-14148,2019-05-04,5046,12,1,3995304,4,1.99,7.96
4224,646890,516,-14148,2019-05-05,5046,12,1,3995304,6,1.99,11.94
4232,648248,516,-14148,2019-05-06,5046,12,1,3995304,3,1.99,5.97
4238,648857,516,-14148,2019-05-07,5046,12,1,3995304,2,1.99,3.98
4250,650854,516,-14148,2019-05-08,5046,12,1,3995304,1,1.99,1.99
4252,651147,516,-14148,2019-05-09,5046,12,1,3995304,2,1.99,3.98
4267,653495,516,-14148,2019-05-10,5046,12,1,3995304,2,1.99,3.98
4272,654414,516,-14148,2019-05-11,5046,12,1,3995304,1,1.99,1.99
4279,655537,516,-14148,2019-05-12,5046,12,1,3995304,2,1.99,3.98
4293,657743,516,-14148,2019-05-13,5046,12,1,3995304,2,1.99,3.98
4297,658333,516,-14148,2019-05-14,5046,12,1,3995304,3,1.99,5.97
4304,659298,516,-14148,2019-05-15,5046,12,1,3995304,3,1.99,5.97
4313,661410,516,-14148,2019-05-16,5046,12,1,3995304,2,1.99,3.98
4325,663410,516,-14148,2019-05-17,5046,12,1,3995304,1,1.99,1.99
4329,664129,516,-14148,2019-05-18,5046,12,1,3995304,3,1.99,5.97
4346,667186,516,-14148,2019-05-20,5046,12,1,3995304,4,1.99,7.96
4351,667900,516,-14148,2019-05-21,5046,12,1,3995304,7,1.99,13.93
4360,669632,516,-14148,2019-05-22,5046,12,1,3995304,4,1.99,7.96
4368,670928,516,-14148,2019-05-23,5046,12,1,3995304,8,1.99,15.92
4375,672198,516,-14148,2019-05-24,5046,12,1,3995304,2,1.99,3.98
4386,674406,516,-14148,2019-05-25,5046,12,1,3995304,2,1.99,3.98
4392,675219,516,-14148,2019-05-26,5046,12,1,3995304,2,1.99,3.98
4405,677581,516,-14148,2019-05-27,5046,12,1,3995304,1,1.99,1.99
4415,678631,516,-14148,2019-05-28,5046,12,1,3995304,2,1.99,3.98
4423,679859,516,-14148,2019-05-29,5046,12,1,3995304,5,1.9899999999999998,9.95
4432,681139,516,-14148,2019-05-30,5046,12,1,3995304,4,1.99,7.96
4438,682746,516,-14148,2019-05-31,5046,12,1,3995304,2,1.99,3.98
4444,683797,516,-14148,2019-06-01,5046,12,1,3995304,3,1.99,5.97
