Data/snickers_df.csv
,index,site_id,item_id,date,sq_footage,mpds,locale,periodic_gbv,quantity_sold,price,sales
4468,687624,516,-14148,2019-06-03,5046,12,1,3995304,5,1.9899999999999998,9.95
4471,688211,516,-14148,2019-06-04,5046,12,1,3995304,6,1.99,11.94
4482,689804,516,-14148,2019-06-05,5046,12,1,3995304,3,1.99,5.97
4499,692733,516,-14148,2019-06-07,5046,12,1,3995304,2,1.99,3.98
4504,693443,516,-14148,2019-06-08,5046,12,1,3995304,2,1.99,3.98
4516,695751,516,-14148,2019-06-09,5046,12,1,3995304,4,1.99,7.96
4525,697306,516,-14148,2019-06-10,5046,12,1,3995304,1,1.99,1.99
4530,697776,516,-14148,2019-06-11,5046,12,1,3995304,2,1.99,3.98
4542,699966,516,-14148,2019-06-12,5046,12,1,3995304,3,1.99,5.97
4547,701145,516,-14148,2019-06-13,5046,12,1,3995304,2,1.99,3.98
4559,703139,516,-14148,2019-06-14,5046,12,1,3995304,3,1.99,5.97
4569,704718,516,-14148,2019-06-15,5046,12,1,3995304,4,1.99,7.96
4571,705008,516,-14148,2019-06-16,5046,12,1,3995304,2,1.99,3.98
4580,706756,516,-14148,2019-06-17,5046,12,1,3995304,3,1.99,5.97
4588,708194,516,-14148,2019-06-18,5046,12,1,3995304,8,1.99,15.92
4598,709765,516,-14148,2019-06-19,5046,12,1,3995304,9,1.8299999999999998,16.47
4607,710946,516,-14148,2019-06-20,5046,12,1,3995304,9,1.8033333333333335,16.23
4613,712029,516,-14148,2019-06-21,5046,12,1,4003498,8,1.84,14.72
4625,713900,516,-14148,2019-06-22,5046,12,1,4003498,5,1.8940000000000001,9.47
4633,715138,516,-14148,2019-06-23,5046,12,1,4003498,3,1.9100000000000001,5.73
4639,716206,516,-14148,2019-06-24,5046,12,1,4003498,5,1.798,8.99
4648,717464,516,-14148,2019-06-25,5046,12,1,4003498,14,1.8871428571428572,26.42
4659,719220,516,-14148,2019-06-26,5046,12,1,4003498,4,1.81,7.24
4671,720993,516,-14148,2019-06-27,5046,12,1,4003498,5,1.9420000000000002,9.71
4680,722736,516,-14148,2019-06-28,5046,12,1,4003498,12,1.87,22.44
4689,724287,516,-14148,2019-06-29,5046,12,1,4003498,7,1.8871428571428572,13.21
4692,725093,516,-14148,2019-06-30,5046,12,1,4003498,5,1.798,8.99
4704,726636,516,-14148,2019-07-01,5046,12,1,4003498,5,1.8940000000000001,9.47
4706,727052,516,-14148,2019-07-02,5046,12,1,4003498,9,1.9100000000000001,17.19
4720,729094,516,-14148,2019-07-03,5046,12,1,4003498,11,1.9027272727272726,20.93
4728,730872,516,-14148,2019-07-04,5046,12,1,4003498,5,1.9420000000000002,9.71
4738,731975,516,-14148,2019-07-05,5046,12,1,4003498,8,1.87,14.96
4741,732910,516,-14148,2019-07-06,5046,12,1,4003498,8,1.81,14.48
4751,734184,516,-14148,2019-07-07,5046,12,1,4003498,12,1.83,21.96
4759,735577,516,-14148,2019-07-08,5046,12,1,4003498,5,1.7899999999999998,8.95
4772,737357,516,-14148,2019-07-09,5046,12,1,4003498,2,1.99,3.98
4780,738367,516,-14148,2019-07-10,5046,12,1,4003498,6,1.99,11.94
4790,739781,516,-14148,2019-07-11,5046,12,1,4003498,7,1.99,13.93
4799,741374,516,-14148,2019-07-12,5046,12,1,4003498,8,1.99,15.92
4808,743041,516,-14148,2019-07-13,5046,12,1,4003498,10,1.89,18.9
4812,743510,516,-14148,2019-07-14,5046,12,1,4003498,3,1.99,5.97
4826,745605,516,-14148,2019-07-15,5046,12,1,4003498,7,1.99,13.93
4832,746601,516,-14148,2019-07-16,5046,12,1,4003498,3,1.99,5.97
4842,748057,516,-14148,2019-07-17,5046,12,1,4003498,6,1.99,11.94
4845,748701,516,-14148,2019-07-18,5046,12,1,4003498,13,1.99,25.87
4855,750770,516,-14148,2019-07-19,5046,12,1,4003498,7,1.99,13.93
4868,753126,516,-14148,2019-07-20,5046,12,1,4003498,4,1.99,7.96
4871,753293,516,-14148,2019-07-21,5046,12,1,4003498,5,1.9899999999999998,9.95
4882,755262,516,-14148,2019-07-22,5046,12,1,4003498,8,1.99,15.92
4892,756637,516,-14148,2019-07-23,5046,12,1,4003498,11,1.99,21.89
4898,757802,516,-14148,2019-07-24,5046,12,1,4003498,4,1.99,7.96
4910,759252,516,-14148,2019-07-25,5046,12,1,4003498,8,1.99,15.92
4912,760190,516,-14148,2019-07-26,5046,12,1,4003498,10,1.9899999999999998,19.9
4926,762354,516,-14148,2019-07-27,5046,12,1,4003498,11,1.99,21.89
4931,762810,516,-14148,2019-07-28,5046,12,1,4003498,1,1.99,1.99
4943,764303,516,-14148,2019-07-29,5046,12,1,4003498,5,1.9899999999999998,9.95
4947,765237,516,-14148,2019-07-30,5046,12,1,4003498,2,1.99,3.98
4961,767370,516,-14148,2019-07-31,5046,12,1,4003498,4,1.99,7.96
4967,768604,516,-14148,2019-08-01,5046,12,1,4003498,4,1.99,7.96
4978,770024,516,-14148,2019-08-02,5046,12,1,4003498,3,1.99,5.97
4987,772035,516,-14148,2019-08-03,5046,12,1,4003498,4,1.99,7.96
4995,773449,516,-14148,2019-08-04,5046,12,1,4003498,2,1.99,3.98
5006,775667,516,-14148,2019-08-06,5046,12,1,4003498,3,1.99,5.97
5018,777550,516,-14148,2019-08-07,5046,12,1,4003498,3,1.99,5.97
5029,779398,516,-14148,2019-08-09,5046,12,1,4003498,3,1.99,5.97
5040,781430,516,-14148,2019-08-10,5046,12,1,4003498,5,2.19,10.95
5050,783096,516,-14148,2019-08-11,5046,12,1,4003498,1,2.19,2.19
5055,784205,516,-14148,2019-08-12,5046,12,1,4003498,1,2.19,2.19
5064,785728,516,-14148,2019-08-13,5046,12,1,4003498,6,2.19,13.14
5074,787276,516,-14148,2019-08-14,5046,12,1,4003498,1,2.19,2.19
5079,788368,516,-14148,2019-08-15,5046,12,1,4003498,1,2.19,2.19
5087,789806,516,-14148,2019-08-16,5046,12,1,4003498,1,2.19,2.19
5096,791792,516,-14148,2019-08-17,5046,12,1,4003498,1,2.19,2.19
5109,793525,516,-14148,2019-08-18,5046,12,1,4003498,2,2.19,4.38
5111,793740,516,-14148,2019-08-19,5046,12,1,4003498,4,2.19,8.76
5120,795399,516,-14148,2019-08-20,5046,12,1,4003498,3,2.19,6.57
5134,797725,516,-14148,2019-08-22,5046,12,1,4003498,3,2.19,6.57
5141,799532,516,-14148,2019-08-23,5046,12,1,4003498,1,2.19,2.19
5151,800776,516,-14148,2019-08-24,5046,12,1,4003498,1,2.19,2.19
5162,802787,516,-14148,2019-08-25,5046,12,1,4003498,3,2.19,6.57
5165,803243,516,-14148,2019-08-26,5046,12,1,4003498,2,2.19,4.38
5179,805315,516,-14148,2019-08-27,5046,12,1,4003498,1,2.19,2.19
5188,806843,516,-14148,2019-08-28,5046,12,1,4003498,1,2.19,2.19
5205,809964,516,-14148,2019-08-30,5046,12,1,4003498,1,2.19,2.19
5212,811325,516,-14148,2019-08-31,5046,12,1,4003498,4,2.19,8.76
5223,813323,516,-14148,2019-09-02,5046,12,1,4003498,1,2.19,2.19
5229,814227,516,-14148,2019-09-03,5046,12,1,4003498,2,2.19,4.38
5237,815566,516,-14148,2019-09-04,5046,12,1,4003498,2,2.19,4.38
5244,816818,516,-14148,2019-09-05,5046,12,1,4003498,3,2.19,6.57
5255,818943,516,-14148,2019-09-06,5046,12,1,4003498,4,2.19,8.76
5264,820720,516,-14148,2019-09-07,5046,12,1,4003498,1,2.19,2.19
5272,822765,516,-14148,2019-09-09,5046,12,1,4003498,2,2.19,4.38
5283,824487,516,-14148,2019-09-10,5046,12,1,4003498,1,2.19,2.19
5295,826388,516,-14148,2019-09-11,5046,12,1,4003498,3,2.19,6.57
5304,827741,516,-14148,2019-09-12,5046,12,1,4003498,3,2.19,6.57
5319,830467,516,-14148,2019-09-14,5046,12,1,3988498,1,2.19,2.19
5324,831433,516,-14148,2019-09-15,5046,12,1,3988498,2,2.19,4.38
5335,833447,516,-14148,2019-09-16,5046,12,1,3988498,1,2.19,2.19
5342,834379,516,-14148,2019-09-17,5046,12,1,3988498,1,2.19,2.19
5357,836658,516,-14148,2019-09-19,5046,12,1,3988498,1,1.75,1.75
5374,839297,516,-14148,2019-09-20,5046,12,1,3988498,1,2.19,2.19
5393,842789,516,-14148,2019-09-22,5046,12,1,3988498,2,2.19,4.38
5399,843748,516,-14148,2019-09-23,5046,12,1,3988498,1,2.19,2.19
5413,845555,516,-14148,2019-09-24,5046,12,1,3988498,1,1.75,1.75
5416,845978,516,-14148,2019-09-25,5046,12,1,3988498,5,2.19,10.95
5426,847753,516,-14148,2019-09-26,5046,12,1,3988498,2,1.97,3.94
5442,850408,516,-14148,2019-09-27,5046,12,1,3988498,2,2.19,4.38
5444,850676,516,-14148,2019-09-28,5046,12,1,3988498,3,2.19,6.57
5461,853639,516,-14148,2019-09-30,5046,12,1,3988498,2,1.75,3.5
5475,855435,516,-14148,2019-10-01,5046,12,1,3988498,5,2.102,10.51
5481,856357,516,-14148,2019-10-02,5046,12,1,3988498,8,1.915,15.32
5497,859107,516,-14148,2019-10-03,5046,12,1,3988498,2,2.19,4.38
5503,859737,516,-14148,2019-10-04,5046,12,1,3988498,2,1.75,3.5
5511,861831,516,-14148,2019-10-05,5046,12,1,3988498,4,2.19,8.76
5536,865539,516,-14148,2019-10-07,5046,12,1,3988498,3,2.0433333333333334,6.13
5544,866137,516,-14148,2019-10-08,5046,12,1,3988498,1,1.75,1.75
5557,868501,516,-14148,2019-10-10,5046,12,1,3988498,1,1.75,1.75
5572,871111,516,-14148,2019-10-11,5046,12,1,3988498,4,1.97,7.88
5575,871603,516,-14148,2019-10-12,5046,12,1,3988498,4,2.19,8.76
5596,875313,516,-14148,2019-10-14,5046,12,1,3988498,8,2.08,16.64
5610,877163,516,-14148,2019-10-15,5046,12,1,3988498,6,1.97,11.82
5613,877363,516,-14148,2019-10-16,5046,12,1,3988498,3,2.0433333333333334,6.13
5626,879522,516,-14148,2019-10-17,5046,12,1,3988498,3,2.19,6.57
5638,881615,516,-14148,2019-10-18,5046,12,1,3988498,12,1.75,21.0
5648,883111,516,-14148,2019-10-19,5046,12,1,3988498,1,2.19,2.19
5661,885099,516,-14148,2019-10-21,5046,12,1,3988498,6,1.8966666666666667,11.38
5669,886303,516,-14148,2019-10-22,5046,12,1,3988498,3,1.8966666666666667,5.69
5687,888564,516,-14148,2019-10-23,5046,12,1,3988498,1,2.19,2.19
5695,890147,516,-14148,2019-10-24,5046,12,1,3988498,1,2.19,2.19
5708,892123,516,-14148,2019-10-26,5046,12,1,3988498,3,2.19,6.57
5719,894066,516,-14148,2019-10-27,5046,12,1,3988498,1,2.19,2.19
5732,895451,516,-14148,2019-10-28,5046,12,1,3988498,1,2.19,2.19
5742,897046,516,-14148,2019-10-29,5046,12,1,3988498,1,2.19,2.19
5752,898106,516,-14148,2019-10-30,5046,12,1,3988498,1,2.19,2.19
5760,899302,516,-14148,2019-10-31,5046,12,1,3988498,3,2.19,6.57
5764,900192,516,-14148,2019-11-01,5046,12,1,3988498,1,2.19,2.19
5784,903402,516,-14148,2019-11-04,5046,12,1,3988498,1,2.19,2.19
5796,904685,516,-14148,2019-11-05,5046,12,1,3988498,1,2.19,2.19
5802,905428,516,-14148,2019-11-06,5046,12,1,3988498,1,2.19,2.19
5814,907357,516,-14148,2019-11-07,5046,12,1,3988498,4,2.19,8.76
1,349,380,-14148,2017-11-08,4388,10,1,3715933,4,1.99,7.96
7,1030,380,-14148,2017-11-09,4388,10,1,3715933,4,1.99,7.96
14,2018,380,-14148,2017-11-10,4388,10,1,3715933,5,1.9899999999999998,9.95
23,3271,380,-14148,2017-11-11,4388,10,1,3715933,3,1.99,5.97
36,5442,380,-14148,2017-11-13,4388,10,1,3715933,3,1.99,5.97
43,6272,380,-14148,2017-11-14,4388,10,1,3715933,2,1.99,3.98
45,6965,380,-14148,2017-11-15,4388,10,1,3715933,3,1.99,5.97
55,8150,380,-14148,2017-11-16,4388,10,1,3715933,6,1.99,11.94
57,8379,380,-14148,2017-11-17,4388,10,1,3715933,8,1.99,15.92
65,9846,380,-14148,2017-11-18,4388,10,1,3715933,8,1.99,15.92
74,11154,380,-14148,2017-11-19,4388,10,1,3715933,2,1.99,3.98
80,12158,380,-14148,2017-11-20,4388,10,1,3715933,1,1.99,1.99
85,12906,380,-14148,2017-11-21,4388,10,1,3715933,4,1.99,7.96
93,14251,380,-14148,2017-11-22,4388,10,1,3715933,6,1.99,11.94
98,15199,380,-14148,2017-11-23,4388,10,1,3715933,7,1.99,13.93
100,15836,380,-14148,2017-11-24,4388,10,1,3715933,3,1.99,5.97
105,16990,380,-14148,2017-11-25,4388,10,1,3715933,6,1.99,11.94
110,17399,380,-14148,2017-11-26,4388,10,1,3715933,3,1.99,5.97
116,18333,380,-14148,2017-11-27,4388,10,1,3715933,3,1.99,5.97
124,19379,380,-14148,2017-11-28,4388,10,1,3715933,2,1.99,3.98
128,20013,380,-14148,2017-11-29,4388,10,1,3715933,11,1.87,20.57
137,21499,380,-14148,2017-11-30,4388,10,1,3715933,11,1.81,19.91
145,22717,380,-14148,2017-12-01,4388,10,1,3714266,6,1.825,10.95
148,23158,380,-14148,2017-12-02,4388,10,1,3714266,7,1.8485714285714285,12.94
154,24277,380,-14148,2017-12-03,4388,10,1,3714266,8,1.7425,13.94
162,25108,380,-14148,2017-12-04,4388,10,1,3714266,5,1.7920000000000003,8.96
169,25952,380,-14148,2017-12-05,4388,10,1,3714266,11,1.9,20.9
177,27124,380,-14148,2017-12-06,4388,10,1,3714266,6,1.825,10.95
182,27868,380,-14148,2017-12-07,4388,10,1,3714266,13,1.8376923076923077,23.89
189,28777,380,-14148,2017-12-08,4388,10,1,3714266,11,1.81,19.91
200,30399,380,-14148,2017-12-09,4388,10,1,3714266,9,1.8800000000000001,16.92
201,30627,380,-14148,2017-12-10,4388,10,1,3714266,6,1.825,10.95
208,31393,380,-14148,2017-12-11,4388,10,1,3714266,4,1.825,7.3
215,32320,380,-14148,2017-12-12,4388,10,1,3714266,12,1.7975,21.57
222,33172,380,-14148,2017-12-13,4388,10,1,3714266,5,1.9899999999999998,9.95
232,34890,380,-14148,2017-12-14,4388,10,1,3714266,9,1.6966666666666665,15.27
240,35907,380,-14148,2017-12-15,4388,10,1,3714266,5,1.7920000000000003,8.96
248,37289,380,-14148,2017-12-16,4388,10,1,3714266,6,1.99,11.94
255,38253,380,-14148,2017-12-17,4388,10,1,3714266,6,1.99,11.94
256,38520,380,-14148,2017-12-18,4388,10,1,3714266,11,1.96,21.56
266,39903,380,-14148,2017-12-19,4388,10,1,3714266,10,1.891,18.91
272,40527,380,-14148,2017-12-20,4388,10,1,3714266,10,1.825,18.25
281,41898,380,-14148,2017-12-21,4388,10,1,3714266,8,1.9075,15.26
285,42355,380,-14148,2017-12-22,4388,10,1,3714266,5,1.9899999999999998,9.95
291,43394,380,-14148,2017-12-23,4388,10,1,3714266,3,1.7699999999999998,5.31
303,45029,380,-14148,2017-12-24,4388,10,1,3714266,4,1.99,7.96
312,46211,380,-14148,2017-12-25,4388,10,1,3714266,9,1.7333333333333334,15.6
313,46579,380,-14148,2017-12-26,4388,10,1,3714266,4,1.825,7.3
326,47871,380,-14148,2017-12-27,4388,10,1,3714266,3,1.88,5.64
333,48641,380,-14148,2017-12-28,4388,10,1,3714266,3,1.99,5.97
339,49423,380,-14148,2017-12-29,4388,10,1,3714266,9,1.9166666666666667,17.25
344,50219,380,-14148,2017-12-30,4388,10,1,3714266,8,1.9075,15.26
357,51887,380,-14148,2017-12-31,4388,10,1,3714266,5,1.924,9.62
362,52436,380,-14148,2018-01-01,4388,10,1,3714266,3,1.99,5.97
368,53594,380,-14148,2018-01-02,4388,10,1,3714266,6,1.88,11.28
374,53940,380,-14148,2018-01-03,4388,10,1,3714266,12,1.7741666666666667,21.29
385,55066,380,-14148,2018-01-04,4388,10,1,3714266,14,1.872142857142857,26.21
394,56341,380,-14148,2018-01-05,4388,10,1,3714266,9,1.8077777777777777,16.27
399,57109,380,-14148,2018-01-06,4388,10,1,3714266,19,1.6642105263157896,31.62
409,58296,380,-14148,2018-01-07,4388,10,1,3714266,14,1.592142857142857,22.29
415,59069,380,-14148,2018-01-08,4388,10,1,3714266,10,1.828,18.28
421,59655,380,-14148,2018-01-09,4388,10,1,3714266,3,1.88,5.64
428,60702,380,-14148,2018-01-10,4388,10,1,3714266,7,1.4757142857142858,10.33
436,61635,380,-14148,2018-01-11,4388,10,1,3714266,10,1.794,17.94
442,62677,380,-14148,2018-01-12,4388,10,1,3714266,11,1.8718181818181818,20.59
454,64607,380,-14148,2018-01-13,4388,10,1,3714266,15,1.7286666666666666,25.93
458,65212,380,-14148,2018-01-14,4388,10,1,3714266,10,1.598,15.98
468,66393,380,-14148,2018-01-15,4388,10,1,3714266,11,1.6327272727272728,17.96
473,66772,380,-14148,2018-01-16,4388,10,1,3714266,12,1.7583333333333335,21.1
480,67775,380,-14148,2018-01-17,4388,10,1,3714266,7,1.6171428571428572,11.32
490,69521,380,-14148,2018-01-18,4388,10,1,3714266,8,1.78625,14.29
500,70853,380,-14148,2018-01-19,4388,10,1,3714266,16,1.786875,28.59
502,71053,380,-14148,2018-01-20,4388,10,1,3714266,5,1.7280000000000002,8.64
510,72347,380,-14148,2018-01-21,4388,10,1,3714266,9,1.7722222222222221,15.95
519,73594,380,-14148,2018-01-22,4388,10,1,3714266,8,1.82875,14.63
530,75111,380,-14148,2018-01-23,4388,10,1,3714266,19,1.5936842105263158,30.28
537,75871,380,-14148,2018-01-24,4388,10,1,3714266,15,1.7513333333333334,26.27
539,76476,380,-14148,2018-01-25,4388,10,1,3714266,3,1.8833333333333335,5.65
548,77822,380,-14148,2018-01-26,4388,10,1,3714266,3,1.6666666666666667,5.0
555,78879,380,-14148,2018-01-27,4388,10,1,3714266,15,1.6853333333333333,25.28
562,79947,380,-14148,2018-01-28,4388,10,1,3714266,7,1.662857142857143,11.64
573,80996,380,-14148,2018-01-29,4388,10,1,3714266,11,1.6036363636363637,17.64
578,82086,380,-14148,2018-01-30,4388,10,1,3714266,9,1.7733333333333334,15.96
589,83183,380,-14148,2018-01-31,4388,10,1,3714266,14,1.042857142857143,14.6
596,84167,380,-14148,2018-02-01,4388,10,1,3714266,14,0.9942857142857143,13.92
607,86149,380,-14148,2018-02-02,4388,10,1,3714266,21,1.0271428571428571,21.57
613,86923,380,-14148,2018-02-03,4388,10,1,3714266,31,1.0906451612903227,33.81
620,88477,380,-14148,2018-02-04,4388,10,1,3714266,18,1.0688888888888888,19.24
628,89282,380,-14148,2018-02-05,4388,10,1,3714266,13,1.0715384615384616,13.93
636,90365,380,-14148,2018-02-06,4388,10,1,3714266,12,1.6900000000000002,20.28
644,91602,380,-14148,2018-02-07,4388,10,1,3714266,1,1.99,1.99
653,92850,380,-14148,2018-02-08,4388,10,1,3714266,4,1.7475,6.99
658,93999,380,-14148,2018-02-09,4388,10,1,3714266,7,1.7100000000000002,11.97
665,95229,380,-14148,2018-02-10,4388,10,1,3714266,6,1.7149999999999999,10.29
670,95632,380,-14148,2018-02-11,4388,10,1,3714266,6,1.8283333333333334,10.97
679,97107,380,-14148,2018-02-12,4388,10,1,3714266,11,1.6927272727272729,18.62
685,97842,380,-14148,2018-02-13,4388,10,1,3714266,6,1.88,11.28
691,99002,380,-14148,2018-02-14,4388,10,1,3714266,2,1.99,3.98
700,100116,380,-14148,2018-02-15,4388,10,1,3714266,5,1.9899999999999998,9.95
709,101427,380,-14148,2018-02-16,4388,10,1,3714266,2,1.99,3.98
722,103559,380,-14148,2018-02-18,4388,10,1,3714266,1,1.99,1.99
728,104660,380,-14148,2018-02-19,4388,10,1,3714266,3,1.99,5.97
734,105466,380,-14148,2018-02-20,4388,10,1,3714266,4,1.99,7.96
740,106425,380,-14148,2018-02-21,4388,10,1,3714266,5,1.9899999999999998,9.95
750,107337,380,-14148,2018-02-22,4388,10,1,3714266,4,1.99,7.96
755,108255,380,-14148,2018-02-23,4388,10,1,3715218,5,1.9899999999999998,9.95
761,110180,380,-14148,2018-02-24,4388,10,1,3715218,2,1.99,3.98
767,111500,380,-14148,2018-02-25,4388,10,1,3715218,4,1.99,7.96
773,112619,380,-14148,2018-02-26,4388,10,1,3715218,2,1.99,3.98
777,113083,380,-14148,2018-02-27,4388,10,1,3715218,4,1.99,7.96
784,114529,380,-14148,2018-02-28,4388,10,1,3715218,2,1.99,3.98
793,115477,380,-14148,2018-03-01,4388,10,1,3715218,6,1.99,11.94
799,116633,380,-14148,2018-03-02,4388,10,1,3715218,1,1.99,1.99
806,117981,380,-14148,2018-03-03,4388,10,1,3715218,4,1.99,7.96
813,118911,380,-14148,2018-03-04,4388,10,1,3715218,2,1.99,3.98
820,120153,380,-14148,2018-03-05,4388,10,1,3715218,4,1.99,7.96
825,121359,380,-14148,2018-03-06,4388,10,1,3715218,2,1.99,3.98
831,122301,380,-14148,2018-03-07,4388,10,1,3715218,2,1.99,3.98
842,123922,380,-14148,2018-03-08,4388,10,1,3715218,6,1.99,11.94
846,124902,380,-14148,2018-03-09,4388,10,1,3715218,6,1.99,11.94
853,125627,380,-14148,2018-03-10,4388,10,1,3715218,3,1.99,5.97
863,127467,380,-14148,2018-03-11,4388,10,1,3715218,4,1.99,7.96
873,128897,380,-14148,2018-03-12,4388,10,1,3715218,6,1.99,11.94
876,129569,380,-14148,2018-03-13,4388,10,1,3715218,6,1.99,11.94
883,130608,380,-14148,2018-03-14,4388,10,1,3715218,6,1.99,11.94
893,131537,380,-14148,2018-03-15,4388,10,1,3715218,7,1.99,13.93
