Data/snickers_df.csv
,index,site_id,item_id,date,sq_footage,mpds,locale,periodic_gbv,quantity_sold,price,sales
901,133774,380,-14148,2018-03-16,4388,10,1,3715218,6,1.99,11.94
904,134287,380,-14148,2018-03-17,4388,10,1,3715218,1,1.99,1.99
911,135301,380,-14148,2018-03-18,4388,10,1,3715218,2,1.99,3.98
921,136714,380,-14148,2018-03-19,4388,10,1,3715218,6,1.99,11.94
924,137724,380,-14148,2018-03-20,4388,10,1,3715218,3,1.99,5.97
932,138656,380,-14148,2018-03-21,4388,10,1,3715218,4,1.99,7.96
943,140059,380,-14148,2018-03-22,4388,10,1,3715218,5,1.9899999999999998,9.95
951,141309,380,-14148,2018-03-23,4388,10,1,3731017,9,1.99,17.91
961,143099,380,-14148,2018-03-24,4388,10,1,3731017,5,1.9899999999999998,9.95
968,144746,380,-14148,2018-03-26,4388,10,1,3731017,5,1.9899999999999998,9.95
980,146217,380,-14148,2018-03-27,4388,10,1,3731017,2,1.99,3.98
989,147329,380,-14148,2018-03-28,4388,10,1,3731017,5,1.796,8.98
992,147885,380,-14148,2018-03-29,4388,10,1,3731017,9,1.7000000000000002,15.3
1005,150298,380,-14148,2018-03-30,4388,10,1,3731017,10,1.764,17.64
1008,150587,380,-14148,2018-03-31,4388,10,1,3731017,9,1.7011111111111112,15.31
1015,151602,380,-14148,2018-04-01,4388,10,1,3731017,3,1.99,5.97
1029,153199,380,-14148,2018-04-02,4388,10,1,3731017,3,1.99,5.97
1031,153848,380,-14148,2018-04-03,4388,10,1,3731017,6,1.7733333333333334,10.64
1045,155133,380,-14148,2018-04-04,4388,10,1,3731017,6,1.99,11.94
1049,156028,380,-14148,2018-04-05,4388,10,1,3731017,11,1.99,21.89
1060,157078,380,-14148,2018-04-06,4388,10,1,3731017,2,1.99,3.98
1063,158022,380,-14148,2018-04-07,4388,10,1,3731017,3,1.99,5.97
1072,158927,380,-14148,2018-04-08,4388,10,1,3731017,4,1.99,7.96
1081,160289,380,-14148,2018-04-09,4388,10,1,3731017,4,1.99,7.96
1088,160833,380,-14148,2018-04-10,4388,10,1,3731017,13,1.99,25.87
1096,162272,380,-14148,2018-04-11,4388,10,1,3731017,10,1.9899999999999998,19.9
1105,163600,380,-14148,2018-04-12,4388,10,1,3731017,8,1.99,15.92
1116,164955,380,-14148,2018-04-13,4388,10,1,3731017,7,1.99,13.93
1124,166467,380,-14148,2018-04-14,4388,10,1,3731017,11,1.99,21.89
1129,166923,380,-14148,2018-04-15,4388,10,1,3731017,5,1.9899999999999998,9.95
1136,168290,380,-14148,2018-04-16,4388,10,1,3731017,8,1.99,15.92
1147,169645,380,-14148,2018-04-17,4388,10,1,3731017,9,1.99,17.91
1151,170186,380,-14148,2018-04-18,4388,10,1,3731017,5,1.9899999999999998,9.95
1161,172071,380,-14148,2018-04-19,4388,10,1,3731017,7,1.99,13.93
1170,173656,380,-14148,2018-04-20,4388,10,1,3731017,7,1.99,13.93
1177,175044,380,-14148,2018-04-21,4388,10,1,3731017,13,1.99,25.87
1183,175865,380,-14148,2018-04-22,4388,10,1,3731017,7,1.99,13.93
1191,177194,380,-14148,2018-04-23,4388,10,1,3731017,9,1.99,17.91
1196,177452,380,-14148,2018-04-24,4388,10,1,3731017,6,1.99,11.94
1202,178615,380,-14148,2018-04-25,4388,10,1,3731017,7,1.99,13.93
1213,180315,380,-14148,2018-04-26,4388,10,1,3731017,4,1.99,7.96
1217,181179,380,-14148,2018-04-27,4388,10,1,3731017,14,1.99,27.86
1225,183002,380,-14148,2018-04-28,4388,10,1,3731017,14,1.99,27.86
1234,184008,380,-14148,2018-04-29,4388,10,1,3731017,11,1.99,21.89
1243,185628,380,-14148,2018-04-30,4388,10,1,3731017,6,1.99,11.94
1252,186890,380,-14148,2018-05-01,4388,10,1,3731017,13,1.99,25.87
1254,187128,380,-14148,2018-05-02,4388,10,1,3731017,11,1.99,21.89
1268,189395,380,-14148,2018-05-03,4388,10,1,3731017,1,1.99,1.99
1271,189880,380,-14148,2018-05-04,4388,10,1,3731017,7,1.99,13.93
1278,191365,380,-14148,2018-05-05,4388,10,1,3731017,5,1.9899999999999998,9.95
1286,192691,380,-14148,2018-05-06,4388,10,1,3731017,9,1.99,17.91
1297,194460,380,-14148,2018-05-07,4388,10,1,3731017,5,1.9899999999999998,9.95
1301,194947,380,-14148,2018-05-08,4388,10,1,3731017,9,1.99,17.91
1311,196359,380,-14148,2018-05-09,4388,10,1,3731017,11,1.99,21.89
1314,197291,380,-14148,2018-05-10,4388,10,1,3731017,6,1.99,11.94
1322,198476,380,-14148,2018-05-11,4388,10,1,3731017,5,1.9899999999999998,9.95
1332,200205,380,-14148,2018-05-12,4388,10,1,3731017,6,1.99,11.94
1343,202023,380,-14148,2018-05-13,4388,10,1,3731017,2,1.99,3.98
1347,202714,380,-14148,2018-05-14,4388,10,1,3731017,5,1.9899999999999998,9.95
1353,203308,380,-14148,2018-05-15,4388,10,1,3731017,11,1.99,21.89
1366,205441,380,-14148,2018-05-16,4388,10,1,3731017,11,1.99,21.89
1370,206282,380,-14148,2018-05-17,4388,10,1,3731017,3,1.99,5.97
1378,207590,380,-14148,2018-05-18,4388,10,1,3738121,4,1.99,7.96
1386,209037,380,-14148,2018-05-19,4388,10,1,3738121,7,1.99,13.93
1391,209669,380,-14148,2018-05-20,4388,10,1,3738121,3,1.99,5.97
1401,211168,380,-14148,2018-05-21,4388,10,1,3738121,3,1.99,5.97
1403,211902,380,-14148,2018-05-22,4388,10,1,3738121,4,1.99,7.96
1411,213001,380,-14148,2018-05-23,4388,10,1,3738121,7,1.99,13.93
1421,214427,380,-14148,2018-05-24,4388,10,1,3738121,4,1.99,7.96
1427,215821,380,-14148,2018-05-25,4388,10,1,3738121,1,1.99,1.99
1441,217613,380,-14148,2018-05-26,4388,10,1,3738121,13,1.99,25.87
1445,218672,380,-14148,2018-05-27,4388,10,1,3738121,4,1.99,7.96
1456,220271,380,-14148,2018-05-28,4388,10,1,3738121,1,1.99,1.99
1461,220794,380,-14148,2018-05-29,4388,10,1,3738121,7,1.99,13.93
1468,221954,380,-14148,2018-05-30,4388,10,1,3738121,8,1.99,15.92
1474,223413,380,-14148,2018-05-31,4388,10,1,3738121,14,1.99,27.86
1493,226442,380,-14148,2018-06-02,4388,10,1,3738121,8,1.99,15.92
1498,226987,380,-14148,2018-06-03,4388,10,1,3738121,4,1.99,7.96
1508,228794,380,-14148,2018-06-04,4388,10,1,3738121,7,1.99,13.93
1511,229696,380,-14148,2018-06-05,4388,10,1,3738121,6,1.99,11.94
1522,231144,380,-14148,2018-06-06,4388,10,1,3738121,4,1.99,7.96
1525,231383,380,-14148,2018-06-07,4388,10,1,3738121,8,1.99,15.92
1536,233295,380,-14148,2018-06-08,4388,10,1,3738121,7,1.99,13.93
1546,234773,380,-14148,2018-06-09,4388,10,1,3738121,1,1.99,1.99
1551,235766,380,-14148,2018-06-10,4388,10,1,3738121,6,1.99,11.94
1558,236904,380,-14148,2018-06-11,4388,10,1,3738121,5,1.9899999999999998,9.95
1564,237792,380,-14148,2018-06-12,4388,10,1,3738121,8,1.99,15.92
1568,238911,380,-14148,2018-06-13,4388,10,1,3738121,6,1.99,11.94
1579,240159,380,-14148,2018-06-14,4388,10,1,3738121,7,1.99,13.93
1588,241629,380,-14148,2018-06-15,4388,10,1,3731017,2,1.99,3.98
1593,242361,380,-14148,2018-06-16,4388,10,1,3731017,4,1.99,7.96
1599,243746,380,-14148,2018-06-17,4388,10,1,3731017,1,1.99,1.99
1609,244760,380,-14148,2018-06-18,4388,10,1,3731017,5,1.9899999999999998,9.95
1611,245606,380,-14148,2018-06-19,4388,10,1,3731017,6,1.99,11.94
1619,246832,380,-14148,2018-06-20,4388,10,1,3731017,15,1.99,29.85
1633,248604,380,-14148,2018-06-21,4388,10,1,3731017,4,1.99,7.96
1638,250024,380,-14148,2018-06-22,4388,10,1,3731017,8,1.99,15.92
1648,251481,380,-14148,2018-06-23,4388,10,1,3731017,10,1.9899999999999998,19.9
1655,252817,380,-14148,2018-06-24,4388,10,1,3731017,8,1.99,15.92
1662,253398,380,-14148,2018-06-25,4388,10,1,3731017,4,1.99,7.96
1671,254846,380,-14148,2018-06-26,4388,10,1,3731017,4,1.99,7.96
1677,255981,380,-14148,2018-06-27,4388,10,1,3731017,7,1.99,13.93
1682,256418,380,-14148,2018-06-28,4388,10,1,3731017,5,1.9899999999999998,9.95
1695,258858,380,-14148,2018-06-29,4388,10,1,3731017,5,1.9899999999999998,9.95
1699,259437,380,-14148,2018-06-30,4388,10,1,3731017,4,1.99,7.96
1706,260600,380,-14148,2018-07-01,4388,10,1,3731017,1,1.99,1.99
1711,261427,380,-14148,2018-07-02,4388,10,1,3731017,1,1.99,1.99
1721,263094,380,-14148,2018-07-03,4388,10,1,3731017,2,1.99,3.98
1732,264713,380,-14148,2018-07-04,4388,10,1,3731017,4,1.99,7.96
1740,265751,380,-14148,2018-07-05,4388,10,1,3731017,3,1.99,5.97
1749,267195,380,-14148,2018-07-06,4388,10,1,3731017,9,1.99,17.91
1756,268200,380,-14148,2018-07-07,4388,10,1,3731017,6,1.99,11.94
1763,269267,380,-14148,2018-07-08,4388,10,1,3731017,4,1.99,7.96
1771,270565,380,-14148,2018-07-09,4388,10,1,3731017,5,1.9899999999999998,9.95
1779,271734,380,-14148,2018-07-10,4388,10,1,3731017,5,1.9899999999999998,9.95
1785,272209,380,-14148,2018-07-11,4388,10,1,3731017,7,1.99,13.93
1796,273893,380,-14148,2018-07-12,4388,10,1,3731017,3,1.99,5.97
1800,274881,380,-14148,2018-07-13,4388,10,1,3738121,5,1.9899999999999998,9.95
1810,276504,380,-14148,2018-07-14,4388,10,1,3738121,6,1.99,11.94
1816,277381,380,-14148,2018-07-15,4388,10,1,3738121,4,1.99,7.96
1825,278808,380,-14148,2018-07-16,4388,10,1,3738121,8,1.99,15.92
1828,279534,380,-14148,2018-07-17,4388,10,1,3738121,3,1.99,5.97
1837,281096,380,-14148,2018-07-18,4388,10,1,3738121,2,1.99,3.98
1843,281789,380,-14148,2018-07-19,4388,10,1,3738121,10,1.9899999999999998,19.9
1855,283813,380,-14148,2018-07-20,4388,10,1,3738121,5,1.9899999999999998,9.95
1859,284369,380,-14148,2018-07-21,4388,10,1,3738121,5,1.9899999999999998,9.95
1867,285676,380,-14148,2018-07-22,4388,10,1,3738121,11,1.99,21.89
1875,286607,380,-14148,2018-07-23,4388,10,1,3738121,6,1.99,11.94
1883,287815,380,-14148,2018-07-24,4388,10,1,3738121,9,1.99,17.91
1890,288445,380,-14148,2018-07-25,4388,10,1,3738121,3,1.99,5.97
1897,289834,380,-14148,2018-07-26,4388,10,1,3738121,4,1.99,7.96
1908,291628,380,-14148,2018-07-27,4388,10,1,3738121,6,1.99,11.94
1916,292593,380,-14148,2018-07-28,4388,10,1,3738121,7,1.99,13.93
1923,293719,380,-14148,2018-07-29,4388,10,1,3738121,5,1.9899999999999998,9.95
1928,294406,380,-14148,2018-07-30,4388,10,1,3738121,9,1.99,17.91
1937,295600,380,-14148,2018-07-31,4388,10,1,3738121,6,1.99,11.94
1945,297199,380,-14148,2018-08-01,4388,10,1,3738121,14,1.99,27.86
1955,298346,380,-14148,2018-08-02,4388,10,1,3738121,24,1.99,47.76
1964,299587,380,-14148,2018-08-03,4388,10,1,3738121,9,1.99,17.91
1967,300198,380,-14148,2018-08-04,4388,10,1,3738121,23,1.9900000000000002,45.77
1980,302121,380,-14148,2018-08-05,4388,10,1,3738121,22,1.99,43.78
1984,302443,380,-14148,2018-08-06,4388,10,1,3738121,16,1.99,31.84
1995,304104,380,-14148,2018-08-07,4388,10,1,3738121,26,1.99,51.74
1998,304609,380,-14148,2018-08-08,4388,10,1,3738121,12,1.99,23.88
2011,306431,380,-14148,2018-08-09,4388,10,1,3738121,19,1.9900000000000002,37.81
2017,307691,380,-14148,2018-08-10,4388,10,1,3761702,9,1.99,17.91
2029,309475,380,-14148,2018-08-11,4388,10,1,3761702,22,1.99,43.78
2032,309870,380,-14148,2018-08-12,4388,10,1,3761702,14,1.99,27.86
2041,311130,380,-14148,2018-08-13,4388,10,1,3761702,9,1.99,17.91
2048,312310,380,-14148,2018-08-14,4388,10,1,3761702,22,1.99,43.78
2056,313787,380,-14148,2018-08-15,4388,10,1,3761702,11,1.99,21.89
2069,315381,380,-14148,2018-08-16,4388,10,1,3761702,15,1.99,29.85
2079,316555,380,-14148,2018-08-17,4388,10,1,3761702,18,1.99,35.82
2082,317495,380,-14148,2018-08-18,4388,10,1,3761702,21,1.99,41.79
2089,318796,380,-14148,2018-08-19,4388,10,1,3761702,13,1.99,25.87
2104,320700,380,-14148,2018-08-20,4388,10,1,3761702,6,1.99,11.94
2113,321951,380,-14148,2018-08-21,4388,10,1,3761702,15,1.99,29.85
2120,322811,380,-14148,2018-08-22,4388,10,1,3761702,13,1.99,25.87
2128,323873,380,-14148,2018-08-23,4388,10,1,3761702,8,1.99,15.92
2139,325913,380,-14148,2018-08-24,4388,10,1,3761702,22,1.99,43.78
2146,326539,380,-14148,2018-08-25,4388,10,1,3761702,33,1.99,65.67
2153,328138,380,-14148,2018-08-26,4388,10,1,3761702,12,1.99,23.88
2169,330281,380,-14148,2018-08-27,4388,10,1,3761702,12,1.99,23.88
2176,331165,380,-14148,2018-08-28,4388,10,1,3761702,14,1.99,27.86
2186,332478,380,-14148,2018-08-29,4388,10,1,3761702,13,1.99,25.87
2196,333970,380,-14148,2018-08-30,4388,10,1,3761702,15,1.99,29.85
2197,334181,380,-14148,2018-08-31,4388,10,1,3761702,16,1.99,31.84
2213,336986,380,-14148,2018-09-01,4388,10,1,3761702,19,1.9900000000000002,37.81
2218,337523,380,-14148,2018-09-02,4388,10,1,3761702,15,1.99,29.85
2227,339100,380,-14148,2018-09-03,4388,10,1,3761702,11,1.99,21.89
2241,340680,380,-14148,2018-09-04,4388,10,1,3761702,19,1.9900000000000002,37.81
2244,341169,380,-14148,2018-09-05,4388,10,1,3761702,12,1.99,23.88
2255,342865,380,-14148,2018-09-06,4388,10,1,3761702,10,1.9899999999999998,19.9
2261,343643,380,-14148,2018-09-07,4388,10,1,3761702,21,1.99,41.79
2276,345749,380,-14148,2018-09-08,4388,10,1,3761702,22,1.99,43.78
2283,347107,380,-14148,2018-09-09,4388,10,1,3761702,9,1.99,17.91
2292,348349,380,-14148,2018-09-10,4388,10,1,3761702,25,1.99,49.75
2300,349129,380,-14148,2018-09-11,4388,10,1,3761702,22,1.99,43.78
2308,350710,380,-14148,2018-09-12,4388,10,1,3761702,7,1.99,13.93
2315,351134,380,-14148,2018-09-13,4388,10,1,3761702,5,1.9899999999999998,9.95
2321,352349,380,-14148,2018-09-14,4388,10,1,3761702,8,1.99,15.92
2335,354693,380,-14148,2018-09-15,4388,10,1,3761702,11,1.99,21.89
2339,355375,380,-14148,2018-09-16,4388,10,1,3761702,13,1.99,25.87
2350,356820,380,-14148,2018-09-17,4388,10,1,3761702,9,1.99,17.91
2360,358500,380,-14148,2018-09-18,4388,10,1,3761702,15,1.99,29.85
2374,360207,380,-14148,2018-09-19,4388,10,1,3761702,10,1.9899999999999998,19.9
2379,360841,380,-14148,2018-09-20,4388,10,1,3761702,10,1.9899999999999998,19.9
2387,362319,380,-14148,2018-09-21,4388,10,1,3761702,6,1.99,11.94
2398,364010,380,-14148,2018-09-22,4388,10,1,3761702,8,1.99,15.92
2402,365594,380,-14148,2018-09-23,4388,10,1,3761702,12,1.99,23.88
2418,366875,380,-14148,2018-09-24,4388,10,1,3761702,11,1.99,21.89
2427,368329,380,-14148,2018-09-25,4388,10,1,3761702,10,1.9899999999999998,19.9
2434,369254,380,-14148,2018-09-26,4388,10,1,3761702,9,1.99,17.91
2443,370669,380,-14148,2018-09-27,4388,10,1,3761702,10,1.9899999999999998,19.9
2452,372106,380,-14148,2018-09-28,4388,10,1,3761702,8,1.99,15.92
2459,373521,380,-14148,2018-09-29,4388,10,1,3761702,8,1.99,15.92
2466,374692,380,-14148,2018-09-30,4388,10,1,3761702,5,1.9899999999999998,9.95
2473,375741,380,-14148,2018-10-01,4388,10,1,3761702,1,1.99,1.99
2483,377162,380,-14148,2018-10-02,4388,10,1,3761702,1,1.99,1.99
2490,378243,380,-14148,2018-10-03,4388,10,1,3761702,1,1.99,1.99
2502,379729,380,-14148,2018-10-04,4388,10,1,3761702,6,1.99,11.94
2513,381571,380,-14148,2018-10-05,4388,10,1,3761702,12,1.99,23.88
2519,382402,380,-14148,2018-10-06,4388,10,1,3761702,12,1.99,23.88
2527,383804,380,-14148,2018-10-07,4388,10,1,3761702,7,1.99,13.93
2536,384802,380,-14148,2018-10-08,4388,10,1,3761702,5,1.9899999999999998,9.95
2549,386963,380,-14148,2018-10-09,4388,10,1,3761702,3,1.99,5.97
2557,388058,380,-14148,2018-10-10,4388,10,1,3761702,8,1.99,15.92
2565,388713,380,-14148,2018-10-11,4388,10,1,3761702,11,1.99,21.89
2576,390583,380,-14148,2018-10-12,4388,10,1,3761702,11,1.99,21.89
2581,391213,380,-14148,2018-10-13,4388,10,1,3761702,12,1.99,23.88
2592,393168,380,-14148,2018-10-14,4388,10,1,3761702,5,1.9899999999999998,9.95
2600,394478,380,-14148,2018-10-15,4388,10,1,3761702,13,1.99,25.87
2612,396233,380,-14148,2018-10-16,4388,10,1,3761702,13,1.99,25.87
2623,397674,380,-14148,2018-10-17,4388,10,1,3761702,5,1.9899999999999998,9.95
2627,398075,380,-14148,2018-10-18,4388,10,1,3761702,8,1.99,15.92
2637,399740,380,-14148,2018-10-19,4388,10,1,3761702,17,1.99,33.83
2646,401367,380,-14148,2018-10-20,4388,10,1,3761702,16,1.99,31.84
2649,402144,380,-14148,2018-10-21,4388,10,1,3761702,4,1.99,7.96
2658,403560,380,-14148,2018-10-22,4388,10,1,3761702,5,1.9899999999999998,9.95
2666,404512,380,-14148,2018-10-23,4388,10,1,3761702,5,1.9899999999999998,9.95
2674,405700,380,-14148,2018-10-24,4388,10,1,3761702,8,1.99,15.92
2683,407201,380,-14148,2018-10-25,4388,10,1,3761702,5,1.9899999999999998,9.95
2692,408615,380,-14148,2018-10-26,4388,10,1,3761702,3,1.99,5.97
2702,410264,380,-14148,2018-10-27,4388,10,1,3761702,2,1.99,3.98
2708,411512,380,-14148,2018-10-28,4388,10,1,3761702,2,1.99,3.98
2720,413267,380,-14148,2018-10-29,4388,10,1,3761702,3,1.99,5.97
2727,414036,380,-14148,2018-10-30,4388,10,1,3761702,2,1.99,3.98
2751,417256,380,-14148,2018-11-02,4388,10,1,3764727,5,1.9899999999999998,9.95
2756,418291,380,-14148,2018-11-03,4388,10,1,3764727,5,1.9899999999999998,9.95
2764,419393,380,-14148,2018-11-04,4388,10,1,3764727,2,1.99,3.98
2772,420422,380,-14148,2018-11-05,4388,10,1,3764727,4,1.99,7.96
2780,421467,380,-14148,2018-11-06,4388,10,1,3764727,4,1.99,7.96
2783,422122,380,-14148,2018-11-07,4388,10,1,3764727,3,1.99,5.97
2793,423097,380,-14148,2018-11-08,4388,10,1,3764727,7,1.99,13.93
2797,424107,380,-14148,2018-11-09,4388,10,1,3764727,7,1.99,13.93
2812,426359,380,-14148,2018-11-10,4388,10,1,3764727,3,1.99,5.97
2822,428027,380,-14148,2018-11-12,4388,10,1,3764727,3,1.99,5.97
2834,429984,380,-14148,2018-11-13,4388,10,1,3764727,4,1.99,7.96
2841,431209,380,-14148,2018-11-15,4388,10,1,3764727,6,1.99,11.94
2850,432779,380,-14148,2018-11-16,4388,10,1,3764727,3,1.99,5.97
2860,434403,380,-14148,2018-11-17,4388,10,1,3764727,18,1.99,35.82
2865,435361,380,-14148,2018-11-18,4388,10,1,3764727,4,1.99,7.96
2872,436431,380,-14148,2018-11-19,4388,10,1,3764727,8,1.99,15.92
2883,437907,380,-14148,2018-11-20,4388,10,1,3764727,5,1.9899999999999998,9.95
2894,439782,380,-14148,2018-11-21,4388,10,1,3764727,5,1.9899999999999998,9.95
2895,440174,380,-14148,2018-11-22,4388,10,1,3764727,4,1.99,7.96
2900,441400,380,-14148,2018-11-23,4388,10,1,3764727,2,1.99,3.98
2912,443074,380,-14148,2018-11-24,4388,10,1,3764727,5,1.9899999999999998,9.95
2919,444075,380,-14148,2018-11-25,4388,10,1,3764727,6,1.99,11.94
2925,445014,380,-14148,2018-11-26,4388,10,1,3764727,7,1.99,13.93
2941,447112,380,-14148,2018-11-27,4388,10,1,3764727,4,1.99,7.96
2946,447828,380,-14148,2018-11-28,4388,10,1,3764727,2,1.99,3.98
2951,448637,380,-14148,2018-11-29,4388,10,1,3764727,4,1.99,7.96
2960,449979,380,-14148,2018-11-30,4388,10,1,3764656,3,1.99,5.97
2967,451298,380,-14148,2018-12-01,4388,10,1,3764656,3,1.99,5.97
2982,453536,380,-14148,2018-12-03,4388,10,1,3764656,3,1.99,5.97
2992,454545,380,-14148,2018-12-04,4388,10,1,3764656,3,1.99,5.97
3000,455564,380,-14148,2018-12-05,4388,10,1,3764656,4,1.99,7.96
3010,456740,380,-14148,2018-12-06,4388,10,1,3764656,11,1.99,21.89
3016,457940,380,-14148,2018-12-07,4388,10,1,3764656,6,1.99,11.94
3029,459549,380,-14148,2018-12-08,4388,10,1,3764656,16,1.99,31.84
3035,460539,380,-14148,2018-12-09,4388,10,1,3764656,6,1.99,11.94
3043,461499,380,-14148,2018-12-10,4388,10,1,3764656,5,1.9899999999999998,9.95
3049,462459,380,-14148,2018-12-11,4388,10,1,3764656,2,1.99,3.98
3057,463680,380,-14148,2018-12-12,4388,10,1,3764656,6,1.99,11.94
