Data/snickers_df.csv
,index,site_id,item_id,date,sq_footage,mpds,locale,periodic_gbv,quantity_sold,price,sales
3066,464789,380,-14148,2018-12-13,4388,10,1,3764656,10,1.9899999999999998,19.9
3080,467005,380,-14148,2018-12-14,4388,10,1,3764656,10,1.9899999999999998,19.9
3089,467801,380,-14148,2018-12-15,4388,10,1,3764656,5,1.9899999999999998,9.95
3091,468685,380,-14148,2018-12-16,4388,10,1,3764656,3,1.99,5.97
3101,469761,380,-14148,2018-12-17,4388,10,1,3764656,8,1.99,15.92
3114,471738,380,-14148,2018-12-18,4388,10,1,3764656,6,1.99,11.94
3122,472531,380,-14148,2018-12-19,4388,10,1,3764656,8,1.99,15.92
3126,473439,380,-14148,2018-12-20,4388,10,1,3764656,3,1.99,5.97
3135,474426,380,-14148,2018-12-21,4388,10,1,3764656,8,1.99,15.92
3150,476499,380,-14148,2018-12-22,4388,10,1,3764656,9,1.99,17.91
3156,477306,380,-14148,2018-12-23,4388,10,1,3764656,6,1.99,11.94
3166,478695,380,-14148,2018-12-24,4388,10,1,3764656,7,1.99,13.93
3175,479846,380,-14148,2018-12-25,4388,10,1,3764656,4,1.99,7.96
3183,480833,380,-14148,2018-12-26,4388,10,1,3764656,5,1.9899999999999998,9.95
3189,481745,380,-14148,2018-12-27,4388,10,1,3764656,3,1.99,5.97
3197,482212,380,-14148,2018-12-28,4388,10,1,3764656,9,1.99,17.91
3203,483098,380,-14148,2018-12-29,4388,10,1,3764656,7,1.99,13.93
3217,485009,380,-14148,2018-12-30,4388,10,1,3764656,5,1.9899999999999998,9.95
3220,485483,380,-14148,2018-12-31,4388,10,1,3764656,8,1.99,15.92
3231,486888,380,-14148,2019-01-01,4388,10,1,3764656,10,1.798,17.98
3239,488126,380,-14148,2019-01-02,4388,10,1,3764656,3,1.99,5.97
3248,489082,380,-14148,2019-01-03,4388,10,1,3764656,1,1.75,1.75
3256,490296,380,-14148,2019-01-04,4388,10,1,3764727,5,1.9420000000000002,9.71
3258,490489,380,-14148,2019-01-05,4388,10,1,3764727,9,1.7766666666666666,15.99
3268,491928,380,-14148,2019-01-06,4388,10,1,3764727,1,1.99,1.99
3277,492930,380,-14148,2019-01-07,4388,10,1,3764727,6,1.87,11.22
3284,493985,380,-14148,2019-01-08,4388,10,1,3764727,7,1.852857142857143,12.97
3292,494760,380,-14148,2019-01-09,4388,10,1,3764727,6,1.79,10.74
3307,496919,380,-14148,2019-01-10,4388,10,1,3764727,6,1.9100000000000001,11.46
3314,498154,380,-14148,2019-01-11,4388,10,1,3764727,4,1.81,7.24
3323,499127,380,-14148,2019-01-12,4388,10,1,3764727,4,1.81,7.24
3335,500992,380,-14148,2019-01-13,4388,10,1,3764727,5,1.75,8.75
3340,501576,380,-14148,2019-01-14,4388,10,1,3764727,5,1.846,9.23
3353,503667,380,-14148,2019-01-16,4388,10,1,3764727,7,1.7842857142857143,12.49
3361,504804,380,-14148,2019-01-17,4388,10,1,3764727,4,1.87,7.48
3373,506567,380,-14148,2019-01-18,4388,10,1,3764727,8,1.9,15.2
3379,508155,380,-14148,2019-01-19,4388,10,1,3764727,8,1.84,14.72
3392,509820,380,-14148,2019-01-20,4388,10,1,3764727,2,1.87,3.74
3400,510850,380,-14148,2019-01-21,4388,10,1,3764727,5,1.846,9.23
3410,512124,380,-14148,2019-01-22,4388,10,1,3764727,8,1.9,15.2
3418,512919,380,-14148,2019-01-23,4388,10,1,3764727,4,1.81,7.24
3425,513874,380,-14148,2019-01-24,4388,10,1,3764727,6,1.83,10.98
3435,515943,380,-14148,2019-01-25,4388,10,1,3764727,10,1.846,18.46
3440,516619,380,-14148,2019-01-26,4388,10,1,3764727,12,1.9100000000000001,22.92
3446,517643,380,-14148,2019-01-27,4388,10,1,3764727,13,1.786923076923077,23.23
3453,518822,380,-14148,2019-01-28,4388,10,1,3764727,6,1.9100000000000001,11.46
3466,520540,380,-14148,2019-01-29,4388,10,1,3764727,12,1.79,21.48
3476,521605,380,-14148,2019-01-30,4388,10,1,3764727,1,1.75,1.75
3484,523034,380,-14148,2019-01-31,4388,10,1,3764727,8,1.81,14.48
3491,524295,380,-14148,2019-02-01,4388,10,1,3764727,10,1.654,16.54
3499,525306,380,-14148,2019-02-02,4388,10,1,3764727,13,1.823846153846154,23.71
3511,526756,380,-14148,2019-02-03,4388,10,1,3764727,7,1.7842857142857143,12.49
3514,527561,380,-14148,2019-02-04,4388,10,1,3764727,9,1.8299999999999998,16.47
3527,529353,380,-14148,2019-02-05,4388,10,1,3764727,3,1.9100000000000001,5.73
3539,530645,380,-14148,2019-02-06,4388,10,1,3764727,8,1.9,15.2
3549,532112,380,-14148,2019-02-07,4388,10,1,3764727,7,1.8185714285714287,12.73
3557,533530,380,-14148,2019-02-08,4388,10,1,3764727,8,1.75,14.0
3561,533958,380,-14148,2019-02-09,4388,10,1,3764727,14,1.8357142857142856,25.7
3574,536051,380,-14148,2019-02-10,4388,10,1,3764727,3,1.75,5.25
3579,536683,380,-14148,2019-02-11,4388,10,1,3764727,8,1.87,14.96
3584,537767,380,-14148,2019-02-12,4388,10,1,3764727,6,1.9100000000000001,11.46
3588,538565,380,-14148,2019-02-13,4388,10,1,3764727,6,1.99,11.94
3602,540759,380,-14148,2019-02-14,4388,10,1,3764727,9,1.99,17.91
3605,541050,380,-14148,2019-02-15,4388,10,1,3764727,2,1.99,3.98
3613,542680,380,-14148,2019-02-16,4388,10,1,3764727,11,1.99,21.89
3621,544581,380,-14148,2019-02-17,4388,10,1,3764727,1,1.99,1.99
3630,545943,380,-14148,2019-02-18,4388,10,1,3764727,5,1.9899999999999998,9.95
3634,546976,380,-14148,2019-02-19,4388,10,1,3764727,2,1.99,3.98
3640,547662,380,-14148,2019-02-20,4388,10,1,3764727,12,1.99,23.88
3648,549495,380,-14148,2019-02-21,4388,10,1,3764727,1,1.99,1.99
3656,550872,380,-14148,2019-02-22,4388,10,1,3764727,4,1.99,7.96
3661,551919,380,-14148,2019-02-23,4388,10,1,3764727,4,1.99,7.96
3669,552780,380,-14148,2019-02-24,4388,10,1,3764727,6,1.99,11.94
3676,554152,380,-14148,2019-02-25,4388,10,1,3764727,6,1.99,11.94
3686,555784,380,-14148,2019-02-26,4388,10,1,3764727,3,1.99,5.97
3696,557034,380,-14148,2019-02-27,4388,10,1,3764727,2,1.99,3.98
3699,557308,380,-14148,2019-02-28,4388,10,1,3764727,3,1.99,5.97
3712,559890,380,-14148,2019-03-01,4388,10,1,3764727,3,1.99,5.97
3718,560878,380,-14148,2019-03-02,4388,10,1,3764727,4,1.99,7.96
3729,562299,380,-14148,2019-03-03,4388,10,1,3764727,9,1.99,17.91
3732,562976,380,-14148,2019-03-04,4388,10,1,3764727,2,1.99,3.98
3738,564128,380,-14148,2019-03-05,4388,10,1,3764727,4,1.99,7.96
3754,566374,380,-14148,2019-03-06,4388,10,1,3764727,1,1.99,1.99
3757,566845,380,-14148,2019-03-07,4388,10,1,3764727,2,1.99,3.98
3768,569200,380,-14148,2019-03-08,4388,10,1,3764727,4,1.99,7.96
3772,569734,380,-14148,2019-03-09,4388,10,1,3764727,1,1.99,1.99
3784,572267,380,-14148,2019-03-11,4388,10,1,3764727,3,1.99,5.97
3788,573171,380,-14148,2019-03-12,4388,10,1,3764727,2,1.99,3.98
3795,575182,380,-14148,2019-03-13,4388,10,1,3764727,4,1.99,7.96
3802,576427,380,-14148,2019-03-14,4388,10,1,3764727,3,1.99,5.97
3813,578021,380,-14148,2019-03-15,4388,10,1,3764727,16,1.99,31.84
3816,578988,380,-14148,2019-03-16,4388,10,1,3764727,9,1.99,17.91
3827,580964,380,-14148,2019-03-17,4388,10,1,3764727,4,1.99,7.96
3833,581565,380,-14148,2019-03-18,4388,10,1,3764727,2,1.99,3.98
3843,583582,380,-14148,2019-03-19,4388,10,1,3764727,3,1.99,5.97
3850,584430,380,-14148,2019-03-20,4388,10,1,3764727,3,1.99,5.97
3860,586131,380,-14148,2019-03-21,4388,10,1,3764727,4,1.99,7.96
3868,587909,380,-14148,2019-03-22,4388,10,1,3764727,8,1.99,15.92
3877,589332,380,-14148,2019-03-23,4388,10,1,3764727,8,1.99,15.92
3878,590096,380,-14148,2019-03-24,4388,10,1,3764727,3,1.99,5.97
3885,591027,380,-14148,2019-03-25,4388,10,1,3764727,2,1.99,3.98
3892,592872,380,-14148,2019-03-26,4388,10,1,3764727,7,1.99,13.93
3901,594358,380,-14148,2019-03-27,4388,10,1,3764727,6,1.99,11.94
3909,595229,380,-14148,2019-03-28,4388,10,1,3764727,6,1.99,11.94
3922,597665,380,-14148,2019-03-29,4388,10,1,3764727,9,1.99,17.91
3926,598998,380,-14148,2019-03-30,4388,10,1,3764727,8,1.99,15.92
3936,599801,380,-14148,2019-03-31,4388,10,1,3764727,7,1.99,13.93
3943,601358,380,-14148,2019-04-01,4388,10,1,3764727,7,1.99,13.93
3954,603355,380,-14148,2019-04-02,4388,10,1,3764727,3,1.99,5.97
3956,603815,380,-14148,2019-04-03,4388,10,1,3764727,4,1.99,7.96
3970,605358,380,-14148,2019-04-04,4388,10,1,3764727,3,1.99,5.97
3974,606174,380,-14148,2019-04-05,4388,10,1,3764727,3,1.99,5.97
3986,608316,380,-14148,2019-04-06,4388,10,1,3764727,2,1.99,3.98
3992,609258,380,-14148,2019-04-07,4388,10,1,3764727,1,1.99,1.99
3999,610515,380,-14148,2019-04-08,4388,10,1,3764727,1,1.99,1.99
4010,612360,380,-14148,2019-04-09,4388,10,1,3764727,5,1.9899999999999998,9.95
4011,612776,380,-14148,2019-04-10,4388,10,1,3764727,7,1.99,13.93
4022,614119,380,-14148,2019-04-11,4388,10,1,3764727,1,1.99,1.99
4033,616260,380,-14148,2019-04-12,4388,10,1,3764727,2,1.99,3.98
4038,616996,380,-14148,2019-04-13,4388,10,1,3764727,7,1.99,13.93
4049,619065,380,-14148,2019-04-14,4388,10,1,3764727,3,1.99,5.97
4053,619612,380,-14148,2019-04-15,4388,10,1,3764727,4,1.99,7.96
4062,620945,380,-14148,2019-04-16,4388,10,1,3764727,2,1.99,3.98
4074,622431,380,-14148,2019-04-17,4388,10,1,3764727,6,1.99,11.94
4083,624060,380,-14148,2019-04-18,4388,10,1,3764727,4,1.99,7.96
4087,624711,380,-14148,2019-04-19,4388,10,1,3764727,5,1.9899999999999998,9.95
4103,627450,380,-14148,2019-04-20,4388,10,1,3764727,4,1.99,7.96
4112,629083,380,-14148,2019-04-22,4388,10,1,3764727,4,1.99,7.96
4120,630005,380,-14148,2019-04-23,4388,10,1,3764727,4,1.99,7.96
4135,632405,380,-14148,2019-04-25,4388,10,1,3764727,3,1.99,5.97
4150,635249,380,-14148,2019-04-27,4388,10,1,3764727,10,1.9899999999999998,19.9
4164,637464,380,-14148,2019-04-28,4388,10,1,3764727,4,1.99,7.96
4166,637892,380,-14148,2019-04-29,4388,10,1,3764727,1,1.99,1.99
4173,638971,380,-14148,2019-04-30,4388,10,1,3764727,3,1.99,5.97
4189,640823,380,-14148,2019-05-01,4388,10,1,3764727,5,1.9899999999999998,9.95
4198,642195,380,-14148,2019-05-02,4388,10,1,3764727,3,1.99,5.97
4200,642812,380,-14148,2019-05-03,4388,10,1,3764727,6,1.99,11.94
4213,644925,380,-14148,2019-05-04,4388,10,1,3764727,6,1.99,11.94
4218,646276,380,-14148,2019-05-05,4388,10,1,3764727,4,1.99,7.96
4230,648195,380,-14148,2019-05-06,4388,10,1,3764727,7,1.99,13.93
4241,649590,380,-14148,2019-05-07,4388,10,1,3764727,4,1.99,7.96
4248,650295,380,-14148,2019-05-08,4388,10,1,3764727,3,1.99,5.97
4260,652195,380,-14148,2019-05-09,4388,10,1,3764727,4,1.99,7.96
4266,653052,380,-14148,2019-05-10,4388,10,1,3764727,4,1.99,7.96
4276,654894,380,-14148,2019-05-11,4388,10,1,3764727,6,1.99,11.94
4283,655839,380,-14148,2019-05-12,4388,10,1,3764727,7,1.99,13.93
4292,657726,380,-14148,2019-05-13,4388,10,1,3764727,5,1.9899999999999998,9.95
4302,658630,380,-14148,2019-05-14,4388,10,1,3764727,4,1.99,7.96
4303,659285,380,-14148,2019-05-15,4388,10,1,3764727,2,1.99,3.98
4315,661670,380,-14148,2019-05-16,4388,10,1,3764727,3,1.99,5.97
4317,661928,380,-14148,2019-05-17,4388,10,1,3764727,4,1.99,7.96
4331,664488,380,-14148,2019-05-18,4388,10,1,3764727,6,1.99,11.94
4336,665288,380,-14148,2019-05-19,4388,10,1,3764727,6,1.99,11.94
4352,668205,380,-14148,2019-05-21,4388,10,1,3764727,6,1.99,11.94
4365,670371,380,-14148,2019-05-22,4388,10,1,3764727,5,1.9899999999999998,9.95
4370,671372,380,-14148,2019-05-23,4388,10,1,3764727,9,1.99,17.91
4379,672687,380,-14148,2019-05-24,4388,10,1,3764727,6,1.99,11.94
4384,674038,380,-14148,2019-05-25,4388,10,1,3764727,7,1.99,13.93
4394,675475,380,-14148,2019-05-26,4388,10,1,3764727,6,1.99,11.94
4404,677577,380,-14148,2019-05-27,4388,10,1,3764727,4,1.99,7.96
4413,678281,380,-14148,2019-05-28,4388,10,1,3764727,6,1.99,11.94
4420,679626,380,-14148,2019-05-29,4388,10,1,3764727,1,1.99,1.99
4431,681109,380,-14148,2019-05-30,4388,10,1,3764727,4,1.99,7.96
4442,683532,380,-14148,2019-05-31,4388,10,1,3764727,1,1.99,1.99
4448,684190,380,-14148,2019-06-01,4388,10,1,3764727,2,1.99,3.98
4456,686021,380,-14148,2019-06-02,4388,10,1,3764727,3,1.99,5.97
4460,686689,380,-14148,2019-06-03,4388,10,1,3764727,4,1.99,7.96
4474,688939,380,-14148,2019-06-04,4388,10,1,3764727,2,1.99,3.98
4486,690439,380,-14148,2019-06-05,4388,10,1,3764727,5,1.9899999999999998,9.95
4489,690948,380,-14148,2019-06-06,4388,10,1,3764727,1,1.99,1.99
4500,692747,380,-14148,2019-06-07,4388,10,1,3764727,5,1.9899999999999998,9.95
4508,694297,380,-14148,2019-06-08,4388,10,1,3764727,4,1.99,7.96
4517,695755,380,-14148,2019-06-09,4388,10,1,3764727,5,1.9899999999999998,9.95
4523,696921,380,-14148,2019-06-10,4388,10,1,3764727,4,1.99,7.96
4532,698367,380,-14148,2019-06-11,4388,10,1,3764727,3,1.99,5.97
4539,699581,380,-14148,2019-06-12,4388,10,1,3764727,3,1.99,5.97
4546,700817,380,-14148,2019-06-13,4388,10,1,3764727,5,1.9899999999999998,9.95
4560,703237,380,-14148,2019-06-14,4388,10,1,3764727,5,1.9899999999999998,9.95
4565,704296,380,-14148,2019-06-15,4388,10,1,3764727,6,1.99,11.94
4574,705974,380,-14148,2019-06-16,4388,10,1,3764727,3,1.99,5.97
4582,706994,380,-14148,2019-06-17,4388,10,1,3764727,2,1.99,3.98
4584,707535,380,-14148,2019-06-18,4388,10,1,3764727,4,1.99,7.96
4596,709144,380,-14148,2019-06-19,4388,10,1,3764727,4,1.87,7.48
4602,710234,380,-14148,2019-06-20,4388,10,1,3764727,10,1.798,17.98
4612,711980,380,-14148,2019-06-21,4388,10,1,3764727,4,1.75,7.0
4620,713125,380,-14148,2019-06-22,4388,10,1,3764727,7,1.8185714285714287,12.73
4632,715114,380,-14148,2019-06-23,4388,10,1,3764727,3,1.75,5.25
4644,716957,380,-14148,2019-06-24,4388,10,1,3764727,13,1.8792307692307693,24.43
4654,718430,380,-14148,2019-06-25,4388,10,1,3764727,6,1.87,11.22
4657,718840,380,-14148,2019-06-26,4388,10,1,3764727,8,1.9,15.2
4665,720160,380,-14148,2019-06-27,4388,10,1,3764727,12,1.79,21.48
4679,722733,380,-14148,2019-06-28,4388,10,1,3764727,15,1.814,27.21
4685,723198,380,-14148,2019-06-29,4388,10,1,3764727,7,1.852857142857143,12.97
4695,725219,380,-14148,2019-06-30,4388,10,1,3764727,6,1.9100000000000001,11.46
4697,725679,380,-14148,2019-07-01,4388,10,1,3764727,5,1.8940000000000001,9.47
4711,727739,380,-14148,2019-07-02,4388,10,1,3764727,12,1.8099999999999998,21.72
4719,729074,380,-14148,2019-07-03,4388,10,1,3764727,8,1.81,14.48
4727,730152,380,-14148,2019-07-04,4388,10,1,3764727,3,1.83,5.49
4739,731989,380,-14148,2019-07-05,4388,10,1,3764727,10,1.798,17.98
4747,733761,380,-14148,2019-07-06,4388,10,1,3764727,10,1.798,17.98
4749,734083,380,-14148,2019-07-07,4388,10,1,3764727,4,1.87,7.48
4763,736166,380,-14148,2019-07-08,4388,10,1,3764727,5,1.6059999999999999,8.03
4773,737374,380,-14148,2019-07-09,4388,10,1,3764727,3,1.9100000000000001,5.73
4781,738430,380,-14148,2019-07-10,4388,10,1,3764727,8,1.99,15.92
4788,739724,380,-14148,2019-07-11,4388,10,1,3764727,6,1.99,11.94
4796,741024,380,-14148,2019-07-12,4388,10,1,3764727,4,1.99,7.96
4807,742583,380,-14148,2019-07-13,4388,10,1,3764727,5,1.9899999999999998,9.95
4818,744106,380,-14148,2019-07-14,4388,10,1,3764727,8,1.99,15.92
4821,744977,380,-14148,2019-07-15,4388,10,1,3764727,12,1.99,23.88
4829,746069,380,-14148,2019-07-16,4388,10,1,3764727,8,1.99,15.92
4843,748412,380,-14148,2019-07-17,4388,10,1,3764727,4,1.99,7.96
4846,749054,380,-14148,2019-07-18,4388,10,1,3764727,8,1.99,15.92
4857,751097,380,-14148,2019-07-19,4388,10,1,3764727,5,1.9899999999999998,9.95
4862,751987,380,-14148,2019-07-20,4388,10,1,3764727,7,1.99,13.93
4872,753331,380,-14148,2019-07-21,4388,10,1,3764727,8,1.99,15.92
4881,755005,380,-14148,2019-07-22,4388,10,1,3764727,12,1.99,23.88
4889,756194,380,-14148,2019-07-23,4388,10,1,3764727,11,1.99,21.89
4896,757510,380,-14148,2019-07-24,4388,10,1,3764727,6,1.99,11.94
4909,759234,380,-14148,2019-07-25,4388,10,1,3764727,11,1.99,21.89
4915,760296,380,-14148,2019-07-26,4388,10,1,3764727,6,1.99,11.94
4925,762338,380,-14148,2019-07-27,4388,10,1,3764727,16,1.99,31.84
4930,762752,380,-14148,2019-07-28,4388,10,1,3764727,5,1.9899999999999998,9.95
4938,763887,380,-14148,2019-07-29,4388,10,1,3764727,2,1.99,3.98
4950,765638,380,-14148,2019-07-30,4388,10,1,3764727,3,1.99,5.97
4964,767711,380,-14148,2019-07-31,4388,10,1,3764727,1,1.99,1.99
4969,768683,380,-14148,2019-08-01,4388,10,1,3764727,2,1.99,3.98
4976,769561,380,-14148,2019-08-02,4388,10,1,3764727,4,1.99,7.96
4989,772396,380,-14148,2019-08-03,4388,10,1,3764727,4,1.99,7.96
4994,773360,380,-14148,2019-08-04,4388,10,1,3764727,2,1.99,3.98
5000,774016,380,-14148,2019-08-05,4388,10,1,3764727,3,1.99,5.97
5010,776326,380,-14148,2019-08-06,4388,10,1,3764727,1,1.99,1.99
5017,777264,380,-14148,2019-08-07,4388,10,1,3764727,4,1.99,7.96
5028,779243,380,-14148,2019-08-08,4388,10,1,3764727,2,1.99,3.98
5030,779417,380,-14148,2019-08-09,4388,10,1,3764727,2,1.99,3.98
5043,782125,380,-14148,2019-08-10,4388,10,1,3764727,8,2.14,17.12
5049,782837,380,-14148,2019-08-11,4388,10,1,3764727,2,2.19,4.38
5052,783812,380,-14148,2019-08-12,4388,10,1,3764727,1,2.19,2.19
5061,785121,380,-14148,2019-08-13,4388,10,1,3764727,3,2.19,6.57
5084,789140,380,-14148,2019-08-15,4388,10,1,3764727,7,2.19,15.33
5098,791846,380,-14148,2019-08-17,4388,10,1,3774467,1,2.19,2.19
5108,793481,380,-14148,2019-08-18,4388,10,1,3774467,4,2.19,8.76
5110,793709,380,-14148,2019-08-19,4388,10,1,3774467,5,2.19,10.95
5123,795660,380,-14148,2019-08-20,4388,10,1,3774467,1,2.19,2.19
5129,796874,380,-14148,2019-08-21,4388,10,1,3774467,2,2.19,4.38
5139,798395,380,-14148,2019-08-22,4388,10,1,3774467,3,2.19,6.57
5143,799642,380,-14148,2019-08-23,4388,10,1,3774467,6,2.19,13.14
5153,801484,380,-14148,2019-08-24,4388,10,1,3774467,8,2.19,17.52
5163,802835,380,-14148,2019-08-25,4388,10,1,3774467,6,2.19,13.14
5171,804167,380,-14148,2019-08-26,4388,10,1,3774467,4,2.19,8.76
5173,804367,380,-14148,2019-08-27,4388,10,1,3774467,5,2.19,10.95
5186,806499,380,-14148,2019-08-28,4388,10,1,3774467,5,2.19,10.95
5195,807920,380,-14148,2019-08-29,4388,10,1,3774467,3,2.19,6.57
5197,808574,380,-14148,2019-08-30,4388,10,1,3774467,4,2.19,8.76
5213,811424,380,-14148,2019-08-31,4388,10,1,3774467,5,2.19,10.95
5221,813035,380,-14148,2019-09-02,4388,10,1,3774467,3,2.19,6.57
5232,814498,380,-14148,2019-09-03,4388,10,1,3774467,3,2.19,6.57
5236,815518,380,-14148,2019-09-04,4388,10,1,3774467,2,2.19,4.38
5248,817848,380,-14148,2019-09-05,4388,10,1,3774467,4,2.19,8.76
5251,818225,380,-14148,2019-09-06,4388,10,1,3774467,5,2.19,10.95
5263,820674,380,-14148,2019-09-07,4388,10,1,3774467,6,2.19,13.14
5268,821344,380,-14148,2019-09-08,4388,10,1,3774467,2,2.19,4.38
5284,824507,380,-14148,2019-09-10,4388,10,1,3774467,1,2.19,2.19
5291,825728,380,-14148,2019-09-11,4388,10,1,3774467,4,2.19,8.76
5299,827107,380,-14148,2019-09-12,4388,10,1,3774467,10,2.19,21.9
5311,828891,380,-14148,2019-09-13,4388,10,1,3759467,9,2.19,19.71
5317,830082,380,-14148,2019-09-14,4388,10,1,3759467,3,2.19,6.57
5323,831408,380,-14148,2019-09-15,4388,10,1,3759467,11,2.19,24.09
5337,833489,380,-14148,2019-09-16,4388,10,1,3759467,3,2.19,6.57
