Data/snickers_df.csv
,index,site_id,item_id,date,sq_footage,mpds,locale,periodic_gbv,quantity_sold,price,sales
5344,834718,380,-14148,2019-09-17,4388,10,1,3759467,7,1.875714285714286,13.13
5349,835368,380,-14148,2019-09-18,4388,10,1,3759467,5,1.7879999999999998,8.94
5362,837689,380,-14148,2019-09-19,4388,10,1,3759467,8,2.025,16.2
5370,838884,380,-14148,2019-09-20,4388,10,1,3759467,10,1.9260000000000002,19.26
5376,839839,380,-14148,2019-09-21,4388,10,1,3759467,8,1.97,15.76
5384,841407,380,-14148,2019-09-22,4388,10,1,3759467,3,2.19,6.57
5398,843415,380,-14148,2019-09-23,4388,10,1,3759467,6,1.97,11.82
5408,845213,380,-14148,2019-09-24,4388,10,1,3759467,7,1.9385714285714286,13.57
5423,846694,380,-14148,2019-09-25,4388,10,1,3759467,6,2.1166666666666667,12.7
5430,848573,380,-14148,2019-09-26,4388,10,1,3759467,2,2.19,4.38
5438,849950,380,-14148,2019-09-27,4388,10,1,3759467,7,2.0014285714285713,14.01
5445,850686,380,-14148,2019-09-28,4388,10,1,3759467,8,1.915,15.32
5452,852246,380,-14148,2019-09-29,4388,10,1,3759467,2,1.75,3.5
5465,854017,380,-14148,2019-09-30,4388,10,1,3759467,5,2.0140000000000002,10.07
5472,855038,380,-14148,2019-10-01,4388,10,1,3759467,3,1.8966666666666667,5.69
5483,856789,380,-14148,2019-10-02,4388,10,1,3759467,4,1.75,7.0
5498,859127,380,-14148,2019-10-03,4388,10,1,3759467,5,2.102,10.51
5506,860186,380,-14148,2019-10-04,4388,10,1,3759467,12,1.86,22.32
5515,862225,380,-14148,2019-10-05,4388,10,1,3759467,10,1.97,19.7
5527,864181,380,-14148,2019-10-06,4388,10,1,3759467,6,2.0433333333333334,12.26
5534,865123,380,-14148,2019-10-07,4388,10,1,3759467,7,2.064285714285714,14.45
5543,865906,380,-14148,2019-10-08,4388,10,1,3759467,6,2.0433333333333334,12.26
5553,867994,380,-14148,2019-10-09,4388,10,1,3759467,3,2.19,6.57
5561,869253,380,-14148,2019-10-10,4388,10,1,3759467,7,2.0014285714285713,14.01
5568,870565,380,-14148,2019-10-11,4388,10,1,3767816,9,2.092222222222222,18.83
5576,871625,380,-14148,2019-10-12,4388,10,1,3767816,11,1.95,21.45
5590,874268,380,-14148,2019-10-13,4388,10,1,3767816,4,1.75,7.0
5598,875721,380,-14148,2019-10-14,4388,10,1,3767816,10,1.8379999999999999,18.38
5606,876777,380,-14148,2019-10-15,4388,10,1,3767816,2,1.75,3.5
5615,877419,380,-14148,2019-10-16,4388,10,1,3767816,4,1.97,7.88
5622,879105,380,-14148,2019-10-17,4388,10,1,3767816,14,1.8128571428571427,25.38
5636,881216,380,-14148,2019-10-18,4388,10,1,3767816,6,1.97,11.82
5650,883472,380,-14148,2019-10-19,4388,10,1,3767816,5,1.9260000000000002,9.63
5656,884109,380,-14148,2019-10-20,4388,10,1,3767816,2,1.75,3.5
5668,886055,380,-14148,2019-10-21,4388,10,1,3767816,7,2.0014285714285713,14.01
5672,886633,380,-14148,2019-10-22,4388,10,1,3767816,4,1.97,7.88
5681,887849,380,-14148,2019-10-23,4388,10,1,3767816,8,2.19,17.52
5692,889497,380,-14148,2019-10-24,4388,10,1,3767816,4,2.19,8.76
5704,891261,380,-14148,2019-10-25,4388,10,1,3767816,2,2.19,4.38
5710,892541,380,-14148,2019-10-26,4388,10,1,3767816,11,2.19,24.09
5718,893997,380,-14148,2019-10-27,4388,10,1,3767816,2,2.19,4.38
5733,895461,380,-14148,2019-10-28,4388,10,1,3767816,3,2.19,6.57
5736,896158,380,-14148,2019-10-29,4388,10,1,3767816,2,2.19,4.38
5757,899000,380,-14148,2019-10-31,4388,10,1,3767816,5,2.19,10.95
5769,900478,380,-14148,2019-11-01,4388,10,1,3767816,1,2.19,2.19
5776,902006,380,-14148,2019-11-02,4388,10,1,3767816,9,2.19,19.71
5780,902417,380,-14148,2019-11-03,4388,10,1,3767816,3,2.19,6.57
5787,903949,380,-14148,2019-11-04,4388,10,1,3767816,2,2.19,4.38
5795,904677,380,-14148,2019-11-05,4388,10,1,3767816,1,2.19,2.19
5809,906313,380,-14148,2019-11-06,4388,10,1,3767816,3,2.19,6.57
5819,907770,380,-14148,2019-11-07,4388,10,1,3767816,3,2.19,6.57
2,492,399,-14148,2017-11-08,4200,10,2,3169351,3,1.99,5.97
12,1564,399,-14148,2017-11-09,4200,10,2,3169351,9,1.99,17.91
13,1959,399,-14148,2017-11-10,4200,10,2,3169351,5,1.9899999999999998,9.95
21,3102,399,-14148,2017-11-11,4200,10,2,3169351,7,1.99,13.93
31,4596,399,-14148,2017-11-12,4200,10,2,3169351,2,1.99,3.98
37,5466,399,-14148,2017-11-13,4200,10,2,3169351,4,1.99,7.96
42,6009,399,-14148,2017-11-14,4200,10,2,3169351,5,1.9899999999999998,9.95
49,7111,399,-14148,2017-11-15,4200,10,2,3169351,4,1.99,7.96
52,7911,399,-14148,2017-11-16,4200,10,2,3169351,4,1.99,7.96
60,9002,399,-14148,2017-11-17,4200,10,2,3169351,4,1.99,7.96
66,9968,399,-14148,2017-11-18,4200,10,2,3169351,6,1.99,11.94
68,10534,399,-14148,2017-11-19,4200,10,2,3169351,6,1.99,11.94
75,11425,399,-14148,2017-11-20,4200,10,2,3169351,3,1.99,5.97
82,12508,399,-14148,2017-11-21,4200,10,2,3169351,5,1.9899999999999998,9.95
89,13626,399,-14148,2017-11-22,4200,10,2,3169351,9,1.99,17.91
97,15030,399,-14148,2017-11-23,4200,10,2,3169351,3,1.99,5.97
101,16027,399,-14148,2017-11-24,4200,10,2,3169351,1,1.99,1.99
108,17325,399,-14148,2017-11-25,4200,10,2,3169351,3,1.99,5.97
111,17584,399,-14148,2017-11-26,4200,10,2,3169351,5,1.9899999999999998,9.95
119,18594,399,-14148,2017-11-27,4200,10,2,3169351,3,1.99,5.97
121,19126,399,-14148,2017-11-28,4200,10,2,3169351,4,1.99,7.96
129,20269,399,-14148,2017-11-29,4200,10,2,3169351,6,1.9349999999999998,11.61
135,21156,399,-14148,2017-11-30,4200,10,2,3169351,13,1.8123076923076922,23.56
146,22849,399,-14148,2017-12-01,4200,10,2,3169351,8,1.86625,14.93
150,23600,399,-14148,2017-12-02,4200,10,2,3169351,5,1.9899999999999998,9.95
157,24323,399,-14148,2017-12-03,4200,10,2,3169351,1,1.99,1.99
164,25626,399,-14148,2017-12-04,4200,10,2,3169351,7,1.8957142857142857,13.27
171,26195,399,-14148,2017-12-05,4200,10,2,3169351,6,1.825,10.95
180,27489,399,-14148,2017-12-06,4200,10,2,3169351,14,1.9428571428571428,27.2
183,28006,399,-14148,2017-12-07,4200,10,2,3169351,13,1.863076923076923,24.22
190,28983,399,-14148,2017-12-08,4200,10,2,3169351,12,1.825,21.9
197,29916,399,-14148,2017-12-09,4200,10,2,3169351,5,1.9899999999999998,9.95
204,30748,399,-14148,2017-12-10,4200,10,2,3169351,17,1.7570588235294118,29.87
213,32135,399,-14148,2017-12-11,4200,10,2,3169351,6,1.88,11.28
219,32757,399,-14148,2017-12-12,4200,10,2,3169351,7,1.8957142857142857,13.27
225,33869,399,-14148,2017-12-13,4200,10,2,3169351,20,1.7505,35.01
229,34334,399,-14148,2017-12-14,4200,10,2,3169351,8,1.9075,15.26
238,35619,399,-14148,2017-12-15,4200,10,2,3169351,5,1.924,9.62
244,36912,399,-14148,2017-12-16,4200,10,2,3169351,6,1.9349999999999998,11.61
249,37618,399,-14148,2017-12-17,4200,10,2,3169351,5,1.9899999999999998,9.95
257,38935,399,-14148,2017-12-18,4200,10,2,3169351,8,1.99,15.92
262,39538,399,-14148,2017-12-19,4200,10,2,3169351,6,1.9349999999999998,11.61
271,40392,399,-14148,2017-12-20,4200,10,2,3169351,12,1.7975,21.57
282,41965,399,-14148,2017-12-21,4200,10,2,3169351,9,1.9166666666666667,17.25
290,43347,399,-14148,2017-12-22,4200,10,2,3169351,8,1.78375,14.27
293,43545,399,-14148,2017-12-23,4200,10,2,3169351,5,1.924,9.62
299,44727,399,-14148,2017-12-24,4200,10,2,3169351,4,1.825,7.3
307,45775,399,-14148,2017-12-25,4200,10,2,3169351,6,1.7699999999999998,10.62
315,46646,399,-14148,2017-12-26,4200,10,2,3169351,2,1.825,3.65
324,47702,399,-14148,2017-12-27,4200,10,2,3169351,3,1.88,5.64
331,48421,399,-14148,2017-12-28,4200,10,2,3169351,3,1.88,5.64
340,49503,399,-14148,2017-12-29,4200,10,2,3169351,4,1.9075,7.63
349,50945,399,-14148,2017-12-30,4200,10,2,3169351,3,1.99,5.97
352,51466,399,-14148,2017-12-31,4200,10,2,3169351,6,1.7699999999999998,10.62
364,52550,399,-14148,2018-01-01,4200,10,2,3169351,14,1.8014285714285714,25.22
369,53639,399,-14148,2018-01-02,4200,10,2,3169351,5,1.7920000000000003,8.96
379,54532,399,-14148,2018-01-03,4200,10,2,3169351,7,1.99,13.93
383,54912,399,-14148,2018-01-04,4200,10,2,3169351,6,1.7183333333333335,10.31
389,55511,399,-14148,2018-01-05,4200,10,2,3169351,8,1.58,12.64
402,57450,399,-14148,2018-01-06,4200,10,2,3169351,9,1.7355555555555555,15.62
406,57818,399,-14148,2018-01-07,4200,10,2,3169351,5,1.6620000000000001,8.31
417,59172,399,-14148,2018-01-08,4200,10,2,3169351,14,1.897857142857143,26.57
420,59622,399,-14148,2018-01-09,4200,10,2,3169351,8,1.82625,14.61
425,60304,399,-14148,2018-01-10,4200,10,2,3169351,12,1.7166666666666668,20.6
439,61967,399,-14148,2018-01-11,4200,10,2,3169351,10,1.6960000000000002,16.96
446,63404,399,-14148,2018-01-12,4200,10,2,3169351,22,1.7222727272727274,37.89
452,64500,399,-14148,2018-01-13,4200,10,2,3169351,8,1.86875,14.95
459,65335,399,-14148,2018-01-14,4200,10,2,3169351,7,1.6157142857142859,11.31
464,66050,399,-14148,2018-01-15,4200,10,2,3169351,9,1.6255555555555556,14.63
476,67066,399,-14148,2018-01-16,4200,10,2,3169351,12,1.8275,21.93
485,68476,399,-14148,2018-01-17,4200,10,2,3169351,15,1.662,24.93
489,69364,399,-14148,2018-01-18,4200,10,2,3169351,7,1.8985714285714284,13.29
496,70458,399,-14148,2018-01-19,4200,10,2,3169351,20,1.5635,31.27
506,71740,399,-14148,2018-01-20,4200,10,2,3169351,2,1.83,3.66
515,72779,399,-14148,2018-01-21,4200,10,2,3169351,7,1.8485714285714285,12.94
522,73908,399,-14148,2018-01-22,4200,10,2,3169351,5,1.794,8.97
529,75019,399,-14148,2018-01-23,4200,10,2,3169351,10,1.795,17.95
532,75480,399,-14148,2018-01-24,4200,10,2,3169351,7,1.8057142857142858,12.64
540,76657,399,-14148,2018-01-25,4200,10,2,3169351,7,1.8957142857142857,13.27
549,77945,399,-14148,2018-01-26,4200,10,2,3169351,10,1.6620000000000001,16.62
560,79064,399,-14148,2018-01-27,4200,10,2,3169351,13,1.7392307692307691,22.61
568,80657,399,-14148,2018-01-28,4200,10,2,3169351,10,1.828,18.28
576,81436,399,-14148,2018-01-29,4200,10,2,3169351,9,1.6977777777777776,15.28
583,82482,399,-14148,2018-01-30,4200,10,2,3169351,4,1.99,7.96
587,83136,399,-14148,2018-01-31,4200,10,2,3169351,24,1.57625,37.83
598,84563,399,-14148,2018-02-01,4200,10,2,3169351,23,1.5869565217391304,36.5
606,85962,399,-14148,2018-02-02,4200,10,2,3169351,27,1.1048148148148147,29.83
611,86651,399,-14148,2018-02-03,4200,10,2,3169351,29,1.0631034482758621,30.83
616,87727,399,-14148,2018-02-04,4200,10,2,3169351,23,1.0382608695652173,23.88
623,88872,399,-14148,2018-02-05,4200,10,2,3169351,26,0.981923076923077,25.53
634,90285,399,-14148,2018-02-06,4200,10,2,3169351,20,1.7285,34.57
640,91424,399,-14148,2018-02-07,4200,10,2,3169351,8,1.745,13.96
651,92737,399,-14148,2018-02-08,4200,10,2,3169351,16,1.785,28.56
659,94050,399,-14148,2018-02-09,4200,10,2,3169351,15,1.7726666666666666,26.59
661,95096,399,-14148,2018-02-10,4200,10,2,3169351,19,1.61,30.59
671,95712,399,-14148,2018-02-11,4200,10,2,3169351,14,1.7792857142857144,24.91
681,97267,399,-14148,2018-02-12,4200,10,2,3169351,20,1.6295000000000002,32.59
688,98480,399,-14148,2018-02-13,4200,10,2,3169351,21,1.7561904761904763,36.88
693,99166,399,-14148,2018-02-14,4200,10,2,3169351,1,1.99,1.99
699,99967,399,-14148,2018-02-15,4200,10,2,3169351,3,1.99,5.97
706,101111,399,-14148,2018-02-16,4200,10,2,3169351,4,1.99,7.96
712,101983,399,-14148,2018-02-17,4200,10,2,3169351,12,1.99,23.88
725,104230,399,-14148,2018-02-19,4200,10,2,3169351,2,1.99,3.98
731,105101,399,-14148,2018-02-20,4200,10,2,3169351,2,1.99,3.98
741,106529,399,-14148,2018-02-21,4200,10,2,3169351,3,1.99,5.97
749,107295,399,-14148,2018-02-22,4200,10,2,3169351,5,1.9899999999999998,9.95
759,109347,399,-14148,2018-02-23,4200,10,2,3169351,5,1.9899999999999998,9.95
762,110339,399,-14148,2018-02-24,4200,10,2,3169351,6,1.99,11.94
764,110840,399,-14148,2018-02-25,4200,10,2,3169351,2,1.99,3.98
771,112233,399,-14148,2018-02-26,4200,10,2,3169351,4,1.74,6.96
781,113383,399,-14148,2018-02-27,4200,10,2,3169351,4,1.99,7.96
788,114795,399,-14148,2018-02-28,4200,10,2,3169351,1,1.99,1.99
791,115285,399,-14148,2018-03-01,4200,10,2,3169351,4,1.99,7.96
802,116878,399,-14148,2018-03-02,4200,10,2,3169351,7,1.99,13.93
805,117477,399,-14148,2018-03-03,4200,10,2,3169351,4,1.99,7.96
815,119135,399,-14148,2018-03-04,4200,10,2,3169351,1,1.99,1.99
818,119973,399,-14148,2018-03-05,4200,10,2,3169351,5,1.9899999999999998,9.95
827,121516,399,-14148,2018-03-06,4200,10,2,3169351,7,1.99,13.93
834,122600,399,-14148,2018-03-07,4200,10,2,3169351,8,1.99,15.92
841,123839,399,-14148,2018-03-08,4200,10,2,3169351,4,1.99,7.96
845,124721,399,-14148,2018-03-09,4200,10,2,3169351,3,1.99,5.97
856,126249,399,-14148,2018-03-10,4200,10,2,3169351,4,1.99,7.96
865,127818,399,-14148,2018-03-11,4200,10,2,3169351,2,1.99,3.98
870,128502,399,-14148,2018-03-12,4200,10,2,3169351,5,1.9899999999999998,9.95
877,129619,399,-14148,2018-03-13,4200,10,2,3169351,2,1.99,3.98
885,130789,399,-14148,2018-03-14,4200,10,2,3169351,3,1.99,5.97
888,131324,399,-14148,2018-03-15,4200,10,2,3169351,5,1.9899999999999998,9.95
900,133708,399,-14148,2018-03-16,4200,10,2,3169351,2,1.99,3.98
905,134375,399,-14148,2018-03-17,4200,10,2,3169351,1,1.99,1.99
915,135456,399,-14148,2018-03-18,4200,10,2,3169351,3,1.99,5.97
919,136461,399,-14148,2018-03-19,4200,10,2,3169351,3,1.99,5.97
926,137878,399,-14148,2018-03-20,4200,10,2,3169351,4,1.99,7.96
934,138790,399,-14148,2018-03-21,4200,10,2,3169351,5,1.9899999999999998,9.95
940,139607,399,-14148,2018-03-22,4200,10,2,3169351,2,1.99,3.98
950,140992,399,-14148,2018-03-23,4200,10,2,3181654,6,1.99,11.94
957,142237,399,-14148,2018-03-24,4200,10,2,3181654,3,1.99,5.97
966,144188,399,-14148,2018-03-25,4200,10,2,3181654,1,1.99,1.99
972,145257,399,-14148,2018-03-26,4200,10,2,3181654,3,1.99,5.97
979,146074,399,-14148,2018-03-27,4200,10,2,3181654,6,1.99,11.94
983,146627,399,-14148,2018-03-28,4200,10,2,3181654,4,1.665,6.66
993,147954,399,-14148,2018-03-29,4200,10,2,3181654,5,1.794,8.97
1003,149938,399,-14148,2018-03-30,4200,10,2,3181654,6,1.8266666666666669,10.96
1010,150926,399,-14148,2018-03-31,4200,10,2,3181654,4,1.6675,6.67
1021,152417,399,-14148,2018-04-01,4200,10,2,3181654,2,1.83,3.66
1024,152796,399,-14148,2018-04-02,4200,10,2,3181654,5,1.794,8.97
1036,154233,399,-14148,2018-04-03,4200,10,2,3181654,5,1.7280000000000002,8.64
1042,154672,399,-14148,2018-04-04,4200,10,2,3181654,12,1.7191666666666665,20.63
1052,156197,399,-14148,2018-04-05,4200,10,2,3181654,8,1.665,13.32
1054,156573,399,-14148,2018-04-06,4200,10,2,3181654,13,1.84,23.92
1065,158269,399,-14148,2018-04-07,4200,10,2,3181654,3,1.7766666666666666,5.33
1073,158980,399,-14148,2018-04-08,4200,10,2,3181654,7,1.7100000000000002,11.97
1083,160445,399,-14148,2018-04-09,4200,10,2,3181654,6,1.8266666666666669,10.96
1086,160734,399,-14148,2018-04-10,4200,10,2,3181654,12,1.7466666666666668,20.96
1095,162232,399,-14148,2018-04-11,4200,10,2,3181654,10,1.9899999999999998,19.9
1113,164479,399,-14148,2018-04-13,4200,10,2,3181654,13,1.7653846153846153,22.95
1121,166142,399,-14148,2018-04-14,4200,10,2,3181654,7,1.8028571428571427,12.62
1127,166892,399,-14148,2018-04-15,4200,10,2,3181654,8,1.74625,13.97
1133,167903,399,-14148,2018-04-16,4200,10,2,3181654,7,1.8514285714285716,12.96
1140,168816,399,-14148,2018-04-17,4200,10,2,3181654,11,1.752727272727273,19.28
1153,170537,399,-14148,2018-04-18,4200,10,2,3181654,8,1.7875,14.3
1162,172236,399,-14148,2018-04-19,4200,10,2,3181654,10,1.73,17.3
1164,172700,399,-14148,2018-04-20,4200,10,2,3187838,12,1.7725,21.27
1172,174191,399,-14148,2018-04-21,4200,10,2,3187838,6,1.88,11.28
1180,175495,399,-14148,2018-04-22,4200,10,2,3187838,6,1.8816666666666666,11.29
1190,177176,399,-14148,2018-04-23,4200,10,2,3187838,8,1.825,14.6
1199,177504,399,-14148,2018-04-24,4200,10,2,3187838,8,1.66625,13.33
1208,179426,399,-14148,2018-04-25,4200,10,2,3187838,6,1.7183333333333335,10.31
1211,179821,399,-14148,2018-04-26,4200,10,2,3187838,8,1.82875,14.63
1218,181397,399,-14148,2018-04-27,4200,10,2,3187838,8,1.7475,13.98
1228,183176,399,-14148,2018-04-28,4200,10,2,3187838,6,1.7733333333333334,10.64
1235,184158,399,-14148,2018-04-29,4200,10,2,3187838,6,1.7716666666666667,10.63
1244,185632,399,-14148,2018-04-30,4200,10,2,3187838,5,1.794,8.97
1249,186815,399,-14148,2018-05-01,4200,10,2,3187838,12,1.8808333333333334,22.57
1256,187259,399,-14148,2018-05-02,4200,10,2,3187838,10,1.763,17.63
1265,188734,399,-14148,2018-05-03,4200,10,2,3187838,5,1.9899999999999998,9.95
1274,190682,399,-14148,2018-05-04,4200,10,2,3187838,9,1.8455555555555554,16.61
1282,191895,399,-14148,2018-05-05,4200,10,2,3187838,12,1.7733333333333334,21.28
1290,193031,399,-14148,2018-05-06,4200,10,2,3187838,5,1.6640000000000001,8.32
1299,194702,399,-14148,2018-05-07,4200,10,2,3187838,7,1.8042857142857145,12.63
1303,195470,399,-14148,2018-05-08,4200,10,2,3187838,6,1.8816666666666666,11.29
1310,196341,399,-14148,2018-05-09,4200,10,2,3187838,5,1.9899999999999998,9.95
1320,197961,399,-14148,2018-05-10,4200,10,2,3187838,4,1.99,7.96
1324,198642,399,-14148,2018-05-11,4200,10,2,3187838,8,1.99,15.92
1336,200927,399,-14148,2018-05-12,4200,10,2,3187838,11,1.99,21.89
1340,201698,399,-14148,2018-05-13,4200,10,2,3187838,4,1.99,7.96
1344,202275,399,-14148,2018-05-14,4200,10,2,3187838,7,1.99,13.93
1357,204095,399,-14148,2018-05-15,4200,10,2,3187838,2,1.99,3.98
1361,204661,399,-14148,2018-05-16,4200,10,2,3187838,2,1.99,3.98
1368,205868,399,-14148,2018-05-17,4200,10,2,3187838,6,1.99,11.94
1380,207778,399,-14148,2018-05-18,4200,10,2,3187838,5,1.9899999999999998,9.95
1384,208281,399,-14148,2018-05-19,4200,10,2,3187838,5,1.9899999999999998,9.95
1394,210569,399,-14148,2018-05-20,4200,10,2,3187838,3,1.99,5.97
1397,210710,399,-14148,2018-05-21,4200,10,2,3187838,2,1.99,3.98
1406,212241,399,-14148,2018-05-22,4200,10,2,3187838,3,1.99,5.97
1414,213513,399,-14148,2018-05-23,4200,10,2,3187838,5,1.9899999999999998,9.95
1423,214642,399,-14148,2018-05-24,4200,10,2,3187838,1,1.99,1.99
1432,216540,399,-14148,2018-05-25,4200,10,2,3187838,12,1.99,23.88
1436,217269,399,-14148,2018-05-26,4200,10,2,3187838,2,1.99,3.98
1446,218790,399,-14148,2018-05-27,4200,10,2,3187838,4,1.99,7.96
1457,220280,399,-14148,2018-05-28,4200,10,2,3187838,3,1.99,5.97
1465,221551,399,-14148,2018-05-29,4200,10,2,3187838,3,1.99,5.97
1473,222627,399,-14148,2018-05-30,4200,10,2,3187838,7,1.99,13.93
1481,224079,399,-14148,2018-05-31,4200,10,2,3187838,4,1.99,7.96
1486,225124,399,-14148,2018-06-01,4200,10,2,3187838,5,1.9899999999999998,9.95
1494,226648,399,-14148,2018-06-02,4200,10,2,3187838,14,1.99,27.86
1500,227625,399,-14148,2018-06-03,4200,10,2,3187838,7,1.99,13.93
1504,228100,399,-14148,2018-06-04,4200,10,2,3187838,4,1.99,7.96
