Data/snickers_df.csv
,index,site_id,item_id,date,sq_footage,mpds,locale,periodic_gbv,quantity_sold,price,sales
1516,230122,399,-14148,2018-06-05,4200,10,2,3187838,2,1.99,3.98
1521,230955,399,-14148,2018-06-06,4200,10,2,3187838,3,1.99,5.97
1526,231403,399,-14148,2018-06-07,4200,10,2,3187838,4,1.99,7.96
1533,232553,399,-14148,2018-06-08,4200,10,2,3187838,3,1.99,5.97
1543,234290,399,-14148,2018-06-09,4200,10,2,3187838,2,1.99,3.98
1550,235748,399,-14148,2018-06-10,4200,10,2,3187838,6,1.99,11.94
1556,236201,399,-14148,2018-06-11,4200,10,2,3187838,1,1.99,1.99
1562,237631,399,-14148,2018-06-12,4200,10,2,3187838,2,1.99,3.98
1569,238939,399,-14148,2018-06-13,4200,10,2,3187838,2,1.99,3.98
1581,240711,399,-14148,2018-06-14,4200,10,2,3187838,6,1.99,11.94
1589,242057,399,-14148,2018-06-15,4200,10,2,3187838,4,1.99,7.96
1592,242351,399,-14148,2018-06-16,4200,10,2,3187838,5,1.9899999999999998,9.95
1600,243822,399,-14148,2018-06-17,4200,10,2,3187838,2,1.99,3.98
1607,244673,399,-14148,2018-06-18,4200,10,2,3187838,4,1.99,7.96
1612,245928,399,-14148,2018-06-19,4200,10,2,3187838,2,1.99,3.98
1621,247369,399,-14148,2018-06-20,4200,10,2,3187838,7,1.8871428571428572,13.21
1630,248384,399,-14148,2018-06-21,4200,10,2,3187838,13,1.8423076923076922,23.95
1641,250138,399,-14148,2018-06-22,4200,10,2,3187838,5,1.8940000000000001,9.47
1645,251175,399,-14148,2018-06-23,4200,10,2,3187838,10,1.8940000000000001,18.94
1652,252467,399,-14148,2018-06-24,4200,10,2,3187838,9,1.8299999999999998,16.47
1663,253854,399,-14148,2018-06-25,4200,10,2,3187838,9,1.8033333333333335,16.23
1667,254288,399,-14148,2018-06-26,4200,10,2,3187838,4,1.87,7.48
1679,256084,399,-14148,2018-06-27,4200,10,2,3187838,13,1.8976923076923078,24.67
1683,256570,399,-14148,2018-06-28,4200,10,2,3187838,6,1.79,10.74
1694,258514,399,-14148,2018-06-29,4200,10,2,3187838,14,1.8357142857142856,25.7
1702,259936,399,-14148,2018-06-30,4200,10,2,3187838,12,1.8099999999999998,21.72
1709,261025,399,-14148,2018-07-01,4200,10,2,3187838,9,1.9100000000000001,17.19
1715,261967,399,-14148,2018-07-02,4200,10,2,3187838,8,1.78,14.24
1720,262852,399,-14148,2018-07-03,4200,10,2,3187838,6,1.99,11.94
1729,264315,399,-14148,2018-07-04,4200,10,2,3187838,12,1.87,22.44
1735,264920,399,-14148,2018-07-05,4200,10,2,3187838,3,1.83,5.49
1744,266453,399,-14148,2018-07-06,4200,10,2,3187838,6,1.95,11.7
1752,267637,399,-14148,2018-07-07,4200,10,2,3187838,10,1.8940000000000001,18.94
1760,269175,399,-14148,2018-07-08,4200,10,2,3187838,9,1.9100000000000001,17.19
1768,270018,399,-14148,2018-07-09,4200,10,2,3187838,9,1.8566666666666667,16.71
1777,271382,399,-14148,2018-07-10,4200,10,2,3187838,3,1.99,5.97
1784,272119,399,-14148,2018-07-11,4200,10,2,3187838,7,1.852857142857143,12.97
1789,273220,399,-14148,2018-07-12,4200,10,2,3187838,6,1.87,11.22
1799,274689,399,-14148,2018-07-13,4200,10,2,3188001,10,1.8699999999999999,18.7
1811,276709,399,-14148,2018-07-14,4200,10,2,3188001,6,1.79,10.74
1814,277082,399,-14148,2018-07-15,4200,10,2,3188001,4,1.75,7.0
1822,278117,399,-14148,2018-07-16,4200,10,2,3188001,3,1.9100000000000001,5.73
1831,279679,399,-14148,2018-07-17,4200,10,2,3188001,8,1.9,15.2
1836,280483,399,-14148,2018-07-18,4200,10,2,3188001,7,1.8185714285714287,12.73
1842,281600,399,-14148,2018-07-19,4200,10,2,3188001,9,1.8833333333333333,16.95
1849,282943,399,-14148,2018-07-20,4200,10,2,3188001,13,1.860769230769231,24.19
1860,284423,399,-14148,2018-07-21,4200,10,2,3188001,12,1.83,21.96
1871,286046,399,-14148,2018-07-22,4200,10,2,3188001,8,1.84,14.72
1876,286706,399,-14148,2018-07-23,4200,10,2,3188001,6,1.87,11.22
1884,288030,399,-14148,2018-07-24,4200,10,2,3188001,10,1.8940000000000001,18.94
1894,289074,399,-14148,2018-07-25,4200,10,2,3188001,10,1.8219999999999998,18.22
1900,290082,399,-14148,2018-07-26,4200,10,2,3188001,10,1.798,17.98
1906,291200,399,-14148,2018-07-27,4200,10,2,3188001,8,1.9,15.2
1911,291978,399,-14148,2018-07-28,4200,10,2,3188001,12,1.89,22.68
1921,293554,399,-14148,2018-07-29,4200,10,2,3188001,3,1.9100000000000001,5.73
1926,294259,399,-14148,2018-07-30,4200,10,2,3188001,8,1.9,15.2
1935,295346,399,-14148,2018-07-31,4200,10,2,3188001,6,1.83,10.98
1943,296827,399,-14148,2018-08-01,4200,10,2,3188001,20,1.2435,24.87
1954,298178,399,-14148,2018-08-02,4200,10,2,3188001,12,1.3275,15.93
1963,299565,399,-14148,2018-08-03,4200,10,2,3188001,20,1.044,20.88
1971,300627,399,-14148,2018-08-04,4200,10,2,3188001,11,0.9945454545454545,10.94
1976,301423,399,-14148,2018-08-05,4200,10,2,3188001,13,1.0715384615384616,13.93
1986,302536,399,-14148,2018-08-06,4200,10,2,3188001,11,1.2781818181818183,14.06
1991,303726,399,-14148,2018-08-07,4200,10,2,3188001,10,1.294,12.94
2005,305662,399,-14148,2018-08-08,4200,10,2,3188001,24,1.15625,27.75
2013,306682,399,-14148,2018-08-09,4200,10,2,3188001,22,1.3177272727272726,28.99
2016,307396,399,-14148,2018-08-10,4200,10,2,3188001,17,1.427058823529412,24.26
2025,309027,399,-14148,2018-08-11,4200,10,2,3188001,14,1.2442857142857144,17.42
2033,309951,399,-14148,2018-08-12,4200,10,2,3188001,19,1.1068421052631578,21.03
2038,310808,399,-14148,2018-08-13,4200,10,2,3188001,16,1.22875,19.66
2050,312379,399,-14148,2018-08-14,4200,10,2,3188001,13,1.320769230769231,17.17
2055,313628,399,-14148,2018-08-15,4200,10,2,3188001,26,1.320769230769231,34.34
2064,314740,399,-14148,2018-08-16,4200,10,2,3188001,31,1.2041935483870967,37.33
2076,316087,399,-14148,2018-08-17,4200,10,2,3188001,29,1.24,35.96
2085,318115,399,-14148,2018-08-18,4200,10,2,3188001,16,1.12,17.92
2094,319275,399,-14148,2018-08-19,4200,10,2,3188001,7,1.1199999999999999,7.84
2106,320818,399,-14148,2018-08-20,4200,10,2,3188001,21,1.2442857142857142,26.13
2111,321844,399,-14148,2018-08-21,4200,10,2,3188001,18,1.2166666666666666,21.9
2122,322951,399,-14148,2018-08-22,4200,10,2,3188001,18,1.1683333333333334,21.03
2132,324427,399,-14148,2018-08-23,4200,10,2,3188001,10,1.1199999999999999,11.2
2141,326093,399,-14148,2018-08-24,4200,10,2,3188001,10,1.207,12.07
2144,326400,399,-14148,2018-08-25,4200,10,2,3188001,20,1.1635,23.27
2155,328197,399,-14148,2018-08-26,4200,10,2,3188001,18,1.1683333333333334,21.03
2162,329472,399,-14148,2018-08-27,4200,10,2,3188001,19,1.211578947368421,23.02
2170,330540,399,-14148,2018-08-28,4200,10,2,3188001,19,1.3489473684210527,25.63
2185,332399,399,-14148,2018-08-29,4200,10,2,3188001,20,1.3375,26.75
2192,333462,399,-14148,2018-08-30,4200,10,2,3188001,15,1.294,19.41
2202,335258,399,-14148,2018-08-31,4200,10,2,3188001,8,1.3375,10.7
2211,336351,399,-14148,2018-09-01,4200,10,2,3188001,25,1.2592,31.48
2220,337790,399,-14148,2018-09-02,4200,10,2,3188001,10,1.1199999999999999,11.2
2232,339289,399,-14148,2018-09-03,4200,10,2,3188001,8,1.12,8.96
2239,340332,399,-14148,2018-09-04,4200,10,2,3188001,14,1.1199999999999999,15.68
2250,341912,399,-14148,2018-09-05,4200,10,2,3188001,19,1.211578947368421,23.02
2251,342098,399,-14148,2018-09-06,4200,10,2,3188001,18,1.2166666666666666,21.9
2264,343765,399,-14148,2018-09-07,4200,10,2,3194634,11,1.3572727272727272,14.93
2271,345268,399,-14148,2018-09-08,4200,10,2,3194634,14,1.1821428571428572,16.55
2286,347200,399,-14148,2018-09-09,4200,10,2,3194634,16,1.3375,21.4
2290,347622,399,-14148,2018-09-10,4200,10,2,3194634,15,1.1780000000000002,17.67
2301,349165,399,-14148,2018-09-11,4200,10,2,3194634,12,1.265,15.18
2311,350828,399,-14148,2018-09-12,4200,10,2,3194634,3,1.9100000000000001,5.73
2318,351531,399,-14148,2018-09-13,4200,10,2,3194634,12,1.79,21.48
2325,353036,399,-14148,2018-09-14,4200,10,2,3194634,8,1.84,14.72
2330,354066,399,-14148,2018-09-15,4200,10,2,3194634,2,1.87,3.74
2345,356221,399,-14148,2018-09-16,4200,10,2,3194634,3,1.83,5.49
2355,357521,399,-14148,2018-09-17,4200,10,2,3194634,8,1.87,14.96
2362,358688,399,-14148,2018-09-18,4200,10,2,3194634,7,1.9214285714285713,13.45
2367,359678,399,-14148,2018-09-19,4200,10,2,3194634,5,1.75,8.75
2381,361055,399,-14148,2018-09-20,4200,10,2,3194634,5,1.9420000000000002,9.71
2384,361764,399,-14148,2018-09-21,4200,10,2,3194634,8,1.87,14.96
2396,363703,399,-14148,2018-09-22,4200,10,2,3194634,5,1.9420000000000002,9.71
2409,366017,399,-14148,2018-09-23,4200,10,2,3194634,2,1.87,3.74
2419,367087,399,-14148,2018-09-24,4200,10,2,3194634,4,1.93,7.72
2422,367854,399,-14148,2018-09-25,4200,10,2,3194634,8,1.81,14.48
2432,369158,399,-14148,2018-09-26,4200,10,2,3194634,7,1.8871428571428572,13.21
2438,370095,399,-14148,2018-09-27,4200,10,2,3194634,10,1.846,18.46
2448,371554,399,-14148,2018-09-28,4200,10,2,3194634,11,1.8372727272727274,20.21
2461,374049,399,-14148,2018-09-29,4200,10,2,3194634,6,1.87,11.22
2469,374904,399,-14148,2018-09-30,4200,10,2,3194634,11,1.7718181818181817,19.49
2474,376198,399,-14148,2018-10-01,4200,10,2,3194634,7,1.9214285714285713,13.45
2481,376834,399,-14148,2018-10-02,4200,10,2,3194634,9,1.8033333333333335,16.23
2493,378599,399,-14148,2018-10-03,4200,10,2,3194634,9,1.7766666666666666,15.99
2500,379627,399,-14148,2018-10-04,4200,10,2,3194634,6,1.83,10.98
2516,382026,399,-14148,2018-10-05,4200,10,2,3194634,5,1.8940000000000001,9.47
2524,383070,399,-14148,2018-10-06,4200,10,2,3194634,10,1.8699999999999999,18.7
2531,384492,399,-14148,2018-10-07,4200,10,2,3194634,4,1.87,7.48
2538,385310,399,-14148,2018-10-08,4200,10,2,3194634,11,1.880909090909091,20.69
2546,386134,399,-14148,2018-10-09,4200,10,2,3194634,7,1.8871428571428572,13.21
2561,388315,399,-14148,2018-10-10,4200,10,2,3194634,5,1.846,9.23
2568,389217,399,-14148,2018-10-11,4200,10,2,3194634,5,1.846,9.23
2579,390864,399,-14148,2018-10-12,4200,10,2,3194634,8,1.87,14.96
2586,392191,399,-14148,2018-10-13,4200,10,2,3194634,12,1.89,22.68
2595,393611,399,-14148,2018-10-14,4200,10,2,3194634,9,1.8033333333333335,16.23
2601,394590,399,-14148,2018-10-15,4200,10,2,3194634,5,1.798,8.99
2608,395501,399,-14148,2018-10-16,4200,10,2,3194634,13,1.823846153846154,23.71
2616,396399,399,-14148,2018-10-17,4200,10,2,3194634,16,1.78,28.48
2631,398743,399,-14148,2018-10-18,4200,10,2,3194634,8,1.81,14.48
2638,399853,399,-14148,2018-10-19,4200,10,2,3194634,2,1.99,3.98
2647,401506,399,-14148,2018-10-20,4200,10,2,3194634,8,1.87,14.96
2650,402204,399,-14148,2018-10-21,4200,10,2,3194634,8,1.78,14.24
2663,404302,399,-14148,2018-10-22,4200,10,2,3194634,5,1.8940000000000001,9.47
2668,404883,399,-14148,2018-10-23,4200,10,2,3194634,4,1.87,7.48
2676,405986,399,-14148,2018-10-24,4200,10,2,3194634,4,1.99,7.96
2684,407253,399,-14148,2018-10-25,4200,10,2,3194634,3,1.6566666666666665,4.97
2698,409604,399,-14148,2018-10-27,4200,10,2,3194634,4,1.99,7.96
2712,412007,399,-14148,2018-10-28,4200,10,2,3194634,1,1.99,1.99
2715,412471,399,-14148,2018-10-29,4200,10,2,3194634,5,1.7899999999999998,8.95
2728,414165,399,-14148,2018-10-30,4200,10,2,3194634,4,1.99,7.96
2733,415088,399,-14148,2018-10-31,4200,10,2,3194634,4,1.99,7.96
2737,415475,399,-14148,2018-11-01,4200,10,2,3194634,3,1.99,5.97
2747,416809,399,-14148,2018-11-02,4200,10,2,3194634,5,1.9899999999999998,9.95
2765,419493,399,-14148,2018-11-04,4200,10,2,3194634,2,1.99,3.98
2773,420564,399,-14148,2018-11-05,4200,10,2,3194634,5,1.9899999999999998,9.95
2774,420688,399,-14148,2018-11-06,4200,10,2,3194634,2,1.99,3.98
2782,421730,399,-14148,2018-11-07,4200,10,2,3194634,8,1.865,14.92
2796,423792,399,-14148,2018-11-08,4200,10,2,3194634,3,1.6566666666666665,4.97
2802,425107,399,-14148,2018-11-09,4200,10,2,3194634,2,1.99,3.98
2807,425346,399,-14148,2018-11-10,4200,10,2,3194634,2,1.99,3.98
2816,427114,399,-14148,2018-11-11,4200,10,2,3194634,1,1.99,1.99
2827,428630,399,-14148,2018-11-12,4200,10,2,3194634,4,1.99,7.96
2833,429944,399,-14148,2018-11-13,4200,10,2,3194634,1,1.99,1.99
2842,431334,399,-14148,2018-11-15,4200,10,2,3194634,5,1.9899999999999998,9.95
2852,432839,399,-14148,2018-11-16,4200,10,2,3194634,6,1.99,11.94
2859,434296,399,-14148,2018-11-17,4200,10,2,3194634,3,1.99,5.97
2867,435453,399,-14148,2018-11-18,4200,10,2,3194634,4,1.99,7.96
2871,436088,399,-14148,2018-11-19,4200,10,2,3194634,3,1.99,5.97
2885,438382,399,-14148,2018-11-20,4200,10,2,3194634,6,1.99,11.94
2890,439571,399,-14148,2018-11-21,4200,10,2,3194634,2,1.99,3.98
2903,441579,399,-14148,2018-11-23,4200,10,2,3194634,3,1.99,5.97
2909,442544,399,-14148,2018-11-24,4200,10,2,3194634,5,1.9899999999999998,9.95
2917,443994,399,-14148,2018-11-25,4200,10,2,3194634,2,1.99,3.98
2928,445333,399,-14148,2018-11-26,4200,10,2,3194634,3,1.99,5.97
2937,446380,399,-14148,2018-11-27,4200,10,2,3194634,2,1.99,3.98
2954,448842,399,-14148,2018-11-29,4200,10,2,3194634,2,1.99,3.98
2964,450800,399,-14148,2018-11-30,4200,10,2,3194573,4,1.99,7.96
2971,451575,399,-14148,2018-12-01,4200,10,2,3194573,5,1.9899999999999998,9.95
2975,452329,399,-14148,2018-12-02,4200,10,2,3194573,1,1.99,1.99
2986,453717,399,-14148,2018-12-03,4200,10,2,3194573,2,1.99,3.98
2998,455203,399,-14148,2018-12-04,4200,10,2,3194573,5,1.9899999999999998,9.95
2999,455510,399,-14148,2018-12-05,4200,10,2,3194573,2,1.87,3.74
3011,456885,399,-14148,2018-12-06,4200,10,2,3194573,4,1.87,7.48
3019,458793,399,-14148,2018-12-07,4200,10,2,3194573,8,1.87,14.96
3032,460297,399,-14148,2018-12-08,4200,10,2,3194573,6,1.87,11.22
3036,460701,399,-14148,2018-12-09,4200,10,2,3194573,2,1.99,3.98
3048,462421,399,-14148,2018-12-10,4200,10,2,3194573,6,1.6233333333333333,9.74
3056,463555,399,-14148,2018-12-11,4200,10,2,3194573,3,1.9100000000000001,5.73
3059,463772,399,-14148,2018-12-12,4200,10,2,3194573,1,1.99,1.99
3069,465313,399,-14148,2018-12-13,4200,10,2,3194573,2,1.75,3.5
3081,467043,399,-14148,2018-12-14,4200,10,2,3194573,7,1.852857142857143,12.97
3083,467311,399,-14148,2018-12-15,4200,10,2,3194573,5,1.75,8.75
3093,469051,399,-14148,2018-12-16,4200,10,2,3194573,3,1.9100000000000001,5.73
3108,470551,399,-14148,2018-12-17,4200,10,2,3194573,11,1.8154545454545454,19.97
3113,471553,399,-14148,2018-12-18,4200,10,2,3194573,7,1.852857142857143,12.97
3123,472710,399,-14148,2018-12-19,4200,10,2,3194573,8,1.87,14.96
3127,473465,399,-14148,2018-12-20,4200,10,2,3194573,6,1.87,11.22
3134,474363,399,-14148,2018-12-21,4200,10,2,3194573,7,1.852857142857143,12.97
3145,476009,399,-14148,2018-12-22,4200,10,2,3194573,8,1.87,14.96
3152,476988,399,-14148,2018-12-23,4200,10,2,3194573,9,1.8033333333333335,16.23
3163,478033,399,-14148,2018-12-24,4200,10,2,3194573,7,1.8185714285714287,12.73
3173,479771,399,-14148,2018-12-25,4200,10,2,3194573,6,1.83,10.98
3181,480664,399,-14148,2018-12-26,4200,10,2,3194573,5,1.9899999999999998,9.95
3188,481717,399,-14148,2018-12-27,4200,10,2,3194573,2,1.99,3.98
3194,482025,399,-14148,2018-12-28,4200,10,2,3194573,10,1.846,18.46
3207,483249,399,-14148,2018-12-29,4200,10,2,3194573,7,1.7842857142857143,12.49
3216,484856,399,-14148,2018-12-30,4200,10,2,3194573,9,1.8566666666666667,16.71
3224,485710,399,-14148,2018-12-31,4200,10,2,3194573,4,1.87,7.48
3230,486788,399,-14148,2019-01-01,4200,10,2,3194573,2,1.49,2.98
3236,487603,399,-14148,2019-01-02,4200,10,2,3194573,1,1.99,1.99
3243,488605,399,-14148,2019-01-03,4200,10,2,3194573,1,1.75,1.75
3255,490196,399,-14148,2019-01-04,4200,10,2,3194634,5,1.846,9.23
3262,490844,399,-14148,2019-01-05,4200,10,2,3194634,7,1.8185714285714287,12.73
3273,492534,399,-14148,2019-01-06,4200,10,2,3194634,4,1.87,7.48
3279,493336,399,-14148,2019-01-07,4200,10,2,3194634,1,1.99,1.99
3290,494506,399,-14148,2019-01-08,4200,10,2,3194634,2,1.99,3.98
3295,495126,399,-14148,2019-01-09,4200,10,2,3194634,2,1.87,3.74
3306,496821,399,-14148,2019-01-10,4200,10,2,3194634,4,1.87,7.48
3309,497287,399,-14148,2019-01-11,4200,10,2,3194634,6,1.87,11.22
3324,499426,399,-14148,2019-01-12,4200,10,2,3194634,5,1.8940000000000001,9.47
3327,499970,399,-14148,2019-01-13,4200,10,2,3194634,3,1.9100000000000001,5.73
3342,501705,399,-14148,2019-01-14,4200,10,2,3194634,2,1.99,3.98
3347,502737,399,-14148,2019-01-15,4200,10,2,3194634,11,1.7936363636363637,19.73
3352,503553,399,-14148,2019-01-16,4200,10,2,3194634,1,1.75,1.75
3363,505254,399,-14148,2019-01-17,4200,10,2,3194634,7,1.75,12.25
3374,506911,399,-14148,2019-01-18,4200,10,2,3194634,6,1.87,11.22
3381,508250,399,-14148,2019-01-19,4200,10,2,3194634,5,1.8940000000000001,9.47
3391,509651,399,-14148,2019-01-20,4200,10,2,3194634,7,1.8185714285714287,12.73
3401,510920,399,-14148,2019-01-21,4200,10,2,3194634,6,1.79,10.74
3406,511708,399,-14148,2019-01-22,4200,10,2,3194634,6,1.79,10.74
3416,512755,399,-14148,2019-01-23,4200,10,2,3194634,9,1.8566666666666667,16.71
3426,513914,399,-14148,2019-01-24,4200,10,2,3194634,1,1.99,1.99
3432,515708,399,-14148,2019-01-25,4200,10,2,3194634,9,1.8033333333333335,16.23
3438,516521,399,-14148,2019-01-26,4200,10,2,3194634,7,1.8871428571428572,13.21
3449,517948,399,-14148,2019-01-27,4200,10,2,3194634,3,1.83,5.49
3460,519665,399,-14148,2019-01-28,4200,10,2,3194634,8,1.87,14.96
3462,520046,399,-14148,2019-01-29,4200,10,2,3194634,3,1.9100000000000001,5.73
3473,521445,399,-14148,2019-01-30,4200,10,2,3194634,7,1.8185714285714287,12.73
3488,523413,399,-14148,2019-01-31,4200,10,2,3194634,12,1.89,22.68
3494,524579,399,-14148,2019-02-01,4200,10,2,3194634,3,1.99,5.97
3505,526354,399,-14148,2019-02-02,4200,10,2,3194634,5,1.8940000000000001,9.47
3506,526473,399,-14148,2019-02-03,4200,10,2,3194634,4,1.93,7.72
3515,527618,399,-14148,2019-02-04,4200,10,2,3194634,8,1.87,14.96
3529,529486,399,-14148,2019-02-05,4200,10,2,3194634,8,1.81,14.48
3537,530355,399,-14148,2019-02-06,4200,10,2,3194634,7,1.852857142857143,12.97
3547,531715,399,-14148,2019-02-07,4200,10,2,3194634,4,1.87,7.48
3556,533428,399,-14148,2019-02-08,4200,10,2,3194634,14,1.852857142857143,25.94
3566,535011,399,-14148,2019-02-09,4200,10,2,3194634,13,1.8053846153846154,23.47
3569,535565,399,-14148,2019-02-10,4200,10,2,3194634,7,1.852857142857143,12.97
3580,536927,399,-14148,2019-02-11,4200,10,2,3194634,5,1.9420000000000002,9.71
3585,537782,399,-14148,2019-02-12,4200,10,2,3194634,12,1.83,21.96
3590,538778,399,-14148,2019-02-13,4200,10,2,3194634,4,1.99,7.96
3598,540013,399,-14148,2019-02-14,4200,10,2,3194634,2,1.99,3.98
3608,541531,399,-14148,2019-02-15,4200,10,2,3194634,3,1.99,5.97
3616,543467,399,-14148,2019-02-16,4200,10,2,3194634,3,1.99,5.97
3618,543714,399,-14148,2019-02-17,4200,10,2,3194634,1,1.99,1.99
