Data/snickers_df.csv
,index,site_id,item_id,date,sq_footage,mpds,locale,periodic_gbv,quantity_sold,price,sales
3629,545793,399,-14148,2019-02-18,4200,10,2,3194634,2,1.99,3.98
3653,550567,399,-14148,2019-02-22,4200,10,2,3194634,1,1.99,1.99
3657,551117,399,-14148,2019-02-23,4200,10,2,3194634,4,1.99,7.96
3667,552597,399,-14148,2019-02-24,4200,10,2,3194634,2,1.99,3.98
3674,553845,399,-14148,2019-02-25,4200,10,2,3194634,1,1.99,1.99
3683,555212,399,-14148,2019-02-26,4200,10,2,3194634,1,1.99,1.99
3691,556272,399,-14148,2019-02-27,4200,10,2,3194634,4,1.99,7.96
3706,558039,399,-14148,2019-02-28,4200,10,2,3194634,4,1.99,7.96
3708,559421,399,-14148,2019-03-01,4200,10,2,3194634,10,1.9899999999999998,19.9
3721,561327,399,-14148,2019-03-02,4200,10,2,3194634,3,1.99,5.97
3727,562246,399,-14148,2019-03-03,4200,10,2,3194634,1,1.99,1.99
3736,563360,399,-14148,2019-03-04,4200,10,2,3194634,5,1.9899999999999998,9.95
3745,565005,399,-14148,2019-03-05,4200,10,2,3194634,5,1.9899999999999998,9.95
3749,565631,399,-14148,2019-03-06,4200,10,2,3194634,3,1.99,5.97
3756,566720,399,-14148,2019-03-07,4200,10,2,3194634,2,1.99,3.98
3764,568612,399,-14148,2019-03-08,4200,10,2,3194634,7,1.99,13.93
3773,569887,399,-14148,2019-03-09,4200,10,2,3194634,7,1.99,13.93
3777,570981,399,-14148,2019-03-10,4200,10,2,3194634,1,1.99,1.99
3783,572187,399,-14148,2019-03-11,4200,10,2,3194634,7,1.99,13.93
3789,574043,399,-14148,2019-03-12,4200,10,2,3194634,3,1.99,5.97
3796,575197,399,-14148,2019-03-13,4200,10,2,3194634,6,1.99,11.94
3805,576881,399,-14148,2019-03-14,4200,10,2,3194634,2,1.99,3.98
3812,577864,399,-14148,2019-03-15,4200,10,2,3194634,2,1.99,3.98
3818,579465,399,-14148,2019-03-16,4200,10,2,3194634,8,1.99,15.92
3823,580283,399,-14148,2019-03-17,4200,10,2,3194634,3,1.99,5.97
3836,582021,399,-14148,2019-03-18,4200,10,2,3194634,2,1.99,3.98
3839,582766,399,-14148,2019-03-19,4200,10,2,3194634,4,1.99,7.96
3848,584175,399,-14148,2019-03-20,4200,10,2,3194634,3,1.99,5.97
3857,585752,399,-14148,2019-03-21,4200,10,2,3194634,2,1.99,3.98
3872,588475,399,-14148,2019-03-23,4200,10,2,3194634,4,1.99,7.96
3884,590862,399,-14148,2019-03-24,4200,10,2,3194634,2,1.99,3.98
3890,591773,399,-14148,2019-03-25,4200,10,2,3194634,3,1.99,5.97
3895,593289,399,-14148,2019-03-26,4200,10,2,3194634,2,1.99,3.98
3908,594929,399,-14148,2019-03-28,4200,10,2,3194634,10,1.9899999999999998,19.9
3917,597129,399,-14148,2019-03-29,4200,10,2,3194634,4,1.99,7.96
3923,598029,399,-14148,2019-03-30,4200,10,2,3194634,3,1.99,5.97
3931,599536,399,-14148,2019-03-31,4200,10,2,3194634,5,1.9899999999999998,9.95
3953,603337,399,-14148,2019-04-02,4200,10,2,3194634,5,1.9899999999999998,9.95
3959,604180,399,-14148,2019-04-03,4200,10,2,3194634,2,1.99,3.98
3964,604797,399,-14148,2019-04-04,4200,10,2,3194634,3,1.99,5.97
3978,606741,399,-14148,2019-04-05,4200,10,2,3194634,9,1.99,17.91
3987,608468,399,-14148,2019-04-06,4200,10,2,3194634,4,1.99,7.96
3990,609012,399,-14148,2019-04-07,4200,10,2,3194634,3,1.99,5.97
4002,611159,399,-14148,2019-04-08,4200,10,2,3194634,3,1.99,5.97
4009,612331,399,-14148,2019-04-09,4200,10,2,3194634,4,1.99,7.96
4016,613531,399,-14148,2019-04-10,4200,10,2,3194634,6,1.99,11.94
4020,613971,399,-14148,2019-04-11,4200,10,2,3194634,1,1.99,1.99
4030,615650,399,-14148,2019-04-12,4200,10,2,3194634,5,1.9899999999999998,9.95
4036,616833,399,-14148,2019-04-13,4200,10,2,3194634,7,1.99,13.93
4048,619061,399,-14148,2019-04-14,4200,10,2,3194634,6,1.99,11.94
4059,620163,399,-14148,2019-04-15,4200,10,2,3194634,5,1.9899999999999998,9.95
4066,621527,399,-14148,2019-04-16,4200,10,2,3194634,4,1.99,7.96
4070,621916,399,-14148,2019-04-17,4200,10,2,3194634,4,1.99,7.96
4085,624199,399,-14148,2019-04-18,4200,10,2,3194634,4,1.99,7.96
4091,625818,399,-14148,2019-04-19,4200,10,2,3194634,3,1.99,5.97
4102,627430,399,-14148,2019-04-20,4200,10,2,3194634,10,1.9899999999999998,19.9
4111,629042,399,-14148,2019-04-22,4200,10,2,3194634,8,1.99,15.92
4118,629884,399,-14148,2019-04-23,4200,10,2,3194634,2,1.99,3.98
4125,631254,399,-14148,2019-04-24,4200,10,2,3194634,3,1.99,5.97
4138,633225,399,-14148,2019-04-25,4200,10,2,3194634,4,1.99,7.96
4141,633746,399,-14148,2019-04-26,4200,10,2,3194634,3,1.99,5.97
4155,635597,399,-14148,2019-04-27,4200,10,2,3194634,7,1.99,13.93
4162,637439,399,-14148,2019-04-28,4200,10,2,3194634,3,1.99,5.97
4172,638928,399,-14148,2019-04-29,4200,10,2,3194634,3,1.99,5.97
4175,639406,399,-14148,2019-04-30,4200,10,2,3194634,3,1.99,5.97
4183,640420,399,-14148,2019-05-01,4200,10,2,3194634,6,1.99,11.94
4192,641545,399,-14148,2019-05-02,4200,10,2,3194634,4,1.99,7.96
4207,644138,399,-14148,2019-05-03,4200,10,2,3194634,1,1.99,1.99
4210,644484,399,-14148,2019-05-04,4200,10,2,3194634,4,1.99,7.96
4220,646620,399,-14148,2019-05-05,4200,10,2,3194634,4,1.99,7.96
4228,647710,399,-14148,2019-05-06,4200,10,2,3194634,1,1.99,1.99
4234,648453,399,-14148,2019-05-07,4200,10,2,3194634,2,1.99,3.98
4243,649708,399,-14148,2019-05-08,4200,10,2,3194634,2,1.99,3.98
4258,651884,399,-14148,2019-05-09,4200,10,2,3194634,4,1.99,7.96
4263,652667,399,-14148,2019-05-10,4200,10,2,3194634,4,1.99,7.96
4277,654937,399,-14148,2019-05-11,4200,10,2,3194634,5,1.9899999999999998,9.95
4290,657609,399,-14148,2019-05-13,4200,10,2,3194634,1,1.99,1.99
4299,658473,399,-14148,2019-05-14,4200,10,2,3194634,5,1.9899999999999998,9.95
4311,661357,399,-14148,2019-05-16,4200,10,2,3194634,8,1.99,15.92
4323,663087,399,-14148,2019-05-17,4200,10,2,3194634,2,1.99,3.98
4333,664798,399,-14148,2019-05-18,4200,10,2,3194634,3,1.99,5.97
4340,666122,399,-14148,2019-05-19,4200,10,2,3194634,2,1.99,3.98
4344,666646,399,-14148,2019-05-20,4200,10,2,3194634,5,1.9899999999999998,9.95
4356,668760,399,-14148,2019-05-21,4200,10,2,3194634,1,1.99,1.99
4361,669997,399,-14148,2019-05-22,4200,10,2,3194634,3,1.99,5.97
4367,670597,399,-14148,2019-05-23,4200,10,2,3194634,4,1.99,7.96
4374,672151,399,-14148,2019-05-24,4200,10,2,3194634,5,1.9899999999999998,9.95
4382,673858,399,-14148,2019-05-25,4200,10,2,3194634,2,1.99,3.98
4398,676346,399,-14148,2019-05-26,4200,10,2,3194634,1,1.99,1.99
4400,676799,399,-14148,2019-05-27,4200,10,2,3194634,2,1.99,3.98
4412,677975,399,-14148,2019-05-28,4200,10,2,3194634,5,1.9899999999999998,9.95
4421,679637,399,-14148,2019-05-29,4200,10,2,3194634,5,1.9899999999999998,9.95
4430,681084,399,-14148,2019-05-30,4200,10,2,3194634,4,1.99,7.96
4441,683379,399,-14148,2019-05-31,4200,10,2,3194634,3,1.99,5.97
4446,683922,399,-14148,2019-06-01,4200,10,2,3194634,3,1.99,5.97
4453,685515,399,-14148,2019-06-02,4200,10,2,3194634,4,1.99,7.96
4465,687350,399,-14148,2019-06-03,4200,10,2,3194634,4,1.99,7.96
4470,687923,399,-14148,2019-06-04,4200,10,2,3194634,7,1.99,13.93
4479,689442,399,-14148,2019-06-05,4200,10,2,3194634,5,1.9899999999999998,9.95
4493,691733,399,-14148,2019-06-06,4200,10,2,3194634,11,1.99,21.89
4497,692436,399,-14148,2019-06-07,4200,10,2,3194634,3,1.99,5.97
4511,694876,399,-14148,2019-06-08,4200,10,2,3194634,8,1.99,15.92
4513,695190,399,-14148,2019-06-09,4200,10,2,3194634,4,1.99,7.96
4521,696287,399,-14148,2019-06-10,4200,10,2,3194634,6,1.99,11.94
4529,697688,399,-14148,2019-06-11,4200,10,2,3194634,2,1.99,3.98
4540,699670,399,-14148,2019-06-12,4200,10,2,3194634,7,1.99,13.93
4548,701303,399,-14148,2019-06-13,4200,10,2,3194634,2,1.99,3.98
4558,703029,399,-14148,2019-06-14,4200,10,2,3194634,3,1.99,5.97
4561,703303,399,-14148,2019-06-15,4200,10,2,3194634,1,1.99,1.99
4583,707288,399,-14148,2019-06-17,4200,10,2,3194634,3,1.99,5.97
4590,708285,399,-14148,2019-06-18,4200,10,2,3194634,4,1.99,7.96
4599,709955,399,-14148,2019-06-19,4200,10,2,3194634,20,1.8940000000000001,37.88
4608,711203,399,-14148,2019-06-20,4200,10,2,3194634,6,1.95,11.7
4611,711805,399,-14148,2019-06-21,4200,10,2,3194634,15,1.846,27.69
4624,713829,399,-14148,2019-06-22,4200,10,2,3194634,3,1.83,5.49
4636,715651,399,-14148,2019-06-23,4200,10,2,3194634,4,1.81,7.24
4643,716952,399,-14148,2019-06-24,4200,10,2,3194634,7,1.9214285714285713,13.45
4650,717700,399,-14148,2019-06-25,4200,10,2,3194634,10,1.846,18.46
4658,719090,399,-14148,2019-06-26,4200,10,2,3194634,9,1.8299999999999998,16.47
4668,720711,399,-14148,2019-06-27,4200,10,2,3194634,6,1.95,11.7
4677,721777,399,-14148,2019-06-28,4200,10,2,3194634,7,1.9214285714285713,13.45
4688,723963,399,-14148,2019-06-29,4200,10,2,3194634,6,1.87,11.22
4691,724866,399,-14148,2019-06-30,4200,10,2,3194634,13,1.860769230769231,24.19
4699,725893,399,-14148,2019-07-01,4200,10,2,3194634,7,1.852857142857143,12.97
4713,727931,399,-14148,2019-07-02,4200,10,2,3194634,5,1.9420000000000002,9.71
4721,729147,399,-14148,2019-07-03,4200,10,2,3194634,5,1.9899999999999998,9.95
4726,730045,399,-14148,2019-07-04,4200,10,2,3194634,2,1.87,3.74
4735,731289,399,-14148,2019-07-05,4200,10,2,3194634,10,1.846,18.46
4748,733771,399,-14148,2019-07-06,4200,10,2,3194634,1,1.75,1.75
4755,734756,399,-14148,2019-07-07,4200,10,2,3194634,10,1.798,17.98
4761,735711,399,-14148,2019-07-08,4200,10,2,3194634,3,1.67,5.01
4766,736870,399,-14148,2019-07-09,4200,10,2,3194634,10,1.8699999999999999,18.7
4783,738863,399,-14148,2019-07-10,4200,10,2,3194634,10,1.9899999999999998,19.9
4789,739776,399,-14148,2019-07-11,4200,10,2,3194634,4,1.74,6.96
4800,741417,399,-14148,2019-07-12,4200,10,2,3194634,9,1.99,17.91
4805,742560,399,-14148,2019-07-13,4200,10,2,3194634,8,1.99,15.92
4819,744157,399,-14148,2019-07-14,4200,10,2,3194634,4,1.99,7.96
4822,745122,399,-14148,2019-07-15,4200,10,2,3194634,6,1.99,11.94
4830,746558,399,-14148,2019-07-16,4200,10,2,3194634,6,1.99,11.94
4841,747862,399,-14148,2019-07-17,4200,10,2,3194634,7,1.99,13.93
4849,749419,399,-14148,2019-07-18,4200,10,2,3194634,13,1.99,25.87
4859,751372,399,-14148,2019-07-19,4200,10,2,3194634,7,1.99,13.93
4863,752032,399,-14148,2019-07-20,4200,10,2,3194634,8,1.99,15.92
4869,753139,399,-14148,2019-07-21,4200,10,2,3194634,8,1.99,15.92
4876,754574,399,-14148,2019-07-22,4200,10,2,3194634,5,1.9899999999999998,9.95
4884,755721,399,-14148,2019-07-23,4200,10,2,3194634,2,1.99,3.98
4894,757194,399,-14148,2019-07-24,4200,10,2,3194634,11,1.99,21.89
4905,758911,399,-14148,2019-07-25,4200,10,2,3194634,9,1.99,17.91
4914,760271,399,-14148,2019-07-26,4200,10,2,3194634,10,1.9899999999999998,19.9
4927,762479,399,-14148,2019-07-27,4200,10,2,3194634,5,1.9899999999999998,9.95
4934,763273,399,-14148,2019-07-28,4200,10,2,3194634,6,1.99,11.94
4941,764091,399,-14148,2019-07-29,4200,10,2,3194634,5,1.9899999999999998,9.95
4952,766201,399,-14148,2019-07-30,4200,10,2,3194634,4,1.99,7.96
4963,767691,399,-14148,2019-07-31,4200,10,2,3194634,1,1.99,1.99
4966,768330,399,-14148,2019-08-01,4200,10,2,3194634,3,1.99,5.97
4982,770645,399,-14148,2019-08-02,4200,10,2,3194634,6,1.99,11.94
4988,772241,399,-14148,2019-08-03,4200,10,2,3194634,3,1.99,5.97
4996,773463,399,-14148,2019-08-04,4200,10,2,3194634,3,1.99,5.97
4998,773877,399,-14148,2019-08-05,4200,10,2,3194634,3,1.99,5.97
5011,776359,399,-14148,2019-08-06,4200,10,2,3194634,1,1.99,1.99
5014,776610,399,-14148,2019-08-07,4200,10,2,3194634,1,1.99,1.99
5022,778057,399,-14148,2019-08-08,4200,10,2,3194634,9,1.99,17.91
5035,780445,399,-14148,2019-08-09,4200,10,2,3194634,4,1.99,7.96
5041,781543,399,-14148,2019-08-10,4200,10,2,3194634,6,2.1233333333333335,12.74
5048,782668,399,-14148,2019-08-11,4200,10,2,3194634,2,2.19,4.38
5056,784488,399,-14148,2019-08-12,4200,10,2,3194634,4,2.19,8.76
5067,786031,399,-14148,2019-08-13,4200,10,2,3194634,2,2.19,4.38
5071,786840,399,-14148,2019-08-14,4200,10,2,3194634,2,2.19,4.38
5077,788236,399,-14148,2019-08-15,4200,10,2,3194634,2,2.19,4.38
5086,789614,399,-14148,2019-08-16,4200,10,2,3194634,3,2.19,6.57
5095,791262,399,-14148,2019-08-17,4200,10,2,3194634,2,2.19,4.38
5104,792996,399,-14148,2019-08-18,4200,10,2,3194634,1,2.19,2.19
5113,794098,399,-14148,2019-08-19,4200,10,2,3194634,4,2.19,8.76
5122,795650,399,-14148,2019-08-20,4200,10,2,3194634,2,2.19,4.38
5130,796909,399,-14148,2019-08-21,4200,10,2,3194634,3,2.19,6.57
5140,798562,399,-14148,2019-08-22,4200,10,2,3194634,2,2.19,4.38
5148,800193,399,-14148,2019-08-23,4200,10,2,3194634,10,2.19,21.9
5149,800523,399,-14148,2019-08-24,4200,10,2,3194634,6,2.19,13.14
5160,802153,399,-14148,2019-08-25,4200,10,2,3194634,1,2.19,2.19
5169,804157,399,-14148,2019-08-26,4200,10,2,3194634,2,2.19,4.38
5180,805399,399,-14148,2019-08-27,4200,10,2,3194634,1,2.19,2.19
5184,806327,399,-14148,2019-08-28,4200,10,2,3194634,3,2.19,6.57
5192,807755,399,-14148,2019-08-29,4200,10,2,3194634,2,2.19,4.38
5199,808797,399,-14148,2019-08-30,4200,10,2,3194634,1,2.19,2.19
5208,810630,399,-14148,2019-08-31,4200,10,2,3194634,4,2.19,8.76
5217,812465,399,-14148,2019-09-01,4200,10,2,3194634,1,2.19,2.19
5222,813100,399,-14148,2019-09-02,4200,10,2,3194634,2,2.19,4.38
5234,814629,399,-14148,2019-09-03,4200,10,2,3194634,3,2.19,6.57
5239,815760,399,-14148,2019-09-04,4200,10,2,3194634,2,2.19,4.38
5249,817999,399,-14148,2019-09-05,4200,10,2,3194634,3,2.19,6.57
5256,819158,399,-14148,2019-09-06,4200,10,2,3194634,2,2.19,4.38
5259,819795,399,-14148,2019-09-07,4200,10,2,3194634,4,2.19,8.76
5277,823708,399,-14148,2019-09-09,4200,10,2,3194634,6,2.19,13.14
5279,823998,399,-14148,2019-09-10,4200,10,2,3194634,4,2.19,8.76
5288,825264,399,-14148,2019-09-11,4200,10,2,3194634,5,2.19,10.95
5297,826662,399,-14148,2019-09-12,4200,10,2,3194634,3,2.19,6.57
5306,828209,399,-14148,2019-09-13,4200,10,2,3194634,9,2.19,19.71
5321,830928,399,-14148,2019-09-14,4200,10,2,3194634,10,2.19,21.9
5327,831707,399,-14148,2019-09-15,4200,10,2,3194634,4,2.19,8.76
5332,833009,399,-14148,2019-09-16,4200,10,2,3194634,3,2.19,6.57
5341,834146,399,-14148,2019-09-17,4200,10,2,3194634,4,2.19,8.76
5352,835661,399,-14148,2019-09-18,4200,10,2,3194634,3,1.8966666666666667,5.69
5355,836522,399,-14148,2019-09-19,4200,10,2,3194634,10,2.058,20.58
5372,839216,399,-14148,2019-09-20,4200,10,2,3194634,1,2.19,2.19
5381,840670,399,-14148,2019-09-21,4200,10,2,3194634,5,1.9260000000000002,9.63
5390,842284,399,-14148,2019-09-22,4200,10,2,3194634,1,2.19,2.19
5395,843210,399,-14148,2019-09-23,4200,10,2,3194634,5,2.19,10.95
5406,845020,399,-14148,2019-09-24,4200,10,2,3194634,7,1.875714285714286,13.13
5414,845732,399,-14148,2019-09-25,4200,10,2,3194634,6,1.97,11.82
5432,848630,399,-14148,2019-09-26,4200,10,2,3194634,6,1.8233333333333333,10.94
5435,849438,399,-14148,2019-09-27,4200,10,2,3194634,5,2.102,10.51
5447,851221,399,-14148,2019-09-28,4200,10,2,3194634,3,1.8966666666666667,5.69
5453,852429,399,-14148,2019-09-29,4200,10,2,3194634,9,1.7744444444444445,15.97
5468,854146,399,-14148,2019-09-30,4200,10,2,3194634,5,2.0140000000000002,10.07
5477,855870,399,-14148,2019-10-01,4200,10,2,3194634,6,1.8966666666666667,11.38
5485,857146,399,-14148,2019-10-02,4200,10,2,3194634,5,2.0140000000000002,10.07
5493,858715,399,-14148,2019-10-03,4200,10,2,3194634,10,1.9260000000000002,19.26
5508,860766,399,-14148,2019-10-04,4200,10,2,3194634,5,1.8379999999999999,9.19
5512,862013,399,-14148,2019-10-05,4200,10,2,3194634,5,1.9260000000000002,9.63
5526,864018,399,-14148,2019-10-06,4200,10,2,3194634,2,2.19,4.38
5532,864641,399,-14148,2019-10-07,4200,10,2,3194634,2,2.19,4.38
5542,865831,399,-14148,2019-10-08,4200,10,2,3194634,5,1.9260000000000002,9.63
5548,867278,399,-14148,2019-10-09,4200,10,2,3194634,4,2.08,8.32
5562,869286,399,-14148,2019-10-10,4200,10,2,3194634,6,1.8966666666666667,11.38
5573,871246,399,-14148,2019-10-11,4200,10,2,3194634,2,2.19,4.38
5581,872754,399,-14148,2019-10-12,4200,10,2,3194634,5,1.8379999999999999,9.19
5591,874453,399,-14148,2019-10-13,4200,10,2,3194634,6,2.0433333333333334,12.26
5597,875600,399,-14148,2019-10-14,4200,10,2,3194634,8,1.805,14.44
5605,876761,399,-14148,2019-10-15,4200,10,2,3194634,3,1.8966666666666667,5.69
5617,877842,399,-14148,2019-10-16,4200,10,2,3194634,5,1.9260000000000002,9.63
5631,880224,399,-14148,2019-10-17,4200,10,2,3194634,3,1.8966666666666667,5.69
5640,881850,399,-14148,2019-10-18,4200,10,2,3194634,7,1.875714285714286,13.13
5646,882932,399,-14148,2019-10-19,4200,10,2,3194634,13,1.9023076923076923,24.73
5652,883724,399,-14148,2019-10-20,4200,10,2,3194634,3,1.8966666666666667,5.69
5660,885090,399,-14148,2019-10-21,4200,10,2,3194634,2,1.42,2.84
5677,887050,399,-14148,2019-10-22,4200,10,2,3194634,3,1.8966666666666667,5.69
5683,888134,399,-14148,2019-10-23,4200,10,2,3194634,5,1.97,9.85
5698,890361,399,-14148,2019-10-24,4200,10,2,3194634,3,2.19,6.57
5705,891447,399,-14148,2019-10-25,4200,10,2,3194634,7,2.19,15.33
5711,892710,399,-14148,2019-10-26,4200,10,2,3194634,2,2.19,4.38
5723,894566,399,-14148,2019-10-27,4200,10,2,3194634,3,2.19,6.57
5731,895436,399,-14148,2019-10-28,4200,10,2,3194634,5,2.19,10.95
5738,896442,399,-14148,2019-10-29,4200,10,2,3194634,1,2.19,2.19
5749,897690,399,-14148,2019-10-30,4200,10,2,3194634,3,1.8233333333333333,5.47
5761,899402,399,-14148,2019-10-31,4200,10,2,3194634,4,1.915,7.66
5766,900352,399,-14148,2019-11-01,4200,10,2,3194634,4,2.19,8.76
5772,901112,399,-14148,2019-11-02,4200,10,2,3194634,4,2.19,8.76
5782,902762,399,-14148,2019-11-03,4200,10,2,3194634,4,2.19,8.76
5791,904218,399,-14148,2019-11-04,4200,10,2,3194634,1,2.19,2.19
5799,905043,399,-14148,2019-11-05,4200,10,2,3194634,1,2.19,2.19
5803,905574,399,-14148,2019-11-06,4200,10,2,3194634,2,2.19,4.38
5817,907565,399,-14148,2019-11-07,4200,10,2,3194634,3,2.19,6.57
3,545,459,-14148,2017-11-08,4600,12,3,2804845,2,1.99,3.98
17,2288,459,-14148,2017-11-10,4600,12,3,2804845,4,1.99,7.96
24,3493,459,-14148,2017-11-11,4600,12,3,2804845,1,1.99,1.99
27,4094,459,-14148,2017-11-12,4600,12,3,2804845,3,1.99,5.97
40,5801,459,-14148,2017-11-14,4600,12,3,2804845,1,1.99,1.99
48,7060,459,-14148,2017-11-15,4600,12,3,2804845,1,1.99,1.99
54,8102,459,-14148,2017-11-16,4600,12,3,2804845,3,1.99,5.97
56,8375,459,-14148,2017-11-17,4600,12,3,2804845,1,1.99,1.99
67,10317,459,-14148,2017-11-18,4600,12,3,2804845,1,1.99,1.99
69,10711,459,-14148,2017-11-19,4600,12,3,2804845,1,1.99,1.99
79,12150,459,-14148,2017-11-20,4600,12,3,2804845,2,1.99,3.98
83,12705,459,-14148,2017-11-21,4600,12,3,2804845,3,1.99,5.97
91,13887,459,-14148,2017-11-22,4600,12,3,2804845,5,1.9899999999999998,9.95
96,14724,459,-14148,2017-11-23,4600,12,3,2804845,2,1.99,3.98
