Data/snickers_df.csv
,index,site_id,item_id,date,sq_footage,mpds,locale,periodic_gbv,quantity_sold,price,sales
102,16338,459,-14148,2017-11-24,4600,12,3,2804845,1,1.99,1.99
104,16768,459,-14148,2017-11-25,4600,12,3,2804845,1,1.99,1.99
113,17848,459,-14148,2017-11-26,4600,12,3,2804845,1,1.99,1.99
118,18524,459,-14148,2017-11-27,4600,12,3,2804845,2,1.99,3.98
126,19770,459,-14148,2017-11-28,4600,12,3,2804845,5,1.9899999999999998,9.95
131,20479,459,-14148,2017-11-29,4600,12,3,2804845,7,1.8957142857142857,13.27
139,21733,459,-14148,2017-11-30,4600,12,3,2804845,6,1.825,10.95
143,22200,459,-14148,2017-12-01,4600,12,3,2815512,4,1.99,7.96
152,23880,459,-14148,2017-12-02,4600,12,3,2815512,2,1.66,3.32
159,24708,459,-14148,2017-12-03,4600,12,3,2815512,1,1.99,1.99
165,25671,459,-14148,2017-12-04,4600,12,3,2815512,7,1.8485714285714285,12.94
172,26201,459,-14148,2017-12-05,4600,12,3,2815512,1,1.99,1.99
176,26871,459,-14148,2017-12-06,4600,12,3,2815512,4,1.66,6.64
187,28378,459,-14148,2017-12-07,4600,12,3,2815512,13,1.7361538461538462,22.57
194,29501,459,-14148,2017-12-08,4600,12,3,2815512,4,1.99,7.96
195,29665,459,-14148,2017-12-09,4600,12,3,2815512,2,1.66,3.32
207,31176,459,-14148,2017-12-10,4600,12,3,2815512,5,1.7260000000000002,8.63
211,31681,459,-14148,2017-12-11,4600,12,3,2815512,4,1.66,6.64
220,33024,459,-14148,2017-12-12,4600,12,3,2815512,6,1.6600000000000001,9.96
221,33150,459,-14148,2017-12-13,4600,12,3,2815512,3,1.88,5.64
231,34836,459,-14148,2017-12-14,4600,12,3,2815512,6,1.88,11.28
236,35576,459,-14148,2017-12-15,4600,12,3,2815512,3,1.99,5.97
245,36980,459,-14148,2017-12-16,4600,12,3,2815512,10,1.7920000000000003,17.92
253,38081,459,-14148,2017-12-17,4600,12,3,2815512,6,1.825,10.95
260,39235,459,-14148,2017-12-18,4600,12,3,2815512,7,1.8014285714285714,12.61
267,39921,459,-14148,2017-12-19,4600,12,3,2815512,1,1.66,1.66
276,41030,459,-14148,2017-12-20,4600,12,3,2815512,3,1.99,5.97
279,41686,459,-14148,2017-12-21,4600,12,3,2815512,3,1.99,5.97
284,42309,459,-14148,2017-12-22,4600,12,3,2815512,1,1.99,1.99
292,43488,459,-14148,2017-12-23,4600,12,3,2815512,7,1.8485714285714285,12.94
298,44470,459,-14148,2017-12-24,4600,12,3,2815512,3,1.7699999999999998,5.31
306,45471,459,-14148,2017-12-25,4600,12,3,2815512,7,1.8014285714285714,12.61
318,47091,459,-14148,2017-12-26,4600,12,3,2815512,2,1.66,3.32
322,47457,459,-14148,2017-12-27,4600,12,3,2815512,3,1.7699999999999998,5.31
334,48880,459,-14148,2017-12-28,4600,12,3,2815512,4,1.7425,6.97
336,49226,459,-14148,2017-12-29,4600,12,3,2815512,2,1.99,3.98
350,51153,459,-14148,2017-12-31,4600,12,3,2815512,2,1.99,3.98
359,52193,459,-14148,2018-01-01,4600,12,3,2815512,1,1.99,1.99
370,53644,459,-14148,2018-01-02,4600,12,3,2815512,3,1.99,5.97
373,53743,459,-14148,2018-01-03,4600,12,3,2815512,2,1.99,3.98
382,54867,459,-14148,2018-01-04,4600,12,3,2815512,2,1.665,3.33
388,55478,459,-14148,2018-01-05,4600,12,3,2815512,3,1.99,5.97
396,56577,459,-14148,2018-01-06,4600,12,3,2815512,5,1.7280000000000002,8.64
410,58472,459,-14148,2018-01-08,4600,12,3,2815512,1,1.67,1.67
418,59334,459,-14148,2018-01-09,4600,12,3,2815512,2,1.825,3.65
430,60716,459,-14148,2018-01-10,4600,12,3,2815512,6,1.7216666666666667,10.33
433,61296,459,-14148,2018-01-11,4600,12,3,2815512,2,1.66,3.32
441,62436,459,-14148,2018-01-12,4600,12,3,2815512,2,1.825,3.65
448,63993,459,-14148,2018-01-13,4600,12,3,2815512,4,1.825,7.3
456,65041,459,-14148,2018-01-14,4600,12,3,2815512,4,1.745,6.98
465,66078,459,-14148,2018-01-15,4600,12,3,2815512,3,1.7733333333333334,5.32
472,66758,459,-14148,2018-01-16,4600,12,3,2815512,3,1.7699999999999998,5.31
479,67714,459,-14148,2018-01-17,4600,12,3,2815512,16,1.4775,23.64
493,69639,459,-14148,2018-01-18,4600,12,3,2815512,7,1.8057142857142858,12.64
498,70587,459,-14148,2018-01-19,4600,12,3,2815512,5,1.796,8.98
509,71948,459,-14148,2018-01-20,4600,12,3,2815512,3,1.88,5.64
513,72539,459,-14148,2018-01-21,4600,12,3,2815512,6,1.6633333333333333,9.98
525,74526,459,-14148,2018-01-23,4600,12,3,2815512,3,1.88,5.64
534,75667,459,-14148,2018-01-24,4600,12,3,2815512,11,1.5727272727272728,17.3
542,76725,459,-14148,2018-01-25,4600,12,3,2815512,1,1.99,1.99
553,78473,459,-14148,2018-01-26,4600,12,3,2815512,1,1.99,1.99
554,78800,459,-14148,2018-01-27,4600,12,3,2815512,8,1.78875,14.31
564,80207,459,-14148,2018-01-28,4600,12,3,2815512,2,1.66,3.32
575,81276,459,-14148,2018-01-29,4600,12,3,2815512,7,1.6171428571428572,11.32
584,82694,459,-14148,2018-01-30,4600,12,3,2815512,7,1.477142857142857,10.34
586,83092,459,-14148,2018-01-31,4600,12,3,2815512,17,1.171764705882353,19.92
594,83922,459,-14148,2018-02-01,4600,12,3,2815512,33,1.0154545454545454,33.51
601,85059,459,-14148,2018-02-02,4600,12,3,2815512,11,1.0545454545454545,11.6
610,86645,459,-14148,2018-02-03,4600,12,3,2815512,27,1.0677777777777777,28.83
624,89069,459,-14148,2018-02-05,4600,12,3,2815512,5,0.994,4.97
631,89718,459,-14148,2018-02-06,4600,12,3,2815512,6,1.61,9.66
639,91325,459,-14148,2018-02-07,4600,12,3,2815512,4,1.8275,7.31
652,92823,459,-14148,2018-02-08,4600,12,3,2815512,2,1.66,3.32
656,93140,459,-14148,2018-02-09,4600,12,3,2815512,3,1.7733333333333334,5.32
666,95231,459,-14148,2018-02-10,4600,12,3,2815512,2,1.495,2.99
669,95631,459,-14148,2018-02-11,4600,12,3,2815512,3,1.6633333333333333,4.99
677,96766,459,-14148,2018-02-12,4600,12,3,2815512,3,1.7699999999999998,5.31
683,97578,459,-14148,2018-02-13,4600,12,3,2815512,9,1.7366666666666668,15.63
690,98766,459,-14148,2018-02-14,4600,12,3,2815512,4,1.99,7.96
702,100205,459,-14148,2018-02-15,4600,12,3,2815512,1,1.99,1.99
705,100724,459,-14148,2018-02-16,4600,12,3,2815512,1,1.99,1.99
717,103096,459,-14148,2018-02-17,4600,12,3,2815512,3,1.99,5.97
730,104972,459,-14148,2018-02-19,4600,12,3,2815512,2,1.99,3.98
733,105213,459,-14148,2018-02-20,4600,12,3,2815512,3,1.99,5.97
744,106755,459,-14148,2018-02-21,4600,12,3,2815512,3,1.99,5.97
753,108099,459,-14148,2018-02-22,4600,12,3,2815512,2,1.99,3.98
756,108257,459,-14148,2018-02-23,4600,12,3,2815512,2,1.99,3.98
772,112350,459,-14148,2018-02-26,4600,12,3,2815512,1,1.99,1.99
774,112810,459,-14148,2018-02-27,4600,12,3,2815512,3,1.99,5.97
787,114743,459,-14148,2018-02-28,4600,12,3,2815512,1,1.99,1.99
795,115771,459,-14148,2018-03-01,4600,12,3,2815512,2,1.99,3.98
800,116659,459,-14148,2018-03-02,4600,12,3,2815512,2,1.99,3.98
807,118075,459,-14148,2018-03-03,4600,12,3,2815512,2,1.99,3.98
819,120109,459,-14148,2018-03-05,4600,12,3,2815512,1,1.99,1.99
828,121551,459,-14148,2018-03-06,4600,12,3,2815512,7,1.99,13.93
836,122936,459,-14148,2018-03-07,4600,12,3,2815512,4,1.99,7.96
840,123677,459,-14148,2018-03-08,4600,12,3,2815512,1,1.99,1.99
851,125548,459,-14148,2018-03-10,4600,12,3,2815512,6,1.99,11.94
864,127482,459,-14148,2018-03-11,4600,12,3,2815512,3,1.99,5.97
875,129099,459,-14148,2018-03-13,4600,12,3,2815512,2,1.99,3.98
881,130338,459,-14148,2018-03-14,4600,12,3,2815512,1,1.99,1.99
891,131486,459,-14148,2018-03-15,4600,12,3,2815512,2,1.99,3.98
899,133679,459,-14148,2018-03-16,4600,12,3,2815512,2,1.99,3.98
902,133993,459,-14148,2018-03-17,4600,12,3,2815512,1,1.99,1.99
910,135280,459,-14148,2018-03-18,4600,12,3,2815512,1,1.99,1.99
930,138015,459,-14148,2018-03-20,4600,12,3,2815512,2,1.99,3.98
938,139204,459,-14148,2018-03-21,4600,12,3,2815512,4,1.99,7.96
946,140510,459,-14148,2018-03-22,4600,12,3,2815512,1,1.99,1.99
949,140692,459,-14148,2018-03-23,4600,12,3,2812683,1,1.99,1.99
959,142805,459,-14148,2018-03-24,4600,12,3,2812683,1,1.99,1.99
964,143678,459,-14148,2018-03-25,4600,12,3,2812683,1,1.99,1.99
970,145199,459,-14148,2018-03-26,4600,12,3,2812683,4,1.99,7.96
978,145943,459,-14148,2018-03-27,4600,12,3,2812683,6,1.99,11.94
985,146677,459,-14148,2018-03-28,4600,12,3,2812683,3,1.7733333333333334,5.32
997,148573,459,-14148,2018-03-29,4600,12,3,2812683,5,1.668,8.34
1006,150325,459,-14148,2018-03-30,4600,12,3,2812683,7,1.6642857142857144,11.65
1013,151177,459,-14148,2018-03-31,4600,12,3,2812683,12,1.6916666666666667,20.3
1019,152217,459,-14148,2018-04-01,4600,12,3,2812683,4,1.7475,6.99
1028,153191,459,-14148,2018-04-02,4600,12,3,2812683,6,1.6666666666666667,10.0
1030,153602,459,-14148,2018-04-03,4600,12,3,2812683,3,1.7733333333333334,5.32
1043,154746,459,-14148,2018-04-04,4600,12,3,2812683,2,1.825,3.65
1050,156033,459,-14148,2018-04-05,4600,12,3,2812683,7,1.8042857142857145,12.63
1056,156775,459,-14148,2018-04-06,4600,12,3,2812683,2,1.665,3.33
1064,158198,459,-14148,2018-04-07,4600,12,3,2812683,2,1.665,3.33
1074,159361,459,-14148,2018-04-08,4600,12,3,2812683,4,1.745,6.98
1084,160581,459,-14148,2018-04-09,4600,12,3,2812683,5,1.8579999999999999,9.29
1090,161221,459,-14148,2018-04-10,4600,12,3,2812683,9,1.7733333333333334,15.96
1099,162466,459,-14148,2018-04-11,4600,12,3,2812683,4,1.7475,6.99
1104,163054,459,-14148,2018-04-12,4600,12,3,2812683,5,1.73,8.65
1115,164855,459,-14148,2018-04-13,4600,12,3,2812683,6,1.8833333333333335,11.3
1122,166214,459,-14148,2018-04-14,4600,12,3,2812683,9,1.7744444444444445,15.97
1125,166682,459,-14148,2018-04-15,4600,12,3,2812683,4,1.83,7.32
1139,168625,459,-14148,2018-04-16,4600,12,3,2812683,10,1.763,17.63
1141,169058,459,-14148,2018-04-17,4600,12,3,2812683,6,1.7733333333333334,10.64
1154,170813,459,-14148,2018-04-18,4600,12,3,2812683,5,1.9899999999999998,9.95
1158,171758,459,-14148,2018-04-19,4600,12,3,2812683,5,1.73,8.65
1169,173402,459,-14148,2018-04-20,4600,12,3,2812683,4,1.7425,6.97
1176,175030,459,-14148,2018-04-21,4600,12,3,2812683,4,1.665,6.66
1184,176127,459,-14148,2018-04-22,4600,12,3,2812683,3,1.6666666666666667,5.0
1189,177110,459,-14148,2018-04-23,4600,12,3,2812683,3,1.99,5.97
1195,177435,459,-14148,2018-04-24,4600,12,3,2812683,6,1.7216666666666667,10.33
1206,179233,459,-14148,2018-04-25,4600,12,3,2812683,7,1.8057142857142858,12.64
1214,180404,459,-14148,2018-04-26,4600,12,3,2812683,10,1.794,17.94
1222,181867,459,-14148,2018-04-27,4600,12,3,2812683,10,1.763,17.63
1226,183019,459,-14148,2018-04-28,4600,12,3,2812683,4,1.745,6.98
1233,183967,459,-14148,2018-04-29,4600,12,3,2812683,1,1.66,1.66
1245,185674,459,-14148,2018-04-30,4600,12,3,2812683,1,1.99,1.99
1253,186921,459,-14148,2018-05-01,4600,12,3,2812683,1,1.99,1.99
1255,187137,459,-14148,2018-05-02,4600,12,3,2812683,6,1.72,10.32
1267,189293,459,-14148,2018-05-03,4600,12,3,2812683,8,1.74875,13.99
1277,190998,459,-14148,2018-05-04,4600,12,3,2812683,8,1.70625,13.65
1284,192356,459,-14148,2018-05-05,4600,12,3,2812683,4,1.6175,6.47
1291,193098,459,-14148,2018-05-06,4600,12,3,2812683,7,1.7114285714285715,11.98
1293,193910,459,-14148,2018-05-07,4600,12,3,2812683,2,1.825,3.65
1302,195277,459,-14148,2018-05-08,4600,12,3,2812683,6,1.7750000000000001,10.65
1319,197891,459,-14148,2018-05-10,4600,12,3,2812683,9,1.99,17.91
1323,198482,459,-14148,2018-05-11,4600,12,3,2812683,2,1.99,3.98
1333,200343,459,-14148,2018-05-12,4600,12,3,2812683,4,1.99,7.96
1342,202001,459,-14148,2018-05-13,4600,12,3,2812683,3,1.99,5.97
1350,202989,459,-14148,2018-05-14,4600,12,3,2812683,3,1.99,5.97
1358,204153,459,-14148,2018-05-15,4600,12,3,2812683,4,1.99,7.96
1371,206534,459,-14148,2018-05-17,4600,12,3,2812683,4,1.99,7.96
1375,206931,459,-14148,2018-05-18,4600,12,3,2831927,1,1.99,1.99
1382,208174,459,-14148,2018-05-19,4600,12,3,2831927,1,1.99,1.99
1402,211477,459,-14148,2018-05-21,4600,12,3,2831927,6,1.99,11.94
1408,212608,459,-14148,2018-05-22,4600,12,3,2831927,1,1.99,1.99
1416,213578,459,-14148,2018-05-23,4600,12,3,2831927,1,1.99,1.99
1425,214834,459,-14148,2018-05-24,4600,12,3,2831927,7,1.99,13.93
1434,216835,459,-14148,2018-05-25,4600,12,3,2831927,3,1.99,5.97
1439,217581,459,-14148,2018-05-26,4600,12,3,2831927,1,1.99,1.99
1443,218629,459,-14148,2018-05-27,4600,12,3,2831927,1,1.99,1.99
1458,220389,459,-14148,2018-05-28,4600,12,3,2831927,2,1.99,3.98
1460,220769,459,-14148,2018-05-29,4600,12,3,2831927,1,1.99,1.99
1472,222542,459,-14148,2018-05-30,4600,12,3,2831927,6,1.99,11.94
1480,224022,459,-14148,2018-05-31,4600,12,3,2831927,3,1.99,5.97
1484,225015,459,-14148,2018-06-01,4600,12,3,2831927,5,1.9899999999999998,9.95
1495,226734,459,-14148,2018-06-02,4600,12,3,2831927,2,1.99,3.98
1514,230019,459,-14148,2018-06-05,4600,12,3,2831927,1,1.99,1.99
1518,230236,459,-14148,2018-06-06,4600,12,3,2831927,4,1.99,7.96
1531,232372,459,-14148,2018-06-07,4600,12,3,2831927,4,1.99,7.96
1538,233613,459,-14148,2018-06-08,4600,12,3,2831927,6,1.99,11.94
1547,234804,459,-14148,2018-06-09,4600,12,3,2831927,2,1.99,3.98
1548,235143,459,-14148,2018-06-10,4600,12,3,2831927,4,1.99,7.96
1570,238971,459,-14148,2018-06-13,4600,12,3,2831927,2,1.99,3.98
1577,239852,459,-14148,2018-06-14,4600,12,3,2831927,5,1.9899999999999998,9.95
1587,241260,459,-14148,2018-06-15,4600,12,3,2816097,2,1.99,3.98
1596,243371,459,-14148,2018-06-16,4600,12,3,2816097,10,1.9899999999999998,19.9
1597,243498,459,-14148,2018-06-17,4600,12,3,2816097,1,1.99,1.99
1605,244502,459,-14148,2018-06-18,4600,12,3,2816097,2,1.99,3.98
1617,246245,459,-14148,2018-06-19,4600,12,3,2816097,1,0.99,0.99
1624,247670,459,-14148,2018-06-20,4600,12,3,2816097,4,1.99,7.96
1632,248545,459,-14148,2018-06-21,4600,12,3,2816097,5,1.846,9.23
1642,250284,459,-14148,2018-06-22,4600,12,3,2816097,13,1.8423076923076922,23.95
1647,251276,459,-14148,2018-06-23,4600,12,3,2816097,6,1.9100000000000001,11.46
1651,252283,459,-14148,2018-06-24,4600,12,3,2816097,2,1.75,3.5
1665,254060,459,-14148,2018-06-25,4600,12,3,2816097,2,1.87,3.74
1666,254199,459,-14148,2018-06-26,4600,12,3,2816097,2,1.99,3.98
1678,255987,459,-14148,2018-06-27,4600,12,3,2816097,4,1.93,7.72
1689,257619,459,-14148,2018-06-28,4600,12,3,2816097,5,1.846,9.23
1696,258920,459,-14148,2018-06-29,4600,12,3,2816097,6,1.83,10.98
1698,259428,459,-14148,2018-06-30,4600,12,3,2816097,3,1.9100000000000001,5.73
1710,261248,459,-14148,2018-07-01,4600,12,3,2816097,2,1.75,3.5
1716,261971,459,-14148,2018-07-02,4600,12,3,2816097,4,1.93,7.72
1722,263116,459,-14148,2018-07-03,4600,12,3,2816097,3,1.9100000000000001,5.73
1733,264719,459,-14148,2018-07-04,4600,12,3,2816097,5,1.846,9.23
1738,265443,459,-14148,2018-07-05,4600,12,3,2816097,4,1.93,7.72
1743,266176,459,-14148,2018-07-06,4600,12,3,2816097,5,1.846,9.23
1751,267560,459,-14148,2018-07-07,4600,12,3,2816097,6,1.87,11.22
1759,269165,459,-14148,2018-07-08,4600,12,3,2816097,2,1.87,3.74
1769,270268,459,-14148,2018-07-09,4600,12,3,2816097,5,1.75,8.75
1778,271475,459,-14148,2018-07-10,4600,12,3,2816097,5,1.75,8.75
1783,272024,459,-14148,2018-07-11,4600,12,3,2816097,9,1.8299999999999998,16.47
1793,273453,459,-14148,2018-07-12,4600,12,3,2816097,8,1.9,15.2
1797,274208,459,-14148,2018-07-13,4600,12,3,2838602,7,1.8871428571428572,13.21
1809,276411,459,-14148,2018-07-14,4600,12,3,2838602,3,1.4966666666666668,4.49
1813,276854,459,-14148,2018-07-15,4600,12,3,2838602,7,1.7842857142857143,12.49
1819,277923,459,-14148,2018-07-16,4600,12,3,2838602,12,1.9100000000000001,22.92
1830,279572,459,-14148,2018-07-17,4600,12,3,2838602,3,1.83,5.49
1847,282445,459,-14148,2018-07-19,4600,12,3,2838602,2,1.87,3.74
1851,283056,459,-14148,2018-07-20,4600,12,3,2838602,3,1.83,5.49
1863,284776,459,-14148,2018-07-21,4600,12,3,2838602,4,1.93,7.72
1866,285639,459,-14148,2018-07-22,4600,12,3,2838602,2,1.75,3.5
1877,286908,459,-14148,2018-07-23,4600,12,3,2838602,5,1.798,8.99
1887,288317,459,-14148,2018-07-24,4600,12,3,2838602,3,1.83,5.49
1891,288456,459,-14148,2018-07-25,4600,12,3,2838602,3,1.83,5.49
1898,289868,459,-14148,2018-07-26,4600,12,3,2838602,8,1.76,14.08
1905,291093,459,-14148,2018-07-27,4600,12,3,2838602,1,1.75,1.75
1913,292281,459,-14148,2018-07-28,4600,12,3,2838602,5,1.9420000000000002,9.71
1920,293423,459,-14148,2018-07-29,4600,12,3,2838602,5,1.846,9.23
1932,295122,459,-14148,2018-07-30,4600,12,3,2838602,1,1.75,1.75
1934,295324,459,-14148,2018-07-31,4600,12,3,2838602,10,1.671,16.71
1948,297446,459,-14148,2018-08-01,4600,12,3,2838602,6,0.9966666666666667,5.98
1953,298122,459,-14148,2018-08-02,4600,12,3,2838602,10,1.293,12.93
1962,299523,459,-14148,2018-08-03,4600,12,3,2838602,21,1.28,26.88
1968,300227,459,-14148,2018-08-04,4600,12,3,2838602,18,1.0494444444444444,18.89
1978,302036,459,-14148,2018-08-05,4600,12,3,2838602,24,1.0770833333333334,25.85
1988,302817,459,-14148,2018-08-06,4600,12,3,2838602,23,1.1956521739130435,27.5
1993,304052,459,-14148,2018-08-07,4600,12,3,2838602,8,1.22875,9.83
2004,305572,459,-14148,2018-08-08,4600,12,3,2838602,17,1.2223529411764706,20.78
2010,306372,459,-14148,2018-08-09,4600,12,3,2838602,18,1.2166666666666666,21.9
2020,308006,459,-14148,2018-08-10,4600,12,3,2865533,20,1.1199999999999999,22.4
2022,308430,459,-14148,2018-08-11,4600,12,3,2865533,12,1.1199999999999999,13.44
2030,309663,459,-14148,2018-08-12,4600,12,3,2865533,7,1.2442857142857144,8.71
2045,311708,459,-14148,2018-08-13,4600,12,3,2865533,8,1.3375,10.7
2052,312607,459,-14148,2018-08-14,4600,12,3,2865533,10,1.207,12.07
2059,313966,459,-14148,2018-08-15,4600,12,3,2865533,6,1.265,7.59
2067,315329,459,-14148,2018-08-16,4600,12,3,2865533,12,1.265,15.18
2073,315793,459,-14148,2018-08-17,4600,12,3,2865533,13,1.2538461538461538,16.3
2087,318390,459,-14148,2018-08-18,4600,12,3,2865533,19,1.2573684210526317,23.89
2096,319327,459,-14148,2018-08-19,4600,12,3,2865533,11,1.199090909090909,13.19
2099,319808,459,-14148,2018-08-20,4600,12,3,2865533,6,1.555,9.33
2112,321859,459,-14148,2018-08-21,4600,12,3,2865533,19,1.1657894736842105,22.15
2118,322328,459,-14148,2018-08-22,4600,12,3,2865533,11,1.4363636363636365,15.8
2130,324204,459,-14148,2018-08-23,4600,12,3,2865533,18,1.1683333333333334,21.03
2140,325978,459,-14148,2018-08-24,4600,12,3,2865533,6,1.265,7.59
2150,327230,459,-14148,2018-08-25,4600,12,3,2865533,21,1.3685714285714285,28.74
2154,328150,459,-14148,2018-08-26,4600,12,3,2865533,6,1.1199999999999999,6.72
2163,329886,459,-14148,2018-08-27,4600,12,3,2865533,8,1.12,8.96
2177,331272,459,-14148,2018-08-28,4600,12,3,2865533,7,1.2442857142857144,8.71
2181,331779,459,-14148,2018-08-29,4600,12,3,2865533,12,1.3375000000000001,16.05
2188,333045,459,-14148,2018-08-30,4600,12,3,2865533,15,1.352,20.28
2201,334914,459,-14148,2018-08-31,4600,12,3,2865533,17,1.2735294117647058,21.65
