Data/snickers_df.csv
,index,site_id,item_id,date,sq_footage,mpds,locale,periodic_gbv,quantity_sold,price,sales
2206,335839,459,-14148,2018-09-01,4600,12,3,2865533,12,1.3375000000000001,16.05
2215,337204,459,-14148,2018-09-02,4600,12,3,2865533,9,1.3133333333333335,11.82
2229,339211,459,-14148,2018-09-03,4600,12,3,2865533,15,1.294,19.41
2236,340136,459,-14148,2018-09-04,4600,12,3,2865533,17,1.2735294117647058,21.65
2245,341234,459,-14148,2018-09-05,4600,12,3,2865533,10,1.5550000000000002,15.55
2254,342486,459,-14148,2018-09-06,4600,12,3,2865533,9,1.2166666666666666,10.95
2267,344102,459,-14148,2018-09-07,4600,12,3,2865533,11,1.199090909090909,13.19
2270,344988,459,-14148,2018-09-08,4600,12,3,2865533,4,1.12,4.48
2280,346836,459,-14148,2018-09-09,4600,12,3,2865533,7,1.1199999999999999,7.84
2289,347618,459,-14148,2018-09-10,4600,12,3,2865533,13,1.186923076923077,15.43
2297,348878,459,-14148,2018-09-11,4600,12,3,2865533,14,1.3064285714285713,18.29
2312,350911,459,-14148,2018-09-12,4600,12,3,2865533,3,1.9100000000000001,5.73
2319,351857,459,-14148,2018-09-13,4600,12,3,2865533,1,1.75,1.75
2328,353513,459,-14148,2018-09-14,4600,12,3,2865533,5,1.846,9.23
2337,355054,459,-14148,2018-09-15,4600,12,3,2865533,8,1.81,14.48
2343,356158,459,-14148,2018-09-16,4600,12,3,2865533,3,1.83,5.49
2352,357139,459,-14148,2018-09-17,4600,12,3,2865533,6,1.83,10.98
2358,358191,459,-14148,2018-09-18,4600,12,3,2865533,3,1.75,5.25
2371,359961,459,-14148,2018-09-19,4600,12,3,2865533,5,1.798,8.99
2382,361181,459,-14148,2018-09-20,4600,12,3,2865533,9,1.6922222222222223,15.23
2391,362833,459,-14148,2018-09-21,4600,12,3,2865533,13,1.8053846153846154,23.47
2400,364235,459,-14148,2018-09-22,4600,12,3,2865533,4,1.81,7.24
2410,366019,459,-14148,2018-09-23,4600,12,3,2865533,1,1.99,1.99
2414,366598,459,-14148,2018-09-24,4600,12,3,2865533,9,1.8566666666666667,16.71
2428,368431,459,-14148,2018-09-25,4600,12,3,2865533,7,1.8871428571428572,13.21
2433,369230,459,-14148,2018-09-26,4600,12,3,2865533,2,1.75,3.5
2442,370665,459,-14148,2018-09-27,4600,12,3,2865533,12,1.79,21.48
2454,372380,459,-14148,2018-09-28,4600,12,3,2865533,1,1.75,1.75
2462,374089,459,-14148,2018-09-29,4600,12,3,2865533,7,1.7842857142857143,12.49
2471,375293,459,-14148,2018-09-30,4600,12,3,2865533,4,1.87,7.48
2478,376444,459,-14148,2018-10-01,4600,12,3,2865533,8,1.81,14.48
2485,377429,459,-14148,2018-10-02,4600,12,3,2865533,7,1.9214285714285713,13.45
2495,378802,459,-14148,2018-10-03,4600,12,3,2865533,3,1.75,5.25
2506,380339,459,-14148,2018-10-04,4600,12,3,2865533,4,1.87,7.48
2510,380872,459,-14148,2018-10-05,4600,12,3,2865533,6,1.9100000000000001,11.46
2525,383151,459,-14148,2018-10-06,4600,12,3,2865533,8,1.87,14.96
2534,384690,459,-14148,2018-10-07,4600,12,3,2865533,6,1.75,10.5
2543,385622,459,-14148,2018-10-08,4600,12,3,2865533,10,1.8219999999999998,18.22
2545,386055,459,-14148,2018-10-09,4600,12,3,2865533,3,1.99,5.97
2558,388073,459,-14148,2018-10-10,4600,12,3,2865533,6,1.79,10.74
2566,388826,459,-14148,2018-10-11,4600,12,3,2865533,2,1.99,3.98
2573,390057,459,-14148,2018-10-12,4600,12,3,2865533,14,1.8357142857142856,25.7
2587,392472,459,-14148,2018-10-13,4600,12,3,2865533,8,1.78,14.24
2593,393434,459,-14148,2018-10-14,4600,12,3,2865533,6,1.87,11.22
2599,394238,459,-14148,2018-10-15,4600,12,3,2865533,11,1.8372727272727274,20.21
2613,396283,459,-14148,2018-10-16,4600,12,3,2865533,1,1.99,1.99
2615,396376,459,-14148,2018-10-17,4600,12,3,2865533,8,1.93,15.44
2629,398307,459,-14148,2018-10-18,4600,12,3,2865533,4,1.93,7.72
2639,400082,459,-14148,2018-10-19,4600,12,3,2865533,6,1.83,10.98
2648,401589,459,-14148,2018-10-20,4600,12,3,2865533,7,1.852857142857143,12.97
2660,403811,459,-14148,2018-10-22,4600,12,3,2865533,9,1.7766666666666666,15.99
2672,405449,459,-14148,2018-10-23,4600,12,3,2865533,1,1.99,1.99
2678,406234,459,-14148,2018-10-24,4600,12,3,2865533,2,1.99,3.98
2695,408962,459,-14148,2018-10-26,4600,12,3,2865533,8,1.99,15.92
2699,409969,459,-14148,2018-10-27,4600,12,3,2865533,3,1.99,5.97
2714,412374,459,-14148,2018-10-29,4600,12,3,2865533,1,1.99,1.99
2722,413397,459,-14148,2018-10-30,4600,12,3,2865533,1,1.99,1.99
2734,415110,459,-14148,2018-10-31,4600,12,3,2865533,1,1.99,1.99
2742,415794,459,-14148,2018-11-01,4600,12,3,2865533,1,1.99,1.99
2744,416482,459,-14148,2018-11-02,4600,12,3,2868557,2,1.99,3.98
2755,418237,459,-14148,2018-11-03,4600,12,3,2868557,2,1.99,3.98
2779,421326,459,-14148,2018-11-06,4600,12,3,2868557,2,1.99,3.98
2790,422860,459,-14148,2018-11-08,4600,12,3,2868557,6,1.99,11.94
2800,424715,459,-14148,2018-11-09,4600,12,3,2868557,3,1.99,5.97
2814,426677,459,-14148,2018-11-10,4600,12,3,2868557,4,1.99,7.96
2818,427478,459,-14148,2018-11-11,4600,12,3,2868557,1,1.99,1.99
2828,429137,459,-14148,2018-11-13,4600,12,3,2868557,1,1.99,1.99
2839,430752,459,-14148,2018-11-14,4600,12,3,2868557,2,1.99,3.98
2844,431992,459,-14148,2018-11-15,4600,12,3,2868557,2,1.99,3.98
2848,432457,459,-14148,2018-11-16,4600,12,3,2868557,2,1.99,3.98
2861,434460,459,-14148,2018-11-17,4600,12,3,2868557,3,1.99,5.97
2864,435175,459,-14148,2018-11-18,4600,12,3,2868557,1,1.99,1.99
2874,436677,459,-14148,2018-11-19,4600,12,3,2868557,4,1.99,7.96
2879,437598,459,-14148,2018-11-20,4600,12,3,2868557,5,1.9899999999999998,9.95
2887,438884,459,-14148,2018-11-21,4600,12,3,2868557,2,1.99,3.98
2897,440297,459,-14148,2018-11-22,4600,12,3,2868557,3,1.99,5.97
2908,442485,459,-14148,2018-11-24,4600,12,3,2868557,4,1.99,7.96
2924,445006,459,-14148,2018-11-26,4600,12,3,2868557,2,1.99,3.98
2934,446158,459,-14148,2018-11-27,4600,12,3,2868557,6,1.99,11.94
2950,448632,459,-14148,2018-11-29,4600,12,3,2868557,2,1.99,3.98
2962,450608,459,-14148,2018-11-30,4600,12,3,2868491,1,1.99,1.99
2966,451192,459,-14148,2018-12-01,4600,12,3,2868491,2,1.99,3.98
2979,452747,459,-14148,2018-12-02,4600,12,3,2868491,3,1.99,5.97
2983,453589,459,-14148,2018-12-03,4600,12,3,2868491,6,1.99,11.94
2993,454624,459,-14148,2018-12-04,4600,12,3,2868491,2,1.99,3.98
3006,456396,459,-14148,2018-12-05,4600,12,3,2868491,5,1.846,9.23
3021,458836,459,-14148,2018-12-07,4600,12,3,2868491,6,1.79,10.74
3031,460014,459,-14148,2018-12-08,4600,12,3,2868491,4,1.81,7.24
3040,461303,459,-14148,2018-12-09,4600,12,3,2868491,2,1.87,3.74
3046,462125,459,-14148,2018-12-10,4600,12,3,2868491,5,1.75,8.75
3055,463545,459,-14148,2018-12-11,4600,12,3,2868491,2,1.75,3.5
3058,463681,459,-14148,2018-12-12,4600,12,3,2868491,1,1.99,1.99
3073,465678,459,-14148,2018-12-13,4600,12,3,2868491,6,1.87,11.22
3074,466093,459,-14148,2018-12-14,4600,12,3,2868491,9,1.8033333333333335,16.23
3088,467798,459,-14148,2018-12-15,4600,12,3,2868491,5,1.8940000000000001,9.47
3095,469192,459,-14148,2018-12-16,4600,12,3,2868491,2,1.87,3.74
3103,469948,459,-14148,2018-12-17,4600,12,3,2868491,2,1.75,3.5
3111,471461,459,-14148,2018-12-18,4600,12,3,2868491,1,1.99,1.99
3117,471987,459,-14148,2018-12-19,4600,12,3,2868491,4,1.81,7.24
3129,473529,459,-14148,2018-12-20,4600,12,3,2868491,5,1.798,8.99
3141,475341,459,-14148,2018-12-21,4600,12,3,2868491,2,1.75,3.5
3143,475558,459,-14148,2018-12-22,4600,12,3,2868491,2,1.87,3.74
3153,477021,459,-14148,2018-12-23,4600,12,3,2868491,3,1.9100000000000001,5.73
3165,478451,459,-14148,2018-12-24,4600,12,3,2868491,3,1.75,5.25
3172,479553,459,-14148,2018-12-25,4600,12,3,2868491,4,1.75,7.0
3184,480838,459,-14148,2018-12-26,4600,12,3,2868491,3,1.83,5.49
3186,481470,459,-14148,2018-12-27,4600,12,3,2868491,6,1.79,10.74
3193,481946,459,-14148,2018-12-28,4600,12,3,2868491,4,1.75,7.0
3202,483049,459,-14148,2018-12-29,4600,12,3,2868491,1,1.75,1.75
3213,484680,459,-14148,2018-12-30,4600,12,3,2868491,2,1.75,3.5
3225,486079,459,-14148,2018-12-31,4600,12,3,2868491,7,1.852857142857143,12.97
3232,486935,459,-14148,2019-01-01,4600,12,3,2868491,1,1.99,1.99
3247,489043,459,-14148,2019-01-03,4600,12,3,2868491,5,1.8940000000000001,9.47
3257,490309,459,-14148,2019-01-04,4600,12,3,2868557,3,1.75,5.25
3260,490622,459,-14148,2019-01-05,4600,12,3,2868557,6,1.83,10.98
3266,491707,459,-14148,2019-01-06,4600,12,3,2868557,2,1.99,3.98
3278,493198,459,-14148,2019-01-07,4600,12,3,2868557,2,1.99,3.98
3283,493897,459,-14148,2019-01-08,4600,12,3,2868557,3,1.9100000000000001,5.73
3291,494741,459,-14148,2019-01-09,4600,12,3,2868557,2,1.75,3.5
3308,496940,459,-14148,2019-01-10,4600,12,3,2868557,2,1.87,3.74
3316,498192,459,-14148,2019-01-11,4600,12,3,2868557,5,1.8940000000000001,9.47
3326,499710,459,-14148,2019-01-12,4600,12,3,2868557,9,1.8299999999999998,16.47
3331,500445,459,-14148,2019-01-13,4600,12,3,2868557,1,1.99,1.99
3336,501222,459,-14148,2019-01-14,4600,12,3,2868557,3,1.75,5.25
3350,503106,459,-14148,2019-01-15,4600,12,3,2868557,3,1.83,5.49
3367,506091,459,-14148,2019-01-18,4600,12,3,2868557,6,1.79,10.74
3376,507388,459,-14148,2019-01-19,4600,12,3,2868557,4,1.75,7.0
3387,509135,459,-14148,2019-01-20,4600,12,3,2868557,2,1.87,3.74
3398,510365,459,-14148,2019-01-21,4600,12,3,2868557,6,1.79,10.74
3402,511172,459,-14148,2019-01-22,4600,12,3,2868557,2,1.87,3.74
3419,513237,459,-14148,2019-01-23,4600,12,3,2868557,2,1.87,3.74
3420,513529,459,-14148,2019-01-24,4600,12,3,2868557,6,1.79,10.74
3431,515589,459,-14148,2019-01-25,4600,12,3,2868557,6,1.9100000000000001,11.46
3443,517338,459,-14148,2019-01-26,4600,12,3,2868557,3,1.83,5.49
3450,517969,459,-14148,2019-01-27,4600,12,3,2868557,6,1.75,10.5
3456,519105,459,-14148,2019-01-28,4600,12,3,2868557,1,1.75,1.75
3467,520553,459,-14148,2019-01-29,4600,12,3,2868557,3,1.83,5.49
3472,521270,459,-14148,2019-01-30,4600,12,3,2868557,3,1.83,5.49
3481,522813,459,-14148,2019-01-31,4600,12,3,2868557,7,1.6757142857142857,11.73
3495,524677,459,-14148,2019-02-01,4600,12,3,2868557,7,1.727142857142857,12.09
3498,525120,459,-14148,2019-02-02,4600,12,3,2868557,1,1.75,1.75
3510,526662,459,-14148,2019-02-03,4600,12,3,2868557,3,1.83,5.49
3520,528093,459,-14148,2019-02-04,4600,12,3,2868557,3,1.9100000000000001,5.73
3530,529559,459,-14148,2019-02-05,4600,12,3,2868557,4,1.87,7.48
3535,530151,459,-14148,2019-02-06,4600,12,3,2868557,3,1.83,5.49
3542,531117,459,-14148,2019-02-07,4600,12,3,2868557,2,1.75,3.5
3558,533595,459,-14148,2019-02-08,4600,12,3,2868557,5,1.8940000000000001,9.47
3560,533900,459,-14148,2019-02-09,4600,12,3,2868557,6,1.79,10.74
3572,536034,459,-14148,2019-02-10,4600,12,3,2868557,4,1.87,7.48
3575,536399,459,-14148,2019-02-11,4600,12,3,2868557,6,1.83,10.98
3587,538114,459,-14148,2019-02-12,4600,12,3,2868557,9,1.7766666666666666,15.99
3594,539465,459,-14148,2019-02-13,4600,12,3,2868557,1,1.99,1.99
3601,540500,459,-14148,2019-02-14,4600,12,3,2868557,2,1.99,3.98
3604,540990,459,-14148,2019-02-15,4600,12,3,2868557,2,1.99,3.98
3611,542372,459,-14148,2019-02-16,4600,12,3,2868557,2,1.99,3.98
3620,544081,459,-14148,2019-02-17,4600,12,3,2868557,1,1.99,1.99
3627,545684,459,-14148,2019-02-18,4600,12,3,2868557,2,1.99,3.98
3633,546610,459,-14148,2019-02-19,4600,12,3,2868557,5,1.9899999999999998,9.95
3646,549113,459,-14148,2019-02-21,4600,12,3,2868557,2,1.99,3.98
3662,551947,459,-14148,2019-02-23,4600,12,3,2868557,2,1.99,3.98
3671,553451,459,-14148,2019-02-24,4600,12,3,2868557,1,1.99,1.99
3673,553833,459,-14148,2019-02-25,4600,12,3,2868557,1,1.99,1.99
3684,555446,459,-14148,2019-02-26,4600,12,3,2868557,2,1.99,3.98
3693,556677,459,-14148,2019-02-27,4600,12,3,2868557,3,1.99,5.97
3705,558020,459,-14148,2019-02-28,4600,12,3,2868557,1,1.99,1.99
3707,558680,459,-14148,2019-03-01,4600,12,3,2868557,1,1.99,1.99
3719,560899,459,-14148,2019-03-02,4600,12,3,2868557,3,1.99,5.97
3725,561957,459,-14148,2019-03-03,4600,12,3,2868557,1,1.99,1.99
3741,564826,459,-14148,2019-03-05,4600,12,3,2868557,2,1.99,3.98
3752,566129,459,-14148,2019-03-06,4600,12,3,2868557,1,1.99,1.99
3767,568846,459,-14148,2019-03-08,4600,12,3,2868557,3,1.99,5.97
3774,570069,459,-14148,2019-03-09,4600,12,3,2868557,3,1.99,5.97
3780,571325,459,-14148,2019-03-10,4600,12,3,2868557,2,1.99,3.98
3797,575448,459,-14148,2019-03-13,4600,12,3,2868557,5,1.9899999999999998,9.95
3803,576468,459,-14148,2019-03-14,4600,12,3,2868557,3,1.99,5.97
3808,577163,459,-14148,2019-03-15,4600,12,3,2868557,8,1.99,15.92
3821,579793,459,-14148,2019-03-16,4600,12,3,2868557,1,1.99,1.99
3834,581916,459,-14148,2019-03-18,4600,12,3,2868557,4,1.99,7.96
3844,583782,459,-14148,2019-03-19,4600,12,3,2868557,5,1.9899999999999998,9.95
3851,584446,459,-14148,2019-03-20,4600,12,3,2868557,1,1.99,1.99
3854,585515,459,-14148,2019-03-21,4600,12,3,2868557,1,1.99,1.99
3865,587230,459,-14148,2019-03-22,4600,12,3,2868557,2,1.99,3.98
3874,588533,459,-14148,2019-03-23,4600,12,3,2868557,1,1.99,1.99
3896,593382,459,-14148,2019-03-26,4600,12,3,2868557,2,1.99,3.98
3902,594364,459,-14148,2019-03-27,4600,12,3,2868557,3,1.99,5.97
3907,594913,459,-14148,2019-03-28,4600,12,3,2868557,5,1.9899999999999998,9.95
3916,596819,459,-14148,2019-03-29,4600,12,3,2868557,1,1.99,1.99
3930,599470,459,-14148,2019-03-30,4600,12,3,2868557,2,1.99,3.98
3938,600061,459,-14148,2019-03-31,4600,12,3,2868557,1,1.99,1.99
3945,601422,459,-14148,2019-04-01,4600,12,3,2868557,4,1.99,7.96
3948,602621,459,-14148,2019-04-02,4600,12,3,2868557,2,1.99,3.98
3957,603892,459,-14148,2019-04-03,4600,12,3,2868557,1,1.99,1.99
3968,605294,459,-14148,2019-04-04,4600,12,3,2868557,2,1.99,3.98
3975,606194,459,-14148,2019-04-05,4600,12,3,2868557,1,1.99,1.99
3984,608305,459,-14148,2019-04-06,4600,12,3,2868557,1,1.99,1.99
3994,609336,459,-14148,2019-04-07,4600,12,3,2868557,2,1.99,3.98
3998,610505,459,-14148,2019-04-08,4600,12,3,2868557,1,1.99,1.99
4021,614100,459,-14148,2019-04-11,4600,12,3,2868557,1,1.99,1.99
4034,616267,459,-14148,2019-04-12,4600,12,3,2868557,2,1.99,3.98
4041,617459,459,-14148,2019-04-13,4600,12,3,2868557,2,1.99,3.98
4044,618425,459,-14148,2019-04-14,4600,12,3,2868557,2,1.99,3.98
4060,620217,459,-14148,2019-04-15,4600,12,3,2868557,2,1.99,3.98
4064,621231,459,-14148,2019-04-16,4600,12,3,2868557,1,1.99,1.99
4075,622496,459,-14148,2019-04-17,4600,12,3,2868557,3,1.99,5.97
4078,623268,459,-14148,2019-04-18,4600,12,3,2868557,3,1.99,5.97
4090,625586,459,-14148,2019-04-19,4600,12,3,2868557,3,1.99,5.97
4099,627014,459,-14148,2019-04-20,4600,12,3,2868557,2,1.99,3.98
4110,628745,459,-14148,2019-04-22,4600,12,3,2868557,3,1.99,5.97
4121,630053,459,-14148,2019-04-23,4600,12,3,2868557,2,1.99,3.98
4130,631716,459,-14148,2019-04-24,4600,12,3,2868557,2,1.99,3.98
4134,632383,459,-14148,2019-04-25,4600,12,3,2868557,1,1.99,1.99
4148,634806,459,-14148,2019-04-26,4600,12,3,2868557,4,1.99,7.96
4149,635202,459,-14148,2019-04-27,4600,12,3,2868557,1,1.99,1.99
4159,637145,459,-14148,2019-04-28,4600,12,3,2868557,3,1.99,5.97
4171,638861,459,-14148,2019-04-29,4600,12,3,2868557,3,1.99,5.97
4177,639630,459,-14148,2019-04-30,4600,12,3,2868557,3,1.99,5.97
4185,640573,459,-14148,2019-05-01,4600,12,3,2868557,10,1.9899999999999998,19.9
4196,641698,459,-14148,2019-05-02,4600,12,3,2868557,2,1.99,3.98
4204,643347,459,-14148,2019-05-03,4600,12,3,2868557,1,1.99,1.99
4209,644447,459,-14148,2019-05-04,4600,12,3,2868557,3,1.99,5.97
4221,646632,459,-14148,2019-05-05,4600,12,3,2868557,1,1.99,1.99
4229,648124,459,-14148,2019-05-06,4600,12,3,2868557,3,1.99,5.97
4236,648620,459,-14148,2019-05-07,4600,12,3,2868557,1,1.99,1.99
4245,649833,459,-14148,2019-05-08,4600,12,3,2868557,1,1.99,1.99
4255,651612,459,-14148,2019-05-09,4600,12,3,2868557,4,1.99,7.96
4262,652642,459,-14148,2019-05-10,4600,12,3,2868557,5,1.9899999999999998,9.95
4274,654507,459,-14148,2019-05-11,4600,12,3,2868557,2,1.99,3.98
4281,655774,459,-14148,2019-05-12,4600,12,3,2868557,1,1.99,1.99
4288,657392,459,-14148,2019-05-13,4600,12,3,2868557,2,1.99,3.98
4295,658295,459,-14148,2019-05-14,4600,12,3,2868557,3,1.99,5.97
4305,659371,459,-14148,2019-05-15,4600,12,3,2868557,2,1.99,3.98
4312,661404,459,-14148,2019-05-16,4600,12,3,2868557,2,1.99,3.98
4321,662733,459,-14148,2019-05-17,4600,12,3,2868557,3,1.99,5.97
4327,663976,459,-14148,2019-05-18,4600,12,3,2868557,1,1.99,1.99
4337,665292,459,-14148,2019-05-19,4600,12,3,2868557,3,1.99,5.97
4348,667504,459,-14148,2019-05-20,4600,12,3,2868557,4,1.99,7.96
4354,668292,459,-14148,2019-05-21,4600,12,3,2868557,1,1.99,1.99
4372,671696,459,-14148,2019-05-23,4600,12,3,2868557,2,1.99,3.98
4378,672543,459,-14148,2019-05-24,4600,12,3,2868557,1,1.99,1.99
4388,674603,459,-14148,2019-05-25,4600,12,3,2868557,3,1.99,5.97
4396,676218,459,-14148,2019-05-26,4600,12,3,2868557,1,1.99,1.99
4406,677663,459,-14148,2019-05-27,4600,12,3,2868557,3,1.99,5.97
4410,677883,459,-14148,2019-05-28,4600,12,3,2868557,1,1.99,1.99
4425,680315,459,-14148,2019-05-29,4600,12,3,2868557,1,1.99,1.99
4429,681030,459,-14148,2019-05-30,4600,12,3,2868557,3,1.99,5.97
4439,682782,459,-14148,2019-05-31,4600,12,3,2868557,1,1.99,1.99
4451,685024,459,-14148,2019-06-01,4600,12,3,2868557,2,1.99,3.98
4459,686374,459,-14148,2019-06-02,4600,12,3,2868557,2,1.99,3.98
4467,687531,459,-14148,2019-06-03,4600,12,3,2868557,4,1.99,7.96
4475,688943,459,-14148,2019-06-04,4600,12,3,2868557,4,1.99,7.96
4485,690389,459,-14148,2019-06-05,4600,12,3,2868557,5,1.9899999999999998,9.95
4494,691750,459,-14148,2019-06-06,4600,12,3,2868557,2,1.99,3.98
4496,692341,459,-14148,2019-06-07,4600,12,3,2868557,9,1.99,17.91
4509,694298,459,-14148,2019-06-08,4600,12,3,2868557,2,1.99,3.98
4514,695311,459,-14148,2019-06-09,4600,12,3,2868557,5,1.9899999999999998,9.95
4527,697396,459,-14148,2019-06-10,4600,12,3,2868557,1,1.99,1.99
4534,698723,459,-14148,2019-06-11,4600,12,3,2868557,4,1.99,7.96
4536,698982,459,-14148,2019-06-12,4600,12,3,2868557,5,1.9899999999999998,9.95
4553,701971,459,-14148,2019-06-14,4600,12,3,2868557,4,1.99,7.96
4567,704597,459,-14148,2019-06-15,4600,12,3,2868557,5,1.9899999999999998,9.95
4581,706989,459,-14148,2019-06-17,4600,12,3,2868557,4,1.99,7.96
4592,708676,459,-14148,2019-06-18,4600,12,3,2868557,4,1.99,7.96
4595,709048,459,-14148,2019-06-19,4600,12,3,2868557,4,1.99,7.96
4606,710914,459,-14148,2019-06-20,4600,12,3,2868557,6,1.9100000000000001,11.46
4617,712717,459,-14148,2019-06-21,4600,12,3,2868557,3,1.75,5.25
4627,714411,459,-14148,2019-06-22,4600,12,3,2868557,4,1.93,7.72
4635,715434,459,-14148,2019-06-23,4600,12,3,2868557,5,1.798,8.99
