Data/snickers_df.csv
,index,site_id,item_id,date,sq_footage,mpds,locale,periodic_gbv,quantity_sold,price,sales
4645,716977,459,-14148,2019-06-24,4600,12,3,2868557,11,1.7936363636363637,19.73
4651,717975,459,-14148,2019-06-25,4600,12,3,2868557,6,1.87,11.22
4667,720579,459,-14148,2019-06-27,4600,12,3,2868557,2,1.87,3.74
4684,723064,459,-14148,2019-06-29,4600,12,3,2868557,3,1.83,5.49
4694,725178,459,-14148,2019-06-30,4600,12,3,2868557,5,1.8940000000000001,9.47
4702,726196,459,-14148,2019-07-01,4600,12,3,2868557,1,1.51,1.51
4708,727468,459,-14148,2019-07-02,4600,12,3,2868557,3,1.9100000000000001,5.73
4717,728716,459,-14148,2019-07-03,4600,12,3,2868557,8,1.9,15.2
4730,731007,459,-14148,2019-07-04,4600,12,3,2868557,2,1.87,3.74
4733,731182,459,-14148,2019-07-05,4600,12,3,2868557,7,1.8185714285714287,12.73
4742,733012,459,-14148,2019-07-06,4600,12,3,2868557,7,1.852857142857143,12.97
4757,735029,459,-14148,2019-07-07,4600,12,3,2868557,3,1.9100000000000001,5.73
4758,735318,459,-14148,2019-07-08,4600,12,3,2868557,4,1.87,7.48
4774,737692,459,-14148,2019-07-09,4600,12,3,2868557,5,1.9420000000000002,9.71
4777,738076,459,-14148,2019-07-10,4600,12,3,2868557,4,1.99,7.96
4787,739616,459,-14148,2019-07-11,4600,12,3,2868557,3,1.99,5.97
4795,741022,459,-14148,2019-07-12,4600,12,3,2868557,8,1.99,15.92
4806,742571,459,-14148,2019-07-13,4600,12,3,2868557,9,1.99,17.91
4813,743623,459,-14148,2019-07-14,4600,12,3,2868557,1,1.99,1.99
4828,745908,459,-14148,2019-07-15,4600,12,3,2868557,4,1.99,7.96
4833,746664,459,-14148,2019-07-16,4600,12,3,2868557,4,1.99,7.96
4838,747562,459,-14148,2019-07-17,4600,12,3,2868557,9,1.99,17.91
4850,749547,459,-14148,2019-07-18,4600,12,3,2868557,4,1.99,7.96
4856,751069,459,-14148,2019-07-19,4600,12,3,2868557,6,1.99,11.94
4865,752109,459,-14148,2019-07-20,4600,12,3,2868557,7,1.99,13.93
4878,754647,459,-14148,2019-07-22,4600,12,3,2868557,2,1.99,3.98
4891,756485,459,-14148,2019-07-23,4600,12,3,2868557,1,1.99,1.99
4897,757601,459,-14148,2019-07-24,4600,12,3,2868557,8,1.99,15.92
4908,759231,459,-14148,2019-07-25,4600,12,3,2868557,3,1.99,5.97
4919,761037,459,-14148,2019-07-26,4600,12,3,2868557,5,1.9899999999999998,9.95
4928,762592,459,-14148,2019-07-27,4600,12,3,2868557,6,1.99,11.94
4929,762751,459,-14148,2019-07-28,4600,12,3,2868557,4,1.99,7.96
4944,764587,459,-14148,2019-07-29,4600,12,3,2868557,14,1.9185714285714286,26.86
4954,766395,459,-14148,2019-07-30,4600,12,3,2868557,2,1.99,3.98
4956,766691,459,-14148,2019-07-31,4600,12,3,2868557,6,1.99,11.94
4973,769071,459,-14148,2019-08-01,4600,12,3,2868557,1,1.99,1.99
4974,769439,459,-14148,2019-08-02,4600,12,3,2868557,2,1.99,3.98
4993,773350,459,-14148,2019-08-04,4600,12,3,2868557,1,1.99,1.99
5001,774440,459,-14148,2019-08-05,4600,12,3,2868557,2,1.99,3.98
5020,777598,459,-14148,2019-08-07,4600,12,3,2868557,5,1.9899999999999998,9.95
5025,778400,459,-14148,2019-08-08,4600,12,3,2868557,3,1.99,5.97
5037,780943,459,-14148,2019-08-10,4600,12,3,2868557,1,2.19,2.19
5046,782565,459,-14148,2019-08-11,4600,12,3,2868557,3,2.19,6.57
5058,784744,459,-14148,2019-08-12,4600,12,3,2868557,2,2.19,4.38
5068,786079,459,-14148,2019-08-13,4600,12,3,2868557,1,2.19,2.19
5073,786873,459,-14148,2019-08-14,4600,12,3,2868557,2,2.19,4.38
5080,788527,459,-14148,2019-08-15,4600,12,3,2868557,1,2.19,2.19
5088,789897,459,-14148,2019-08-16,4600,12,3,2868557,1,2.19,2.19
5094,791044,459,-14148,2019-08-17,4600,12,3,2868557,3,2.19,6.57
5107,793365,459,-14148,2019-08-18,4600,12,3,2868557,3,2.19,6.57
5133,797616,459,-14148,2019-08-22,4600,12,3,2868557,2,2.19,4.38
5150,800659,459,-14148,2019-08-24,4600,12,3,2868557,2,2.19,4.38
5168,803851,459,-14148,2019-08-26,4600,12,3,2868557,3,2.19,6.57
5175,804702,459,-14148,2019-08-27,4600,12,3,2868557,3,2.19,6.57
5185,806397,459,-14148,2019-08-28,4600,12,3,2868557,4,2.19,8.76
5194,807889,459,-14148,2019-08-29,4600,12,3,2868557,2,2.19,4.38
5203,809035,459,-14148,2019-08-30,4600,12,3,2868557,1,2.19,2.19
5207,810406,459,-14148,2019-08-31,4600,12,3,2868557,3,2.19,6.57
5218,812480,459,-14148,2019-09-01,4600,12,3,2868557,1,2.19,2.19
5225,813693,459,-14148,2019-09-02,4600,12,3,2868557,1,2.19,2.19
5235,814675,459,-14148,2019-09-03,4600,12,3,2868557,4,2.19,8.76
5243,816545,459,-14148,2019-09-04,4600,12,3,2868557,4,2.19,8.76
5254,818702,459,-14148,2019-09-06,4600,12,3,2868557,1,2.19,2.19
5262,819859,459,-14148,2019-09-07,4600,12,3,2868557,3,2.19,6.57
5270,821641,459,-14148,2019-09-08,4600,12,3,2868557,1,2.19,2.19
5287,824981,459,-14148,2019-09-10,4600,12,3,2868557,2,2.19,4.38
5294,826074,459,-14148,2019-09-11,4600,12,3,2868557,1,2.19,2.19
5300,827145,459,-14148,2019-09-12,4600,12,3,2868557,6,2.19,13.14
5310,828800,459,-14148,2019-09-13,4600,12,3,2853557,6,2.19,13.14
5315,830067,459,-14148,2019-09-14,4600,12,3,2853557,2,2.19,4.38
5322,831398,459,-14148,2019-09-15,4600,12,3,2853557,1,2.19,2.19
5330,832656,459,-14148,2019-09-16,4600,12,3,2853557,4,2.19,8.76
5339,833988,459,-14148,2019-09-17,4600,12,3,2853557,5,2.19,10.95
5354,836205,459,-14148,2019-09-18,4600,12,3,2853557,4,2.19,8.76
5358,836831,459,-14148,2019-09-19,4600,12,3,2853557,11,1.95,21.45
5365,837996,459,-14148,2019-09-20,4600,12,3,2853557,4,2.08,8.32
5375,839834,459,-14148,2019-09-21,4600,12,3,2853557,6,2.0433333333333334,12.26
5392,842598,459,-14148,2019-09-22,4600,12,3,2853557,4,2.08,8.32
5400,843761,459,-14148,2019-09-23,4600,12,3,2853557,3,1.8966666666666667,5.69
5404,844547,459,-14148,2019-09-24,4600,12,3,2853557,5,2.19,10.95
5418,846240,459,-14148,2019-09-25,4600,12,3,2853557,9,1.9455555555555557,17.51
5427,847930,459,-14148,2019-09-26,4600,12,3,2853557,6,1.97,11.82
5440,850383,459,-14148,2019-09-27,4600,12,3,2853557,4,1.97,7.88
5450,851643,459,-14148,2019-09-28,4600,12,3,2853557,5,1.75,8.75
5460,853485,459,-14148,2019-09-29,4600,12,3,2853557,1,2.19,2.19
5466,854022,459,-14148,2019-09-30,4600,12,3,2853557,6,2.0433333333333334,12.26
5471,854931,459,-14148,2019-10-01,4600,12,3,2853557,2,2.19,4.38
5484,856928,459,-14148,2019-10-02,4600,12,3,2853557,8,1.915,15.32
5491,858375,459,-14148,2019-10-03,4600,12,3,2853557,3,2.0433333333333334,6.13
5500,859371,459,-14148,2019-10-04,4600,12,3,2853557,6,1.75,10.5
5513,862067,459,-14148,2019-10-05,4600,12,3,2853557,9,1.8477777777777777,16.63
5528,864197,459,-14148,2019-10-06,4600,12,3,2853557,4,1.86,7.44
5529,864478,459,-14148,2019-10-07,4600,12,3,2853557,6,1.8966666666666667,11.38
5537,865608,459,-14148,2019-10-08,4600,12,3,2853557,2,2.19,4.38
5549,867298,459,-14148,2019-10-09,4600,12,3,2853557,2,2.19,4.38
5560,868889,459,-14148,2019-10-10,4600,12,3,2853557,6,1.97,11.82
5567,870555,459,-14148,2019-10-11,4600,12,3,2853557,8,1.915,15.32
5577,871685,459,-14148,2019-10-12,4600,12,3,2853557,30,1.8233333333333335,54.7
5589,873955,459,-14148,2019-10-13,4600,12,3,2853557,4,1.75,7.0
5599,875756,459,-14148,2019-10-14,4600,12,3,2853557,5,2.0140000000000002,10.07
5609,876934,459,-14148,2019-10-15,4600,12,3,2853557,3,2.0433333333333334,6.13
5619,878571,459,-14148,2019-10-16,4600,12,3,2853557,3,2.0433333333333334,6.13
5628,879844,459,-14148,2019-10-17,4600,12,3,2853557,3,2.0433333333333334,6.13
5635,880962,459,-14148,2019-10-18,4600,12,3,2853557,7,1.8128571428571427,12.69
5647,883074,459,-14148,2019-10-19,4600,12,3,2853557,6,1.8233333333333333,10.94
5655,883886,459,-14148,2019-10-20,4600,12,3,2853557,4,1.86,7.44
5667,885967,459,-14148,2019-10-21,4600,12,3,2853557,2,1.75,3.5
5676,886978,459,-14148,2019-10-22,4600,12,3,2853557,7,2.064285714285714,14.45
5684,888204,459,-14148,2019-10-23,4600,12,3,2853557,6,2.19,13.14
5693,889516,459,-14148,2019-10-24,4600,12,3,2853557,4,2.19,8.76
5699,890459,459,-14148,2019-10-25,4600,12,3,2853557,9,2.19,19.71
5713,892971,459,-14148,2019-10-26,4600,12,3,2853557,4,2.19,8.76
5717,893954,459,-14148,2019-10-27,4600,12,3,2853557,1,2.19,2.19
5734,895466,459,-14148,2019-10-28,4600,12,3,2853557,2,2.19,4.38
5740,896466,459,-14148,2019-10-29,4600,12,3,2853557,4,2.19,8.76
5746,897538,459,-14148,2019-10-30,4600,12,3,2853557,3,2.19,6.57
5756,898979,459,-14148,2019-10-31,4600,12,3,2853557,3,2.19,6.57
5763,899907,459,-14148,2019-11-01,4600,12,3,2853557,4,2.19,8.76
5781,902575,459,-14148,2019-11-03,4600,12,3,2853557,3,2.19,6.57
5792,904253,459,-14148,2019-11-04,4600,12,3,2853557,3,2.19,6.57
5793,904462,459,-14148,2019-11-05,4600,12,3,2853557,6,2.19,13.14
5805,905874,459,-14148,2019-11-06,4600,12,3,2853557,1,2.19,2.19
5815,907433,459,-14148,2019-11-07,4600,12,3,2853557,2,2.19,4.38
4,570,517,-14148,2017-11-08,5046,10,4,3344107,2,1.99,3.98
8,1078,517,-14148,2017-11-09,5046,10,4,3344107,8,1.99,15.92
18,2486,517,-14148,2017-11-10,5046,10,4,3344107,3,1.99,5.97
20,2989,517,-14148,2017-11-11,5046,10,4,3344107,2,1.99,3.98
28,4281,517,-14148,2017-11-12,5046,10,4,3344107,3,1.99,5.97
35,5300,517,-14148,2017-11-13,5046,10,4,3344107,4,1.99,7.96
39,5783,517,-14148,2017-11-14,5046,10,4,3344107,3,1.99,5.97
47,7040,517,-14148,2017-11-15,5046,10,4,3344107,7,1.99,13.93
51,7894,517,-14148,2017-11-16,5046,10,4,3344107,9,1.99,17.91
62,9171,517,-14148,2017-11-17,5046,10,4,3344107,3,1.99,5.97
63,9532,517,-14148,2017-11-18,5046,10,4,3344107,3,1.99,5.97
71,10939,517,-14148,2017-11-19,5046,10,4,3344107,3,1.99,5.97
76,11689,517,-14148,2017-11-20,5046,10,4,3344107,3,1.99,5.97
86,12923,517,-14148,2017-11-21,5046,10,4,3344107,9,1.99,17.91
92,14161,517,-14148,2017-11-22,5046,10,4,3344107,4,1.99,7.96
95,14714,517,-14148,2017-11-23,5046,10,4,3344107,2,1.99,3.98
103,16354,517,-14148,2017-11-24,5046,10,4,3344107,3,1.99,5.97
106,17054,517,-14148,2017-11-25,5046,10,4,3344107,4,1.99,7.96
114,18022,517,-14148,2017-11-26,5046,10,4,3344107,2,1.99,3.98
120,18941,517,-14148,2017-11-27,5046,10,4,3344107,2,1.99,3.98
123,19309,517,-14148,2017-11-28,5046,10,4,3344107,1,1.99,1.99
132,20547,517,-14148,2017-11-29,5046,10,4,3344107,6,1.825,10.95
138,21715,517,-14148,2017-11-30,5046,10,4,3344107,9,1.8433333333333333,16.59
144,22452,517,-14148,2017-12-01,5046,10,4,3385640,12,1.7975,21.57
153,23902,517,-14148,2017-12-02,5046,10,4,3385640,10,1.693,16.93
155,24304,517,-14148,2017-12-03,5046,10,4,3385640,3,1.99,5.97
161,25039,517,-14148,2017-12-04,5046,10,4,3385640,12,1.825,21.9
170,25987,517,-14148,2017-12-05,5046,10,4,3385640,15,1.968,29.52
179,27316,517,-14148,2017-12-06,5046,10,4,3385640,14,1.9192857142857143,26.87
186,28368,517,-14148,2017-12-07,5046,10,4,3385640,11,1.93,21.23
188,28735,517,-14148,2017-12-08,5046,10,4,3385640,9,1.9533333333333331,17.58
196,29851,517,-14148,2017-12-09,5046,10,4,3385640,12,1.9075,22.89
205,30821,517,-14148,2017-12-10,5046,10,4,3385640,5,1.924,9.62
210,31456,517,-14148,2017-12-11,5046,10,4,3385640,10,1.825,18.25
217,32585,517,-14148,2017-12-12,5046,10,4,3385640,9,1.99,17.91
223,33389,517,-14148,2017-12-13,5046,10,4,3385640,12,1.8658333333333335,22.39
228,34297,517,-14148,2017-12-14,5046,10,4,3385640,9,1.8433333333333333,16.59
233,35027,517,-14148,2017-12-15,5046,10,4,3385640,6,1.9349999999999998,11.61
241,36395,517,-14148,2017-12-16,5046,10,4,3385640,14,1.8485714285714285,25.88
250,37627,517,-14148,2017-12-17,5046,10,4,3385640,13,1.7615384615384615,22.9
259,39168,517,-14148,2017-12-18,5046,10,4,3385640,7,1.7542857142857142,12.28
269,40196,517,-14148,2017-12-19,5046,10,4,3385640,7,1.8014285714285714,12.61
275,40986,517,-14148,2017-12-20,5046,10,4,3385640,14,1.8478571428571429,25.87
280,41703,517,-14148,2017-12-21,5046,10,4,3385640,14,1.9192857142857143,26.87
287,42899,517,-14148,2017-12-22,5046,10,4,3385640,13,1.863076923076923,24.22
295,43992,517,-14148,2017-12-23,5046,10,4,3385640,5,1.9899999999999998,9.95
302,44976,517,-14148,2017-12-24,5046,10,4,3385640,5,1.658,8.29
310,45990,517,-14148,2017-12-25,5046,10,4,3385640,4,1.9075,7.63
316,46919,517,-14148,2017-12-26,5046,10,4,3385640,7,1.7542857142857142,12.28
321,47246,517,-14148,2017-12-27,5046,10,4,3385640,8,1.94875,15.59
328,48242,517,-14148,2017-12-28,5046,10,4,3385640,7,1.99,13.93
342,49731,517,-14148,2017-12-29,5046,10,4,3390059,8,1.86625,14.93
345,50385,517,-14148,2017-12-30,5046,10,4,3390059,4,1.825,7.3
356,51883,517,-14148,2017-12-31,5046,10,4,3390059,4,1.9075,7.63
358,52169,517,-14148,2018-01-01,5046,10,4,3390059,4,1.9075,7.63
371,53653,517,-14148,2018-01-02,5046,10,4,3390059,13,1.9646153846153847,25.54
377,54331,517,-14148,2018-01-03,5046,10,4,3390059,15,1.8366666666666667,27.55
386,55321,517,-14148,2018-01-04,5046,10,4,3390059,10,1.86,18.6
393,56278,517,-14148,2018-01-05,5046,10,4,3390059,6,1.8266666666666669,10.96
397,56666,517,-14148,2018-01-06,5046,10,4,3390059,3,1.7766666666666666,5.33
408,58051,517,-14148,2018-01-07,5046,10,4,3390059,4,1.415,5.66
416,59120,517,-14148,2018-01-08,5046,10,4,3390059,13,1.7384615384615385,22.6
419,59348,517,-14148,2018-01-09,5046,10,4,3390059,6,1.8816666666666666,11.29
432,60903,517,-14148,2018-01-10,5046,10,4,3390059,13,1.8153846153846156,23.6
438,61830,517,-14148,2018-01-11,5046,10,4,3390059,9,1.8077777777777777,16.27
443,62782,517,-14148,2018-01-12,5046,10,4,3390059,13,1.69,21.97
453,64578,517,-14148,2018-01-13,5046,10,4,3390059,13,1.7638461538461538,22.93
462,65517,517,-14148,2018-01-14,5046,10,4,3390059,8,1.74375,13.95
470,66658,517,-14148,2018-01-15,5046,10,4,3390059,14,1.6878571428571427,23.63
477,67243,517,-14148,2018-01-16,5046,10,4,3390059,8,1.82625,14.61
484,68248,517,-14148,2018-01-17,5046,10,4,3390059,15,1.7733333333333334,26.6
487,69118,517,-14148,2018-01-18,5046,10,4,3390059,12,1.8258333333333334,21.91
495,70260,517,-14148,2018-01-19,5046,10,4,3390059,20,1.794,35.88
503,71080,517,-14148,2018-01-20,5046,10,4,3390059,3,1.88,5.64
514,72743,517,-14148,2018-01-21,5046,10,4,3390059,5,1.73,8.65
520,73886,517,-14148,2018-01-22,5046,10,4,3390059,5,1.73,8.65
524,74283,517,-14148,2018-01-23,5046,10,4,3390059,14,1.5942857142857143,22.32
538,76195,517,-14148,2018-01-24,5046,10,4,3390059,6,1.7183333333333335,10.31
545,77219,517,-14148,2018-01-25,5046,10,4,3390059,7,1.8957142857142857,13.27
551,78113,517,-14148,2018-01-26,5046,10,4,3394609,7,1.897142857142857,13.28
561,79413,517,-14148,2018-01-27,5046,10,4,3394609,7,1.6157142857142859,11.31
569,80687,517,-14148,2018-01-28,5046,10,4,3394609,14,1.6414285714285715,22.98
571,80793,517,-14148,2018-01-29,5046,10,4,3394609,18,1.6266666666666667,29.28
581,82405,517,-14148,2018-01-30,5046,10,4,3394609,12,1.7750000000000001,21.3
591,83363,517,-14148,2018-01-31,5046,10,4,3394609,12,1.7725,21.27
593,83906,517,-14148,2018-02-01,5046,10,4,3394609,8,1.61625,12.93
603,85419,517,-14148,2018-02-02,5046,10,4,3394609,13,1.533076923076923,19.93
614,87005,517,-14148,2018-02-03,5046,10,4,3394609,15,1.55,23.25
618,88082,517,-14148,2018-02-04,5046,10,4,3394609,3,1.4400000000000002,4.32
625,89087,517,-14148,2018-02-05,5046,10,4,3394609,14,1.6135714285714287,22.59
637,90505,517,-14148,2018-02-06,5046,10,4,3394609,6,1.8283333333333334,10.97
641,91432,517,-14148,2018-02-07,5046,10,4,3394609,5,1.6620000000000001,8.31
647,92226,517,-14148,2018-02-08,5046,10,4,3394609,10,1.827,18.27
660,94074,517,-14148,2018-02-09,5046,10,4,3394609,12,1.7733333333333334,21.28
662,95138,517,-14148,2018-02-10,5046,10,4,3394609,7,1.7571428571428573,12.3
673,96093,517,-14148,2018-02-11,5046,10,4,3394609,5,1.8579999999999999,9.29
676,96748,517,-14148,2018-02-12,5046,10,4,3394609,17,1.7976470588235294,30.56
684,97643,517,-14148,2018-02-13,5046,10,4,3394609,11,1.7536363636363637,19.29
692,99013,517,-14148,2018-02-14,5046,10,4,3394609,6,1.99,11.94
698,99954,517,-14148,2018-02-15,5046,10,4,3394609,3,1.99,5.97
708,101369,517,-14148,2018-02-16,5046,10,4,3394609,5,1.9899999999999998,9.95
715,102460,517,-14148,2018-02-17,5046,10,4,3394609,8,1.99,15.92
723,103958,517,-14148,2018-02-18,5046,10,4,3394609,4,1.99,7.96
726,104516,517,-14148,2018-02-19,5046,10,4,3394609,7,1.99,13.93
736,105740,517,-14148,2018-02-20,5046,10,4,3394609,5,1.9899999999999998,9.95
743,106735,517,-14148,2018-02-21,5046,10,4,3394609,7,1.99,13.93
748,107288,517,-14148,2018-02-22,5046,10,4,3394609,4,1.99,7.96
754,108238,517,-14148,2018-02-23,5046,10,4,3397226,6,1.99,11.94
763,110484,517,-14148,2018-02-24,5046,10,4,3397226,2,1.99,3.98
766,111358,517,-14148,2018-02-25,5046,10,4,3397226,6,1.99,11.94
770,112229,517,-14148,2018-02-26,5046,10,4,3397226,9,1.99,17.91
780,113323,517,-14148,2018-02-27,5046,10,4,3397226,8,1.99,15.92
782,114143,517,-14148,2018-02-28,5046,10,4,3397226,7,1.99,13.93
796,115835,517,-14148,2018-03-01,5046,10,4,3397226,2,1.99,3.98
798,116299,517,-14148,2018-03-02,5046,10,4,3397226,7,1.99,13.93
808,118122,517,-14148,2018-03-03,5046,10,4,3397226,3,1.99,5.97
814,119108,517,-14148,2018-03-04,5046,10,4,3397226,1,1.99,1.99
822,120651,517,-14148,2018-03-05,5046,10,4,3397226,6,1.99,11.94
829,121566,517,-14148,2018-03-06,5046,10,4,3397226,8,1.99,15.92
833,122366,517,-14148,2018-03-07,5046,10,4,3397226,3,1.99,5.97
837,123367,517,-14148,2018-03-08,5046,10,4,3397226,3,1.99,5.97
844,124321,517,-14148,2018-03-09,5046,10,4,3397226,4,1.99,7.96
857,126557,517,-14148,2018-03-10,5046,10,4,3397226,4,1.99,7.96
859,126937,517,-14148,2018-03-11,5046,10,4,3397226,2,1.99,3.98
872,128895,517,-14148,2018-03-12,5046,10,4,3397226,8,1.99,15.92
874,129088,517,-14148,2018-03-13,5046,10,4,3397226,13,1.99,25.87
884,130623,517,-14148,2018-03-14,5046,10,4,3397226,6,1.99,11.94
892,131499,517,-14148,2018-03-15,5046,10,4,3397226,6,1.99,11.94
897,132963,517,-14148,2018-03-16,5046,10,4,3397226,6,1.99,11.94
909,135062,517,-14148,2018-03-17,5046,10,4,3397226,1,1.99,1.99
916,135992,517,-14148,2018-03-18,5046,10,4,3397226,4,1.99,7.96
917,136282,517,-14148,2018-03-19,5046,10,4,3397226,3,1.99,5.97
923,137329,517,-14148,2018-03-20,5046,10,4,3397226,4,1.99,7.96
935,138901,517,-14148,2018-03-21,5046,10,4,3397226,4,1.99,7.96
942,139656,517,-14148,2018-03-22,5046,10,4,3397226,5,1.9899999999999998,9.95
954,141753,517,-14148,2018-03-23,5046,10,4,3397226,8,1.99,15.92
955,142054,517,-14148,2018-03-24,5046,10,4,3397226,2,1.99,3.98
965,144116,517,-14148,2018-03-25,5046,10,4,3397226,2,1.99,3.98
971,145206,517,-14148,2018-03-26,5046,10,4,3397226,9,1.99,17.91
975,145629,517,-14148,2018-03-27,5046,10,4,3397226,2,1.99,3.98
987,147020,517,-14148,2018-03-28,5046,10,4,3397226,13,1.8146153846153845,23.59
