Data/snickers_df.csv
,index,site_id,item_id,date,sq_footage,mpds,locale,periodic_gbv,quantity_sold,price,sales
994,148021,517,-14148,2018-03-29,5046,10,4,3397226,8,1.8275,14.62
1001,149229,517,-14148,2018-03-30,5046,10,4,3397226,9,1.8811111111111112,16.93
1012,151133,517,-14148,2018-03-31,5046,10,4,3397226,9,1.7733333333333334,15.96
1018,152187,517,-14148,2018-04-01,5046,10,4,3397226,3,1.99,5.97
1023,152755,517,-14148,2018-04-02,5046,10,4,3397226,4,1.745,6.98
1035,154116,517,-14148,2018-04-03,5046,10,4,3397226,12,1.7725,21.27
1039,154487,517,-14148,2018-04-04,5046,10,4,3397226,13,1.7653846153846153,22.95
1046,155360,517,-14148,2018-04-05,5046,10,4,3397226,10,1.828,18.28
1059,157071,517,-14148,2018-04-06,5046,10,4,3397226,11,1.8136363636363635,19.95
1067,158500,517,-14148,2018-04-07,5046,10,4,3397226,4,1.7475,6.99
1070,158781,517,-14148,2018-04-08,5046,10,4,3397226,2,1.665,3.33
1079,160054,517,-14148,2018-04-09,5046,10,4,3397226,14,1.7585714285714287,24.62
1093,161743,517,-14148,2018-04-10,5046,10,4,3397226,11,1.8118181818181818,19.93
1101,162763,517,-14148,2018-04-11,5046,10,4,3397226,19,1.7326315789473685,32.92
1107,163846,517,-14148,2018-04-12,5046,10,4,3397226,6,1.8833333333333335,11.3
1112,164221,517,-14148,2018-04-13,5046,10,4,3397226,11,1.7827272727272727,19.61
1119,165544,517,-14148,2018-04-14,5046,10,4,3397226,19,1.6978947368421051,32.26
1128,166920,517,-14148,2018-04-15,5046,10,4,3397226,8,1.705,13.64
1138,168589,517,-14148,2018-04-16,5046,10,4,3397226,13,1.7630769230769232,22.92
1145,169524,517,-14148,2018-04-17,5046,10,4,3397226,11,1.7836363636363637,19.62
1152,170472,517,-14148,2018-04-18,5046,10,4,3397226,12,1.8275,21.93
1156,171175,517,-14148,2018-04-19,5046,10,4,3397226,13,1.8653846153846154,24.25
1163,172342,517,-14148,2018-04-20,5046,10,4,3433150,15,1.7953333333333332,26.93
1175,174660,517,-14148,2018-04-21,5046,10,4,3433150,20,1.764,35.28
1185,176147,517,-14148,2018-04-22,5046,10,4,3433150,8,1.70625,13.65
1188,176580,517,-14148,2018-04-23,5046,10,4,3433150,14,1.8257142857142856,25.56
1200,178082,517,-14148,2018-04-24,5046,10,4,3433150,11,1.8127272727272727,19.94
1204,178971,517,-14148,2018-04-25,5046,10,4,3433150,16,1.8075,28.92
1210,179758,517,-14148,2018-04-26,5046,10,4,3433150,17,1.7982352941176472,30.57
1221,181749,517,-14148,2018-04-27,5046,10,4,3433150,14,1.7814285714285716,24.94
1224,182271,517,-14148,2018-04-28,5046,10,4,3433150,13,1.7884615384615385,23.25
1231,183647,517,-14148,2018-04-29,5046,10,4,3433150,12,1.7466666666666668,20.96
1241,185456,517,-14148,2018-04-30,5046,10,4,3433150,15,1.7719999999999998,26.58
1251,186888,517,-14148,2018-05-01,5046,10,4,3433150,11,1.7536363636363637,19.29
1258,187469,517,-14148,2018-05-02,5046,10,4,3433150,10,1.6969999999999998,16.97
1264,188621,517,-14148,2018-05-03,5046,10,4,3433150,12,1.8008333333333333,21.61
1272,190235,517,-14148,2018-05-04,5046,10,4,3433150,17,1.76,29.92
1280,191717,517,-14148,2018-05-05,5046,10,4,3433150,13,1.79,23.27
1285,192543,517,-14148,2018-05-06,5046,10,4,3433150,11,1.901818181818182,20.92
1292,193906,517,-14148,2018-05-07,5046,10,4,3433150,12,1.7725,21.27
1307,195888,517,-14148,2018-05-08,5046,10,4,3433150,6,1.7733333333333334,10.64
1312,196909,517,-14148,2018-05-09,5046,10,4,3433150,5,1.9899999999999998,9.95
1321,198043,517,-14148,2018-05-10,5046,10,4,3433150,9,1.99,17.91
1325,198812,517,-14148,2018-05-11,5046,10,4,3433150,8,1.99,15.92
1330,199950,517,-14148,2018-05-12,5046,10,4,3433150,3,1.99,5.97
1338,201408,517,-14148,2018-05-13,5046,10,4,3433150,5,1.9899999999999998,9.95
1346,202690,517,-14148,2018-05-14,5046,10,4,3433150,8,1.99,15.92
1352,203291,517,-14148,2018-05-15,5046,10,4,3433150,6,1.99,11.94
1362,204711,517,-14148,2018-05-16,5046,10,4,3433150,8,1.99,15.92
1369,205954,517,-14148,2018-05-17,5046,10,4,3433150,5,1.9899999999999998,9.95
1379,207680,517,-14148,2018-05-18,5046,10,4,4464329,3,1.99,5.97
1383,208179,517,-14148,2018-05-19,5046,10,4,4464329,6,1.99,11.94
1390,209662,517,-14148,2018-05-20,5046,10,4,4464329,5,1.9899999999999998,9.95
1398,210851,517,-14148,2018-05-21,5046,10,4,4464329,6,1.99,11.94
1407,212288,517,-14148,2018-05-22,5046,10,4,4464329,9,1.99,17.91
1413,213287,517,-14148,2018-05-23,5046,10,4,4464329,2,1.99,3.98
1420,214227,517,-14148,2018-05-24,5046,10,4,4464329,6,1.99,11.94
1431,216475,517,-14148,2018-05-25,5046,10,4,4464329,9,1.99,17.91
1438,217579,517,-14148,2018-05-26,5046,10,4,4464329,4,1.99,7.96
1448,219201,517,-14148,2018-05-27,5046,10,4,4464329,4,1.99,7.96
1451,219355,517,-14148,2018-05-28,5046,10,4,4464329,7,1.99,13.93
1463,221489,517,-14148,2018-05-29,5046,10,4,4464329,8,1.99,15.92
1471,222267,517,-14148,2018-05-30,5046,10,4,4464329,6,1.99,11.94
1476,223695,517,-14148,2018-05-31,5046,10,4,4464329,7,1.99,13.93
1482,224523,517,-14148,2018-06-01,5046,10,4,4464329,7,1.8471428571428572,12.93
1496,226766,517,-14148,2018-06-02,5046,10,4,4464329,10,1.89,18.9
1502,227802,517,-14148,2018-06-03,5046,10,4,4464329,7,1.99,13.93
1509,228924,517,-14148,2018-06-04,5046,10,4,4464329,5,1.9899999999999998,9.95
1513,230000,517,-14148,2018-06-05,5046,10,4,4464329,5,1.9899999999999998,9.95
1517,230229,517,-14148,2018-06-06,5046,10,4,4464329,7,1.99,13.93
1527,231470,517,-14148,2018-06-07,5046,10,4,4464329,7,1.99,13.93
1534,233005,517,-14148,2018-06-08,5046,10,4,4464329,8,1.99,15.92
1541,233859,517,-14148,2018-06-09,5046,10,4,4464329,3,1.99,5.97
1554,235936,517,-14148,2018-06-10,5046,10,4,4464329,4,1.99,7.96
1560,236929,517,-14148,2018-06-11,5046,10,4,4464329,7,1.99,13.93
1561,237430,517,-14148,2018-06-12,5046,10,4,4464329,9,1.99,17.91
1573,239262,517,-14148,2018-06-13,5046,10,4,4464329,10,1.9899999999999998,19.9
1575,239822,517,-14148,2018-06-14,5046,10,4,4464329,12,1.99,23.88
1586,241248,517,-14148,2018-06-15,5046,10,4,3433150,3,1.99,5.97
1594,242370,517,-14148,2018-06-16,5046,10,4,3433150,11,1.99,21.89
1598,243640,517,-14148,2018-06-17,5046,10,4,3433150,8,1.99,15.92
1616,246227,517,-14148,2018-06-19,5046,10,4,3433150,8,1.99,15.92
1626,247901,517,-14148,2018-06-20,5046,10,4,3433150,8,1.87,14.96
1628,248263,517,-14148,2018-06-21,5046,10,4,3433150,10,1.8699999999999999,18.7
1637,249963,517,-14148,2018-06-22,5046,10,4,3433150,15,1.8299999999999998,27.45
1646,251192,517,-14148,2018-06-23,5046,10,4,3433150,6,1.95,11.7
1657,252830,517,-14148,2018-06-24,5046,10,4,3433150,7,1.852857142857143,12.97
1664,254051,517,-14148,2018-06-25,5046,10,4,3433150,11,1.8372727272727274,20.21
1672,255141,517,-14148,2018-06-26,5046,10,4,3433150,19,1.8889473684210527,35.89
1674,255445,517,-14148,2018-06-27,5046,10,4,3433150,18,1.8966666666666667,34.14
1687,257276,517,-14148,2018-06-28,5046,10,4,3433150,12,1.83,21.96
1691,257854,517,-14148,2018-06-29,5046,10,4,3433150,18,1.8299999999999998,32.94
1703,260024,517,-14148,2018-06-30,5046,10,4,3433150,14,1.8699999999999999,26.18
1704,260425,517,-14148,2018-07-01,5046,10,4,3433150,11,1.8372727272727274,20.21
1714,261953,517,-14148,2018-07-02,5046,10,4,3433150,6,1.87,11.22
1718,262526,517,-14148,2018-07-03,5046,10,4,3433150,7,1.9214285714285713,13.45
1727,264110,517,-14148,2018-07-04,5046,10,4,3433150,8,1.84,14.72
1734,264877,517,-14148,2018-07-05,5046,10,4,3433150,10,1.846,18.46
1742,266055,517,-14148,2018-07-06,5046,10,4,3433150,14,1.8185714285714287,25.46
1753,267858,517,-14148,2018-07-07,5046,10,4,3433150,16,1.87,29.92
1758,268945,517,-14148,2018-07-08,5046,10,4,3433150,7,1.8871428571428572,13.21
1772,270620,517,-14148,2018-07-09,5046,10,4,3433150,5,1.9899999999999998,9.95
1773,270878,517,-14148,2018-07-10,5046,10,4,3433150,12,1.89,22.68
1788,272904,517,-14148,2018-07-11,5046,10,4,3433150,11,1.8372727272727274,20.21
1795,273841,517,-14148,2018-07-12,5046,10,4,3433150,9,1.8833333333333333,16.95
1803,275280,517,-14148,2018-07-13,5046,10,4,4474407,12,1.89,22.68
1805,276172,517,-14148,2018-07-14,5046,10,4,4474407,8,1.84,14.72
1812,276826,517,-14148,2018-07-15,5046,10,4,4474407,7,1.852857142857143,12.97
1823,278198,517,-14148,2018-07-16,5046,10,4,4474407,8,1.84,14.72
1832,279866,517,-14148,2018-07-17,5046,10,4,4474407,9,1.9100000000000001,17.19
1834,280180,517,-14148,2018-07-18,5046,10,4,4474407,17,1.8629411764705883,31.67
1844,281843,517,-14148,2018-07-19,5046,10,4,4474407,14,1.9385714285714286,27.14
1850,283052,517,-14148,2018-07-20,5046,10,4,4474407,12,1.83,21.96
1857,284115,517,-14148,2018-07-21,5046,10,4,4474407,9,1.9366666666666665,17.43
1868,285886,517,-14148,2018-07-22,5046,10,4,4474407,5,1.798,8.99
1872,286310,517,-14148,2018-07-23,5046,10,4,4474407,11,1.880909090909091,20.69
1885,288060,517,-14148,2018-07-24,5046,10,4,4474407,9,1.8833333333333333,16.95
1895,289411,517,-14148,2018-07-25,5046,10,4,4474407,8,1.87,14.96
1901,290141,517,-14148,2018-07-26,5046,10,4,4474407,16,1.84,29.44
1909,291720,517,-14148,2018-07-27,5046,10,4,4474407,14,1.9557142857142857,27.38
1915,292548,517,-14148,2018-07-28,5046,10,4,4474407,4,1.81,7.24
1925,294022,517,-14148,2018-07-29,5046,10,4,4474407,7,1.7842857142857143,12.49
1929,294587,517,-14148,2018-07-30,5046,10,4,4474407,7,1.9214285714285713,13.45
1936,295595,517,-14148,2018-07-31,5046,10,4,4474407,14,1.8871428571428572,26.42
1947,297440,517,-14148,2018-08-01,5046,10,4,4474407,27,1.2162962962962964,32.84
1957,298659,517,-14148,2018-08-02,5046,10,4,4474407,23,1.1678260869565218,26.86
1965,299890,517,-14148,2018-08-03,5046,10,4,4474407,40,1.1692500000000001,46.77
1970,300519,517,-14148,2018-08-04,5046,10,4,4474407,27,1.1425925925925926,30.85
1979,302081,517,-14148,2018-08-05,5046,10,4,4474407,20,1.1435,22.87
1989,303106,517,-14148,2018-08-06,5046,10,4,4474407,21,1.3685714285714285,28.74
1994,304082,517,-14148,2018-08-07,5046,10,4,4474407,27,1.2811111111111113,34.59
2002,305281,517,-14148,2018-08-08,5046,10,4,4474407,22,1.3572727272727272,29.86
2012,306678,517,-14148,2018-08-09,5046,10,4,4474407,26,1.4211538461538462,36.95
2015,307134,517,-14148,2018-08-10,5046,10,4,4478069,32,1.4190625,45.41
2027,309415,517,-14148,2018-08-11,5046,10,4,4478069,36,1.1925,42.93
2035,310426,517,-14148,2018-08-12,5046,10,4,4478069,11,1.199090909090909,13.19
2043,311322,517,-14148,2018-08-13,5046,10,4,4478069,26,1.320769230769231,34.34
2047,312046,517,-14148,2018-08-14,5046,10,4,4478069,34,1.401470588235294,47.65
2060,313997,517,-14148,2018-08-15,5046,10,4,4478069,26,1.3542307692307693,35.21
2070,315447,517,-14148,2018-08-16,5046,10,4,4478069,35,1.3188571428571427,46.16
2078,316513,517,-14148,2018-08-17,5046,10,4,4478069,23,1.3469565217391304,30.98
2088,318438,517,-14148,2018-08-18,5046,10,4,4478069,27,1.2811111111111113,34.59
2095,319300,517,-14148,2018-08-19,5046,10,4,4478069,17,1.2735294117647058,21.65
2098,319789,517,-14148,2018-08-20,5046,10,4,4478069,15,1.352,20.28
2107,320963,517,-14148,2018-08-21,5046,10,4,4478069,14,1.1821428571428572,16.55
2117,322308,517,-14148,2018-08-22,5046,10,4,4478069,25,1.294,32.35
2131,324251,517,-14148,2018-08-23,5046,10,4,4478069,36,1.3616666666666668,49.02
2137,325573,517,-14148,2018-08-24,5046,10,4,4478069,33,1.3572727272727272,44.79
2149,327213,517,-14148,2018-08-25,5046,10,4,4478069,23,1.3469565217391304,30.98
2156,328401,517,-14148,2018-08-26,5046,10,4,4478069,20,1.381,27.62
2168,330181,517,-14148,2018-08-27,5046,10,4,4478069,22,1.3177272727272726,28.99
2174,330870,517,-14148,2018-08-28,5046,10,4,4478069,21,1.2857142857142858,27.0
2180,331725,517,-14148,2018-08-29,5046,10,4,4478069,22,1.5945454545454545,35.08
2191,333359,517,-14148,2018-08-30,5046,10,4,4478069,49,1.2087755102040816,59.23
2200,334858,517,-14148,2018-08-31,5046,10,4,4478069,31,1.316451612903226,40.81
2214,337058,517,-14148,2018-09-01,5046,10,4,4478069,30,1.149,34.47
2221,337823,517,-14148,2018-09-02,5046,10,4,4478069,11,1.5945454545454545,17.54
2228,339188,517,-14148,2018-09-03,5046,10,4,4478069,19,1.394736842105263,26.5
2233,339772,517,-14148,2018-09-04,5046,10,4,4478069,23,1.2334782608695654,28.37
2249,341802,517,-14148,2018-09-05,5046,10,4,4478069,28,1.2442857142857144,34.84
2252,342156,517,-14148,2018-09-06,5046,10,4,4478069,29,1.27,36.83
2262,343682,517,-14148,2018-09-07,5046,10,4,4484178,19,1.3031578947368423,24.76
2272,345412,517,-14148,2018-09-08,5046,10,4,4484178,32,1.22875,39.32
2284,347109,517,-14148,2018-09-09,5046,10,4,4484178,14,1.3685714285714285,19.16
2294,348533,517,-14148,2018-09-10,5046,10,4,4484178,21,1.2857142857142858,27.0
2306,350623,517,-14148,2018-09-12,5046,10,4,4484178,18,1.99,35.82
2320,352226,517,-14148,2018-09-13,5046,10,4,4484178,13,1.99,25.87
2327,353506,517,-14148,2018-09-14,5046,10,4,4484178,19,1.9900000000000002,37.81
2336,354719,517,-14148,2018-09-15,5046,10,4,4484178,12,1.99,23.88
2344,356169,517,-14148,2018-09-16,5046,10,4,4484178,12,1.99,23.88
2348,356605,517,-14148,2018-09-17,5046,10,4,4484178,13,1.99,25.87
2363,358747,517,-14148,2018-09-18,5046,10,4,4484178,18,1.99,35.82
2372,359985,517,-14148,2018-09-19,5046,10,4,4484178,13,1.99,25.87
2375,360339,517,-14148,2018-09-20,5046,10,4,4484178,18,1.99,35.82
2388,362383,517,-14148,2018-09-21,5046,10,4,4484178,19,1.9900000000000002,37.81
2397,363840,517,-14148,2018-09-22,5046,10,4,4484178,16,1.99,31.84
2403,365677,517,-14148,2018-09-23,5046,10,4,4484178,5,1.9899999999999998,9.95
2412,366559,517,-14148,2018-09-24,5046,10,4,4484178,11,1.99,21.89
2420,367803,517,-14148,2018-09-25,5046,10,4,4484178,13,1.99,25.87
2436,369546,517,-14148,2018-09-26,5046,10,4,4484178,14,1.99,27.86
2439,370298,517,-14148,2018-09-27,5046,10,4,4484178,13,1.99,25.87
2451,372025,517,-14148,2018-09-28,5046,10,4,4484178,15,1.99,29.85
2457,372952,517,-14148,2018-09-29,5046,10,4,4484178,11,1.99,21.89
2467,374731,517,-14148,2018-09-30,5046,10,4,4484178,12,1.99,23.88
2477,376418,517,-14148,2018-10-01,5046,10,4,4484178,16,1.99,31.84
2484,377411,517,-14148,2018-10-02,5046,10,4,4484178,15,1.99,29.85
2492,378519,517,-14148,2018-10-03,5046,10,4,4484178,20,1.9899999999999998,39.8
2503,380051,517,-14148,2018-10-04,5046,10,4,4484178,19,1.9900000000000002,37.81
2509,380857,517,-14148,2018-10-05,5046,10,4,4507475,17,1.99,33.83
2518,382310,517,-14148,2018-10-06,5046,10,4,4507475,11,1.99,21.89
2528,383806,517,-14148,2018-10-07,5046,10,4,4507475,11,1.99,21.89
2539,385315,517,-14148,2018-10-08,5046,10,4,4507475,15,1.99,29.85
2552,387047,517,-14148,2018-10-09,5046,10,4,4507475,12,1.99,23.88
2554,387561,517,-14148,2018-10-10,5046,10,4,4507475,9,1.99,17.91
2567,389203,517,-14148,2018-10-11,5046,10,4,4507475,21,1.99,41.79
2575,390429,517,-14148,2018-10-12,5046,10,4,4507475,21,1.99,41.79
2585,392075,517,-14148,2018-10-13,5046,10,4,4507475,13,1.99,25.87
2589,392817,517,-14148,2018-10-14,5046,10,4,4507475,1,1.99,1.99
2597,393967,517,-14148,2018-10-15,5046,10,4,4507475,14,1.99,27.86
2610,395661,517,-14148,2018-10-16,5046,10,4,4507475,5,1.9899999999999998,9.95
2620,397057,517,-14148,2018-10-17,5046,10,4,4507475,24,1.99,47.76
2630,398646,517,-14148,2018-10-18,5046,10,4,4507475,14,1.99,27.86
2636,399728,517,-14148,2018-10-19,5046,10,4,4507475,15,1.99,29.85
2643,400904,517,-14148,2018-10-20,5046,10,4,4507475,7,1.99,13.93
2653,402518,517,-14148,2018-10-21,5046,10,4,4507475,11,1.99,21.89
2661,404132,517,-14148,2018-10-22,5046,10,4,4507475,10,1.9899999999999998,19.9
2670,405070,517,-14148,2018-10-23,5046,10,4,4507475,21,1.99,41.79
2675,405954,517,-14148,2018-10-24,5046,10,4,4507475,13,1.99,25.87
2688,407940,517,-14148,2018-10-25,5046,10,4,4507475,10,1.9899999999999998,19.9
2690,408264,517,-14148,2018-10-26,5046,10,4,4507475,5,1.9899999999999998,9.95
2703,410404,517,-14148,2018-10-27,5046,10,4,4507475,4,1.99,7.96
2707,411425,517,-14148,2018-10-28,5046,10,4,4507475,6,1.99,11.94
2713,412346,517,-14148,2018-10-29,5046,10,4,4507475,7,1.99,13.93
2726,413941,517,-14148,2018-10-30,5046,10,4,4507475,6,1.99,11.94
2730,414579,517,-14148,2018-10-31,5046,10,4,4507475,8,1.99,15.92
2738,415558,517,-14148,2018-11-01,5046,10,4,4507475,9,1.99,17.91
2749,417042,517,-14148,2018-11-02,5046,10,4,4514043,5,1.9899999999999998,9.95
2759,418515,517,-14148,2018-11-03,5046,10,4,4514043,1,1.99,1.99
2763,419353,517,-14148,2018-11-04,5046,10,4,4514043,1,1.99,1.99
2767,419579,517,-14148,2018-11-05,5046,10,4,4514043,2,1.99,3.98
2775,420724,517,-14148,2018-11-06,5046,10,4,4514043,3,1.99,5.97
2788,422642,517,-14148,2018-11-07,5046,10,4,4514043,4,1.99,7.96
2794,423150,517,-14148,2018-11-08,5046,10,4,4514043,5,1.9899999999999998,9.95
2798,424342,517,-14148,2018-11-09,5046,10,4,4514043,2,1.99,3.98
2808,425604,517,-14148,2018-11-10,5046,10,4,4514043,2,1.99,3.98
2817,427200,517,-14148,2018-11-11,5046,10,4,4514043,1,1.99,1.99
2824,428137,517,-14148,2018-11-12,5046,10,4,4514043,3,1.99,5.97
2836,430189,517,-14148,2018-11-14,5046,10,4,4514043,5,1.9899999999999998,9.95
2847,432288,517,-14148,2018-11-15,5046,10,4,4514043,3,1.99,5.97
2853,432868,517,-14148,2018-11-16,5046,10,4,4514043,5,1.9899999999999998,9.95
2856,433752,517,-14148,2018-11-17,5046,10,4,4514043,8,1.8675,14.94
2866,435430,517,-14148,2018-11-18,5046,10,4,4514043,1,1.99,1.99
2870,436055,517,-14148,2018-11-19,5046,10,4,4514043,3,1.99,5.97
2884,438258,517,-14148,2018-11-20,5046,10,4,4514043,7,1.99,13.93
2892,439728,517,-14148,2018-11-21,5046,10,4,4514043,9,1.99,17.91
2896,440258,517,-14148,2018-11-22,5046,10,4,4514043,3,1.99,5.97
2906,442399,517,-14148,2018-11-23,5046,10,4,4514043,3,1.99,5.97
2914,443395,517,-14148,2018-11-24,5046,10,4,4514043,2,1.99,3.98
2923,444709,517,-14148,2018-11-25,5046,10,4,4514043,5,1.9899999999999998,9.95
2931,445543,517,-14148,2018-11-26,5046,10,4,4514043,2,1.99,3.98
2938,446439,517,-14148,2018-11-27,5046,10,4,4514043,2,1.99,3.98
2942,447357,517,-14148,2018-11-28,5046,10,4,4514043,2,1.99,3.98
2955,449159,517,-14148,2018-11-29,5046,10,4,4514043,6,1.99,11.94
2959,449930,517,-14148,2018-11-30,5046,10,4,4518232,8,1.99,15.92
2965,451164,517,-14148,2018-12-01,5046,10,4,4518232,5,1.9899999999999998,9.95
2980,452832,517,-14148,2018-12-02,5046,10,4,4518232,3,1.99,5.97
2988,454104,517,-14148,2018-12-03,5046,10,4,4518232,3,1.99,5.97
2997,455180,517,-14148,2018-12-04,5046,10,4,4518232,7,1.99,13.93
3005,456059,517,-14148,2018-12-05,5046,10,4,4518232,9,1.99,17.91
3009,456725,517,-14148,2018-12-06,5046,10,4,4518232,14,1.99,27.86
