Data/snickers_df.csv
,index,site_id,item_id,date,sq_footage,mpds,locale,periodic_gbv,quantity_sold,price,sales
3023,458911,517,-14148,2018-12-07,5046,10,4,4518232,9,1.99,17.91
3027,459333,517,-14148,2018-12-08,5046,10,4,4518232,16,1.99,31.84
3037,460802,517,-14148,2018-12-09,5046,10,4,4518232,4,1.99,7.96
3044,461778,517,-14148,2018-12-10,5046,10,4,4518232,9,1.99,17.91
3054,463495,517,-14148,2018-12-11,5046,10,4,4518232,14,1.99,27.86
3065,464551,517,-14148,2018-12-12,5046,10,4,4518232,11,1.99,21.89
3070,465413,517,-14148,2018-12-13,5046,10,4,4518232,12,1.99,23.88
3078,466783,517,-14148,2018-12-14,5046,10,4,4518232,12,1.99,23.88
3084,467418,517,-14148,2018-12-15,5046,10,4,4518232,9,1.99,17.91
3098,469448,517,-14148,2018-12-16,5046,10,4,4518232,4,1.99,7.96
3104,469954,517,-14148,2018-12-17,5046,10,4,4518232,4,1.99,7.96
3109,470727,517,-14148,2018-12-18,5046,10,4,4518232,4,1.99,7.96
3116,471968,517,-14148,2018-12-19,5046,10,4,4518232,10,1.9899999999999998,19.9
3128,473514,517,-14148,2018-12-20,5046,10,4,4518232,5,1.9899999999999998,9.95
3139,474959,517,-14148,2018-12-21,5046,10,4,4518232,10,1.9899999999999998,19.9
3147,476198,517,-14148,2018-12-22,5046,10,4,4518232,5,1.9899999999999998,9.95
3155,477294,517,-14148,2018-12-23,5046,10,4,4518232,5,1.9899999999999998,9.95
3164,478422,517,-14148,2018-12-24,5046,10,4,4518232,5,1.9899999999999998,9.95
3170,479263,517,-14148,2018-12-25,5046,10,4,4518232,1,1.99,1.99
3180,480614,517,-14148,2018-12-26,5046,10,4,4518232,6,1.99,11.94
3192,481911,517,-14148,2018-12-27,5046,10,4,4518232,2,1.99,3.98
3198,482501,517,-14148,2018-12-28,5046,10,4,4518232,4,1.99,7.96
3204,483102,517,-14148,2018-12-29,5046,10,4,4518232,4,1.99,7.96
3211,484200,517,-14148,2018-12-30,5046,10,4,4518232,4,1.99,7.96
3221,485491,517,-14148,2018-12-31,5046,10,4,4518232,11,1.99,21.89
3229,486410,517,-14148,2019-01-01,5046,10,4,4518232,2,1.99,3.98
3233,487306,517,-14148,2019-01-02,5046,10,4,4518232,6,1.9100000000000001,11.46
3246,488824,517,-14148,2019-01-03,5046,10,4,4518232,6,1.87,11.22
3250,489405,517,-14148,2019-01-04,5046,10,4,4518267,5,1.798,8.99
3263,491223,517,-14148,2019-01-05,5046,10,4,4518267,11,1.8154545454545454,19.97
3271,492283,517,-14148,2019-01-06,5046,10,4,4518267,2,1.75,3.5
3276,492914,517,-14148,2019-01-07,5046,10,4,4518267,9,1.8033333333333335,16.23
3287,494207,517,-14148,2019-01-08,5046,10,4,4518267,15,1.782,26.73
3297,495487,517,-14148,2019-01-09,5046,10,4,4518267,13,1.8423076923076922,23.95
3301,496351,517,-14148,2019-01-10,5046,10,4,4518267,4,1.81,7.24
3315,498188,517,-14148,2019-01-11,5046,10,4,4518267,7,1.852857142857143,12.97
3318,498585,517,-14148,2019-01-12,5046,10,4,4518267,5,1.8940000000000001,9.47
3332,500463,517,-14148,2019-01-13,5046,10,4,4518267,3,1.9100000000000001,5.73
3339,501566,517,-14148,2019-01-14,5046,10,4,4518267,7,1.852857142857143,12.97
3344,502506,517,-14148,2019-01-15,5046,10,4,4518267,7,1.852857142857143,12.97
3357,504319,517,-14148,2019-01-16,5046,10,4,4518267,8,1.87,14.96
3364,505417,517,-14148,2019-01-17,5046,10,4,4518267,5,1.846,9.23
3368,506128,517,-14148,2019-01-18,5046,10,4,4518267,11,1.7936363636363637,19.73
3380,508177,517,-14148,2019-01-19,5046,10,4,4518267,6,1.87,11.22
3390,509463,517,-14148,2019-01-20,5046,10,4,4518267,1,1.75,1.75
3395,510108,517,-14148,2019-01-21,5046,10,4,4518267,10,1.798,17.98
3408,511793,517,-14148,2019-01-22,5046,10,4,4518267,12,1.87,22.44
3414,512622,517,-14148,2019-01-23,5046,10,4,4518267,8,1.87,14.96
3424,513859,517,-14148,2019-01-24,5046,10,4,4518267,10,1.8219999999999998,18.22
3434,515738,517,-14148,2019-01-25,5046,10,4,4518267,16,1.855,29.68
3441,516643,517,-14148,2019-01-26,5046,10,4,4518267,5,1.846,9.23
3447,517721,517,-14148,2019-01-27,5046,10,4,4518267,3,1.99,5.97
3455,518970,517,-14148,2019-01-28,5046,10,4,4518267,11,1.7936363636363637,19.73
3465,520538,517,-14148,2019-01-29,5046,10,4,4518267,19,1.838421052631579,34.93
3475,521604,517,-14148,2019-01-30,5046,10,4,4518267,7,1.852857142857143,12.97
3486,523154,517,-14148,2019-01-31,5046,10,4,4518267,24,1.83,43.92
3489,523967,517,-14148,2019-02-01,5046,10,4,4535545,14,1.7157142857142857,24.02
3503,526166,517,-14148,2019-02-02,5046,10,4,4535545,6,1.87,11.22
3513,527490,517,-14148,2019-02-03,5046,10,4,4535545,3,1.83,5.49
3522,528380,517,-14148,2019-02-04,5046,10,4,4535545,9,1.8833333333333333,16.95
3526,529344,517,-14148,2019-02-05,5046,10,4,4535545,15,1.894,28.41
3534,530060,517,-14148,2019-02-06,5046,10,4,4535545,15,1.846,27.69
3544,531462,517,-14148,2019-02-07,5046,10,4,4535545,14,1.852857142857143,25.94
3554,533236,517,-14148,2019-02-08,5046,10,4,4535545,15,1.8619999999999999,27.93
3559,533857,517,-14148,2019-02-09,5046,10,4,4535545,12,1.87,22.44
3570,535817,517,-14148,2019-02-10,5046,10,4,4535545,2,1.75,3.5
3578,536678,517,-14148,2019-02-11,5046,10,4,4535545,14,1.8357142857142856,25.7
3582,537516,517,-14148,2019-02-12,5046,10,4,4535545,15,1.8619999999999999,27.93
3589,538750,517,-14148,2019-02-13,5046,10,4,4535545,10,1.9899999999999998,19.9
3597,539889,517,-14148,2019-02-14,5046,10,4,4535545,9,1.99,17.91
3609,541673,517,-14148,2019-02-15,5046,10,4,4535545,7,1.99,13.93
3619,543812,517,-14148,2019-02-17,5046,10,4,4535545,3,1.99,5.97
3622,544779,517,-14148,2019-02-18,5046,10,4,4535545,7,1.99,13.93
3631,546029,517,-14148,2019-02-19,5046,10,4,4535545,7,1.99,13.93
3638,547399,517,-14148,2019-02-20,5046,10,4,4535545,9,1.99,17.91
3643,548585,517,-14148,2019-02-21,5046,10,4,4535545,5,1.9899999999999998,9.95
3654,550585,517,-14148,2019-02-22,5046,10,4,4535545,11,1.99,21.89
3659,551557,517,-14148,2019-02-23,5046,10,4,4535545,5,1.9899999999999998,9.95
3670,553078,517,-14148,2019-02-24,5046,10,4,4535545,3,1.99,5.97
3678,554408,517,-14148,2019-02-25,5046,10,4,4535545,6,1.99,11.94
3682,554908,517,-14148,2019-02-26,5046,10,4,4535545,3,1.99,5.97
3695,556969,517,-14148,2019-02-27,5046,10,4,4535545,8,1.99,15.92
3701,557703,517,-14148,2019-02-28,5046,10,4,4535545,7,1.99,13.93
3713,560041,517,-14148,2019-03-01,5046,10,4,4535865,5,1.9899999999999998,9.95
3714,560109,517,-14148,2019-03-02,5046,10,4,4535865,4,1.99,7.96
3728,562260,517,-14148,2019-03-03,5046,10,4,4535865,3,1.99,5.97
3730,562813,517,-14148,2019-03-04,5046,10,4,4535865,9,1.99,17.91
3740,564496,517,-14148,2019-03-05,5046,10,4,4535865,6,1.99,11.94
3755,566483,517,-14148,2019-03-06,5046,10,4,4535865,1,1.99,1.99
3758,567063,517,-14148,2019-03-07,5046,10,4,4535865,9,1.99,17.91
3762,568090,517,-14148,2019-03-08,5046,10,4,4535865,3,1.99,5.97
3776,570806,517,-14148,2019-03-09,5046,10,4,4535865,5,1.9899999999999998,9.95
3782,571845,517,-14148,2019-03-10,5046,10,4,4535865,3,1.99,5.97
3785,572820,517,-14148,2019-03-11,5046,10,4,4535865,3,1.99,5.97
3790,574240,517,-14148,2019-03-12,5046,10,4,4535865,8,1.99,15.92
3794,574793,517,-14148,2019-03-13,5046,10,4,4535865,5,1.9899999999999998,9.95
3800,575816,517,-14148,2019-03-14,5046,10,4,4535865,3,1.99,5.97
3811,577632,517,-14148,2019-03-15,5046,10,4,4535865,4,1.99,7.96
3815,578985,517,-14148,2019-03-16,5046,10,4,4535865,6,1.99,11.94
3825,580645,517,-14148,2019-03-17,5046,10,4,4535865,2,1.99,3.98
3837,582227,517,-14148,2019-03-18,5046,10,4,4535865,5,1.9899999999999998,9.95
3840,583138,517,-14148,2019-03-19,5046,10,4,4535865,8,1.99,15.92
3846,583910,517,-14148,2019-03-20,5046,10,4,4535865,6,1.99,11.94
3862,586539,517,-14148,2019-03-21,5046,10,4,4535865,10,1.9899999999999998,19.9
3866,587257,517,-14148,2019-03-22,5046,10,4,4535865,5,1.9899999999999998,9.95
3873,588490,517,-14148,2019-03-23,5046,10,4,4535865,7,1.99,13.93
3883,590762,517,-14148,2019-03-24,5046,10,4,4535865,2,1.99,3.98
3889,591599,517,-14148,2019-03-25,5046,10,4,4535865,9,1.99,17.91
3893,593006,517,-14148,2019-03-26,5046,10,4,4535865,5,1.9899999999999998,9.95
3900,593690,517,-14148,2019-03-27,5046,10,4,4535865,6,1.99,11.94
3913,595612,517,-14148,2019-03-28,5046,10,4,4535865,6,1.99,11.94
3921,597617,517,-14148,2019-03-29,5046,10,4,4535865,5,1.9899999999999998,9.95
3927,599098,517,-14148,2019-03-30,5046,10,4,4535865,4,1.99,7.96
3934,599740,517,-14148,2019-03-31,5046,10,4,4535865,2,1.99,3.98
3944,601412,517,-14148,2019-04-01,5046,10,4,4535865,10,1.9899999999999998,19.9
3952,603334,517,-14148,2019-04-02,5046,10,4,4535865,3,1.99,5.97
3958,604166,517,-14148,2019-04-03,5046,10,4,4535865,5,1.9899999999999998,9.95
3971,606000,517,-14148,2019-04-04,5046,10,4,4535865,1,1.99,1.99
3979,606870,517,-14148,2019-04-05,5046,10,4,4535865,7,1.99,13.93
3981,607534,517,-14148,2019-04-06,5046,10,4,4535865,6,1.99,11.94
3991,609081,517,-14148,2019-04-07,5046,10,4,4535865,3,1.99,5.97
4001,611073,517,-14148,2019-04-08,5046,10,4,4535865,5,1.9899999999999998,9.95
4006,612019,517,-14148,2019-04-09,5046,10,4,4535865,4,1.99,7.96
4015,613317,517,-14148,2019-04-10,5046,10,4,4535865,4,1.99,7.96
4018,613856,517,-14148,2019-04-11,5046,10,4,4535865,9,1.99,17.91
4035,616551,517,-14148,2019-04-12,5046,10,4,4535865,7,1.99,13.93
4043,618225,517,-14148,2019-04-13,5046,10,4,4535865,4,1.99,7.96
4047,619004,517,-14148,2019-04-14,5046,10,4,4535865,2,1.99,3.98
4054,619619,517,-14148,2019-04-15,5046,10,4,4535865,7,1.99,13.93
4063,621220,517,-14148,2019-04-16,5046,10,4,4535865,8,1.99,15.92
4072,622148,517,-14148,2019-04-17,5046,10,4,4535865,8,1.99,15.92
4082,624003,517,-14148,2019-04-18,5046,10,4,4535865,9,1.99,17.91
4094,625990,517,-14148,2019-04-19,5046,10,4,4535865,14,1.99,27.86
4101,627382,517,-14148,2019-04-20,5046,10,4,4535865,5,1.9899999999999998,9.95
4107,627957,517,-14148,2019-04-21,5046,10,4,4535865,2,1.99,3.98
4114,629559,517,-14148,2019-04-22,5046,10,4,4535865,6,1.99,11.94
4123,630313,517,-14148,2019-04-23,5046,10,4,4535865,6,1.99,11.94
4132,632053,517,-14148,2019-04-24,5046,10,4,4535865,10,1.9899999999999998,19.9
4137,632738,517,-14148,2019-04-25,5046,10,4,4535865,5,1.9899999999999998,9.95
4143,634027,517,-14148,2019-04-26,5046,10,4,4524344,10,1.9899999999999998,19.9
4152,635331,517,-14148,2019-04-27,5046,10,4,4524344,6,1.99,11.94
4160,637152,517,-14148,2019-04-28,5046,10,4,4524344,5,1.9899999999999998,9.95
4168,638566,517,-14148,2019-04-29,5046,10,4,4524344,13,1.99,25.87
4181,640129,517,-14148,2019-04-30,5046,10,4,4524344,8,1.99,15.92
4186,640584,517,-14148,2019-05-01,5046,10,4,4524344,4,1.99,7.96
4199,642429,517,-14148,2019-05-02,5046,10,4,4524344,4,1.99,7.96
4203,643309,517,-14148,2019-05-03,5046,10,4,4524344,9,1.99,17.91
4212,644917,517,-14148,2019-05-04,5046,10,4,4524344,8,1.99,15.92
4219,646313,517,-14148,2019-05-05,5046,10,4,4524344,1,1.99,1.99
4227,647520,517,-14148,2019-05-06,5046,10,4,4524344,8,1.99,15.92
4240,649243,517,-14148,2019-05-07,5046,10,4,4524344,5,1.9899999999999998,9.95
4247,650211,517,-14148,2019-05-08,5046,10,4,4524344,3,1.99,5.97
4254,651252,517,-14148,2019-05-09,5046,10,4,4524344,7,1.99,13.93
4264,652678,517,-14148,2019-05-10,5046,10,4,4524344,5,1.9899999999999998,9.95
4278,655390,517,-14148,2019-05-11,5046,10,4,4524344,6,1.99,11.94
4282,655780,517,-14148,2019-05-12,5046,10,4,4524344,2,1.99,3.98
4291,657712,517,-14148,2019-05-13,5046,10,4,4524344,3,1.99,5.97
4294,658249,517,-14148,2019-05-14,5046,10,4,4524344,6,1.99,11.94
4306,659404,517,-14148,2019-05-15,5046,10,4,4524344,5,1.9899999999999998,9.95
4314,661613,517,-14148,2019-05-16,5046,10,4,4524344,6,1.99,11.94
4318,661947,517,-14148,2019-05-17,5046,10,4,4524344,4,1.99,7.96
4332,664768,517,-14148,2019-05-18,5046,10,4,4524344,4,1.99,7.96
4334,665063,517,-14148,2019-05-19,5046,10,4,4524344,6,1.99,11.94
4342,666467,517,-14148,2019-05-20,5046,10,4,4524344,1,1.99,1.99
4353,668276,517,-14148,2019-05-21,5046,10,4,4524344,5,1.9899999999999998,9.95
4364,670270,517,-14148,2019-05-22,5046,10,4,4524344,6,1.99,11.94
4371,671679,517,-14148,2019-05-23,5046,10,4,4524344,5,1.9899999999999998,9.95
4380,672971,517,-14148,2019-05-24,5046,10,4,4542744,9,1.99,17.91
4385,674157,517,-14148,2019-05-25,5046,10,4,4542744,2,1.99,3.98
4391,675190,517,-14148,2019-05-26,5046,10,4,4542744,2,1.99,3.98
4401,676943,517,-14148,2019-05-27,5046,10,4,4542744,7,1.99,13.93
4409,677876,517,-14148,2019-05-28,5046,10,4,4542744,8,1.99,15.92
4418,679241,517,-14148,2019-05-29,5046,10,4,4542744,8,1.99,15.92
4426,680655,517,-14148,2019-05-30,5046,10,4,4542744,7,1.99,13.93
4435,682125,517,-14148,2019-05-31,5046,10,4,4542744,3,1.99,5.97
4443,683657,517,-14148,2019-06-01,5046,10,4,4542744,4,1.99,7.96
4452,685389,517,-14148,2019-06-02,5046,10,4,4542744,5,1.9899999999999998,9.95
4463,687256,517,-14148,2019-06-03,5046,10,4,4542744,4,1.99,7.96
4477,689050,517,-14148,2019-06-04,5046,10,4,4542744,4,1.99,7.96
4480,689718,517,-14148,2019-06-05,5046,10,4,4542744,8,1.99,15.92
4490,691376,517,-14148,2019-06-06,5046,10,4,4542744,7,1.99,13.93
4495,692230,517,-14148,2019-06-07,5046,10,4,4542744,3,1.99,5.97
4510,694694,517,-14148,2019-06-08,5046,10,4,4542744,6,1.99,11.94
4518,695915,517,-14148,2019-06-09,5046,10,4,4542744,3,1.99,5.97
4524,697045,517,-14148,2019-06-10,5046,10,4,4542744,3,1.99,5.97
4535,698730,517,-14148,2019-06-11,5046,10,4,4542744,5,1.9899999999999998,9.95
4537,699311,517,-14148,2019-06-12,5046,10,4,4542744,7,1.99,13.93
4549,701394,517,-14148,2019-06-13,5046,10,4,4542744,2,1.99,3.98
4557,702816,517,-14148,2019-06-14,5046,10,4,4542744,12,1.99,23.88
4568,704626,517,-14148,2019-06-15,5046,10,4,4542744,5,1.9899999999999998,9.95
4579,706667,517,-14148,2019-06-17,5046,10,4,4542744,3,1.99,5.97
4585,707616,517,-14148,2019-06-18,5046,10,4,4542744,5,1.9899999999999998,9.95
4601,710036,517,-14148,2019-06-19,5046,10,4,4542744,9,1.8299999999999998,16.47
4610,711437,517,-14148,2019-06-20,5046,10,4,4542744,15,1.926,28.89
4618,712735,517,-14148,2019-06-21,5046,10,4,4542744,6,1.9100000000000001,11.46
4621,713230,517,-14148,2019-06-22,5046,10,4,4542744,11,1.7936363636363637,19.73
4631,714972,517,-14148,2019-06-23,5046,10,4,4542744,6,1.9100000000000001,11.46
4642,716666,517,-14148,2019-06-24,5046,10,4,4542744,9,1.8299999999999998,16.47
4647,717280,517,-14148,2019-06-25,5046,10,4,4542744,8,1.81,14.48
4661,719290,517,-14148,2019-06-26,5046,10,4,4542744,10,1.8699999999999999,18.7
4669,720909,517,-14148,2019-06-27,5046,10,4,4542744,12,1.95,23.4
4675,721720,517,-14148,2019-06-28,5046,10,4,4542744,9,1.8566666666666667,16.71
4683,723050,517,-14148,2019-06-29,5046,10,4,4542744,15,1.814,27.21
4693,725174,517,-14148,2019-06-30,5046,10,4,4542744,10,1.846,18.46
4705,726849,517,-14148,2019-07-01,5046,10,4,4542744,9,1.7233333333333334,15.51
4709,727500,517,-14148,2019-07-02,5046,10,4,4542744,7,1.9214285714285713,13.45
4722,729409,517,-14148,2019-07-03,5046,10,4,4542744,19,1.8257894736842104,34.69
4724,729869,517,-14148,2019-07-04,5046,10,4,4542744,2,1.75,3.5
4734,731213,517,-14148,2019-07-05,5046,10,4,4542744,8,1.78,14.24
4746,733722,517,-14148,2019-07-06,5046,10,4,4542744,13,1.823846153846154,23.71
4754,734745,517,-14148,2019-07-07,5046,10,4,4542744,4,1.81,7.24
4764,736274,517,-14148,2019-07-08,5046,10,4,4542744,10,1.6059999999999999,16.06
4770,737245,517,-14148,2019-07-09,5046,10,4,4542744,11,1.9027272727272726,20.93
4776,738047,517,-14148,2019-07-10,5046,10,4,4542744,18,1.99,35.82
4786,739608,517,-14148,2019-07-11,5046,10,4,4542744,11,1.99,21.89
4798,741145,517,-14148,2019-07-12,5046,10,4,4542744,12,1.99,23.88
4803,742189,517,-14148,2019-07-13,5046,10,4,4542744,6,1.99,11.94
4815,743930,517,-14148,2019-07-14,5046,10,4,4542744,5,1.9899999999999998,9.95
4825,745514,517,-14148,2019-07-15,5046,10,4,4542744,16,1.99,31.84
4834,747049,517,-14148,2019-07-16,5046,10,4,4542744,6,1.99,11.94
4839,747649,517,-14148,2019-07-17,5046,10,4,4542744,16,1.99,31.84
4852,749910,517,-14148,2019-07-18,5046,10,4,4542744,13,1.99,25.87
4860,751444,517,-14148,2019-07-19,5046,10,4,4543145,7,1.99,13.93
4864,752088,517,-14148,2019-07-20,5046,10,4,4543145,6,1.99,11.94
4870,753211,517,-14148,2019-07-21,5046,10,4,4543145,4,1.99,7.96
4879,754669,517,-14148,2019-07-22,5046,10,4,4543145,10,1.9899999999999998,19.9
4888,756180,517,-14148,2019-07-23,5046,10,4,4543145,14,1.99,27.86
4899,757986,517,-14148,2019-07-24,5046,10,4,4543145,11,1.99,21.89
4904,758882,517,-14148,2019-07-25,5046,10,4,4543145,15,1.8566666666666667,27.85
4918,761025,517,-14148,2019-07-26,5046,10,4,4543145,13,1.99,25.87
4922,761442,517,-14148,2019-07-27,5046,10,4,4543145,8,1.99,15.92
4935,763466,517,-14148,2019-07-28,5046,10,4,4543145,15,1.8566666666666667,27.85
4939,763960,517,-14148,2019-07-29,5046,10,4,4543145,7,1.99,13.93
4948,765376,517,-14148,2019-07-30,5046,10,4,4543145,3,1.99,5.97
4959,767245,517,-14148,2019-07-31,5046,10,4,4543145,4,1.99,7.96
4970,768705,517,-14148,2019-08-01,5046,10,4,4543145,3,1.99,5.97
4981,770551,517,-14148,2019-08-02,5046,10,4,4543145,4,1.99,7.96
4983,771002,517,-14148,2019-08-03,5046,10,4,4543145,4,1.99,7.96
4990,772691,517,-14148,2019-08-04,5046,10,4,4543145,5,1.9899999999999998,9.95
5003,774659,517,-14148,2019-08-05,5046,10,4,4543145,7,1.99,13.93
5005,775224,517,-14148,2019-08-06,5046,10,4,4543145,2,1.99,3.98
5013,776575,517,-14148,2019-08-07,5046,10,4,4543145,3,1.99,5.97
5024,778380,517,-14148,2019-08-08,5046,10,4,4543145,3,1.99,5.97
5033,780012,517,-14148,2019-08-09,5046,10,4,4543145,5,1.9899999999999998,9.95
5044,782130,517,-14148,2019-08-10,5046,10,4,4543145,5,2.15,10.75
5051,783499,517,-14148,2019-08-11,5046,10,4,4543145,2,2.19,4.38
5054,784056,517,-14148,2019-08-12,5046,10,4,4543145,3,2.19,6.57
5060,785068,517,-14148,2019-08-13,5046,10,4,4543145,1,2.19,2.19
5072,786854,517,-14148,2019-08-14,5046,10,4,4543145,4,2.19,8.76
5082,788955,517,-14148,2019-08-15,5046,10,4,4543145,2,2.19,4.38
5091,790461,517,-14148,2019-08-16,5046,10,4,4543145,7,2.19,15.33
5097,791833,517,-14148,2019-08-17,5046,10,4,4543145,3,2.19,6.57
5105,793068,517,-14148,2019-08-18,5046,10,4,4543145,2,2.19,4.38
5114,794144,517,-14148,2019-08-19,5046,10,4,4543145,1,2.19,2.19
5117,795021,517,-14148,2019-08-20,5046,10,4,4543145,2,2.19,4.38
5126,796619,517,-14148,2019-08-21,5046,10,4,4543145,1,2.19,2.19
5136,797974,517,-14148,2019-08-22,5046,10,4,4543145,4,2.19,8.76
5145,800028,517,-14148,2019-08-23,5046,10,4,4543145,2,2.19,4.38
5154,801523,517,-14148,2019-08-24,5046,10,4,4543145,5,2.19,10.95
5159,802019,517,-14148,2019-08-25,5046,10,4,4543145,4,2.19,8.76
