Data/snickers_df.csv
,index,site_id,item_id,date,sq_footage,mpds,locale,periodic_gbv,quantity_sold,price,sales
5170,804159,517,-14148,2019-08-26,5046,10,4,4543145,2,2.19,4.38
5177,805062,517,-14148,2019-08-27,5046,10,4,4543145,2,2.19,4.38
5182,805742,517,-14148,2019-08-28,5046,10,4,4543145,4,2.19,8.76
5189,807209,517,-14148,2019-08-29,5046,10,4,4543145,8,2.19,17.52
5198,808627,517,-14148,2019-08-30,5046,10,4,4543145,6,2.19,13.14
5209,811168,517,-14148,2019-08-31,5046,10,4,4543145,2,2.19,4.38
5219,812685,517,-14148,2019-09-01,5046,10,4,4543145,1,2.19,2.19
5228,814045,517,-14148,2019-09-02,5046,10,4,4543145,3,2.19,6.57
5238,815661,517,-14148,2019-09-04,5046,10,4,4543145,2,2.19,4.38
5245,817215,517,-14148,2019-09-05,5046,10,4,4543145,3,2.19,6.57
5253,818662,517,-14148,2019-09-06,5046,10,4,4543145,5,2.19,10.95
5266,820884,517,-14148,2019-09-07,5046,10,4,4543145,3,2.19,6.57
5276,823648,517,-14148,2019-09-09,5046,10,4,4543145,5,2.19,10.95
5285,824632,517,-14148,2019-09-10,5046,10,4,4543145,7,2.19,15.33
5292,825761,517,-14148,2019-09-11,5046,10,4,4543145,4,2.19,8.76
5298,826785,517,-14148,2019-09-12,5046,10,4,4543145,9,2.19,19.71
5309,828795,517,-14148,2019-09-13,5046,10,4,4528145,8,2.19,17.52
5316,830078,517,-14148,2019-09-14,5046,10,4,4528145,5,2.19,10.95
5326,831674,517,-14148,2019-09-15,5046,10,4,4528145,6,2.19,13.14
5331,832983,517,-14148,2019-09-16,5046,10,4,4528145,11,2.19,24.09
5343,834394,517,-14148,2019-09-17,5046,10,4,4528145,11,2.19,24.09
5346,835075,517,-14148,2019-09-18,5046,10,4,4528145,10,2.19,21.9
5360,837243,517,-14148,2019-09-19,5046,10,4,4528145,9,1.9455555555555557,17.51
5366,838138,517,-14148,2019-09-20,5046,10,4,4528145,13,1.9869230769230768,25.83
5378,840239,517,-14148,2019-09-21,5046,10,4,4528145,15,1.9553333333333331,29.33
5387,841754,517,-14148,2019-09-22,5046,10,4,4528145,10,1.97,19.7
5396,843232,517,-14148,2019-09-23,5046,10,4,4528145,5,2.102,10.51
5407,845194,517,-14148,2019-09-24,5046,10,4,4528145,4,1.97,7.88
5422,846646,517,-14148,2019-09-25,5046,10,4,4528145,5,2.102,10.51
5424,847151,517,-14148,2019-09-26,5046,10,4,4528145,16,1.915,30.64
5441,850398,517,-14148,2019-09-27,5046,10,4,4528145,9,2.092222222222222,18.83
5446,851198,517,-14148,2019-09-28,5046,10,4,4528145,11,1.87,20.57
5454,852479,517,-14148,2019-09-29,5046,10,4,4528145,3,2.0433333333333334,6.13
5462,853646,517,-14148,2019-09-30,5046,10,4,4528145,6,1.8966666666666667,11.38
5474,855345,517,-14148,2019-10-01,5046,10,4,4528145,13,1.8853846153846154,24.51
5486,857296,517,-14148,2019-10-02,5046,10,4,4528145,12,2.0066666666666664,24.08
5490,857988,517,-14148,2019-10-03,5046,10,4,4528145,10,1.8379999999999999,18.38
5507,860285,517,-14148,2019-10-04,5046,10,4,4528145,8,1.75,14.0
5518,862640,517,-14148,2019-10-05,5046,10,4,4528145,4,1.97,7.88
5521,863472,517,-14148,2019-10-06,5046,10,4,4528145,10,2.058,20.58
5530,864508,517,-14148,2019-10-07,5046,10,4,4528145,9,1.8477777777777777,16.63
5545,866616,517,-14148,2019-10-08,5046,10,4,4528145,13,1.9530769230769232,25.39
5550,867448,517,-14148,2019-10-09,5046,10,4,4528145,14,1.875714285714286,26.26
5564,869617,517,-14148,2019-10-10,5046,10,4,4528145,8,1.97,15.76
5571,870996,517,-14148,2019-10-11,5046,10,4,4533382,10,2.0140000000000002,20.14
5584,873131,517,-14148,2019-10-12,5046,10,4,4533382,11,1.9100000000000001,21.01
5585,873269,517,-14148,2019-10-13,5046,10,4,4533382,6,1.8233333333333333,10.94
5593,874736,517,-14148,2019-10-14,5046,10,4,4533382,3,1.8966666666666667,5.69
5611,877322,517,-14148,2019-10-15,5046,10,4,4533382,6,1.8966666666666667,11.38
5614,877378,517,-14148,2019-10-16,5046,10,4,4533382,11,1.8299999999999998,20.13
5625,879404,517,-14148,2019-10-17,5046,10,4,4533382,13,2.0546153846153845,26.71
5639,881713,517,-14148,2019-10-18,5046,10,4,4533382,10,1.9260000000000002,19.26
5644,882327,517,-14148,2019-10-19,5046,10,4,4533382,7,2.19,15.33
5654,883831,517,-14148,2019-10-20,5046,10,4,4533382,3,1.8966666666666667,5.69
5674,886701,517,-14148,2019-10-22,5046,10,4,4533382,11,1.87,20.57
5682,888130,517,-14148,2019-10-23,5046,10,4,4533382,6,2.0066666666666664,12.04
5691,889174,517,-14148,2019-10-24,5046,10,4,4533382,8,2.19,17.52
5706,891648,517,-14148,2019-10-25,5046,10,4,4533382,3,2.19,6.57
5714,893359,517,-14148,2019-10-26,5046,10,4,4533382,1,2.19,2.19
5722,894543,517,-14148,2019-10-27,5046,10,4,4533382,1,2.19,2.19
5735,895898,517,-14148,2019-10-28,5046,10,4,4533382,2,2.19,4.38
5739,896449,517,-14148,2019-10-29,5046,10,4,4533382,8,2.19,17.52
5744,897236,517,-14148,2019-10-30,5046,10,4,4533382,3,2.19,6.57
5762,899445,517,-14148,2019-10-31,5046,10,4,4533382,7,2.19,15.33
5771,900745,517,-14148,2019-11-01,5046,10,4,4533382,5,2.19,10.95
5774,901878,517,-14148,2019-11-02,5046,10,4,4533382,3,2.19,6.57
5783,903138,517,-14148,2019-11-03,5046,10,4,4533382,6,2.19,13.14
5789,903968,517,-14148,2019-11-04,5046,10,4,4533382,2,2.19,4.38
5798,905000,517,-14148,2019-11-05,5046,10,4,4533382,1,2.19,2.19
5806,905988,517,-14148,2019-11-06,5046,10,4,4533382,5,2.19,10.95
5812,906768,517,-14148,2019-11-07,5046,10,4,4533382,9,2.19,19.71
5,581,554,-14148,2017-11-08,4000,20,2,4593539,4,1.74,6.96
11,1249,554,-14148,2017-11-09,4000,20,2,4593539,3,1.99,5.97
19,2790,554,-14148,2017-11-10,4000,20,2,4593539,3,1.99,5.97
22,3176,554,-14148,2017-11-11,4000,20,2,4593539,1,1.99,1.99
29,4336,554,-14148,2017-11-12,4000,20,2,4593539,1,1.99,1.99
32,4832,554,-14148,2017-11-13,4000,20,2,4593539,5,1.9899999999999998,9.95
38,5639,554,-14148,2017-11-14,4000,20,2,4593539,2,1.99,3.98
44,6779,554,-14148,2017-11-15,4000,20,2,4593539,2,1.99,3.98
53,7941,554,-14148,2017-11-16,4000,20,2,4593539,3,1.99,5.97
61,9154,554,-14148,2017-11-17,4000,20,2,4593539,1,1.99,1.99
64,9596,554,-14148,2017-11-18,4000,20,2,4593539,1,1.99,1.99
70,10892,554,-14148,2017-11-19,4000,20,2,4593539,1,1.99,1.99
78,11931,554,-14148,2017-11-20,4000,20,2,4593539,2,1.99,3.98
84,12872,554,-14148,2017-11-21,4000,20,2,4593539,2,1.99,3.98
94,14437,554,-14148,2017-11-23,4000,20,2,4593539,1,1.99,1.99
99,15647,554,-14148,2017-11-24,4000,20,2,4593539,1,1.99,1.99
107,17263,554,-14148,2017-11-25,4000,20,2,4593539,1,1.99,1.99
109,17396,554,-14148,2017-11-26,4000,20,2,4593539,4,1.99,7.96
117,18500,554,-14148,2017-11-27,4000,20,2,4593539,3,1.3233333333333335,3.97
122,19153,554,-14148,2017-11-28,4000,20,2,4593539,2,1.99,3.98
127,20011,554,-14148,2017-11-29,4000,20,2,4593539,1,1.99,1.99
141,22122,554,-14148,2017-12-01,4000,20,2,4593539,3,1.99,5.97
147,23115,554,-14148,2017-12-02,4000,20,2,4593539,1,1.99,1.99
156,24309,554,-14148,2017-12-03,4000,20,2,4593539,7,1.8485714285714285,12.94
167,25716,554,-14148,2017-12-04,4000,20,2,4593539,2,1.66,3.32
174,26386,554,-14148,2017-12-05,4000,20,2,4593539,1,1.99,1.99
178,27136,554,-14148,2017-12-06,4000,20,2,4593539,4,1.99,7.96
181,27841,554,-14148,2017-12-07,4000,20,2,4593539,4,1.9075,7.63
192,29250,554,-14148,2017-12-08,4000,20,2,4593539,3,1.6566666666666665,4.97
202,30649,554,-14148,2017-12-10,4000,20,2,4593539,4,1.825,7.3
209,31440,554,-14148,2017-12-11,4000,20,2,4593539,4,1.825,7.3
216,32571,554,-14148,2017-12-12,4000,20,2,4593539,4,1.9075,7.63
224,33738,554,-14148,2017-12-13,4000,20,2,4593539,2,1.99,3.98
230,34377,554,-14148,2017-12-14,4000,20,2,4593539,5,1.924,9.62
237,35598,554,-14148,2017-12-15,4000,20,2,4593539,2,1.825,3.65
242,36448,554,-14148,2017-12-16,4000,20,2,4593539,4,1.99,7.96
254,38237,554,-14148,2017-12-17,4000,20,2,4593539,2,1.99,3.98
258,38981,554,-14148,2017-12-18,4000,20,2,4593539,5,1.924,9.62
268,40092,554,-14148,2017-12-19,4000,20,2,4593539,2,1.99,3.98
274,40593,554,-14148,2017-12-20,4000,20,2,4593539,3,1.99,5.97
283,42195,554,-14148,2017-12-21,4000,20,2,4593539,2,1.99,3.98
286,42600,554,-14148,2017-12-22,4000,20,2,4593539,5,1.7920000000000003,8.96
297,44241,554,-14148,2017-12-23,4000,20,2,4593539,1,1.99,1.99
304,45234,554,-14148,2017-12-24,4000,20,2,4593539,2,1.66,3.32
314,46584,554,-14148,2017-12-26,4000,20,2,4593539,2,1.99,3.98
323,47673,554,-14148,2017-12-27,4000,20,2,4593539,3,1.99,5.97
332,48428,554,-14148,2017-12-28,4000,20,2,4593539,4,1.99,7.96
338,49376,554,-14148,2017-12-29,4000,20,2,4595890,1,1.99,1.99
343,50171,554,-14148,2017-12-30,4000,20,2,4595890,4,1.99,7.96
351,51160,554,-14148,2017-12-31,4000,20,2,4595890,2,1.99,3.98
367,53579,554,-14148,2018-01-02,4000,20,2,4595890,2,1.99,3.98
372,53723,554,-14148,2018-01-03,4000,20,2,4595890,1,1.99,1.99
380,54586,554,-14148,2018-01-04,4000,20,2,4595890,3,1.6033333333333333,4.81
391,56138,554,-14148,2018-01-05,4000,20,2,4595890,4,1.8275,7.31
401,57414,554,-14148,2018-01-06,4000,20,2,4595890,3,1.88,5.64
407,57950,554,-14148,2018-01-07,4000,20,2,4595890,1,0.83,0.83
413,59040,554,-14148,2018-01-08,4000,20,2,4595890,2,1.99,3.98
423,59873,554,-14148,2018-01-09,4000,20,2,4595890,1,1.99,1.99
429,60708,554,-14148,2018-01-10,4000,20,2,4595890,1,0.83,0.83
435,61588,554,-14148,2018-01-11,4000,20,2,4595890,4,1.7,6.8
440,62401,554,-14148,2018-01-12,4000,20,2,4595890,5,1.7579999999999998,8.79
447,63681,554,-14148,2018-01-13,4000,20,2,4595890,3,1.99,5.97
455,64721,554,-14148,2018-01-14,4000,20,2,4595890,2,1.665,3.33
469,66645,554,-14148,2018-01-15,4000,20,2,4595890,4,1.99,7.96
474,66778,554,-14148,2018-01-16,4000,20,2,4595890,5,1.9899999999999998,9.95
492,69576,554,-14148,2018-01-18,4000,20,2,4595890,6,1.5783333333333334,9.47
494,69848,554,-14148,2018-01-19,4000,20,2,4595890,4,1.83,7.32
505,71561,554,-14148,2018-01-20,4000,20,2,4595890,4,1.9075,7.63
517,73149,554,-14148,2018-01-22,4000,20,2,4595890,5,1.9260000000000002,9.63
526,74615,554,-14148,2018-01-23,4000,20,2,4595890,3,1.99,5.97
541,76718,554,-14148,2018-01-25,4000,20,2,4595890,4,1.6625,6.65
547,77438,554,-14148,2018-01-26,4000,20,2,4595890,2,1.99,3.98
557,78934,554,-14148,2018-01-27,4000,20,2,4595890,5,1.86,9.3
566,80432,554,-14148,2018-01-28,4000,20,2,4595890,2,1.99,3.98
570,80783,554,-14148,2018-01-29,4000,20,2,4595890,3,1.99,5.97
592,83438,554,-14148,2018-01-31,4000,20,2,4595890,5,1.924,9.62
597,84446,554,-14148,2018-02-01,4000,20,2,4595890,3,1.6600000000000001,4.98
615,87271,554,-14148,2018-02-03,4000,20,2,4595890,8,0.995,7.96
622,88704,554,-14148,2018-02-05,4000,20,2,4595890,4,1.5825,6.33
635,90314,554,-14148,2018-02-06,4000,20,2,4595890,5,1.596,7.98
645,91675,554,-14148,2018-02-07,4000,20,2,4595890,3,1.99,5.97
646,91774,554,-14148,2018-02-08,4000,20,2,4595890,3,1.8833333333333335,5.65
668,95491,554,-14148,2018-02-10,4000,20,2,4595890,3,1.99,5.97
682,97415,554,-14148,2018-02-12,4000,20,2,4595890,1,1.99,1.99
687,98190,554,-14148,2018-02-13,4000,20,2,4595890,1,1.99,1.99
696,99329,554,-14148,2018-02-14,4000,20,2,4595890,6,1.99,11.94
697,99839,554,-14148,2018-02-15,4000,20,2,4595890,3,1.99,5.97
711,101736,554,-14148,2018-02-16,4000,20,2,4595890,1,1.99,1.99
718,103144,554,-14148,2018-02-17,4000,20,2,4595890,2,1.99,3.98
729,104900,554,-14148,2018-02-19,4000,20,2,4595890,3,1.99,5.97
732,105192,554,-14148,2018-02-20,4000,20,2,4595890,5,1.9899999999999998,9.95
745,106904,554,-14148,2018-02-21,4000,20,2,4595890,2,1.99,3.98
746,107081,554,-14148,2018-02-22,4000,20,2,4595890,2,1.99,3.98
778,113243,554,-14148,2018-02-27,4000,20,2,4595890,3,1.99,5.97
785,114574,554,-14148,2018-02-28,4000,20,2,4595890,3,1.99,5.97
794,115553,554,-14148,2018-03-01,4000,20,2,4595890,2,1.99,3.98
804,117433,554,-14148,2018-03-02,4000,20,2,4595890,5,1.9899999999999998,9.95
811,118558,554,-14148,2018-03-03,4000,20,2,4595890,3,1.6566666666666665,4.97
821,120176,554,-14148,2018-03-05,4000,20,2,4595890,2,1.99,3.98
826,121397,554,-14148,2018-03-06,4000,20,2,4595890,2,1.99,3.98
832,122312,554,-14148,2018-03-07,4000,20,2,4595890,2,1.99,3.98
838,123616,554,-14148,2018-03-08,4000,20,2,4595890,4,1.99,7.96
847,125194,554,-14148,2018-03-09,4000,20,2,4595890,6,1.99,11.94
852,125615,554,-14148,2018-03-10,4000,20,2,4595890,3,1.99,5.97
860,126978,554,-14148,2018-03-11,4000,20,2,4595890,1,1.99,1.99
868,128122,554,-14148,2018-03-12,4000,20,2,4595890,2,1.99,3.98
879,129828,554,-14148,2018-03-13,4000,20,2,4595890,3,1.99,5.97
887,131066,554,-14148,2018-03-14,4000,20,2,4595890,3,1.99,5.97
889,131403,554,-14148,2018-03-15,4000,20,2,4595890,5,1.9899999999999998,9.95
903,134038,554,-14148,2018-03-17,4000,20,2,4595890,1,1.99,1.99
914,135387,554,-14148,2018-03-18,4000,20,2,4595890,2,1.99,3.98
918,136413,554,-14148,2018-03-19,4000,20,2,4595890,2,1.99,3.98
928,137964,554,-14148,2018-03-20,4000,20,2,4595890,2,1.99,3.98
931,138305,554,-14148,2018-03-21,4000,20,2,4595890,3,1.99,5.97
939,139518,554,-14148,2018-03-22,4000,20,2,4595890,3,1.99,5.97
947,140557,554,-14148,2018-03-23,4000,20,2,4596721,3,1.99,5.97
960,143040,554,-14148,2018-03-24,4000,20,2,4596721,3,1.99,5.97
962,143552,554,-14148,2018-03-25,4000,20,2,4596721,1,1.99,1.99
969,145014,554,-14148,2018-03-26,4000,20,2,4596721,2,1.99,3.98
976,145724,554,-14148,2018-03-27,4000,20,2,4596721,3,1.99,5.97
990,147366,554,-14148,2018-03-28,4000,20,2,4596721,2,1.99,3.98
995,148178,554,-14148,2018-03-29,4000,20,2,4596721,5,1.924,9.62
1000,149179,554,-14148,2018-03-30,4000,20,2,4596721,2,1.99,3.98
1009,150794,554,-14148,2018-03-31,4000,20,2,4596721,2,1.825,3.65
1026,152969,554,-14148,2018-04-02,4000,20,2,4596721,4,1.99,7.96
1034,153948,554,-14148,2018-04-03,4000,20,2,4596721,2,1.825,3.65
1038,154363,554,-14148,2018-04-04,4000,20,2,4596721,6,1.8283333333333334,10.97
1053,156246,554,-14148,2018-04-05,4000,20,2,4596721,2,1.83,3.66
1058,157020,554,-14148,2018-04-06,4000,20,2,4596721,3,1.8833333333333335,5.65
1069,158628,554,-14148,2018-04-07,4000,20,2,4596721,6,1.6633333333333333,9.98
1075,159383,554,-14148,2018-04-08,4000,20,2,4596721,1,1.99,1.99
1078,159842,554,-14148,2018-04-09,4000,20,2,4596721,1,1.66,1.66
1089,161074,554,-14148,2018-04-10,4000,20,2,4596721,6,1.8283333333333334,10.97
1097,162291,554,-14148,2018-04-11,4000,20,2,4596721,8,1.78625,14.29
1108,163930,554,-14148,2018-04-12,4000,20,2,4596721,4,1.9075,7.63
1110,164010,554,-14148,2018-04-13,4000,20,2,4596721,1,1.99,1.99
1118,165441,554,-14148,2018-04-14,4000,20,2,4596721,1,1.99,1.99
1126,166877,554,-14148,2018-04-15,4000,20,2,4596721,2,1.83,3.66
1134,168250,554,-14148,2018-04-16,4000,20,2,4596721,3,1.7733333333333334,5.32
1142,169112,554,-14148,2018-04-17,4000,20,2,4596721,2,1.67,3.34
1150,170163,554,-14148,2018-04-18,4000,20,2,4596721,4,1.91,7.64
1168,173286,554,-14148,2018-04-20,4000,20,2,4596721,3,1.99,5.97
1182,175827,554,-14148,2018-04-22,4000,20,2,4596721,2,1.99,3.98
1192,177230,554,-14148,2018-04-23,4000,20,2,4596721,3,1.8833333333333335,5.65
1198,177480,554,-14148,2018-04-24,4000,20,2,4596721,3,1.7733333333333334,5.32
1207,179295,554,-14148,2018-04-25,4000,20,2,4596721,1,1.99,1.99
1212,180253,554,-14148,2018-04-26,4000,20,2,4596721,7,1.8042857142857145,12.63
1216,180771,554,-14148,2018-04-27,4000,20,2,4596721,2,1.99,3.98
1223,182252,554,-14148,2018-04-28,4000,20,2,4596721,3,1.7699999999999998,5.31
1232,183792,554,-14148,2018-04-29,4000,20,2,4596721,2,1.83,3.66
1238,185298,554,-14148,2018-04-30,4000,20,2,4596721,5,1.794,8.97
1250,186861,554,-14148,2018-05-01,4000,20,2,4596721,6,1.7733333333333334,10.64
1261,188199,554,-14148,2018-05-02,4000,20,2,4596721,1,1.99,1.99
1262,188446,554,-14148,2018-05-03,4000,20,2,4596721,2,1.83,3.66
1273,190586,554,-14148,2018-05-04,4000,20,2,4596721,2,1.825,3.65
1295,194212,554,-14148,2018-05-07,4000,20,2,4596721,5,1.86,9.3
1300,194937,554,-14148,2018-05-08,4000,20,2,4596721,5,1.86,9.3
1309,196103,554,-14148,2018-05-09,4000,20,2,4596721,2,1.99,3.98
1316,197323,554,-14148,2018-05-10,4000,20,2,4596721,5,1.9899999999999998,9.95
1327,198894,554,-14148,2018-05-11,4000,20,2,4596721,8,1.88,15.04
1334,200501,554,-14148,2018-05-12,4000,20,2,4596721,7,1.99,13.93
1341,201728,554,-14148,2018-05-13,4000,20,2,4596721,2,1.99,3.98
1345,202643,554,-14148,2018-05-14,4000,20,2,4596721,2,1.99,3.98
1356,203695,554,-14148,2018-05-15,4000,20,2,4596721,1,1.99,1.99
1364,204866,554,-14148,2018-05-16,4000,20,2,4596721,1,1.99,1.99
1374,206816,554,-14148,2018-05-18,4000,20,2,4605425,6,1.99,11.94
1387,209065,554,-14148,2018-05-19,4000,20,2,4605425,4,1.99,7.96
1393,210238,554,-14148,2018-05-20,4000,20,2,4605425,2,1.99,3.98
1395,210612,554,-14148,2018-05-21,4000,20,2,4605425,6,1.99,11.94
1410,212805,554,-14148,2018-05-22,4000,20,2,4605425,6,1.99,11.94
1415,213547,554,-14148,2018-05-23,4000,20,2,4605425,4,1.99,7.96
1419,214152,554,-14148,2018-05-24,4000,20,2,4605425,5,1.9899999999999998,9.95
1430,216226,554,-14148,2018-05-25,4000,20,2,4605425,8,1.99,15.92
1440,217583,554,-14148,2018-05-26,4000,20,2,4605425,2,1.99,3.98
1449,219221,554,-14148,2018-05-27,4000,20,2,4605425,1,1.99,1.99
1455,220228,554,-14148,2018-05-28,4000,20,2,4605425,1,1.99,1.99
1462,221020,554,-14148,2018-05-29,4000,20,2,4605425,3,1.99,5.97
1469,222197,554,-14148,2018-05-30,4000,20,2,4605425,2,1.99,3.98
1477,223823,554,-14148,2018-05-31,4000,20,2,4605425,4,1.99,7.96
1485,225074,554,-14148,2018-06-01,4000,20,2,4605425,3,1.99,5.97
1489,225548,554,-14148,2018-06-02,4000,20,2,4605425,5,1.9899999999999998,9.95
1499,227410,554,-14148,2018-06-03,4000,20,2,4605425,1,1.99,1.99
1507,228767,554,-14148,2018-06-04,4000,20,2,4605425,4,1.99,7.96
1510,229361,554,-14148,2018-06-05,4000,20,2,4605425,6,1.99,11.94
1519,230277,554,-14148,2018-06-06,4000,20,2,4605425,5,1.9899999999999998,9.95
1529,232215,554,-14148,2018-06-07,4000,20,2,4605425,3,1.99,5.97
1535,233258,554,-14148,2018-06-08,4000,20,2,4605425,8,1.99,15.92
1555,236031,554,-14148,2018-06-10,4000,20,2,4605425,1,1.99,1.99
1563,237753,554,-14148,2018-06-12,4000,20,2,4605425,2,1.99,3.98
1574,239524,554,-14148,2018-06-13,4000,20,2,4605425,4,1.99,7.96
1578,239853,554,-14148,2018-06-14,4000,20,2,4605425,5,1.9899999999999998,9.95
1582,240873,554,-14148,2018-06-15,4000,20,2,4605425,2,1.99,3.98
1590,242144,554,-14148,2018-06-16,4000,20,2,4605425,2,1.99,3.98
1606,244563,554,-14148,2018-06-18,4000,20,2,4605425,2,1.99,3.98
1614,246147,554,-14148,2018-06-19,4000,20,2,4605425,3,1.99,5.97
1622,247390,554,-14148,2018-06-20,4000,20,2,4605425,5,1.9420000000000002,9.71
1634,249144,554,-14148,2018-06-21,4000,20,2,4605425,3,1.83,5.49
1635,249333,554,-14148,2018-06-22,4000,20,2,4605425,4,1.87,7.48
