Data/snickers_df.csv
,index,site_id,item_id,date,sq_footage,mpds,locale,periodic_gbv,quantity_sold,price,sales
1650,251833,554,-14148,2018-06-23,4000,20,2,4605425,4,1.87,7.48
1658,253133,554,-14148,2018-06-25,4000,20,2,4605425,1,1.75,1.75
1673,255180,554,-14148,2018-06-26,4000,20,2,4605425,4,1.99,7.96
1675,255467,554,-14148,2018-06-27,4000,20,2,4605425,2,1.99,3.98
1684,256720,554,-14148,2018-06-28,4000,20,2,4605425,2,1.87,3.74
1724,263385,554,-14148,2018-07-03,4000,20,2,4605425,4,1.93,7.72
1731,264487,554,-14148,2018-07-04,4000,20,2,4605425,4,1.75,7.0
1739,265699,554,-14148,2018-07-05,4000,20,2,4605425,4,1.99,7.96
1745,266846,554,-14148,2018-07-06,4000,20,2,4605425,2,1.75,3.5
1755,268138,554,-14148,2018-07-07,4000,20,2,4605425,4,1.99,7.96
1761,269223,554,-14148,2018-07-08,4000,20,2,4605425,1,1.75,1.75
1770,270274,554,-14148,2018-07-09,4000,20,2,4605425,3,1.99,5.97
1774,270970,554,-14148,2018-07-10,4000,20,2,4605425,4,1.87,7.48
1787,272501,554,-14148,2018-07-11,4000,20,2,4605425,6,1.83,10.98
1790,273280,554,-14148,2018-07-12,4000,20,2,4605425,4,1.93,7.72
1806,276181,554,-14148,2018-07-14,4000,20,2,4605425,1,1.75,1.75
1827,279484,554,-14148,2018-07-17,4000,20,2,4605425,4,1.93,7.72
1838,281115,554,-14148,2018-07-18,4000,20,2,4605425,4,1.87,7.48
1841,281505,554,-14148,2018-07-19,4000,20,2,4605425,2,1.99,3.98
1848,282740,554,-14148,2018-07-20,4000,20,2,4605425,11,1.9245454545454548,21.17
1856,284092,554,-14148,2018-07-21,4000,20,2,4605425,1,1.75,1.75
1865,285380,554,-14148,2018-07-22,4000,20,2,4605425,1,1.99,1.99
1879,287088,554,-14148,2018-07-23,4000,20,2,4605425,3,1.99,5.97
1880,287549,554,-14148,2018-07-24,4000,20,2,4605425,3,1.83,5.49
1893,289041,554,-14148,2018-07-25,4000,20,2,4605425,3,1.9100000000000001,5.73
1903,290223,554,-14148,2018-07-26,4000,20,2,4605425,1,1.99,1.99
1914,292286,554,-14148,2018-07-28,4000,20,2,4605425,3,1.99,5.97
1924,293953,554,-14148,2018-07-29,4000,20,2,4605425,2,1.87,3.74
1927,294399,554,-14148,2018-07-30,4000,20,2,4605425,4,1.81,7.24
1941,296400,554,-14148,2018-07-31,4000,20,2,4605425,3,1.83,5.49
1944,296894,554,-14148,2018-08-01,4000,20,2,4605425,14,1.2092857142857143,16.93
1951,297728,554,-14148,2018-08-02,4000,20,2,4605425,16,1.119375,17.91
1959,299225,554,-14148,2018-08-03,4000,20,2,4605425,18,0.9938888888888889,17.89
1969,300229,554,-14148,2018-08-04,4000,20,2,4605425,7,0.9928571428571429,6.95
1974,301350,554,-14148,2018-08-05,4000,20,2,4605425,5,0.994,4.97
1985,302478,554,-14148,2018-08-06,4000,20,2,4605425,6,1.555,9.33
1990,303475,554,-14148,2018-08-07,4000,20,2,4605425,11,1.5036363636363637,16.54
2001,305257,554,-14148,2018-08-08,4000,20,2,4605425,12,1.1925000000000001,14.31
2006,305847,554,-14148,2018-08-09,4000,20,2,4605425,12,1.4100000000000001,16.92
2014,307019,554,-14148,2018-08-10,4000,20,2,4613399,4,1.555,6.22
2024,308891,554,-14148,2018-08-11,4000,20,2,4613399,5,1.294,6.47
2037,310685,554,-14148,2018-08-12,4000,20,2,4613399,5,1.1199999999999999,5.6
2040,311128,554,-14148,2018-08-13,4000,20,2,4613399,12,1.265,15.18
2046,311956,554,-14148,2018-08-14,4000,20,2,4613399,4,1.555,6.22
2061,314044,554,-14148,2018-08-15,4000,20,2,4613399,17,1.1199999999999999,19.04
2068,315373,554,-14148,2018-08-16,4000,20,2,4613399,4,1.12,4.48
2072,315551,554,-14148,2018-08-17,4000,20,2,4613399,16,1.174375,18.79
2081,317463,554,-14148,2018-08-18,4000,20,2,4613399,10,1.207,12.07
2091,319062,554,-14148,2018-08-19,4000,20,2,4613399,10,1.294,12.94
2105,320755,554,-14148,2018-08-20,4000,20,2,4613399,17,1.2588235294117647,21.4
2109,321362,554,-14148,2018-08-21,4000,20,2,4613399,5,1.1199999999999999,5.6
2116,322276,554,-14148,2018-08-22,4000,20,2,4613399,3,1.4100000000000001,4.23
2127,323837,554,-14148,2018-08-23,4000,20,2,4613399,22,1.1595454545454547,25.51
2138,325833,554,-14148,2018-08-24,4000,20,2,4613399,18,1.1544444444444446,20.78
2151,327673,554,-14148,2018-08-25,4000,20,2,4613399,16,1.12,17.92
2158,328731,554,-14148,2018-08-26,4000,20,2,4613399,7,1.1199999999999999,7.84
2165,329939,554,-14148,2018-08-27,4000,20,2,4613399,18,1.3133333333333335,23.64
2173,330819,554,-14148,2018-08-28,4000,20,2,4613399,16,1.174375,18.79
2184,332116,554,-14148,2018-08-29,4000,20,2,4613399,15,1.236,18.54
2193,333599,554,-14148,2018-08-30,4000,20,2,4613399,13,1.186923076923077,15.43
2205,335407,554,-14148,2018-08-31,4000,20,2,4613399,19,1.1657894736842105,22.15
2209,336247,554,-14148,2018-09-01,4000,20,2,4613399,13,1.186923076923077,15.43
2217,337320,554,-14148,2018-09-02,4000,20,2,4613399,12,1.1199999999999999,13.44
2226,338793,554,-14148,2018-09-03,4000,20,2,4613399,12,1.265,15.18
2234,339780,554,-14148,2018-09-04,4000,20,2,4613399,10,1.008,10.08
2247,341448,554,-14148,2018-09-05,4000,20,2,4613399,11,1.4363636363636365,15.8
2256,342894,554,-14148,2018-09-06,4000,20,2,4613399,19,1.211578947368421,23.02
2263,343703,554,-14148,2018-09-07,4000,20,2,4613399,16,1.174375,18.79
2269,344969,554,-14148,2018-09-08,4000,20,2,4613399,8,1.22875,9.83
2282,347058,554,-14148,2018-09-09,4000,20,2,4613399,14,1.1821428571428572,16.55
2295,348606,554,-14148,2018-09-10,4000,20,2,4613399,8,1.22875,9.83
2302,349423,554,-14148,2018-09-11,4000,20,2,4613399,30,1.1780000000000002,35.34
2309,350735,554,-14148,2018-09-12,4000,20,2,4613399,10,1.8219999999999998,18.22
2316,351183,554,-14148,2018-09-13,4000,20,2,4613399,7,1.8185714285714287,12.73
2323,352724,554,-14148,2018-09-14,4000,20,2,4613399,2,1.87,3.74
2331,354274,554,-14148,2018-09-15,4000,20,2,4613399,3,1.9100000000000001,5.73
2346,356279,554,-14148,2018-09-16,4000,20,2,4613399,1,1.99,1.99
2354,357488,554,-14148,2018-09-17,4000,20,2,4613399,2,1.99,3.98
2357,357954,554,-14148,2018-09-18,4000,20,2,4613399,5,1.9420000000000002,9.71
2368,359845,554,-14148,2018-09-19,4000,20,2,4613399,1,1.99,1.99
2378,360739,554,-14148,2018-09-20,4000,20,2,4613399,7,1.9214285714285713,13.45
2389,362673,554,-14148,2018-09-21,4000,20,2,4613399,4,1.87,7.48
2394,363474,554,-14148,2018-09-22,4000,20,2,4613399,3,1.83,5.49
2408,365974,554,-14148,2018-09-23,4000,20,2,4613399,3,1.75,5.25
2413,366593,554,-14148,2018-09-24,4000,20,2,4613399,1,1.75,1.75
2426,368322,554,-14148,2018-09-25,4000,20,2,4613399,6,1.95,11.7
2435,369532,554,-14148,2018-09-26,4000,20,2,4613399,8,1.9,15.2
2446,371025,554,-14148,2018-09-27,4000,20,2,4613399,5,1.8940000000000001,9.47
2455,372543,554,-14148,2018-09-28,4000,20,2,4613399,5,1.9899999999999998,9.95
2460,373956,554,-14148,2018-09-29,4000,20,2,4613399,7,1.9214285714285713,13.45
2464,374368,554,-14148,2018-09-30,4000,20,2,4613399,1,1.75,1.75
2476,376290,554,-14148,2018-10-01,4000,20,2,4613399,3,1.9100000000000001,5.73
2488,377806,554,-14148,2018-10-02,4000,20,2,4613399,5,1.9899999999999998,9.95
2496,378887,554,-14148,2018-10-03,4000,20,2,4613399,2,1.99,3.98
2499,379453,554,-14148,2018-10-04,4000,20,2,4613399,3,1.83,5.49
2515,381957,554,-14148,2018-10-05,4000,20,2,4613399,1,1.99,1.99
2523,382729,554,-14148,2018-10-06,4000,20,2,4613399,3,1.9100000000000001,5.73
2532,384581,554,-14148,2018-10-07,4000,20,2,4613399,2,1.87,3.74
2540,385404,554,-14148,2018-10-08,4000,20,2,4613399,2,1.75,3.5
2550,387022,554,-14148,2018-10-09,4000,20,2,4613399,4,1.99,7.96
2555,387588,554,-14148,2018-10-10,4000,20,2,4613399,4,1.93,7.72
2563,388441,554,-14148,2018-10-11,4000,20,2,4613399,4,1.93,7.72
2571,389755,554,-14148,2018-10-12,4000,20,2,4613399,1,1.99,1.99
2582,391222,554,-14148,2018-10-13,4000,20,2,4613399,1,1.99,1.99
2590,392898,554,-14148,2018-10-14,4000,20,2,4613399,4,1.87,7.48
2603,394809,554,-14148,2018-10-15,4000,20,2,4613399,3,1.99,5.97
2606,395278,554,-14148,2018-10-16,4000,20,2,4613399,4,1.93,7.72
2619,396940,554,-14148,2018-10-17,4000,20,2,4613399,2,1.99,3.98
2628,398083,554,-14148,2018-10-18,4000,20,2,4613399,3,1.75,5.25
2634,399468,554,-14148,2018-10-19,4000,20,2,4613399,1,1.99,1.99
2655,402728,554,-14148,2018-10-21,4000,20,2,4613399,1,1.99,1.99
2664,404352,554,-14148,2018-10-22,4000,20,2,4613399,1,1.99,1.99
2679,406373,554,-14148,2018-10-24,4000,20,2,4613399,2,1.99,3.98
2686,407498,554,-14148,2018-10-25,4000,20,2,4613399,3,1.99,5.97
2693,408709,554,-14148,2018-10-26,4000,20,2,4613399,1,1.99,1.99
2701,410215,554,-14148,2018-10-27,4000,20,2,4613399,1,0.99,0.99
2719,413171,554,-14148,2018-10-29,4000,20,2,4613399,4,1.99,7.96
2731,414775,554,-14148,2018-10-31,4000,20,2,4613399,4,1.99,7.96
2743,416031,554,-14148,2018-11-01,4000,20,2,4613399,3,1.99,5.97
2745,416625,554,-14148,2018-11-02,4000,20,2,4613399,3,1.99,5.97
2753,417426,554,-14148,2018-11-03,4000,20,2,4613399,1,1.99,1.99
2761,418949,554,-14148,2018-11-04,4000,20,2,4613399,1,1.99,1.99
2768,419920,554,-14148,2018-11-05,4000,20,2,4613399,2,1.99,3.98
2777,421190,554,-14148,2018-11-06,4000,20,2,4613399,3,1.99,5.97
2785,422294,554,-14148,2018-11-07,4000,20,2,4613399,7,1.99,13.93
2791,423024,554,-14148,2018-11-08,4000,20,2,4613399,1,1.99,1.99
2799,424465,554,-14148,2018-11-09,4000,20,2,4613399,3,1.99,5.97
2806,425295,554,-14148,2018-11-10,4000,20,2,4613399,1,1.99,1.99
2815,427008,554,-14148,2018-11-11,4000,20,2,4613399,1,1.99,1.99
2826,428550,554,-14148,2018-11-12,4000,20,2,4613399,1,1.99,1.99
2831,429726,554,-14148,2018-11-13,4000,20,2,4613399,1,1.99,1.99
2837,430421,554,-14148,2018-11-14,4000,20,2,4613399,1,1.99,1.99
2843,431836,554,-14148,2018-11-15,4000,20,2,4613399,2,1.99,3.98
2851,432820,554,-14148,2018-11-16,4000,20,2,4613399,3,1.99,5.97
2857,434141,554,-14148,2018-11-17,4000,20,2,4613399,2,1.99,3.98
2880,437638,554,-14148,2018-11-20,4000,20,2,4613399,1,1.99,1.99
2889,439426,554,-14148,2018-11-21,4000,20,2,4613399,4,1.99,7.96
2905,441970,554,-14148,2018-11-23,4000,20,2,4613399,1,1.99,1.99
2913,443336,554,-14148,2018-11-24,4000,20,2,4613399,2,1.99,3.98
2922,444335,554,-14148,2018-11-25,4000,20,2,4613399,2,1.99,3.98
2932,445898,554,-14148,2018-11-26,4000,20,2,4613399,3,1.99,5.97
2939,446567,554,-14148,2018-11-27,4000,20,2,4613399,2,1.99,3.98
2944,447804,554,-14148,2018-11-28,4000,20,2,4613399,2,1.99,3.98
2949,448595,554,-14148,2018-11-29,4000,20,2,4613399,1,1.99,1.99
2973,452014,554,-14148,2018-12-01,4000,20,2,4613319,2,1.99,3.98
2981,452966,554,-14148,2018-12-02,4000,20,2,4613319,6,1.99,11.94
2984,453612,554,-14148,2018-12-03,4000,20,2,4613319,2,1.99,3.98
2994,454762,554,-14148,2018-12-04,4000,20,2,4613319,5,1.9899999999999998,9.95
3003,455816,554,-14148,2018-12-05,4000,20,2,4613319,2,1.99,3.98
3014,457297,554,-14148,2018-12-06,4000,20,2,4613319,2,1.99,3.98
3024,459012,554,-14148,2018-12-07,4000,20,2,4613319,1,1.99,1.99
3038,461025,554,-14148,2018-12-09,4000,20,2,4613319,1,1.99,1.99
3061,464018,554,-14148,2018-12-12,4000,20,2,4613319,2,1.75,3.5
3072,465526,554,-14148,2018-12-13,4000,20,2,4613319,2,1.99,3.98
3077,466616,554,-14148,2018-12-14,4000,20,2,4613319,7,1.99,13.93
3086,467717,554,-14148,2018-12-15,4000,20,2,4613319,1,1.99,1.99
3096,469369,554,-14148,2018-12-16,4000,20,2,4613319,1,1.99,1.99
3106,470072,554,-14148,2018-12-17,4000,20,2,4613319,3,1.83,5.49
3118,472033,554,-14148,2018-12-19,4000,20,2,4613319,3,1.99,5.97
3124,473108,554,-14148,2018-12-20,4000,20,2,4613319,4,1.99,7.96
3136,474434,554,-14148,2018-12-21,4000,20,2,4613319,5,1.9420000000000002,9.71
3144,475817,554,-14148,2018-12-22,4000,20,2,4613319,2,1.87,3.74
3160,477704,554,-14148,2018-12-24,4000,20,2,4613319,2,1.75,3.5
3174,479795,554,-14148,2018-12-25,4000,20,2,4613319,1,1.99,1.99
3177,480070,554,-14148,2018-12-26,4000,20,2,4613319,1,1.99,1.99
3196,482199,554,-14148,2018-12-28,4000,20,2,4613319,1,1.99,1.99
3209,483453,554,-14148,2018-12-29,4000,20,2,4613319,1,1.99,1.99
3215,484813,554,-14148,2018-12-30,4000,20,2,4613319,1,1.99,1.99
3219,485438,554,-14148,2018-12-31,4000,20,2,4613319,4,1.75,7.0
3228,486390,554,-14148,2019-01-01,4000,20,2,4613319,3,1.83,5.49
3237,487689,554,-14148,2019-01-02,4000,20,2,4613319,1,1.99,1.99
3242,488555,554,-14148,2019-01-03,4000,20,2,4613319,2,1.75,3.5
3252,489797,554,-14148,2019-01-04,4000,20,2,4613399,2,1.99,3.98
3274,492624,554,-14148,2019-01-07,4000,20,2,4613399,2,1.75,3.5
3282,493728,554,-14148,2019-01-08,4000,20,2,4613399,1,1.99,1.99
3298,495625,554,-14148,2019-01-09,4000,20,2,4613399,5,1.798,8.99
3304,496407,554,-14148,2019-01-10,4000,20,2,4613399,5,1.8940000000000001,9.47
3312,497721,554,-14148,2019-01-11,4000,20,2,4613399,3,1.83,5.49
3319,498731,554,-14148,2019-01-12,4000,20,2,4613399,2,1.87,3.74
3329,500215,554,-14148,2019-01-13,4000,20,2,4613399,1,1.99,1.99
3337,501336,554,-14148,2019-01-14,4000,20,2,4613399,2,1.75,3.5
3349,503031,554,-14148,2019-01-15,4000,20,2,4613399,1,1.99,1.99
3354,503705,554,-14148,2019-01-16,4000,20,2,4613399,2,1.87,3.74
3360,504763,554,-14148,2019-01-17,4000,20,2,4613399,3,1.83,5.49
3372,506549,554,-14148,2019-01-18,4000,20,2,4613399,1,1.99,1.99
3383,508617,554,-14148,2019-01-19,4000,20,2,4613399,2,1.87,3.74
3388,509232,554,-14148,2019-01-20,4000,20,2,4613399,3,1.83,5.49
3394,510025,554,-14148,2019-01-21,4000,20,2,4613399,4,1.81,7.24
3407,511746,554,-14148,2019-01-22,4000,20,2,4613399,2,1.75,3.5
3413,512577,554,-14148,2019-01-23,4000,20,2,4613399,2,1.87,3.74
3427,513975,554,-14148,2019-01-24,4000,20,2,4613399,2,1.87,3.74
3436,516345,554,-14148,2019-01-26,4000,20,2,4613399,1,1.99,1.99
3451,518138,554,-14148,2019-01-27,4000,20,2,4613399,1,1.75,1.75
3459,519414,554,-14148,2019-01-28,4000,20,2,4613399,2,1.99,3.98
3464,520461,554,-14148,2019-01-29,4000,20,2,4613399,2,1.75,3.5
3471,521053,554,-14148,2019-01-30,4000,20,2,4613399,1,1.99,1.99
3485,523051,554,-14148,2019-01-31,4000,20,2,4613399,4,1.81,7.24
3490,524248,554,-14148,2019-02-01,4000,20,2,4613399,4,1.99,7.96
3497,524992,554,-14148,2019-02-02,4000,20,2,4613399,3,1.9100000000000001,5.73
3507,526509,554,-14148,2019-02-03,4000,20,2,4613399,1,1.99,1.99
3519,528085,554,-14148,2019-02-04,4000,20,2,4613399,3,1.99,5.97
3523,528786,554,-14148,2019-02-05,4000,20,2,4613399,3,1.99,5.97
3533,530046,554,-14148,2019-02-06,4000,20,2,4613399,2,1.99,3.98
3548,532050,554,-14148,2019-02-07,4000,20,2,4613399,3,1.99,5.97
3551,532507,554,-14148,2019-02-08,4000,20,2,4613399,2,1.87,3.74
3567,535121,554,-14148,2019-02-09,4000,20,2,4613399,2,1.99,3.98
3568,535530,554,-14148,2019-02-10,4000,20,2,4613399,1,1.99,1.99
3583,537708,554,-14148,2019-02-12,4000,20,2,4613399,2,1.99,3.98
3591,538852,554,-14148,2019-02-13,4000,20,2,4613399,4,1.99,7.96
3600,540418,554,-14148,2019-02-14,4000,20,2,4613399,1,1.99,1.99
3606,541065,554,-14148,2019-02-15,4000,20,2,4613399,4,1.99,7.96
3612,542665,554,-14148,2019-02-16,4000,20,2,4613399,2,1.99,3.98
3625,545338,554,-14148,2019-02-18,4000,20,2,4613399,2,1.99,3.98
3632,546410,554,-14148,2019-02-19,4000,20,2,4613399,1,1.99,1.99
3641,548333,554,-14148,2019-02-20,4000,20,2,4613399,2,1.99,3.98
3651,550126,554,-14148,2019-02-22,4000,20,2,4613399,2,1.99,3.98
3660,551609,554,-14148,2019-02-23,4000,20,2,4613399,2,1.99,3.98
3677,554154,554,-14148,2019-02-25,4000,20,2,4613399,5,1.9899999999999998,9.95
3687,555802,554,-14148,2019-02-26,4000,20,2,4613399,2,1.99,3.98
3697,557073,554,-14148,2019-02-27,4000,20,2,4613399,4,1.99,7.96
3698,557254,554,-14148,2019-02-28,4000,20,2,4613399,1,1.99,1.99
3709,559440,554,-14148,2019-03-01,4000,20,2,4613399,2,1.99,3.98
3716,560725,554,-14148,2019-03-02,4000,20,2,4613399,3,1.99,5.97
3735,563307,554,-14148,2019-03-04,4000,20,2,4613399,1,1.99,1.99
3743,564875,554,-14148,2019-03-05,4000,20,2,4613399,1,1.99,1.99
3750,565770,554,-14148,2019-03-06,4000,20,2,4613399,1,1.99,1.99
3760,567847,554,-14148,2019-03-07,4000,20,2,4613399,3,1.99,5.97
3765,568772,554,-14148,2019-03-08,4000,20,2,4613399,2,1.99,3.98
3769,569340,554,-14148,2019-03-09,4000,20,2,4613399,2,1.99,3.98
3798,575534,554,-14148,2019-03-13,4000,20,2,4613399,5,1.9899999999999998,9.95
3810,577328,554,-14148,2019-03-15,4000,20,2,4613399,1,1.99,1.99
3828,581250,554,-14148,2019-03-17,4000,20,2,4613399,1,1.99,1.99
3838,582500,554,-14148,2019-03-18,4000,20,2,4613399,2,1.99,3.98
3842,583508,554,-14148,2019-03-19,4000,20,2,4613399,4,1.99,7.96
3852,584472,554,-14148,2019-03-20,4000,20,2,4613399,2,1.99,3.98
3856,585619,554,-14148,2019-03-21,4000,20,2,4613399,3,1.99,5.97
3867,587493,554,-14148,2019-03-22,4000,20,2,4613399,5,1.9899999999999998,9.95
3869,588137,554,-14148,2019-03-23,4000,20,2,4613399,6,1.99,11.94
3899,593670,554,-14148,2019-03-27,4000,20,2,4613399,2,1.99,3.98
3912,595565,554,-14148,2019-03-28,4000,20,2,4613399,4,1.99,7.96
3915,596531,554,-14148,2019-03-29,4000,20,2,4613399,2,1.99,3.98
3929,599448,554,-14148,2019-03-30,4000,20,2,4613399,2,1.99,3.98
3939,600147,554,-14148,2019-03-31,4000,20,2,4613399,1,1.99,1.99
3941,601090,554,-14148,2019-04-01,4000,20,2,4613399,1,1.99,1.99
3949,602688,554,-14148,2019-04-02,4000,20,2,4613399,1,1.99,1.99
3969,605317,554,-14148,2019-04-04,4000,20,2,4613399,3,1.99,5.97
3980,606887,554,-14148,2019-04-05,4000,20,2,4613399,1,1.99,1.99
3988,608735,554,-14148,2019-04-06,4000,20,2,4613399,1,1.99,1.99
3997,609856,554,-14148,2019-04-07,4000,20,2,4613399,1,1.99,1.99
4007,612238,554,-14148,2019-04-09,4000,20,2,4613399,2,1.99,3.98
4012,613094,554,-14148,2019-04-10,4000,20,2,4613399,2,1.99,3.98
4023,614144,554,-14148,2019-04-11,4000,20,2,4613399,3,1.99,5.97
4028,615520,554,-14148,2019-04-12,4000,20,2,4613399,3,1.99,5.97
4040,617284,554,-14148,2019-04-13,4000,20,2,4613399,1,1.99,1.99
4046,618820,554,-14148,2019-04-14,4000,20,2,4613399,4,1.99,7.96
4056,619900,554,-14148,2019-04-15,4000,20,2,4613399,1,1.99,1.99
4068,621616,554,-14148,2019-04-16,4000,20,2,4613399,2,1.99,3.98
4076,622771,554,-14148,2019-04-17,4000,20,2,4613399,1,1.99,1.99
4086,624335,554,-14148,2019-04-18,4000,20,2,4613399,2,1.99,3.98
4093,625953,554,-14148,2019-04-19,4000,20,2,4613399,4,1.99,7.96
4100,627033,554,-14148,2019-04-20,4000,20,2,4613399,1,1.99,1.99
4105,627757,554,-14148,2019-04-21,4000,20,2,4613399,1,1.99,1.99
4116,629644,554,-14148,2019-04-22,4000,20,2,4613399,4,1.99,7.96
4117,629744,554,-14148,2019-04-23,4000,20,2,4613399,3,1.99,5.97
4126,631429,554,-14148,2019-04-24,4000,20,2,4613399,3,1.99,5.97
4139,633299,554,-14148,2019-04-25,4000,20,2,4613399,2,1.99,3.98
4145,634459,554,-14148,2019-04-26,4000,20,2,4613399,3,1.99,5.97
4151,635250,554,-14148,2019-04-27,4000,20,2,4613399,1,1.99,1.99
