Data/snickers_df.csv
,index,site_id,item_id,date,sq_footage,mpds,locale,periodic_gbv,quantity_sold,price,sales
4165,637849,554,-14148,2019-04-29,4000,20,2,4613399,2,1.99,3.98
4174,639311,554,-14148,2019-04-30,4000,20,2,4613399,1,1.99,1.99
4184,640504,554,-14148,2019-05-01,4000,20,2,4613399,3,1.99,5.97
4191,641475,554,-14148,2019-05-02,4000,20,2,4613399,2,1.99,3.98
4206,643682,554,-14148,2019-05-03,4000,20,2,4613399,2,1.99,3.98
4223,646828,554,-14148,2019-05-05,4000,20,2,4613399,3,1.99,5.97
4231,648196,554,-14148,2019-05-06,4000,20,2,4613399,5,1.9899999999999998,9.95
4242,649604,554,-14148,2019-05-07,4000,20,2,4613399,2,1.99,3.98
4251,650905,554,-14148,2019-05-08,4000,20,2,4613399,5,1.9899999999999998,9.95
4253,651224,554,-14148,2019-05-09,4000,20,2,4613399,1,1.99,1.99
4268,653772,554,-14148,2019-05-10,4000,20,2,4613399,3,1.99,5.97
4271,654404,554,-14148,2019-05-11,4000,20,2,4613399,2,1.99,3.98
4286,657140,554,-14148,2019-05-13,4000,20,2,4613399,3,1.99,5.97
4298,658398,554,-14148,2019-05-14,4000,20,2,4613399,6,1.99,11.94
4310,660327,554,-14148,2019-05-15,4000,20,2,4613399,1,1.99,1.99
4319,662225,554,-14148,2019-05-17,4000,20,2,4613399,2,1.99,3.98
4328,664125,554,-14148,2019-05-18,4000,20,2,4613399,3,1.99,5.97
4339,665660,554,-14148,2019-05-19,4000,20,2,4613399,1,1.99,1.99
4345,666946,554,-14148,2019-05-20,4000,20,2,4613399,4,1.99,7.96
4358,668868,554,-14148,2019-05-21,4000,20,2,4613399,2,1.99,3.98
4359,669599,554,-14148,2019-05-22,4000,20,2,4613399,2,1.99,3.98
4373,671700,554,-14148,2019-05-23,4000,20,2,4613399,3,1.99,5.97
4376,672305,554,-14148,2019-05-24,4000,20,2,4613399,3,1.99,5.97
4387,674510,554,-14148,2019-05-25,4000,20,2,4613399,2,1.99,3.98
4393,675458,554,-14148,2019-05-26,4000,20,2,4613399,4,1.99,7.96
4402,677243,554,-14148,2019-05-27,4000,20,2,4613399,2,1.99,3.98
4411,677955,554,-14148,2019-05-28,4000,20,2,4613399,2,1.99,3.98
4419,679261,554,-14148,2019-05-29,4000,20,2,4613399,5,1.9899999999999998,9.95
4433,681176,554,-14148,2019-05-30,4000,20,2,4613399,4,1.99,7.96
4436,682671,554,-14148,2019-05-31,4000,20,2,4613399,3,1.99,5.97
4450,684565,554,-14148,2019-06-01,4000,20,2,4613399,4,1.99,7.96
4455,685952,554,-14148,2019-06-02,4000,20,2,4613399,4,1.99,7.96
4464,687293,554,-14148,2019-06-03,4000,20,2,4613399,3,1.99,5.97
4476,689027,554,-14148,2019-06-04,4000,20,2,4613399,9,1.99,17.91
4481,689798,554,-14148,2019-06-05,4000,20,2,4613399,1,1.99,1.99
4488,690874,554,-14148,2019-06-06,4000,20,2,4613399,1,1.99,1.99
4503,693403,554,-14148,2019-06-07,4000,20,2,4613399,8,1.99,15.92
4507,693816,554,-14148,2019-06-08,4000,20,2,4613399,2,1.99,3.98
4526,697343,554,-14148,2019-06-10,4000,20,2,4613399,3,1.99,5.97
4538,699565,554,-14148,2019-06-12,4000,20,2,4613399,3,1.99,5.97
4550,701500,554,-14148,2019-06-13,4000,20,2,4613399,3,1.99,5.97
4554,702425,554,-14148,2019-06-14,4000,20,2,4613399,3,1.99,5.97
4566,704345,554,-14148,2019-06-15,4000,20,2,4613399,3,1.99,5.97
4572,705334,554,-14148,2019-06-16,4000,20,2,4613399,2,1.99,3.98
4577,706290,554,-14148,2019-06-17,4000,20,2,4613399,2,1.99,3.98
4587,708180,554,-14148,2019-06-18,4000,20,2,4613399,1,1.99,1.99
4594,708852,554,-14148,2019-06-19,4000,20,2,4613399,2,1.99,3.98
4609,711370,554,-14148,2019-06-20,4000,20,2,4613399,3,1.83,5.49
4616,712463,554,-14148,2019-06-21,4000,20,2,4613399,2,1.99,3.98
4623,713526,554,-14148,2019-06-22,4000,20,2,4613399,1,1.99,1.99
4634,715381,554,-14148,2019-06-23,4000,20,2,4613399,2,1.99,3.98
4646,717167,554,-14148,2019-06-24,4000,20,2,4613399,6,1.99,11.94
4652,718132,554,-14148,2019-06-25,4000,20,2,4613399,1,1.99,1.99
4660,719284,554,-14148,2019-06-26,4000,20,2,4613399,6,1.99,11.94
4670,720983,554,-14148,2019-06-27,4000,20,2,4613399,3,1.99,5.97
4678,721883,554,-14148,2019-06-28,4000,20,2,4613399,5,1.9899999999999998,9.95
4687,723936,554,-14148,2019-06-29,4000,20,2,4613399,6,1.99,11.94
4700,726032,554,-14148,2019-07-01,4000,20,2,4613399,1,1.99,1.99
4707,727059,554,-14148,2019-07-02,4000,20,2,4613399,3,1.9100000000000001,5.73
4716,728632,554,-14148,2019-07-03,4000,20,2,4613399,2,1.99,3.98
4729,730883,554,-14148,2019-07-04,4000,20,2,4613399,3,1.83,5.49
4740,732322,554,-14148,2019-07-05,4000,20,2,4613399,2,1.99,3.98
4756,734842,554,-14148,2019-07-07,4000,20,2,4613399,3,1.83,5.49
4771,737306,554,-14148,2019-07-09,4000,20,2,4613399,4,1.93,7.72
4775,737988,554,-14148,2019-07-10,4000,20,2,4613399,3,1.99,5.97
4792,740051,554,-14148,2019-07-11,4000,20,2,4613399,3,1.99,5.97
4797,741081,554,-14148,2019-07-12,4000,20,2,4613399,4,1.99,7.96
4809,743118,554,-14148,2019-07-13,4000,20,2,4613399,1,1.99,1.99
4817,744057,554,-14148,2019-07-14,4000,20,2,4613399,1,1.99,1.99
4823,745313,554,-14148,2019-07-15,4000,20,2,4613399,3,1.99,5.97
4840,747756,554,-14148,2019-07-17,4000,20,2,4613399,5,1.9899999999999998,9.95
4848,749408,554,-14148,2019-07-18,4000,20,2,4613399,1,1.99,1.99
4858,751321,554,-14148,2019-07-19,4000,20,2,4613399,3,1.99,5.97
4880,754724,554,-14148,2019-07-22,4000,20,2,4613399,1,1.99,1.99
4890,756286,554,-14148,2019-07-23,4000,20,2,4613399,2,1.99,3.98
4901,758184,554,-14148,2019-07-24,4000,20,2,4613399,4,1.99,7.96
4902,758528,554,-14148,2019-07-25,4000,20,2,4613399,1,1.99,1.99
4911,759754,554,-14148,2019-07-26,4000,20,2,4613399,5,1.9899999999999998,9.95
4920,761225,554,-14148,2019-07-27,4000,20,2,4613399,2,1.99,3.98
4932,763112,554,-14148,2019-07-28,4000,20,2,4613399,1,1.99,1.99
4940,764018,554,-14148,2019-07-29,4000,20,2,4613399,3,1.99,5.97
4953,766266,554,-14148,2019-07-30,4000,20,2,4613399,2,1.99,3.98
4960,767352,554,-14148,2019-07-31,4000,20,2,4613399,3,1.99,5.97
4971,768937,554,-14148,2019-08-01,4000,20,2,4613399,2,1.99,3.98
4979,770026,554,-14148,2019-08-02,4000,20,2,4613399,2,1.99,3.98
5004,774924,554,-14148,2019-08-05,4000,20,2,4613399,2,1.99,3.98
5007,775687,554,-14148,2019-08-06,4000,20,2,4613399,2,1.99,3.98
5015,776640,554,-14148,2019-08-07,4000,20,2,4613399,2,1.99,3.98
5023,778175,554,-14148,2019-08-08,4000,20,2,4613399,2,1.99,3.98
5032,779845,554,-14148,2019-08-09,4000,20,2,4613399,2,1.99,3.98
5045,782468,554,-14148,2019-08-11,4000,20,2,4613399,1,2.19,2.19
5063,785719,554,-14148,2019-08-13,4000,20,2,4613399,2,2.19,4.38
5081,788736,554,-14148,2019-08-15,4000,20,2,4613399,1,2.19,2.19
5092,790558,554,-14148,2019-08-16,4000,20,2,4613399,1,2.19,2.19
5100,792175,554,-14148,2019-08-17,4000,20,2,4613399,1,2.19,2.19
5106,793158,554,-14148,2019-08-18,4000,20,2,4613399,2,2.19,4.38
5121,795430,554,-14148,2019-08-20,4000,20,2,4613399,1,2.19,2.19
5128,796800,554,-14148,2019-08-21,4000,20,2,4613399,3,2.19,6.57
5135,797729,554,-14148,2019-08-22,4000,20,2,4613399,3,2.19,6.57
5146,800093,554,-14148,2019-08-23,4000,20,2,4613399,2,2.19,4.38
5155,801609,554,-14148,2019-08-24,4000,20,2,4613399,1,2.19,2.19
5166,803515,554,-14148,2019-08-26,4000,20,2,4613399,1,2.19,2.19
5178,805271,554,-14148,2019-08-27,4000,20,2,4613399,1,2.19,2.19
5190,807269,554,-14148,2019-08-29,4000,20,2,4613399,1,2.19,2.19
5204,809511,554,-14148,2019-08-30,4000,20,2,4613399,3,2.19,6.57
5220,812843,554,-14148,2019-09-01,4000,20,2,4613399,1,2.19,2.19
5227,813966,554,-14148,2019-09-02,4000,20,2,4613399,1,2.19,2.19
5233,814514,554,-14148,2019-09-03,4000,20,2,4613399,2,2.19,4.38
5240,815923,554,-14148,2019-09-04,4000,20,2,4613399,2,2.19,4.38
5246,817243,554,-14148,2019-09-05,4000,20,2,4613399,1,2.19,2.19
5257,819301,554,-14148,2019-09-06,4000,20,2,4613399,5,2.19,10.95
5260,819796,554,-14148,2019-09-07,4000,20,2,4613399,1,2.19,2.19
5273,822790,554,-14148,2019-09-09,4000,20,2,4613399,2,2.19,4.38
5282,824194,554,-14148,2019-09-10,4000,20,2,4613399,2,2.19,4.38
5301,827366,554,-14148,2019-09-12,4000,20,2,4613399,1,2.19,2.19
5312,829423,554,-14148,2019-09-13,4000,20,2,4613399,4,2.19,8.76
5313,829706,554,-14148,2019-09-14,4000,20,2,4613399,2,2.19,4.38
5329,832529,554,-14148,2019-09-16,4000,20,2,4613399,1,2.19,2.19
5353,836143,554,-14148,2019-09-18,4000,20,2,4613399,2,2.19,4.38
5356,836587,554,-14148,2019-09-19,4000,20,2,4613399,6,1.8966666666666667,11.38
5368,838442,554,-14148,2019-09-20,4000,20,2,4613399,1,2.19,2.19
5383,841233,554,-14148,2019-09-21,4000,20,2,4613399,6,2.0433333333333334,12.26
5385,841667,554,-14148,2019-09-22,4000,20,2,4613399,2,1.97,3.94
5397,843370,554,-14148,2019-09-23,4000,20,2,4613399,2,1.97,3.94
5405,844823,554,-14148,2019-09-24,4000,20,2,4613399,2,2.19,4.38
5419,846387,554,-14148,2019-09-25,4000,20,2,4613399,3,2.0433333333333334,6.13
5431,848609,554,-14148,2019-09-26,4000,20,2,4613399,4,1.86,7.44
5436,849641,554,-14148,2019-09-27,4000,20,2,4613399,6,2.1166666666666667,12.7
5459,853241,554,-14148,2019-09-29,4000,20,2,4613399,4,1.75,7.0
5463,853718,554,-14148,2019-09-30,4000,20,2,4613399,6,1.8966666666666667,11.38
5480,856136,554,-14148,2019-10-01,4000,20,2,4613399,2,1.97,3.94
5482,856364,554,-14148,2019-10-02,4000,20,2,4613399,2,1.97,3.94
5495,859057,554,-14148,2019-10-03,4000,20,2,4613399,4,1.97,7.88
5509,861109,554,-14148,2019-10-04,4000,20,2,4613399,2,2.19,4.38
5519,862723,554,-14148,2019-10-05,4000,20,2,4613399,3,2.19,6.57
5524,863882,554,-14148,2019-10-06,4000,20,2,4613399,2,1.75,3.5
5531,864521,554,-14148,2019-10-07,4000,20,2,4613399,4,2.19,8.76
5541,865784,554,-14148,2019-10-08,4000,20,2,4613399,2,1.75,3.5
5554,868338,554,-14148,2019-10-09,4000,20,2,4613399,12,1.8966666666666667,22.76
5555,868463,554,-14148,2019-10-10,4000,20,2,4613399,6,2.0433333333333334,12.26
5569,870705,554,-14148,2019-10-11,4000,20,2,4613399,3,2.19,6.57
5582,872997,554,-14148,2019-10-12,4000,20,2,4613399,5,2.0140000000000002,10.07
5607,876778,554,-14148,2019-10-15,4000,20,2,4613399,2,2.19,4.38
5612,877360,554,-14148,2019-10-16,4000,20,2,4613399,5,1.75,8.75
5623,879128,554,-14148,2019-10-17,4000,20,2,4613399,9,1.8966666666666667,17.07
5634,880823,554,-14148,2019-10-18,4000,20,2,4613399,3,1.8966666666666667,5.69
5643,882250,554,-14148,2019-10-19,4000,20,2,4613399,3,2.19,6.57
5653,883805,554,-14148,2019-10-20,4000,20,2,4613399,2,2.19,4.38
5662,885119,554,-14148,2019-10-21,4000,20,2,4613399,3,2.0433333333333334,6.13
5673,886685,554,-14148,2019-10-22,4000,20,2,4613399,6,1.97,11.82
5679,887526,554,-14148,2019-10-23,4000,20,2,4613399,3,2.19,6.57
5690,889071,554,-14148,2019-10-24,4000,20,2,4613399,1,2.19,2.19
5701,890824,554,-14148,2019-10-25,4000,20,2,4613399,5,2.19,10.95
5712,892910,554,-14148,2019-10-26,4000,20,2,4613399,1,2.19,2.19
5724,894659,554,-14148,2019-10-27,4000,20,2,4613399,1,2.19,2.19
5728,895141,554,-14148,2019-10-28,4000,20,2,4613399,8,2.19,17.52
5741,896828,554,-14148,2019-10-29,4000,20,2,4613399,3,2.19,6.57
5750,897839,554,-14148,2019-10-30,4000,20,2,4613399,1,2.19,2.19
5759,899269,554,-14148,2019-10-31,4000,20,2,4613399,4,2.19,8.76
5768,900418,554,-14148,2019-11-01,4000,20,2,4613399,2,2.19,4.38
5775,901994,554,-14148,2019-11-02,4000,20,2,4613399,2,2.19,4.38
5777,902179,554,-14148,2019-11-03,4000,20,2,4613399,1,2.19,2.19
5788,903967,554,-14148,2019-11-04,4000,20,2,4613399,1,2.19,2.19
5807,906028,554,-14148,2019-11-06,4000,20,2,4613399,1,2.19,2.19
5813,906791,554,-14148,2019-11-07,4000,20,2,4613399,2,2.19,4.38
6,789,280,-14148,2017-11-08,2408,12,1,2037927,1,1.99,1.99
9,1159,280,-14148,2017-11-09,2408,12,1,2037927,2,1.99,3.98
15,2058,280,-14148,2017-11-10,2408,12,1,2037927,2,1.99,3.98
25,3500,280,-14148,2017-11-11,2408,12,1,2037927,2,1.99,3.98
34,5172,280,-14148,2017-11-13,2408,12,1,2037927,2,1.99,3.98
50,7791,280,-14148,2017-11-16,2408,12,1,2037927,4,1.99,7.96
59,8864,280,-14148,2017-11-17,2408,12,1,2037927,1,1.99,1.99
72,11052,280,-14148,2017-11-19,2408,12,1,2037927,1,1.99,1.99
77,11801,280,-14148,2017-11-20,2408,12,1,2037927,1,1.99,1.99
81,12310,280,-14148,2017-11-21,2408,12,1,2037927,1,1.99,1.99
88,13279,280,-14148,2017-11-22,2408,12,1,2037927,2,1.99,3.98
112,17654,280,-14148,2017-11-26,2408,12,1,2037927,1,1.99,1.99
125,19467,280,-14148,2017-11-28,2408,12,1,2037927,2,1.99,3.98
130,20420,280,-14148,2017-11-29,2408,12,1,2037927,1,1.99,1.99
136,21237,280,-14148,2017-11-30,2408,12,1,2037927,8,1.78375,14.27
140,22081,280,-14148,2017-12-01,2408,12,1,2050110,5,1.6600000000000001,8.3
151,23780,280,-14148,2017-12-02,2408,12,1,2050110,4,1.7425,6.97
158,24477,280,-14148,2017-12-03,2408,12,1,2050110,1,1.99,1.99
163,25604,280,-14148,2017-12-04,2408,12,1,2050110,3,1.6600000000000001,4.98
173,26300,280,-14148,2017-12-05,2408,12,1,2050110,2,1.825,3.65
184,28029,280,-14148,2017-12-07,2408,12,1,2050110,2,1.66,3.32
193,29378,280,-14148,2017-12-08,2408,12,1,2050110,2,1.99,3.98
198,30066,280,-14148,2017-12-09,2408,12,1,2050110,5,1.7260000000000002,8.63
203,30712,280,-14148,2017-12-10,2408,12,1,2050110,4,1.7425,6.97
214,32223,280,-14148,2017-12-11,2408,12,1,2050110,4,1.9075,7.63
234,35513,280,-14148,2017-12-15,2408,12,1,2050110,4,1.9075,7.63
246,37000,280,-14148,2017-12-16,2408,12,1,2050110,4,1.825,7.3
264,39884,280,-14148,2017-12-19,2408,12,1,2050110,5,1.8579999999999999,9.29
294,43890,280,-14148,2017-12-23,2408,12,1,2050110,3,1.88,5.64
300,44866,280,-14148,2017-12-24,2408,12,1,2050110,1,1.99,1.99
309,45912,280,-14148,2017-12-25,2408,12,1,2050110,1,1.99,1.99
320,47178,280,-14148,2017-12-26,2408,12,1,2050110,1,1.99,1.99
325,47801,280,-14148,2017-12-27,2408,12,1,2050110,3,1.88,5.64
335,49079,280,-14148,2017-12-29,2408,12,1,2050110,4,1.99,7.96
347,50555,280,-14148,2017-12-30,2408,12,1,2050110,1,1.66,1.66
353,51847,280,-14148,2017-12-31,2408,12,1,2050110,2,1.66,3.32
360,52219,280,-14148,2018-01-01,2408,12,1,2050110,2,1.66,3.32
365,52918,280,-14148,2018-01-02,2408,12,1,2050110,2,1.99,3.98
378,54397,280,-14148,2018-01-03,2408,12,1,2050110,4,1.4975,5.99
381,54763,280,-14148,2018-01-04,2408,12,1,2050110,4,1.415,5.66
392,56205,280,-14148,2018-01-05,2408,12,1,2050110,2,1.66,3.32
403,57601,280,-14148,2018-01-06,2408,12,1,2050110,4,1.58,6.32
411,58769,280,-14148,2018-01-08,2408,12,1,2050110,3,1.8833333333333335,5.65
431,60854,280,-14148,2018-01-10,2408,12,1,2050110,2,1.99,3.98
437,61667,280,-14148,2018-01-11,2408,12,1,2050110,2,1.99,3.98
451,64349,280,-14148,2018-01-13,2408,12,1,2050110,3,1.6633333333333333,4.99
460,65383,280,-14148,2018-01-14,2408,12,1,2050110,1,1.99,1.99
463,65940,280,-14148,2018-01-15,2408,12,1,2050110,1,1.99,1.99
471,66686,280,-14148,2018-01-16,2408,12,1,2050110,3,1.7733333333333334,5.32
482,67842,280,-14148,2018-01-17,2408,12,1,2050110,1,1.99,1.99
488,69225,280,-14148,2018-01-18,2408,12,1,2050110,4,1.8275,7.31
501,70910,280,-14148,2018-01-19,2408,12,1,2050110,6,1.5533333333333335,9.32
507,71890,280,-14148,2018-01-20,2408,12,1,2050110,5,1.73,8.65
512,72448,280,-14148,2018-01-21,2408,12,1,2050110,4,1.745,6.98
523,74035,280,-14148,2018-01-22,2408,12,1,2050110,1,1.67,1.67
528,74887,280,-14148,2018-01-23,2408,12,1,2050110,1,1.67,1.67
536,75813,280,-14148,2018-01-24,2408,12,1,2050110,1,1.33,1.33
544,77090,280,-14148,2018-01-25,2408,12,1,2050110,2,1.83,3.66
552,78427,280,-14148,2018-01-26,2408,12,1,2050110,1,1.99,1.99
559,78961,280,-14148,2018-01-27,2408,12,1,2050110,4,1.745,6.98
567,80561,280,-14148,2018-01-28,2408,12,1,2050110,1,1.99,1.99
572,80838,280,-14148,2018-01-29,2408,12,1,2050110,1,1.66,1.66
579,82270,280,-14148,2018-01-30,2408,12,1,2050110,3,1.6633333333333333,4.99
585,83003,280,-14148,2018-01-31,2408,12,1,2050110,1,1.99,1.99
595,84115,280,-14148,2018-02-01,2408,12,1,2050110,5,1.3900000000000001,6.95
605,85588,280,-14148,2018-02-02,2408,12,1,2050110,6,1.3266666666666667,7.96
612,86797,280,-14148,2018-02-03,2408,12,1,2050110,9,1.1444444444444446,10.3
617,87898,280,-14148,2018-02-04,2408,12,1,2050110,2,0.995,1.99
626,89173,280,-14148,2018-02-05,2408,12,1,2050110,3,1.3266666666666667,3.98
633,90110,280,-14148,2018-02-06,2408,12,1,2050110,4,1.4975,5.99
642,91576,280,-14148,2018-02-07,2408,12,1,2050110,3,1.6600000000000001,4.98
650,92609,280,-14148,2018-02-08,2408,12,1,2050110,2,1.99,3.98
654,92924,280,-14148,2018-02-09,2408,12,1,2050110,5,1.7280000000000002,8.64
667,95290,280,-14148,2018-02-10,2408,12,1,2050110,3,1.7766666666666666,5.33
674,96266,280,-14148,2018-02-11,2408,12,1,2050110,6,1.4983333333333333,8.99
678,96907,280,-14148,2018-02-12,2408,12,1,2050110,1,1.67,1.67
703,100319,280,-14148,2018-02-15,2408,12,1,2050110,3,1.99,5.97
713,102111,280,-14148,2018-02-17,2408,12,1,2050110,1,1.99,1.99
719,103187,280,-14148,2018-02-18,2408,12,1,2050110,2,1.99,3.98
742,106595,280,-14148,2018-02-21,2408,12,1,2050110,2,1.99,3.98
751,107427,280,-14148,2018-02-22,2408,12,1,2050110,1,1.99,1.99
757,108489,280,-14148,2018-02-23,2408,12,1,2050110,1,1.99,1.99
779,113266,280,-14148,2018-02-27,2408,12,1,2050110,1,1.99,1.99
783,114325,280,-14148,2018-02-28,2408,12,1,2050110,1,1.99,1.99
801,116770,280,-14148,2018-03-02,2408,12,1,2050110,1,1.99,1.99
810,118536,280,-14148,2018-03-03,2408,12,1,2050110,1,1.99,1.99
830,122219,280,-14148,2018-03-07,2408,12,1,2050110,1,1.99,1.99
843,123979,280,-14148,2018-03-08,2408,12,1,2050110,2,1.99,3.98
850,125450,280,-14148,2018-03-09,2408,12,1,2050110,1,1.99,1.99
854,125685,280,-14148,2018-03-10,2408,12,1,2050110,2,1.99,3.98
862,127395,280,-14148,2018-03-11,2408,12,1,2050110,1,1.99,1.99
869,128175,280,-14148,2018-03-12,2408,12,1,2050110,1,1.99,1.99
878,129738,280,-14148,2018-03-13,2408,12,1,2050110,3,1.99,5.97
890,131460,280,-14148,2018-03-15,2408,12,1,2050110,4,1.99,7.96
895,132823,280,-14148,2018-03-16,2408,12,1,2050110,3,1.99,5.97
906,134610,280,-14148,2018-03-17,2408,12,1,2050110,4,1.99,7.96
922,136876,280,-14148,2018-03-19,2408,12,1,2050110,2,1.99,3.98
925,137746,280,-14148,2018-03-20,2408,12,1,2050110,2,1.99,3.98
936,139101,280,-14148,2018-03-21,2408,12,1,2050110,4,1.99,7.96
945,140445,280,-14148,2018-03-22,2408,12,1,2050110,1,1.99,1.99
953,141576,280,-14148,2018-03-23,2408,12,1,2050110,1,1.99,1.99
974,145373,280,-14148,2018-03-26,2408,12,1,2050110,1,1.99,1.99
982,146492,280,-14148,2018-03-27,2408,12,1,2050110,1,1.99,1.99
986,146882,280,-14148,2018-03-28,2408,12,1,2050110,6,1.9349999999999998,11.61
996,148444,280,-14148,2018-03-29,2408,12,1,2050110,2,1.83,3.66
999,148962,280,-14148,2018-03-30,2408,12,1,2050110,6,1.72,10.32
1014,151335,280,-14148,2018-03-31,2408,12,1,2050110,4,1.9075,7.63
1020,152327,280,-14148,2018-04-01,2408,12,1,2050110,2,1.665,3.33
1022,152494,280,-14148,2018-04-02,2408,12,1,2050110,2,1.83,3.66
