Data/snickers_df.csv
,index,site_id,item_id,date,sq_footage,mpds,locale,periodic_gbv,quantity_sold,price,sales
1032,153905,280,-14148,2018-04-03,2408,12,1,2050110,1,1.99,1.99
1044,155049,280,-14148,2018-04-04,2408,12,1,2050110,6,1.88,11.28
1051,156041,280,-14148,2018-04-05,2408,12,1,2050110,4,1.8275,7.31
1061,157318,280,-14148,2018-04-06,2408,12,1,2050110,1,1.99,1.99
1062,157851,280,-14148,2018-04-07,2408,12,1,2050110,1,1.99,1.99
1071,158910,280,-14148,2018-04-08,2408,12,1,2050110,1,1.66,1.66
1085,160657,280,-14148,2018-04-09,2408,12,1,2050110,4,1.99,7.96
1087,160758,280,-14148,2018-04-10,2408,12,1,2050110,2,1.83,3.66
1098,162325,280,-14148,2018-04-11,2408,12,1,2050110,2,1.825,3.65
1106,163822,280,-14148,2018-04-12,2408,12,1,2050110,2,1.825,3.65
1111,164079,280,-14148,2018-04-13,2408,12,1,2050110,2,1.825,3.65
1117,165371,280,-14148,2018-04-14,2408,12,1,2050110,3,1.7733333333333334,5.32
1132,167226,280,-14148,2018-04-15,2408,12,1,2050110,3,1.88,5.64
1144,169176,280,-14148,2018-04-17,2408,12,1,2050110,2,1.825,3.65
1155,170999,280,-14148,2018-04-18,2408,12,1,2050110,5,1.796,8.98
1160,171898,280,-14148,2018-04-19,2408,12,1,2050110,2,1.99,3.98
1165,172809,280,-14148,2018-04-20,2408,12,1,2050110,11,1.7536363636363637,19.29
1171,173930,280,-14148,2018-04-21,2408,12,1,2050110,2,1.665,3.33
1181,175576,280,-14148,2018-04-22,2408,12,1,2050110,3,1.99,5.97
1186,176226,280,-14148,2018-04-23,2408,12,1,2050110,2,1.83,3.66
1201,178256,280,-14148,2018-04-24,2408,12,1,2050110,2,1.665,3.33
1209,179594,280,-14148,2018-04-26,2408,12,1,2050110,5,1.73,8.65
1219,181519,280,-14148,2018-04-27,2408,12,1,2050110,3,1.7733333333333334,5.32
1230,183342,280,-14148,2018-04-28,2408,12,1,2050110,12,1.8008333333333333,21.61
1239,185305,280,-14148,2018-04-30,2408,12,1,2050110,2,1.825,3.65
1247,186306,280,-14148,2018-05-01,2408,12,1,2050110,4,1.91,7.64
1259,187561,280,-14148,2018-05-02,2408,12,1,2050110,2,1.99,3.98
1263,188518,280,-14148,2018-05-03,2408,12,1,2050110,5,1.794,8.97
1275,190939,280,-14148,2018-05-04,2408,12,1,2050110,3,1.88,5.64
1283,192258,280,-14148,2018-05-05,2408,12,1,2050110,2,1.99,3.98
1288,192905,280,-14148,2018-05-06,2408,12,1,2050110,1,1.99,1.99
1298,194509,280,-14148,2018-05-07,2408,12,1,2050110,5,1.794,8.97
1306,195787,280,-14148,2018-05-08,2408,12,1,2050110,1,1.67,1.67
1318,197874,280,-14148,2018-05-10,2408,12,1,2050110,1,1.99,1.99
1329,199512,280,-14148,2018-05-11,2408,12,1,2050110,1,1.99,1.99
1335,200739,280,-14148,2018-05-12,2408,12,1,2050110,3,1.99,5.97
1349,202927,280,-14148,2018-05-14,2408,12,1,2050110,3,1.99,5.97
1359,204278,280,-14148,2018-05-15,2408,12,1,2050110,1,1.99,1.99
1365,205154,280,-14148,2018-05-16,2408,12,1,2050110,6,1.99,11.94
1373,206723,280,-14148,2018-05-18,2408,12,1,2050110,2,1.99,3.98
1381,208107,280,-14148,2018-05-19,2408,12,1,2050110,2,1.99,3.98
1392,210162,280,-14148,2018-05-20,2408,12,1,2050110,1,1.99,1.99
1396,210709,280,-14148,2018-05-21,2408,12,1,2050110,1,1.99,1.99
1404,212147,280,-14148,2018-05-22,2408,12,1,2050110,1,1.99,1.99
1412,213275,280,-14148,2018-05-23,2408,12,1,2050110,4,1.99,7.96
1426,215327,280,-14148,2018-05-24,2408,12,1,2050110,5,1.9899999999999998,9.95
1428,215998,280,-14148,2018-05-25,2408,12,1,2050110,4,1.99,7.96
1442,217884,280,-14148,2018-05-26,2408,12,1,2050110,3,1.99,5.97
1450,219321,280,-14148,2018-05-27,2408,12,1,2050110,1,1.99,1.99
1454,220136,280,-14148,2018-05-28,2408,12,1,2050110,1,1.99,1.99
1459,220762,280,-14148,2018-05-29,2408,12,1,2050110,4,1.99,7.96
1470,222246,280,-14148,2018-05-30,2408,12,1,2050110,2,1.99,3.98
1478,223874,280,-14148,2018-05-31,2408,12,1,2050110,2,1.99,3.98
1488,225349,280,-14148,2018-06-01,2408,12,1,2050110,2,1.99,3.98
1490,225851,280,-14148,2018-06-02,2408,12,1,2050110,1,1.99,1.99
1506,228232,280,-14148,2018-06-04,2408,12,1,2050110,5,1.9899999999999998,9.95
1523,231215,280,-14148,2018-06-06,2408,12,1,2050110,1,1.99,1.99
1532,232475,280,-14148,2018-06-07,2408,12,1,2050110,4,1.99,7.96
1539,233633,280,-14148,2018-06-08,2408,12,1,2050110,2,1.99,3.98
1544,234623,280,-14148,2018-06-09,2408,12,1,2050110,2,1.99,3.98
1553,235830,280,-14148,2018-06-10,2408,12,1,2050110,3,1.99,5.97
1572,239102,280,-14148,2018-06-13,2408,12,1,2050110,1,1.99,1.99
1576,239849,280,-14148,2018-06-14,2408,12,1,2050110,4,1.99,7.96
1585,241111,280,-14148,2018-06-15,2408,12,1,2050110,3,1.99,5.97
1601,244011,280,-14148,2018-06-17,2408,12,1,2050110,1,1.99,1.99
1610,245049,280,-14148,2018-06-18,2408,12,1,2050110,1,1.99,1.99
1613,246027,280,-14148,2018-06-19,2408,12,1,2050110,1,1.99,1.99
1620,247181,280,-14148,2018-06-20,2408,12,1,2050110,3,1.9100000000000001,5.73
1631,248536,280,-14148,2018-06-21,2408,12,1,2050110,5,1.798,8.99
1636,249779,280,-14148,2018-06-22,2408,12,1,2050110,5,1.846,9.23
1649,251766,280,-14148,2018-06-23,2408,12,1,2050110,5,1.9899999999999998,9.95
1656,252828,280,-14148,2018-06-24,2408,12,1,2050110,1,1.99,1.99
1661,253285,280,-14148,2018-06-25,2408,12,1,2050110,1,1.99,1.99
1668,254428,280,-14148,2018-06-26,2408,12,1,2050110,2,1.99,3.98
1681,256272,280,-14148,2018-06-27,2408,12,1,2050110,1,1.75,1.75
1686,256818,280,-14148,2018-06-28,2408,12,1,2050110,1,1.75,1.75
1693,258390,280,-14148,2018-06-29,2408,12,1,2050110,5,1.798,8.99
1697,259416,280,-14148,2018-06-30,2408,12,1,2050110,3,1.9100000000000001,5.73
1707,260810,280,-14148,2018-07-01,2408,12,1,2050110,3,1.83,5.49
1713,261863,280,-14148,2018-07-02,2408,12,1,2050110,2,1.87,3.74
1725,263653,280,-14148,2018-07-03,2408,12,1,2050110,1,1.99,1.99
1730,264455,280,-14148,2018-07-04,2408,12,1,2050110,3,1.9100000000000001,5.73
1741,265892,280,-14148,2018-07-05,2408,12,1,2050110,1,1.75,1.75
1746,266950,280,-14148,2018-07-06,2408,12,1,2050110,1,1.99,1.99
1754,267885,280,-14148,2018-07-07,2408,12,1,2050110,2,1.75,3.5
1766,269931,280,-14148,2018-07-09,2408,12,1,2050110,4,1.99,7.96
1780,271806,280,-14148,2018-07-10,2408,12,1,2050110,1,1.75,1.75
1781,271844,280,-14148,2018-07-11,2408,12,1,2050110,4,1.99,7.96
1792,273333,280,-14148,2018-07-12,2408,12,1,2050110,1,1.75,1.75
1802,275231,280,-14148,2018-07-13,2408,12,1,2050110,4,1.87,7.48
1808,276283,280,-14148,2018-07-14,2408,12,1,2050110,3,1.9100000000000001,5.73
1815,277211,280,-14148,2018-07-15,2408,12,1,2050110,6,1.87,11.22
1824,278240,280,-14148,2018-07-16,2408,12,1,2050110,7,1.852857142857143,12.97
1826,279401,280,-14148,2018-07-17,2408,12,1,2050110,2,1.99,3.98
1840,281201,280,-14148,2018-07-18,2408,12,1,2050110,2,1.87,3.74
1853,283239,280,-14148,2018-07-20,2408,12,1,2050110,1,1.99,1.99
1858,284229,280,-14148,2018-07-21,2408,12,1,2050110,5,1.8940000000000001,9.47
1870,285911,280,-14148,2018-07-22,2408,12,1,2050110,1,1.75,1.75
1878,286913,280,-14148,2018-07-23,2408,12,1,2050110,5,1.846,9.23
1886,288178,280,-14148,2018-07-24,2408,12,1,2050110,3,1.99,5.97
1888,288361,280,-14148,2018-07-25,2408,12,1,2050110,2,1.99,3.98
1899,289869,280,-14148,2018-07-26,2408,12,1,2050110,4,1.87,7.48
1910,291863,280,-14148,2018-07-27,2408,12,1,2050110,4,1.99,7.96
1917,292676,280,-14148,2018-07-28,2408,12,1,2050110,4,1.75,7.0
1931,294749,280,-14148,2018-07-30,2408,12,1,2050110,1,1.75,1.75
1940,296355,280,-14148,2018-07-31,2408,12,1,2050110,4,1.93,7.72
1946,297206,280,-14148,2018-08-01,2408,12,1,2050110,19,1.2573684210526317,23.89
1956,298503,280,-14148,2018-08-02,2408,12,1,2050110,1,1.0,1.0
1961,299395,280,-14148,2018-08-03,2408,12,1,2050110,18,0.995,17.91
1966,300149,280,-14148,2018-08-04,2408,12,1,2050110,13,1.2246153846153847,15.92
1975,301391,280,-14148,2018-08-05,2408,12,1,2050110,8,0.99375,7.95
1982,302398,280,-14148,2018-08-06,2408,12,1,2050110,5,1.6420000000000001,8.21
1996,304404,280,-14148,2018-08-07,2408,12,1,2050110,7,1.3685714285714285,9.58
2000,304891,280,-14148,2018-08-08,2408,12,1,2050110,5,1.294,6.47
2007,305968,280,-14148,2018-08-09,2408,12,1,2050110,2,1.12,2.24
2018,307924,280,-14148,2018-08-10,2408,12,1,2071760,14,1.1821428571428572,16.55
2028,309459,280,-14148,2018-08-11,2408,12,1,2071760,5,1.294,6.47
2036,310608,280,-14148,2018-08-12,2408,12,1,2071760,9,1.2166666666666666,10.95
2042,311229,280,-14148,2018-08-13,2408,12,1,2071760,6,1.2433333333333334,7.46
2049,312337,280,-14148,2018-08-14,2408,12,1,2071760,9,1.3133333333333335,11.82
2057,313854,280,-14148,2018-08-15,2408,12,1,2071760,9,1.12,10.08
2065,314919,280,-14148,2018-08-16,2408,12,1,2071760,6,1.1199999999999999,6.72
2074,315832,280,-14148,2018-08-17,2408,12,1,2071760,12,1.265,15.18
2080,317026,280,-14148,2018-08-18,2408,12,1,2071760,11,1.199090909090909,13.19
2093,319189,280,-14148,2018-08-19,2408,12,1,2071760,7,1.1199999999999999,7.84
2101,319975,280,-14148,2018-08-20,2408,12,1,2071760,3,1.4100000000000001,4.23
2110,321447,280,-14148,2018-08-21,2408,12,1,2071760,11,1.12,12.32
2124,323391,280,-14148,2018-08-22,2408,12,1,2071760,10,1.1199999999999999,11.2
2126,323594,280,-14148,2018-08-23,2408,12,1,2071760,7,1.3685714285714285,9.58
2136,325394,280,-14148,2018-08-24,2408,12,1,2071760,10,1.1199999999999999,11.2
2148,327024,280,-14148,2018-08-25,2408,12,1,2071760,19,1.2573684210526317,23.89
2152,328078,280,-14148,2018-08-26,2408,12,1,2071760,7,1.1199999999999999,7.84
2161,329079,280,-14148,2018-08-27,2408,12,1,2071760,4,1.555,6.22
2171,330695,280,-14148,2018-08-28,2408,12,1,2071760,5,1.1199999999999999,5.6
2187,332542,280,-14148,2018-08-29,2408,12,1,2071760,13,1.12,14.56
2190,333330,280,-14148,2018-08-30,2408,12,1,2071760,9,1.12,10.08
2198,334296,280,-14148,2018-08-31,2408,12,1,2071760,6,1.265,7.59
2208,336133,280,-14148,2018-09-01,2408,12,1,2071760,5,1.1199999999999999,5.6
2222,338222,280,-14148,2018-09-02,2408,12,1,2071760,8,1.12,8.96
2224,338681,280,-14148,2018-09-03,2408,12,1,2071760,5,1.1199999999999999,5.6
2237,340189,280,-14148,2018-09-04,2408,12,1,2071760,10,1.294,12.94
2248,341744,280,-14148,2018-09-05,2408,12,1,2071760,18,1.12,20.16
2259,343264,280,-14148,2018-09-06,2408,12,1,2071760,4,1.12,4.48
2268,344293,280,-14148,2018-09-07,2408,12,1,2089190,5,1.1199999999999999,5.6
2273,345482,280,-14148,2018-09-08,2408,12,1,2089190,14,1.3064285714285713,18.29
2279,346661,280,-14148,2018-09-09,2408,12,1,2089190,6,1.1199999999999999,6.72
2293,348435,280,-14148,2018-09-10,2408,12,1,2089190,8,1.22875,9.83
2296,348820,280,-14148,2018-09-11,2408,12,1,2089190,12,1.1199999999999999,13.44
2310,350755,280,-14148,2018-09-12,2408,12,1,2089190,4,1.87,7.48
2313,351010,280,-14148,2018-09-13,2408,12,1,2089190,4,1.93,7.72
2326,353147,280,-14148,2018-09-14,2408,12,1,2089190,2,1.75,3.5
2333,354516,280,-14148,2018-09-15,2408,12,1,2089190,2,1.75,3.5
2347,356357,280,-14148,2018-09-16,2408,12,1,2089190,2,1.75,3.5
2356,357685,280,-14148,2018-09-17,2408,12,1,2089190,4,1.81,7.24
2365,358834,280,-14148,2018-09-18,2408,12,1,2089190,4,1.81,7.24
2366,359151,280,-14148,2018-09-19,2408,12,1,2089190,2,1.75,3.5
2376,360590,280,-14148,2018-09-20,2408,12,1,2089190,2,1.99,3.98
2386,362267,280,-14148,2018-09-21,2408,12,1,2089190,6,1.83,10.98
2395,363593,280,-14148,2018-09-22,2408,12,1,2089190,9,1.9100000000000001,17.19
2406,365866,280,-14148,2018-09-23,2408,12,1,2089190,3,1.9100000000000001,5.73
2416,366640,280,-14148,2018-09-24,2408,12,1,2089190,6,1.87,11.22
2423,367939,280,-14148,2018-09-25,2408,12,1,2089190,3,1.9100000000000001,5.73
2431,368683,280,-14148,2018-09-26,2408,12,1,2089190,4,1.87,7.48
2445,370882,280,-14148,2018-09-27,2408,12,1,2089190,6,1.79,10.74
2447,371409,280,-14148,2018-09-28,2408,12,1,2089190,1,1.75,1.75
2458,373470,280,-14148,2018-09-29,2408,12,1,2089190,2,1.87,3.74
2470,375032,280,-14148,2018-09-30,2408,12,1,2089190,2,1.87,3.74
2475,376275,280,-14148,2018-10-01,2408,12,1,2089190,2,1.87,3.74
2482,376963,280,-14148,2018-10-02,2408,12,1,2089190,1,1.99,1.99
2494,378771,280,-14148,2018-10-03,2408,12,1,2089190,3,1.75,5.25
2507,380483,280,-14148,2018-10-04,2408,12,1,2089190,5,1.9420000000000002,9.71
2514,381843,280,-14148,2018-10-05,2408,12,1,2089190,6,1.79,10.74
2521,382498,280,-14148,2018-10-06,2408,12,1,2089190,2,1.75,3.5
2529,384060,280,-14148,2018-10-07,2408,12,1,2089190,1,1.99,1.99
2537,384862,280,-14148,2018-10-08,2408,12,1,2089190,5,1.798,8.99
2544,386026,280,-14148,2018-10-09,2408,12,1,2089190,1,1.99,1.99
2559,388162,280,-14148,2018-10-10,2408,12,1,2089190,2,1.87,3.74
2570,389642,280,-14148,2018-10-11,2408,12,1,2089190,4,1.81,7.24
2577,390626,280,-14148,2018-10-12,2408,12,1,2089190,1,1.75,1.75
2583,391543,280,-14148,2018-10-13,2408,12,1,2089190,3,1.9100000000000001,5.73
2598,394086,280,-14148,2018-10-15,2408,12,1,2089190,1,1.75,1.75
2607,395379,280,-14148,2018-10-16,2408,12,1,2089190,3,1.75,5.25
2618,396832,280,-14148,2018-10-17,2408,12,1,2089190,6,1.79,10.74
2624,397828,280,-14148,2018-10-18,2408,12,1,2089190,3,1.83,5.49
2640,400410,280,-14148,2018-10-19,2408,12,1,2089190,2,1.99,3.98
2644,401119,280,-14148,2018-10-20,2408,12,1,2089190,2,1.99,3.98
2656,403288,280,-14148,2018-10-22,2408,12,1,2089190,4,1.81,7.24
2665,404403,280,-14148,2018-10-23,2408,12,1,2089190,5,1.8940000000000001,9.47
2677,406116,280,-14148,2018-10-24,2408,12,1,2089190,4,1.99,7.96
2685,407418,280,-14148,2018-10-25,2408,12,1,2089190,5,1.9899999999999998,9.95
2691,408280,280,-14148,2018-10-26,2408,12,1,2089190,2,1.99,3.98
2709,411532,280,-14148,2018-10-28,2408,12,1,2089190,1,1.99,1.99
2718,412907,280,-14148,2018-10-29,2408,12,1,2089190,1,1.99,1.99
2724,413822,280,-14148,2018-10-30,2408,12,1,2089190,3,1.99,5.97
2735,415258,280,-14148,2018-10-31,2408,12,1,2089190,2,1.99,3.98
2740,415627,280,-14148,2018-11-01,2408,12,1,2089190,2,1.99,3.98
2748,416896,280,-14148,2018-11-02,2408,12,1,2089190,4,1.99,7.96
2760,418838,280,-14148,2018-11-04,2408,12,1,2089190,2,1.99,3.98
2776,420881,280,-14148,2018-11-06,2408,12,1,2089190,2,1.99,3.98
2784,422132,280,-14148,2018-11-07,2408,12,1,2089190,4,1.99,7.96
2805,425200,280,-14148,2018-11-09,2408,12,1,2089190,5,1.9899999999999998,9.95
2813,426613,280,-14148,2018-11-10,2408,12,1,2089190,2,1.99,3.98
2825,428225,280,-14148,2018-11-12,2408,12,1,2089190,3,1.99,5.97
2875,436843,280,-14148,2018-11-19,2408,12,1,2089190,1,1.99,1.99
2878,437535,280,-14148,2018-11-20,2408,12,1,2089190,3,1.99,5.97
2886,438772,280,-14148,2018-11-21,2408,12,1,2089190,2,1.99,3.98
2901,441477,280,-14148,2018-11-23,2408,12,1,2089190,1,1.99,1.99
2916,443818,280,-14148,2018-11-25,2408,12,1,2089190,1,1.99,1.99
2930,445507,280,-14148,2018-11-26,2408,12,1,2089190,1,1.99,1.99
2936,446352,280,-14148,2018-11-27,2408,12,1,2089190,2,1.99,3.98
2952,448694,280,-14148,2018-11-29,2408,12,1,2089190,1,1.99,1.99
2958,449870,280,-14148,2018-11-30,2408,12,1,2089132,1,1.99,1.99
2968,451403,280,-14148,2018-12-01,2408,12,1,2089132,1,1.99,1.99
2978,452676,280,-14148,2018-12-02,2408,12,1,2089132,1,1.99,1.99
2991,454431,280,-14148,2018-12-04,2408,12,1,2089132,4,1.99,7.96
3007,456429,280,-14148,2018-12-05,2408,12,1,2089132,3,1.99,5.97
3013,456981,280,-14148,2018-12-06,2408,12,1,2089132,7,1.99,13.93
3018,458405,280,-14148,2018-12-07,2408,12,1,2089132,5,1.9899999999999998,9.95
3026,459173,280,-14148,2018-12-08,2408,12,1,2089132,4,1.99,7.96
3033,460346,280,-14148,2018-12-09,2408,12,1,2089132,2,1.99,3.98
3041,461399,280,-14148,2018-12-10,2408,12,1,2089132,4,1.99,7.96
3050,462549,280,-14148,2018-12-11,2408,12,1,2089132,1,1.99,1.99
3064,464498,280,-14148,2018-12-12,2408,12,1,2089132,1,1.99,1.99
3082,467266,280,-14148,2018-12-14,2408,12,1,2089132,4,1.99,7.96
3092,469045,280,-14148,2018-12-16,2408,12,1,2089132,1,1.99,1.99
3102,469849,280,-14148,2018-12-17,2408,12,1,2089132,4,1.99,7.96
3120,472344,280,-14148,2018-12-19,2408,12,1,2089132,1,1.99,1.99
3132,473910,280,-14148,2018-12-20,2408,12,1,2089132,1,1.99,1.99
3138,474757,280,-14148,2018-12-21,2408,12,1,2089132,2,1.99,3.98
3149,476473,280,-14148,2018-12-22,2408,12,1,2089132,5,1.9899999999999998,9.95
3158,477402,280,-14148,2018-12-23,2408,12,1,2089132,4,1.99,7.96
3167,478713,280,-14148,2018-12-24,2408,12,1,2089132,2,1.99,3.98
3171,479279,280,-14148,2018-12-25,2408,12,1,2089132,5,1.9899999999999998,9.95
3182,480700,280,-14148,2018-12-26,2408,12,1,2089132,2,1.99,3.98
3187,481570,280,-14148,2018-12-27,2408,12,1,2089132,2,1.99,3.98
3200,482954,280,-14148,2018-12-28,2408,12,1,2089132,3,1.99,5.97
3206,483209,280,-14148,2018-12-29,2408,12,1,2089132,2,1.99,3.98
3218,485234,280,-14148,2018-12-31,2408,12,1,2089132,2,1.99,3.98
3245,488775,280,-14148,2019-01-03,2408,12,1,2089132,1,1.75,1.75
3254,490087,280,-14148,2019-01-04,2408,12,1,2089190,1,1.75,1.75
3261,490728,280,-14148,2019-01-05,2408,12,1,2089190,3,1.75,5.25
3269,491946,280,-14148,2019-01-06,2408,12,1,2089190,1,1.99,1.99
3286,494093,280,-14148,2019-01-08,2408,12,1,2089190,1,1.99,1.99
3294,495044,280,-14148,2019-01-09,2408,12,1,2089190,3,1.9100000000000001,5.73
3302,496389,280,-14148,2019-01-10,2408,12,1,2089190,3,1.99,5.97
3313,497967,280,-14148,2019-01-11,2408,12,1,2089190,3,1.99,5.97
3321,498768,280,-14148,2019-01-12,2408,12,1,2089190,2,1.87,3.74
3334,500967,280,-14148,2019-01-13,2408,12,1,2089190,1,1.99,1.99
3343,501953,280,-14148,2019-01-14,2408,12,1,2089190,2,1.99,3.98
3348,502886,280,-14148,2019-01-15,2408,12,1,2089190,1,1.99,1.99
3359,504671,280,-14148,2019-01-17,2408,12,1,2089190,4,1.99,7.96
3369,506349,280,-14148,2019-01-18,2408,12,1,2089190,1,1.99,1.99
3378,508138,280,-14148,2019-01-19,2408,12,1,2089190,4,1.87,7.48
3389,509354,280,-14148,2019-01-20,2408,12,1,2089190,1,1.75,1.75
3404,511490,280,-14148,2019-01-22,2408,12,1,2089190,3,1.9100000000000001,5.73
3417,512833,280,-14148,2019-01-23,2408,12,1,2089190,3,1.83,5.49
3422,513718,280,-14148,2019-01-24,2408,12,1,2089190,1,1.99,1.99
3430,515229,280,-14148,2019-01-25,2408,12,1,2089190,2,1.87,3.74
3444,517364,280,-14148,2019-01-26,2408,12,1,2089190,3,1.83,5.49
3457,519109,280,-14148,2019-01-28,2408,12,1,2089190,2,1.87,3.74
3469,520825,280,-14148,2019-01-29,2408,12,1,2089190,1,1.99,1.99
3477,521775,280,-14148,2019-01-30,2408,12,1,2089190,5,1.9899999999999998,9.95
3482,522940,280,-14148,2019-01-31,2408,12,1,2089190,1,1.99,1.99
3501,525968,280,-14148,2019-02-02,2408,12,1,2089190,3,1.75,5.25
3518,528082,280,-14148,2019-02-04,2408,12,1,2089190,6,1.87,11.22
3524,529148,280,-14148,2019-02-05,2408,12,1,2089190,4,1.87,7.48
3532,529920,280,-14148,2019-02-06,2408,12,1,2089190,3,1.9100000000000001,5.73
