Data/snickers_df.csv
,index,site_id,item_id,date,sq_footage,mpds,locale,periodic_gbv,quantity_sold,price,sales
3543,531441,280,-14148,2019-02-07,2408,12,1,2089190,9,1.8566666666666667,16.71
3552,533081,280,-14148,2019-02-08,2408,12,1,2089190,3,1.83,5.49
3563,534121,280,-14148,2019-02-09,2408,12,1,2089190,4,1.81,7.24
3573,536044,280,-14148,2019-02-10,2408,12,1,2089190,2,1.99,3.98
3577,536494,280,-14148,2019-02-11,2408,12,1,2089190,1,1.75,1.75
3599,540149,280,-14148,2019-02-14,2408,12,1,2089190,1,1.99,1.99
3623,545204,280,-14148,2019-02-18,2408,12,1,2089190,2,1.99,3.98
3647,549334,280,-14148,2019-02-21,2408,12,1,2089190,1,1.99,1.99
3652,550363,280,-14148,2019-02-22,2408,12,1,2089190,2,1.99,3.98
3663,551956,280,-14148,2019-02-23,2408,12,1,2089190,2,1.99,3.98
3668,552641,280,-14148,2019-02-24,2408,12,1,2089190,3,1.99,5.97
3690,556179,280,-14148,2019-02-27,2408,12,1,2089190,3,1.99,5.97
3703,557824,280,-14148,2019-02-28,2408,12,1,2089190,1,1.99,1.99
3726,562091,280,-14148,2019-03-03,2408,12,1,2089190,1,1.99,1.99
3734,563239,280,-14148,2019-03-04,2408,12,1,2089190,1,1.99,1.99
3746,565109,280,-14148,2019-03-05,2408,12,1,2089190,4,1.99,7.96
3747,565333,280,-14148,2019-03-06,2408,12,1,2089190,1,1.99,1.99
3761,568084,280,-14148,2019-03-08,2408,12,1,2089190,1,1.99,1.99
3786,572831,280,-14148,2019-03-11,2408,12,1,2089190,3,1.99,5.97
3792,574421,280,-14148,2019-03-12,2408,12,1,2089190,1,1.99,1.99
3804,576760,280,-14148,2019-03-14,2408,12,1,2089190,3,1.99,5.97
3822,579959,280,-14148,2019-03-16,2408,12,1,2089190,2,1.99,3.98
3829,581329,280,-14148,2019-03-17,2408,12,1,2089190,1,1.99,1.99
3853,584699,280,-14148,2019-03-20,2408,12,1,2089190,3,1.99,5.97
3855,585524,280,-14148,2019-03-21,2408,12,1,2089190,1,1.99,1.99
3876,589022,280,-14148,2019-03-23,2408,12,1,2089190,1,1.99,1.99
3879,590104,280,-14148,2019-03-24,2408,12,1,2089190,3,1.99,5.97
3898,593547,280,-14148,2019-03-26,2408,12,1,2089190,2,1.99,3.98
3903,594395,280,-14148,2019-03-27,2408,12,1,2089190,1,1.99,1.99
3925,598593,280,-14148,2019-03-30,2408,12,1,2095700,7,1.99,13.93
3932,599545,280,-14148,2019-03-31,2408,12,1,2095700,2,1.99,3.98
3951,603065,280,-14148,2019-04-02,2408,12,1,2095700,1,1.99,1.99
3966,605128,280,-14148,2019-04-04,2408,12,1,2095700,3,1.99,5.97
3972,606057,280,-14148,2019-04-05,2408,12,1,2095700,1,1.99,1.99
3983,607910,280,-14148,2019-04-06,2408,12,1,2095700,1,1.99,1.99
3996,609758,280,-14148,2019-04-07,2408,12,1,2095700,1,1.99,1.99
4004,611696,280,-14148,2019-04-09,2408,12,1,2095700,2,1.99,3.98
4013,613215,280,-14148,2019-04-10,2408,12,1,2095700,1,1.99,1.99
4025,615111,280,-14148,2019-04-11,2408,12,1,2095700,1,1.99,1.99
4032,615840,280,-14148,2019-04-12,2408,12,1,2095700,3,1.99,5.97
4055,619862,280,-14148,2019-04-15,2408,12,1,2095700,2,1.99,3.98
4065,621382,280,-14148,2019-04-16,2408,12,1,2095700,3,1.99,5.97
4080,623728,280,-14148,2019-04-18,2408,12,1,2095700,2,1.99,3.98
4092,625864,280,-14148,2019-04-19,2408,12,1,2095700,3,1.99,5.97
4106,627903,280,-14148,2019-04-21,2408,12,1,2095700,2,1.99,3.98
4113,629152,280,-14148,2019-04-22,2408,12,1,2095700,1,1.99,1.99
4124,630469,280,-14148,2019-04-23,2408,12,1,2095700,2,1.99,3.98
4128,631518,280,-14148,2019-04-24,2408,12,1,2095700,1,1.99,1.99
4140,633374,280,-14148,2019-04-25,2408,12,1,2095700,2,1.99,3.98
4144,634227,280,-14148,2019-04-26,2408,12,1,2095700,3,1.99,5.97
4157,636328,280,-14148,2019-04-27,2408,12,1,2095700,4,1.99,7.96
4163,637449,280,-14148,2019-04-28,2408,12,1,2095700,3,1.99,5.97
4169,638679,280,-14148,2019-04-29,2408,12,1,2095700,2,1.99,3.98
4180,639938,280,-14148,2019-04-30,2408,12,1,2095700,2,1.99,3.98
4188,640776,280,-14148,2019-05-01,2408,12,1,2095700,2,1.99,3.98
4193,641564,280,-14148,2019-05-02,2408,12,1,2095700,1,1.99,1.99
4202,643112,280,-14148,2019-05-03,2408,12,1,2095700,2,1.99,3.98
4215,645775,280,-14148,2019-05-04,2408,12,1,2095700,3,1.99,5.97
4233,648267,280,-14148,2019-05-06,2408,12,1,2095700,1,1.99,1.99
4235,648575,280,-14148,2019-05-07,2408,12,1,2095700,1,1.99,1.99
4246,649990,280,-14148,2019-05-08,2408,12,1,2095700,1,1.99,1.99
4257,651717,280,-14148,2019-05-09,2408,12,1,2095700,3,1.99,5.97
4265,652756,280,-14148,2019-05-10,2408,12,1,2095700,2,1.99,3.98
4270,654362,280,-14148,2019-05-11,2408,12,1,2095700,1,1.99,1.99
4287,657315,280,-14148,2019-05-13,2408,12,1,2095700,2,1.99,3.98
4296,658303,280,-14148,2019-05-14,2408,12,1,2095700,1,1.99,1.99
4308,659856,280,-14148,2019-05-15,2408,12,1,2095700,1,1.99,1.99
4322,662998,280,-14148,2019-05-17,2408,12,1,2095700,5,1.9899999999999998,9.95
4335,665274,280,-14148,2019-05-19,2408,12,1,2095700,1,1.99,1.99
4343,666587,280,-14148,2019-05-20,2408,12,1,2095700,1,1.99,1.99
4357,668785,280,-14148,2019-05-21,2408,12,1,2095700,1,1.99,1.99
4390,674715,280,-14148,2019-05-25,2408,12,1,2095700,4,1.99,7.96
4395,675563,280,-14148,2019-05-26,2408,12,1,2095700,2,1.99,3.98
4403,677524,280,-14148,2019-05-27,2408,12,1,2095700,2,1.99,3.98
4414,678417,280,-14148,2019-05-28,2408,12,1,2095700,2,1.99,3.98
4434,681621,280,-14148,2019-05-30,2408,12,1,2095700,4,1.99,7.96
4445,683916,280,-14148,2019-06-01,2408,12,1,2095700,1,1.99,1.99
4454,685628,280,-14148,2019-06-02,2408,12,1,2095700,1,1.99,1.99
4461,686787,280,-14148,2019-06-03,2408,12,1,2095700,2,1.99,3.98
4469,687838,280,-14148,2019-06-04,2408,12,1,2095700,5,1.9899999999999998,9.95
4484,690109,280,-14148,2019-06-05,2408,12,1,2095700,2,1.99,3.98
4491,691587,280,-14148,2019-06-06,2408,12,1,2095700,3,1.99,5.97
4502,693152,280,-14148,2019-06-07,2408,12,1,2095700,1,1.99,1.99
4505,693457,280,-14148,2019-06-08,2408,12,1,2095700,2,1.99,3.98
4515,695520,280,-14148,2019-06-09,2408,12,1,2095700,1,1.99,1.99
4543,700208,280,-14148,2019-06-12,2408,12,1,2095700,2,1.99,3.98
4556,702739,280,-14148,2019-06-14,2408,12,1,2095700,1,1.99,1.99
4562,703684,280,-14148,2019-06-15,2408,12,1,2095700,3,1.99,5.97
4575,706084,280,-14148,2019-06-17,2408,12,1,2095700,2,1.99,3.98
4591,708490,280,-14148,2019-06-18,2408,12,1,2095700,3,1.99,5.97
4597,709537,280,-14148,2019-06-19,2408,12,1,2095700,4,1.81,7.24
4605,710491,280,-14148,2019-06-20,2408,12,1,2095700,1,1.99,1.99
4615,712433,280,-14148,2019-06-21,2408,12,1,2095700,3,1.99,5.97
4628,714594,280,-14148,2019-06-22,2408,12,1,2095700,3,1.75,5.25
4629,714823,280,-14148,2019-06-23,2408,12,1,2095700,3,1.9100000000000001,5.73
4640,716216,280,-14148,2019-06-24,2408,12,1,2095700,7,1.852857142857143,12.97
4649,717484,280,-14148,2019-06-25,2408,12,1,2095700,1,1.99,1.99
4662,719850,280,-14148,2019-06-26,2408,12,1,2095700,1,1.99,1.99
4666,720264,280,-14148,2019-06-27,2408,12,1,2095700,4,1.87,7.48
4674,721506,280,-14148,2019-06-28,2408,12,1,2095700,3,1.83,5.49
4681,722925,280,-14148,2019-06-29,2408,12,1,2095700,1,1.75,1.75
4698,725792,280,-14148,2019-07-01,2408,12,1,2095700,7,1.5785714285714287,11.05
4714,727961,280,-14148,2019-07-02,2408,12,1,2095700,4,1.87,7.48
4723,729426,280,-14148,2019-07-03,2408,12,1,2095700,3,1.83,5.49
4731,731065,280,-14148,2019-07-04,2408,12,1,2095700,2,1.87,3.74
4744,733288,280,-14148,2019-07-06,2408,12,1,2095700,3,1.99,5.97
4753,734571,280,-14148,2019-07-07,2408,12,1,2095700,2,1.75,3.5
4765,736424,280,-14148,2019-07-08,2408,12,1,2095700,3,1.67,5.01
4769,737093,280,-14148,2019-07-09,2408,12,1,2095700,4,1.99,7.96
4782,738669,280,-14148,2019-07-10,2408,12,1,2095700,3,1.99,5.97
4785,739509,280,-14148,2019-07-11,2408,12,1,2095700,5,1.9899999999999998,9.95
4794,740990,280,-14148,2019-07-12,2408,12,1,2095700,4,1.99,7.96
4802,741897,280,-14148,2019-07-13,2408,12,1,2095700,7,1.99,13.93
4814,743738,280,-14148,2019-07-14,2408,12,1,2095700,2,1.99,3.98
4824,745367,280,-14148,2019-07-15,2408,12,1,2095700,4,1.99,7.96
4831,746583,280,-14148,2019-07-16,2408,12,1,2095700,10,1.9899999999999998,19.9
4836,747519,280,-14148,2019-07-17,2408,12,1,2095700,3,1.99,5.97
4853,750726,280,-14148,2019-07-19,2408,12,1,2095700,5,1.9899999999999998,9.95
4877,754602,280,-14148,2019-07-22,2408,12,1,2095700,2,1.99,3.98
4887,756063,280,-14148,2019-07-23,2408,12,1,2095700,3,1.99,5.97
4900,758098,280,-14148,2019-07-24,2408,12,1,2095700,5,1.9899999999999998,9.95
4906,758976,280,-14148,2019-07-25,2408,12,1,2095700,5,1.9899999999999998,9.95
4913,760209,280,-14148,2019-07-26,2408,12,1,2095700,3,1.99,5.97
4923,761689,280,-14148,2019-07-27,2408,12,1,2095700,4,1.99,7.96
4936,763652,280,-14148,2019-07-28,2408,12,1,2095700,5,1.9899999999999998,9.95
4945,764977,280,-14148,2019-07-29,2408,12,1,2095700,7,1.99,13.93
4951,765805,280,-14148,2019-07-30,2408,12,1,2095700,1,1.99,1.99
4958,767066,280,-14148,2019-07-31,2408,12,1,2095700,2,1.99,3.98
4972,768968,280,-14148,2019-08-01,2408,12,1,2095700,1,1.99,1.99
4980,770416,280,-14148,2019-08-02,2408,12,1,2095700,1,1.99,1.99
4984,771266,280,-14148,2019-08-03,2408,12,1,2095700,1,1.99,1.99
4999,773910,280,-14148,2019-08-05,2408,12,1,2095700,1,1.99,1.99
5019,777579,280,-14148,2019-08-07,2408,12,1,2095700,2,1.99,3.98
5027,779018,280,-14148,2019-08-08,2408,12,1,2095700,1,1.99,1.99
5031,779745,280,-14148,2019-08-09,2408,12,1,2095700,1,1.99,1.99
5038,781017,280,-14148,2019-08-10,2408,12,1,2095700,1,2.19,2.19
5053,783900,280,-14148,2019-08-12,2408,12,1,2095700,4,2.19,8.76
5062,785363,280,-14148,2019-08-13,2408,12,1,2095700,1,2.19,2.19
5070,786559,280,-14148,2019-08-14,2408,12,1,2095700,3,2.19,6.57
5078,788291,280,-14148,2019-08-15,2408,12,1,2095700,2,2.19,4.38
5085,789499,280,-14148,2019-08-16,2408,12,1,2102211,2,2.19,4.38
5101,792368,280,-14148,2019-08-18,2408,12,1,2102211,1,2.19,2.19
5116,794359,280,-14148,2019-08-19,2408,12,1,2102211,2,2.19,4.38
5124,795716,280,-14148,2019-08-20,2408,12,1,2102211,2,2.19,4.38
5127,796794,280,-14148,2019-08-21,2408,12,1,2102211,3,2.19,6.57
5137,798130,280,-14148,2019-08-22,2408,12,1,2102211,2,2.19,4.38
5142,799562,280,-14148,2019-08-23,2408,12,1,2102211,1,2.19,2.19
5156,801695,280,-14148,2019-08-24,2408,12,1,2102211,5,2.19,10.95
5172,804185,280,-14148,2019-08-26,2408,12,1,2102211,4,2.19,8.76
5181,805523,280,-14148,2019-08-27,2408,12,1,2102211,1,2.19,2.19
5193,807851,280,-14148,2019-08-29,2408,12,1,2102211,4,2.19,8.76
5200,808839,280,-14148,2019-08-30,2408,12,1,2102211,5,2.19,10.95
5211,811258,280,-14148,2019-08-31,2408,12,1,2102211,1,2.19,2.19
5214,811542,280,-14148,2019-09-01,2408,12,1,2102211,1,2.19,2.19
5230,814288,280,-14148,2019-09-03,2408,12,1,2102211,3,2.19,6.57
5242,816175,280,-14148,2019-09-04,2408,12,1,2102211,3,2.19,6.57
5261,819845,280,-14148,2019-09-07,2408,12,1,2102211,1,2.19,2.19
5278,823812,280,-14148,2019-09-09,2408,12,1,2102211,1,2.19,2.19
5280,824090,280,-14148,2019-09-10,2408,12,1,2102211,1,2.19,2.19
5289,825478,280,-14148,2019-09-11,2408,12,1,2102211,1,2.19,2.19
5303,827646,280,-14148,2019-09-12,2408,12,1,2102211,8,2.19,17.52
5307,828270,280,-14148,2019-09-13,2408,12,1,2102211,2,2.19,4.38
5320,830861,280,-14148,2019-09-14,2408,12,1,2102211,3,2.19,6.57
5334,833419,280,-14148,2019-09-16,2408,12,1,2102211,1,2.19,2.19
5338,833698,280,-14148,2019-09-17,2408,12,1,2102211,7,1.875714285714286,13.13
5348,835261,280,-14148,2019-09-18,2408,12,1,2102211,5,1.9260000000000002,9.63
5361,837443,280,-14148,2019-09-19,2408,12,1,2102211,2,1.97,3.94
5373,839240,280,-14148,2019-09-20,2408,12,1,2102211,1,2.19,2.19
5377,839847,280,-14148,2019-09-21,2408,12,1,2102211,3,2.0433333333333334,6.13
5389,841953,280,-14148,2019-09-22,2408,12,1,2102211,1,2.19,2.19
5401,843770,280,-14148,2019-09-23,2408,12,1,2102211,4,1.86,7.44
5412,845553,280,-14148,2019-09-24,2408,12,1,2102211,1,1.75,1.75
5420,846506,280,-14148,2019-09-25,2408,12,1,2102211,1,2.19,2.19
5439,850023,280,-14148,2019-09-27,2408,12,1,2102211,2,1.97,3.94
5443,850563,280,-14148,2019-09-28,2408,12,1,2102211,11,1.87,20.57
5457,853061,280,-14148,2019-09-29,2408,12,1,2102211,1,2.19,2.19
5469,854290,280,-14148,2019-09-30,2408,12,1,2102211,3,1.8966666666666667,5.69
5478,855939,280,-14148,2019-10-01,2408,12,1,2102211,3,2.19,6.57
5496,859098,280,-14148,2019-10-03,2408,12,1,2102211,2,1.97,3.94
5504,860013,280,-14148,2019-10-04,2408,12,1,2102211,2,1.97,3.94
5510,861454,280,-14148,2019-10-05,2408,12,1,2102211,5,1.9260000000000002,9.63
5520,863171,280,-14148,2019-10-06,2408,12,1,2102211,1,2.19,2.19
5540,865690,280,-14148,2019-10-08,2408,12,1,2102211,1,1.75,1.75
5556,868490,280,-14148,2019-10-10,2408,12,1,2102211,2,1.97,3.94
5570,870823,280,-14148,2019-10-11,2408,12,1,2102211,6,2.1166666666666667,12.7
5580,872474,280,-14148,2019-10-12,2408,12,1,2102211,14,1.907142857142857,26.7
5586,873296,280,-14148,2019-10-13,2408,12,1,2102211,4,1.75,7.0
5595,875238,280,-14148,2019-10-14,2408,12,1,2102211,1,2.19,2.19
5604,876474,280,-14148,2019-10-15,2408,12,1,2102211,2,1.75,3.5
5621,878883,280,-14148,2019-10-16,2408,12,1,2102211,1,2.19,2.19
5629,880031,280,-14148,2019-10-17,2408,12,1,2102211,7,1.9385714285714286,13.57
5637,881472,280,-14148,2019-10-18,2408,12,1,2102211,5,1.9260000000000002,9.63
5658,884351,280,-14148,2019-10-20,2408,12,1,2102211,2,2.19,4.38
5665,885874,280,-14148,2019-10-21,2408,12,1,2102211,3,2.0433333333333334,6.13
5670,886330,280,-14148,2019-10-22,2408,12,1,2102211,3,1.75,5.25
5685,888370,280,-14148,2019-10-23,2408,12,1,2102211,1,2.19,2.19
5689,888968,280,-14148,2019-10-24,2408,12,1,2102211,2,2.19,4.38
5700,890463,280,-14148,2019-10-25,2408,12,1,2102211,1,2.19,2.19
5720,894423,280,-14148,2019-10-27,2408,12,1,2102211,4,2.19,8.76
5727,894829,280,-14148,2019-10-28,2408,12,1,2102211,2,2.19,4.38
5751,898019,280,-14148,2019-10-30,2408,12,1,2102211,1,2.19,2.19
5754,898793,280,-14148,2019-10-31,2408,12,1,2102211,1,2.19,2.19
5779,902409,280,-14148,2019-11-03,2408,12,1,2102211,2,2.19,4.38
5801,905163,280,-14148,2019-11-05,2408,12,1,2102211,1,2.19,2.19
5811,906734,280,-14148,2019-11-07,2408,12,1,2102211,1,2.19,2.19
5821,908255,280,-14148,2019-11-08,2408,12,1,2102211,3,2.19,6.57
239,35712,580,-14148,2017-12-15,5518,30,5,5552023,1,1.66,1.66
247,37150,580,-14148,2017-12-16,5518,30,5,5552023,6,1.9349999999999998,11.61
251,37914,580,-14148,2017-12-17,5518,30,5,5552023,6,1.825,10.95
263,39872,580,-14148,2017-12-19,5518,30,5,5552023,3,1.88,5.64
270,40323,580,-14148,2017-12-20,5518,30,5,5552023,3,1.88,5.64
277,41349,580,-14148,2017-12-21,5518,30,5,5552023,4,1.9075,7.63
289,43028,580,-14148,2017-12-22,5518,30,5,5552023,3,1.88,5.64
296,44082,580,-14148,2017-12-23,5518,30,5,5552023,8,1.94875,15.59
301,44906,580,-14148,2017-12-24,5518,30,5,5552023,2,1.66,3.32
311,46190,580,-14148,2017-12-25,5518,30,5,5552023,6,1.9349999999999998,11.61
317,46952,580,-14148,2017-12-26,5518,30,5,5552023,5,1.7260000000000002,8.63
327,48024,580,-14148,2017-12-27,5518,30,5,5552023,4,1.9075,7.63
330,48351,580,-14148,2017-12-28,5518,30,5,5552023,2,1.99,3.98
337,49324,580,-14148,2017-12-29,5518,30,5,5776210,2,1.825,3.65
348,50862,580,-14148,2017-12-30,5518,30,5,5776210,2,1.99,3.98
354,51849,580,-14148,2017-12-31,5518,30,5,5776210,4,1.9075,7.63
361,52234,580,-14148,2018-01-01,5518,30,5,5776210,1,1.99,1.99
366,52944,580,-14148,2018-01-02,5518,30,5,5776210,3,1.88,5.64
376,54129,580,-14148,2018-01-03,5518,30,5,5776210,2,1.825,3.65
387,55422,580,-14148,2018-01-04,5518,30,5,5776210,2,1.66,3.32
395,56476,580,-14148,2018-01-05,5518,30,5,5776210,5,1.86,9.3
398,57051,580,-14148,2018-01-06,5518,30,5,5776210,5,1.796,8.98
404,57695,580,-14148,2018-01-07,5518,30,5,5776210,3,1.7733333333333334,5.32
412,59029,580,-14148,2018-01-08,5518,30,5,5776210,4,1.9075,7.63
424,60177,580,-14148,2018-01-09,5518,30,5,5776210,1,1.66,1.66
426,60543,580,-14148,2018-01-10,5518,30,5,5776210,5,1.794,8.97
444,63165,580,-14148,2018-01-12,5518,30,5,5776210,5,1.794,8.97
450,64307,580,-14148,2018-01-13,5518,30,5,5776210,2,1.665,3.33
457,65208,580,-14148,2018-01-14,5518,30,5,5776210,3,1.7699999999999998,5.31
467,66183,580,-14148,2018-01-15,5518,30,5,5776210,5,1.666,8.33
475,66833,580,-14148,2018-01-16,5518,30,5,5776210,3,1.6600000000000001,4.98
483,68155,580,-14148,2018-01-17,5518,30,5,5776210,6,1.99,11.94
486,68871,580,-14148,2018-01-18,5518,30,5,5776210,4,1.58,6.32
499,70612,580,-14148,2018-01-19,5518,30,5,5776210,11,1.6627272727272726,18.29
508,71928,580,-14148,2018-01-20,5518,30,5,5776210,6,1.7183333333333335,10.31
516,73086,580,-14148,2018-01-21,5518,30,5,5776210,6,1.555,9.33
521,73887,580,-14148,2018-01-22,5518,30,5,5776210,3,1.99,5.97
527,74674,580,-14148,2018-01-23,5518,30,5,5776210,4,1.8275,7.31
535,75708,580,-14148,2018-01-24,5518,30,5,5776210,9,1.7722222222222221,15.95
543,76920,580,-14148,2018-01-25,5518,30,5,5776210,4,1.7475,6.99
550,78095,580,-14148,2018-01-26,5518,30,5,5875771,5,1.7280000000000002,8.64
558,78955,580,-14148,2018-01-27,5518,30,5,5875771,9,1.6277777777777778,14.65
563,80111,580,-14148,2018-01-28,5518,30,5,5875771,2,1.665,3.33
577,81643,580,-14148,2018-01-29,5518,30,5,5875771,5,1.73,8.65
582,82449,580,-14148,2018-01-30,5518,30,5,5875771,7,1.7100000000000002,11.97
590,83310,580,-14148,2018-01-31,5518,30,5,5875771,14,1.2785714285714285,17.9
599,84661,580,-14148,2018-02-01,5518,30,5,5875771,11,1.0572727272727274,11.63
602,85229,580,-14148,2018-02-02,5518,30,5,5875771,8,1.61625,12.93
608,86552,580,-14148,2018-02-03,5518,30,5,5875771,9,1.1055555555555554,9.95
619,88437,580,-14148,2018-02-04,5518,30,5,5875771,9,1.0677777777777777,9.61
627,89184,580,-14148,2018-02-05,5518,30,5,5875771,11,1.0845454545454545,11.93
630,89665,580,-14148,2018-02-06,5518,30,5,5875771,7,1.897142857142857,13.28
643,91588,580,-14148,2018-02-07,5518,30,5,5875771,10,1.6640000000000001,16.64
648,92291,580,-14148,2018-02-08,5518,30,5,5875771,9,1.8811111111111112,16.93
657,93960,580,-14148,2018-02-09,5518,30,5,5875771,11,1.721818181818182,18.94
663,95150,580,-14148,2018-02-10,5518,30,5,5875771,6,1.88,11.28
672,95972,580,-14148,2018-02-11,5518,30,5,5875771,5,1.6600000000000001,8.3
680,97245,580,-14148,2018-02-12,5518,30,5,5875771,4,1.6625,6.65
689,98543,580,-14148,2018-02-13,5518,30,5,5875771,5,1.794,8.97
694,99248,580,-14148,2018-02-14,5518,30,5,5875771,1,1.99,1.99
704,100608,580,-14148,2018-02-15,5518,30,5,5875771,2,1.99,3.98
710,101481,580,-14148,2018-02-16,5518,30,5,5875771,2,1.99,3.98
714,102217,580,-14148,2018-02-17,5518,30,5,5875771,2,1.99,3.98
720,103228,580,-14148,2018-02-18,5518,30,5,5875771,3,1.99,5.97
