Data/snickers_df.csv
,index,site_id,item_id,date,sq_footage,mpds,locale,periodic_gbv,quantity_sold,price,sales
727,104564,580,-14148,2018-02-19,5518,30,5,5875771,4,1.99,7.96
735,105548,580,-14148,2018-02-20,5518,30,5,5875771,1,1.99,1.99
738,106133,580,-14148,2018-02-21,5518,30,5,5875771,3,1.99,5.97
752,107654,580,-14148,2018-02-22,5518,30,5,5875771,5,1.9899999999999998,9.95
758,109061,580,-14148,2018-02-23,5518,30,5,5888020,3,1.99,5.97
760,109658,580,-14148,2018-02-24,5518,30,5,5888020,6,1.99,11.94
765,111137,580,-14148,2018-02-25,5518,30,5,5888020,2,1.99,3.98
768,111856,580,-14148,2018-02-26,5518,30,5,5888020,2,1.99,3.98
776,113043,580,-14148,2018-02-27,5518,30,5,5888020,2,1.99,3.98
786,114583,580,-14148,2018-02-28,5518,30,5,5888020,2,1.99,3.98
790,114956,580,-14148,2018-03-01,5518,30,5,5888020,3,1.99,5.97
797,116191,580,-14148,2018-03-02,5518,30,5,5888020,2,1.99,3.98
809,118411,580,-14148,2018-03-03,5518,30,5,5888020,6,1.99,11.94
812,118808,580,-14148,2018-03-04,5518,30,5,5888020,3,1.99,5.97
817,119783,580,-14148,2018-03-05,5518,30,5,5888020,2,1.99,3.98
823,120790,580,-14148,2018-03-06,5518,30,5,5888020,4,1.99,7.96
839,123617,580,-14148,2018-03-08,5518,30,5,5888020,4,1.99,7.96
849,125405,580,-14148,2018-03-09,5518,30,5,5888020,4,1.99,7.96
855,125814,580,-14148,2018-03-10,5518,30,5,5888020,2,1.99,3.98
866,127913,580,-14148,2018-03-11,5518,30,5,5888020,2,1.99,3.98
871,128628,580,-14148,2018-03-12,5518,30,5,5888020,3,1.6566666666666665,4.97
886,131050,580,-14148,2018-03-14,5518,30,5,5888020,2,1.99,3.98
896,132950,580,-14148,2018-03-16,5518,30,5,5888020,4,1.99,7.96
907,134914,580,-14148,2018-03-17,5518,30,5,5888020,6,1.99,11.94
913,135367,580,-14148,2018-03-18,5518,30,5,5888020,1,1.99,1.99
927,137927,580,-14148,2018-03-20,5518,30,5,5888020,2,1.99,3.98
933,138736,580,-14148,2018-03-21,5518,30,5,5888020,2,1.99,3.98
941,139616,580,-14148,2018-03-22,5518,30,5,5888020,6,1.99,11.94
952,141412,580,-14148,2018-03-23,5518,30,5,5868049,1,1.99,1.99
956,142147,580,-14148,2018-03-24,5518,30,5,5868049,11,1.99,21.89
963,143591,580,-14148,2018-03-25,5518,30,5,5868049,3,1.99,5.97
973,145293,580,-14148,2018-03-26,5518,30,5,5868049,1,1.99,1.99
981,146297,580,-14148,2018-03-27,5518,30,5,5868049,2,1.99,3.98
984,146657,580,-14148,2018-03-28,5518,30,5,5868049,2,1.99,3.98
998,148658,580,-14148,2018-03-29,5518,30,5,5868049,6,1.8266666666666669,10.96
1004,150079,580,-14148,2018-03-30,5518,30,5,5868049,5,1.732,8.66
1011,151125,580,-14148,2018-03-31,5518,30,5,5868049,10,1.796,17.96
1016,152081,580,-14148,2018-04-01,5518,30,5,5868049,2,1.665,3.33
1025,152835,580,-14148,2018-04-02,5518,30,5,5868049,3,1.88,5.64
1037,154302,580,-14148,2018-04-03,5518,30,5,5868049,7,1.8514285714285716,12.96
1040,154514,580,-14148,2018-04-04,5518,30,5,5868049,6,1.7733333333333334,10.64
1048,155507,580,-14148,2018-04-05,5518,30,5,5868049,4,1.6575,6.63
1057,157004,580,-14148,2018-04-06,5518,30,5,5868049,2,1.83,3.66
1068,158618,580,-14148,2018-04-07,5518,30,5,5868049,9,1.7366666666666668,15.63
1076,159467,580,-14148,2018-04-08,5518,30,5,5868049,3,1.6666666666666667,5.0
1080,160202,580,-14148,2018-04-09,5518,30,5,5868049,7,1.7571428571428573,12.3
1091,161534,580,-14148,2018-04-10,5518,30,5,5868049,7,1.592857142857143,11.15
1100,162745,580,-14148,2018-04-11,5518,30,5,5868049,10,1.762,17.62
1102,163000,580,-14148,2018-04-12,5518,30,5,5868049,10,1.795,17.95
1109,163988,580,-14148,2018-04-13,5518,30,5,5868049,8,1.8275,14.62
1123,166407,580,-14148,2018-04-14,5518,30,5,5868049,2,1.99,3.98
1131,167158,580,-14148,2018-04-15,5518,30,5,5868049,5,1.796,8.98
1137,168402,580,-14148,2018-04-16,5518,30,5,5868049,3,1.99,5.97
1146,169531,580,-14148,2018-04-17,5518,30,5,5868049,5,1.73,8.65
1148,170086,580,-14148,2018-04-18,5518,30,5,5868049,5,1.796,8.98
1157,171203,580,-14148,2018-04-19,5518,30,5,5868049,1,1.67,1.67
1167,172907,580,-14148,2018-04-20,5518,30,5,5869147,4,1.91,7.64
1173,174526,580,-14148,2018-04-21,5518,30,5,5869147,12,1.8533333333333333,22.24
1179,175416,580,-14148,2018-04-22,5518,30,5,5869147,7,1.7585714285714287,12.31
1187,176559,580,-14148,2018-04-23,5518,30,5,5869147,12,1.7474999999999998,20.97
1194,177377,580,-14148,2018-04-24,5518,30,5,5869147,11,1.7827272727272727,19.61
1205,179017,580,-14148,2018-04-25,5518,30,5,5869147,6,1.8266666666666669,10.96
1215,180594,580,-14148,2018-04-26,5518,30,5,5869147,7,1.897142857142857,13.28
1220,181542,580,-14148,2018-04-27,5518,30,5,5869147,11,1.7836363636363637,19.62
1227,183143,580,-14148,2018-04-28,5518,30,5,5869147,10,1.762,17.62
1236,184455,580,-14148,2018-04-29,5518,30,5,5869147,5,1.796,8.98
1240,185435,580,-14148,2018-04-30,5518,30,5,5869147,3,1.8833333333333335,5.65
1248,186652,580,-14148,2018-05-01,5518,30,5,5869147,7,1.8014285714285714,12.61
1260,187651,580,-14148,2018-05-02,5518,30,5,5869147,6,1.8266666666666669,10.96
1269,189435,580,-14148,2018-05-03,5518,30,5,5869147,8,1.70875,13.67
1270,189575,580,-14148,2018-05-04,5518,30,5,5869147,13,1.8407692307692307,23.93
1279,191619,580,-14148,2018-05-05,5518,30,5,5869147,8,1.70625,13.65
1287,192842,580,-14148,2018-05-06,5518,30,5,5869147,11,1.8136363636363635,19.95
1296,194257,580,-14148,2018-05-07,5518,30,5,5869147,5,1.9260000000000002,9.63
1304,195560,580,-14148,2018-05-08,5518,30,5,5869147,9,1.8099999999999998,16.29
1308,196049,580,-14148,2018-05-09,5518,30,5,5869147,5,1.9899999999999998,9.95
1317,197431,580,-14148,2018-05-10,5518,30,5,5869147,5,1.9899999999999998,9.95
1328,199075,580,-14148,2018-05-11,5518,30,5,5869147,5,1.9899999999999998,9.95
1331,200000,580,-14148,2018-05-12,5518,30,5,5869147,8,1.99,15.92
1339,201561,580,-14148,2018-05-13,5518,30,5,5869147,1,1.99,1.99
1348,202912,580,-14148,2018-05-14,5518,30,5,5869147,4,1.99,7.96
1355,203676,580,-14148,2018-05-15,5518,30,5,5869147,4,1.99,7.96
1360,204595,580,-14148,2018-05-16,5518,30,5,5869147,1,1.99,1.99
1367,205545,580,-14148,2018-05-17,5518,30,5,5869147,4,1.99,7.96
1377,207399,580,-14148,2018-05-18,5518,30,5,6015865,7,1.99,13.93
1385,208917,580,-14148,2018-05-19,5518,30,5,6015865,7,1.99,13.93
1389,209611,580,-14148,2018-05-20,5518,30,5,6015865,3,1.99,5.97
1400,210937,580,-14148,2018-05-21,5518,30,5,6015865,3,1.99,5.97
1409,212804,580,-14148,2018-05-22,5518,30,5,6015865,5,1.9899999999999998,9.95
1417,213757,580,-14148,2018-05-23,5518,30,5,6015865,1,1.99,1.99
1422,214554,580,-14148,2018-05-24,5518,30,5,6015865,4,1.99,7.96
1429,216049,580,-14148,2018-05-25,5518,30,5,6015865,6,1.99,11.94
1437,217536,580,-14148,2018-05-26,5518,30,5,6015865,3,1.99,5.97
1447,218947,580,-14148,2018-05-27,5518,30,5,6015865,1,1.99,1.99
1453,219896,580,-14148,2018-05-28,5518,30,5,6015865,5,1.9899999999999998,9.95
1464,221520,580,-14148,2018-05-29,5518,30,5,6015865,2,1.99,3.98
1466,221718,580,-14148,2018-05-30,5518,30,5,6015865,2,1.99,3.98
1479,223996,580,-14148,2018-05-31,5518,30,5,6015865,2,1.99,3.98
1487,225319,580,-14148,2018-06-01,5518,30,5,6015865,5,1.9899999999999998,9.95
1492,226175,580,-14148,2018-06-02,5518,30,5,6015865,5,1.9899999999999998,9.95
1501,227694,580,-14148,2018-06-03,5518,30,5,6015865,3,1.99,5.97
1503,227873,580,-14148,2018-06-04,5518,30,5,6015865,2,1.99,3.98
1515,230109,580,-14148,2018-06-05,5518,30,5,6015865,4,1.99,7.96
1524,231283,580,-14148,2018-06-06,5518,30,5,6015865,5,1.9899999999999998,9.95
1528,231497,580,-14148,2018-06-07,5518,30,5,6015865,3,1.99,5.97
1540,233656,580,-14148,2018-06-08,5518,30,5,6015865,3,1.99,5.97
1542,234044,580,-14148,2018-06-09,5518,30,5,6015865,9,1.99,17.91
1552,235771,580,-14148,2018-06-10,5518,30,5,6015865,3,1.99,5.97
1557,236514,580,-14148,2018-06-11,5518,30,5,6015865,3,1.99,5.97
1565,238197,580,-14148,2018-06-12,5518,30,5,6015865,5,1.9899999999999998,9.95
1571,239021,580,-14148,2018-06-13,5518,30,5,6015865,7,1.99,13.93
1583,240913,580,-14148,2018-06-15,5518,30,5,6046438,1,1.99,1.99
1595,243102,580,-14148,2018-06-16,5518,30,5,6046438,4,1.99,7.96
1603,244384,580,-14148,2018-06-17,5518,30,5,6046438,1,1.99,1.99
1608,244687,580,-14148,2018-06-18,5518,30,5,6046438,2,1.99,3.98
1618,246580,580,-14148,2018-06-19,5518,30,5,6046438,6,1.99,11.94
1625,247740,580,-14148,2018-06-20,5518,30,5,6046438,4,1.87,7.48
1627,248220,580,-14148,2018-06-21,5518,30,5,6046438,6,1.9100000000000001,11.46
1640,250065,580,-14148,2018-06-22,5518,30,5,6046438,12,1.89,22.68
1644,251157,580,-14148,2018-06-23,5518,30,5,6046438,3,1.9100000000000001,5.73
1654,252709,580,-14148,2018-06-24,5518,30,5,6046438,4,1.93,7.72
1660,253256,580,-14148,2018-06-25,5518,30,5,6046438,4,1.87,7.48
1670,254732,580,-14148,2018-06-26,5518,30,5,6046438,7,1.9214285714285713,13.45
1676,255667,580,-14148,2018-06-27,5518,30,5,6046438,3,1.99,5.97
1685,256774,580,-14148,2018-06-28,5518,30,5,6046438,8,1.84,14.72
1690,257765,580,-14148,2018-06-29,5518,30,5,6046438,5,1.9420000000000002,9.71
1701,259636,580,-14148,2018-06-30,5518,30,5,6046438,13,1.786923076923077,23.23
1705,260508,580,-14148,2018-07-01,5518,30,5,6046438,11,1.8154545454545454,19.97
1712,261611,580,-14148,2018-07-02,5518,30,5,6046438,7,1.8871428571428572,13.21
1719,262790,580,-14148,2018-07-03,5518,30,5,6046438,10,1.8699999999999999,18.7
1728,264154,580,-14148,2018-07-04,5518,30,5,6046438,3,1.9100000000000001,5.73
1737,265382,580,-14148,2018-07-05,5518,30,5,6046438,14,1.7842857142857143,24.98
1747,267026,580,-14148,2018-07-06,5518,30,5,6046438,8,1.9,15.2
1750,267311,580,-14148,2018-07-07,5518,30,5,6046438,6,1.79,10.74
1764,269374,580,-14148,2018-07-08,5518,30,5,6046438,3,1.99,5.97
1767,269967,580,-14148,2018-07-09,5518,30,5,6046438,3,1.83,5.49
1776,271217,580,-14148,2018-07-10,5518,30,5,6046438,12,1.83,21.96
1786,272490,580,-14148,2018-07-11,5518,30,5,6046438,6,1.87,11.22
1794,273583,580,-14148,2018-07-12,5518,30,5,6046438,5,1.846,9.23
1798,274665,580,-14148,2018-07-13,5518,30,5,6123014,8,1.87,14.96
1804,275721,580,-14148,2018-07-14,5518,30,5,6123014,9,1.8299999999999998,16.47
1817,277432,580,-14148,2018-07-15,5518,30,5,6123014,9,1.8033333333333335,16.23
1821,277967,580,-14148,2018-07-16,5518,30,5,6123014,5,1.9420000000000002,9.71
1833,280083,580,-14148,2018-07-17,5518,30,5,6123014,5,1.9420000000000002,9.71
1835,280292,580,-14148,2018-07-18,5518,30,5,6123014,3,1.99,5.97
1845,282286,580,-14148,2018-07-19,5518,30,5,6123014,6,1.87,11.22
1854,283310,580,-14148,2018-07-20,5518,30,5,6123014,7,1.852857142857143,12.97
1861,284522,580,-14148,2018-07-21,5518,30,5,6123014,7,1.7842857142857143,12.49
1869,285904,580,-14148,2018-07-22,5518,30,5,6123014,2,1.87,3.74
1874,286576,580,-14148,2018-07-23,5518,30,5,6123014,5,1.9420000000000002,9.71
1881,287579,580,-14148,2018-07-24,5518,30,5,6123014,4,1.81,7.24
1892,288607,580,-14148,2018-07-25,5518,30,5,6123014,4,1.93,7.72
1896,289727,580,-14148,2018-07-26,5518,30,5,6123014,7,1.9214285714285713,13.45
1904,290841,580,-14148,2018-07-27,5518,30,5,6123014,9,1.9366666666666665,17.43
1918,292754,580,-14148,2018-07-28,5518,30,5,6123014,10,1.846,18.46
1919,293399,580,-14148,2018-07-29,5518,30,5,6123014,1,1.99,1.99
1933,295234,580,-14148,2018-07-30,5518,30,5,6123014,3,1.75,5.25
1938,295790,580,-14148,2018-07-31,5518,30,5,6123014,2,1.99,3.98
1942,296815,580,-14148,2018-08-01,5518,30,5,6123014,15,1.3266666666666667,19.9
1950,297603,580,-14148,2018-08-02,5518,30,5,6123014,14,1.28,17.92
1958,299138,580,-14148,2018-08-03,5518,30,5,6123014,20,1.194,23.88
1972,300822,580,-14148,2018-08-04,5518,30,5,6123014,18,1.1605555555555556,20.89
1981,302136,580,-14148,2018-08-05,5518,30,5,6123014,12,1.1608333333333334,13.93
1983,302419,580,-14148,2018-08-06,5518,30,5,6123014,8,1.12,8.96
1997,304525,580,-14148,2018-08-07,5518,30,5,6123014,17,1.3758823529411766,23.39
1999,304785,580,-14148,2018-08-08,5518,30,5,6123014,5,1.294,6.47
2008,305996,580,-14148,2018-08-09,5518,30,5,6123014,20,1.1635,23.27
2019,307964,580,-14148,2018-08-10,5518,30,5,6134760,10,1.468,14.68
2026,309186,580,-14148,2018-08-11,5518,30,5,6134760,4,1.3375,5.35
2034,310403,580,-14148,2018-08-12,5518,30,5,6134760,4,1.12,4.48
2039,311028,580,-14148,2018-08-13,5518,30,5,6134760,15,1.236,18.54
2053,312725,580,-14148,2018-08-14,5518,30,5,6134760,5,1.294,6.47
2058,313932,580,-14148,2018-08-15,5518,30,5,6134760,9,1.12,10.08
2063,314487,580,-14148,2018-08-16,5518,30,5,6134760,11,1.4363636363636365,15.8
2077,316238,580,-14148,2018-08-17,5518,30,5,6134760,1,1.99,1.99
2086,318287,580,-14148,2018-08-18,5518,30,5,6134760,3,1.4100000000000001,4.23
2092,319105,580,-14148,2018-08-19,5518,30,5,6134760,6,1.4100000000000001,8.46
2100,319889,580,-14148,2018-08-20,5518,30,5,6134760,17,1.3247058823529412,22.52
2115,322138,580,-14148,2018-08-21,5518,30,5,6134760,9,1.3133333333333335,11.82
2123,322968,580,-14148,2018-08-22,5518,30,5,6134760,12,1.3375000000000001,16.05
2129,323887,580,-14148,2018-08-23,5518,30,5,6134760,16,1.44625,23.14
2142,326232,580,-14148,2018-08-24,5518,30,5,6134760,30,1.323,39.69
2145,326527,580,-14148,2018-08-25,5518,30,5,6134760,17,1.3247058823529412,22.52
2159,328875,580,-14148,2018-08-26,5518,30,5,6134760,8,1.22875,9.83
2167,330107,580,-14148,2018-08-27,5518,30,5,6134760,21,1.1614285714285715,24.39
2175,331011,580,-14148,2018-08-28,5518,30,5,6134760,14,1.1199999999999999,15.68
2179,331563,580,-14148,2018-08-29,5518,30,5,6134760,21,1.2857142857142858,27.0
2189,333291,580,-14148,2018-08-30,5518,30,5,6134760,13,1.2538461538461538,16.3
2204,335387,580,-14148,2018-08-31,5518,30,5,6134760,16,1.283125,20.53
2210,336349,580,-14148,2018-09-01,5518,30,5,6134760,21,1.2442857142857142,26.13
2219,337728,580,-14148,2018-09-02,5518,30,5,6134760,13,1.186923076923077,15.43
2231,339271,580,-14148,2018-09-03,5518,30,5,6134760,9,1.12,10.08
2238,340238,580,-14148,2018-09-04,5518,30,5,6134760,4,1.7725,7.09
2242,340882,580,-14148,2018-09-05,5518,30,5,6134760,27,1.2166666666666668,32.85
2258,343210,580,-14148,2018-09-06,5518,30,5,6134760,18,1.265,22.77
2266,343985,580,-14148,2018-09-07,5518,30,5,6136651,18,1.41,25.38
2277,346026,580,-14148,2018-09-08,5518,30,5,6136651,25,1.2244,30.61
2281,346898,580,-14148,2018-09-09,5518,30,5,6136651,2,1.12,2.24
2288,347558,580,-14148,2018-09-10,5518,30,5,6136651,23,1.1956521739130435,27.5
2299,349109,580,-14148,2018-09-11,5518,30,5,6136651,11,1.3572727272727272,14.93
2304,350093,580,-14148,2018-09-12,5518,30,5,6136651,7,1.727142857142857,12.09
2314,351069,580,-14148,2018-09-13,5518,30,5,6136651,9,1.8299999999999998,16.47
2324,353028,580,-14148,2018-09-14,5518,30,5,6136651,18,1.8166666666666669,32.7
2332,354443,580,-14148,2018-09-15,5518,30,5,6136651,13,1.8792307692307693,24.43
2342,355820,580,-14148,2018-09-16,5518,30,5,6136651,6,1.83,10.98
2349,356734,580,-14148,2018-09-17,5518,30,5,6136651,13,1.8423076923076922,23.95
2364,358779,580,-14148,2018-09-18,5518,30,5,6136651,4,1.93,7.72
2369,359883,580,-14148,2018-09-19,5518,30,5,6136651,3,1.83,5.49
2377,360728,580,-14148,2018-09-20,5518,30,5,6136651,5,1.846,9.23
2385,362144,580,-14148,2018-09-21,5518,30,5,6136651,12,1.8499999999999999,22.2
2399,364215,580,-14148,2018-09-22,5518,30,5,6136651,11,1.8590909090909091,20.45
2405,365782,580,-14148,2018-09-23,5518,30,5,6136651,4,1.87,7.48
2415,366635,580,-14148,2018-09-24,5518,30,5,6136651,5,1.8940000000000001,9.47
2424,367984,580,-14148,2018-09-25,5518,30,5,6136651,12,1.8499999999999999,22.2
2429,368578,580,-14148,2018-09-26,5518,30,5,6136651,13,1.860769230769231,24.19
2444,370776,580,-14148,2018-09-27,5518,30,5,6136651,5,1.8940000000000001,9.47
2450,371965,580,-14148,2018-09-28,5518,30,5,6136651,8,1.87,14.96
2463,374133,580,-14148,2018-09-29,5518,30,5,6136651,17,1.8347058823529412,31.19
2468,374762,580,-14148,2018-09-30,5518,30,5,6136651,5,1.75,8.75
2489,377862,580,-14148,2018-10-02,5518,30,5,6136651,4,1.87,7.48
2497,378901,580,-14148,2018-10-03,5518,30,5,6136651,3,1.83,5.49
2505,380205,580,-14148,2018-10-04,5518,30,5,6136651,8,1.81,14.48
2511,380982,580,-14148,2018-10-05,5518,30,5,6136651,7,1.852857142857143,12.97
2522,382511,580,-14148,2018-10-06,5518,30,5,6136651,5,1.8940000000000001,9.47
2533,384632,580,-14148,2018-10-07,5518,30,5,6136651,3,1.75,5.25
2541,385419,580,-14148,2018-10-08,5518,30,5,6136651,2,1.87,3.74
2551,387041,580,-14148,2018-10-09,5518,30,5,6136651,3,1.83,5.49
2560,388303,580,-14148,2018-10-10,5518,30,5,6136651,9,1.8566666666666667,16.71
2564,388574,580,-14148,2018-10-11,5518,30,5,6136651,4,1.81,7.24
2574,390335,580,-14148,2018-10-12,5518,30,5,6136651,5,1.846,9.23
2580,391180,580,-14148,2018-10-13,5518,30,5,6136651,12,1.8499999999999999,22.2
2594,393530,580,-14148,2018-10-14,5518,30,5,6136651,3,1.75,5.25
2602,394738,580,-14148,2018-10-15,5518,30,5,6136651,2,1.99,3.98
2609,395535,580,-14148,2018-10-16,5518,30,5,6136651,5,1.798,8.99
2622,397505,580,-14148,2018-10-17,5518,30,5,6136651,11,1.8154545454545454,19.97
2626,397900,580,-14148,2018-10-18,5518,30,5,6136651,5,1.798,8.99
2633,399373,580,-14148,2018-10-19,5518,30,5,6136651,10,1.8219999999999998,18.22
2645,401305,580,-14148,2018-10-20,5518,30,5,6136651,2,1.75,3.5
2651,402395,580,-14148,2018-10-21,5518,30,5,6136651,4,1.81,7.24
2657,403489,580,-14148,2018-10-22,5518,30,5,6136651,3,1.9100000000000001,5.73
2671,405239,580,-14148,2018-10-23,5518,30,5,6136651,5,1.8940000000000001,9.47
2681,406504,580,-14148,2018-10-24,5518,30,5,6136651,1,1.99,1.99
2687,407752,580,-14148,2018-10-25,5518,30,5,6136651,8,1.99,15.92
2696,408998,580,-14148,2018-10-26,5518,30,5,6136651,6,1.99,11.94
2705,410621,580,-14148,2018-10-27,5518,30,5,6136651,9,1.99,17.91
2711,411978,580,-14148,2018-10-28,5518,30,5,6136651,1,1.99,1.99
2717,412724,580,-14148,2018-10-29,5518,30,5,6136651,4,1.99,7.96
2725,413929,580,-14148,2018-10-30,5518,30,5,6136651,1,1.99,1.99
2729,414412,580,-14148,2018-10-31,5518,30,5,6136651,6,1.99,11.94
2746,416654,580,-14148,2018-11-02,5518,30,5,6136651,3,1.99,5.97
2758,418366,580,-14148,2018-11-03,5518,30,5,6136651,2,1.99,3.98
2762,419001,580,-14148,2018-11-04,5518,30,5,6136651,1,1.99,1.99
2770,420027,580,-14148,2018-11-05,5518,30,5,6136651,2,1.99,3.98
2781,421618,580,-14148,2018-11-06,5518,30,5,6136651,2,1.99,3.98
2786,422421,580,-14148,2018-11-07,5518,30,5,6136651,1,1.99,1.99
2795,423650,580,-14148,2018-11-08,5518,30,5,6136651,1,1.99,1.99
2804,425195,580,-14148,2018-11-09,5518,30,5,6136651,6,1.99,11.94
