Data/snickers_df.csv
,index,site_id,item_id,date,sq_footage,mpds,locale,periodic_gbv,quantity_sold,price,sales
2810,426073,580,-14148,2018-11-10,5518,30,5,6136651,8,1.99,15.92
2820,427617,580,-14148,2018-11-11,5518,30,5,6136651,3,1.99,5.97
2823,428124,580,-14148,2018-11-12,5518,30,5,6136651,4,1.99,7.96
2832,429757,580,-14148,2018-11-13,5518,30,5,6136651,4,1.99,7.96
2840,431023,580,-14148,2018-11-14,5518,30,5,6136651,3,1.99,5.97
2845,432121,580,-14148,2018-11-15,5518,30,5,6136651,2,1.99,3.98
2849,432778,580,-14148,2018-11-16,5518,30,5,6136651,4,1.99,7.96
2863,434676,580,-14148,2018-11-17,5518,30,5,6136651,3,1.99,5.97
2869,435961,580,-14148,2018-11-18,5518,30,5,6136651,5,1.9899999999999998,9.95
2876,436857,580,-14148,2018-11-19,5518,30,5,6136651,3,1.99,5.97
2882,437852,580,-14148,2018-11-20,5518,30,5,6136651,6,1.99,11.94
2888,439411,580,-14148,2018-11-21,5518,30,5,6136651,4,1.99,7.96
2898,440464,580,-14148,2018-11-22,5518,30,5,6136651,2,1.99,3.98
2904,441600,580,-14148,2018-11-23,5518,30,5,6136651,1,1.99,1.99
2910,442551,580,-14148,2018-11-24,5518,30,5,6136651,3,1.99,5.97
2921,444190,580,-14148,2018-11-25,5518,30,5,6136651,2,1.99,3.98
2927,445246,580,-14148,2018-11-26,5518,30,5,6136651,3,1.99,5.97
2935,446178,580,-14148,2018-11-27,5518,30,5,6136651,4,1.99,7.96
2947,448082,580,-14148,2018-11-28,5518,30,5,6136651,1,1.99,1.99
2956,449493,580,-14148,2018-11-29,5518,30,5,6136651,1,1.99,1.99
2963,450731,580,-14148,2018-11-30,5518,30,5,6121567,2,1.99,3.98
2970,451498,580,-14148,2018-12-01,5518,30,5,6121567,2,1.99,3.98
2977,452458,580,-14148,2018-12-02,5518,30,5,6121567,4,1.99,7.96
2985,453613,580,-14148,2018-12-03,5518,30,5,6121567,5,1.9899999999999998,9.95
2995,454776,580,-14148,2018-12-04,5518,30,5,6121567,2,1.99,3.98
3004,455834,580,-14148,2018-12-05,5518,30,5,6121567,7,1.99,13.93
3008,456485,580,-14148,2018-12-06,5518,30,5,6121567,4,1.99,7.96
3020,458816,580,-14148,2018-12-07,5518,30,5,6121567,7,1.99,13.93
3028,459386,580,-14148,2018-12-08,5518,30,5,6121567,11,1.99,21.89
3034,460358,580,-14148,2018-12-09,5518,30,5,6121567,5,1.9899999999999998,9.95
3045,461992,580,-14148,2018-12-10,5518,30,5,6121567,5,1.9899999999999998,9.95
3052,463090,580,-14148,2018-12-11,5518,30,5,6121567,4,1.99,7.96
3063,464363,580,-14148,2018-12-12,5518,30,5,6121567,7,1.99,13.93
3067,464994,580,-14148,2018-12-13,5518,30,5,6121567,3,1.99,5.97
3075,466132,580,-14148,2018-12-14,5518,30,5,6121567,5,1.9899999999999998,9.95
3090,468504,580,-14148,2018-12-15,5518,30,5,6121567,5,1.9899999999999998,9.95
3094,469126,580,-14148,2018-12-16,5518,30,5,6121567,1,1.99,1.99
3107,470322,580,-14148,2018-12-17,5518,30,5,6121567,6,1.99,11.94
3110,470965,580,-14148,2018-12-18,5518,30,5,6121567,6,1.99,11.94
3115,471872,580,-14148,2018-12-19,5518,30,5,6121567,8,1.99,15.92
3131,473897,580,-14148,2018-12-20,5518,30,5,6121567,12,1.99,23.88
3140,475095,580,-14148,2018-12-21,5518,30,5,6121567,5,1.9899999999999998,9.95
3146,476118,580,-14148,2018-12-22,5518,30,5,6121567,9,1.99,17.91
3151,476891,580,-14148,2018-12-23,5518,30,5,6121567,4,1.99,7.96
3159,477662,580,-14148,2018-12-24,5518,30,5,6121567,1,1.99,1.99
3169,479179,580,-14148,2018-12-25,5518,30,5,6121567,1,1.99,1.99
3178,480208,580,-14148,2018-12-26,5518,30,5,6121567,3,1.99,5.97
3191,481900,580,-14148,2018-12-27,5518,30,5,6121567,1,1.99,1.99
3195,482166,580,-14148,2018-12-28,5518,30,5,6121567,7,1.99,13.93
3210,483754,580,-14148,2018-12-29,5518,30,5,6121567,4,1.99,7.96
3212,484317,580,-14148,2018-12-30,5518,30,5,6121567,3,1.99,5.97
3223,485694,580,-14148,2018-12-31,5518,30,5,6121567,2,1.99,3.98
3235,487513,580,-14148,2019-01-02,5518,30,5,6121567,4,1.93,7.72
3240,488261,580,-14148,2019-01-03,5518,30,5,6121567,7,1.852857142857143,12.97
3249,489191,580,-14148,2019-01-04,5518,30,5,6121651,1,1.99,1.99
3259,490501,580,-14148,2019-01-05,5518,30,5,6121651,7,1.8871428571428572,13.21
3272,492508,580,-14148,2019-01-06,5518,30,5,6121651,8,1.81,14.48
3281,493551,580,-14148,2019-01-07,5518,30,5,6121651,4,1.81,7.24
3288,494411,580,-14148,2019-01-08,5518,30,5,6121651,5,1.75,8.75
3293,494987,580,-14148,2019-01-09,5518,30,5,6121651,5,1.846,9.23
3300,496073,580,-14148,2019-01-10,5518,30,5,6121651,6,1.9100000000000001,11.46
3311,497421,580,-14148,2019-01-11,5518,30,5,6121651,5,1.8940000000000001,9.47
3320,498743,580,-14148,2019-01-12,5518,30,5,6121651,4,1.87,7.48
3333,500500,580,-14148,2019-01-13,5518,30,5,6121651,2,1.75,3.5
3338,501483,580,-14148,2019-01-14,5518,30,5,6121651,3,1.83,5.49
3345,502512,580,-14148,2019-01-15,5518,30,5,6121651,2,1.87,3.74
3356,504038,580,-14148,2019-01-16,5518,30,5,6121651,5,1.9899999999999998,9.95
3366,505639,580,-14148,2019-01-17,5518,30,5,6121651,5,1.798,8.99
3371,506542,580,-14148,2019-01-18,5518,30,5,6121651,7,1.8185714285714287,12.73
3382,508324,580,-14148,2019-01-19,5518,30,5,6121651,9,1.8033333333333335,16.23
3393,509984,580,-14148,2019-01-20,5518,30,5,6121651,6,1.83,10.98
3399,510401,580,-14148,2019-01-21,5518,30,5,6121651,3,1.9100000000000001,5.73
3403,511231,580,-14148,2019-01-22,5518,30,5,6121651,4,1.87,7.48
3411,512541,580,-14148,2019-01-23,5518,30,5,6121651,3,1.9100000000000001,5.73
3421,513637,580,-14148,2019-01-24,5518,30,5,6121651,6,1.87,11.22
3433,515736,580,-14148,2019-01-25,5518,30,5,6121651,7,1.8871428571428572,13.21
3442,517182,580,-14148,2019-01-26,5518,30,5,6121651,11,1.7936363636363637,19.73
3452,518349,580,-14148,2019-01-27,5518,30,5,6121651,3,1.83,5.49
3454,518841,580,-14148,2019-01-28,5518,30,5,6121651,5,1.798,8.99
3463,520170,580,-14148,2019-01-29,5518,30,5,6121651,7,1.75,12.25
3479,522002,580,-14148,2019-01-30,5518,30,5,6121651,5,1.798,8.99
3480,522674,580,-14148,2019-01-31,5518,30,5,6121651,6,1.83,10.98
3496,524927,580,-14148,2019-02-01,5518,30,5,6121651,7,1.647142857142857,11.53
3500,525479,580,-14148,2019-02-02,5518,30,5,6121651,12,1.87,22.44
3509,526621,580,-14148,2019-02-03,5518,30,5,6121651,5,1.798,8.99
3517,528012,580,-14148,2019-02-04,5518,30,5,6121651,7,1.852857142857143,12.97
3528,529388,580,-14148,2019-02-05,5518,30,5,6121651,7,1.99,13.93
3536,530315,580,-14148,2019-02-06,5518,30,5,6121651,2,1.75,3.5
3541,530997,580,-14148,2019-02-07,5518,30,5,6121651,6,1.79,10.74
3555,533331,580,-14148,2019-02-08,5518,30,5,6121651,12,1.9100000000000001,22.92
3564,534181,580,-14148,2019-02-09,5518,30,5,6121651,9,1.8299999999999998,16.47
3571,536000,580,-14148,2019-02-10,5518,30,5,6121651,1,1.75,1.75
3576,536493,580,-14148,2019-02-11,5518,30,5,6121651,10,1.8940000000000001,18.94
3586,538012,580,-14148,2019-02-12,5518,30,5,6121651,1,1.99,1.99
3593,539391,580,-14148,2019-02-13,5518,30,5,6121651,2,1.99,3.98
3603,540891,580,-14148,2019-02-14,5518,30,5,6121651,3,1.99,5.97
3607,541230,580,-14148,2019-02-15,5518,30,5,6121651,2,1.99,3.98
3617,543577,580,-14148,2019-02-16,5518,30,5,6121651,5,1.9899999999999998,9.95
3624,545315,580,-14148,2019-02-18,5518,30,5,6121651,1,1.99,1.99
3635,546992,580,-14148,2019-02-19,5518,30,5,6121651,1,1.99,1.99
3642,548487,580,-14148,2019-02-21,5518,30,5,6121651,3,1.99,5.97
3649,549562,580,-14148,2019-02-22,5518,30,5,6121651,2,1.99,3.98
3658,551336,580,-14148,2019-02-23,5518,30,5,6121651,4,1.99,7.96
3666,552414,580,-14148,2019-02-24,5518,30,5,6121651,4,1.99,7.96
3679,554446,580,-14148,2019-02-25,5518,30,5,6121651,3,1.99,5.97
3688,555888,580,-14148,2019-02-26,5518,30,5,6121651,2,1.99,3.98
3692,556617,580,-14148,2019-02-27,5518,30,5,6121651,5,1.9899999999999998,9.95
3700,557424,580,-14148,2019-02-28,5518,30,5,6121651,3,1.6633333333333333,4.99
3715,560407,580,-14148,2019-03-02,5518,30,5,6121651,2,1.99,3.98
3723,561762,580,-14148,2019-03-03,5518,30,5,6121651,2,1.99,3.98
3733,563120,580,-14148,2019-03-04,5518,30,5,6121651,1,1.99,1.99
3739,564359,580,-14148,2019-03-05,5518,30,5,6121651,5,1.9899999999999998,9.95
3751,565944,580,-14148,2019-03-06,5518,30,5,6121651,2,1.99,3.98
3763,568462,580,-14148,2019-03-08,5518,30,5,6121651,3,1.99,5.97
3771,569392,580,-14148,2019-03-09,5518,30,5,6121651,3,1.99,5.97
3779,571221,580,-14148,2019-03-10,5518,30,5,6121651,3,1.99,5.97
3791,574315,580,-14148,2019-03-12,5518,30,5,6121651,9,1.99,17.91
3793,574729,580,-14148,2019-03-13,5518,30,5,6121651,2,1.99,3.98
3806,577040,580,-14148,2019-03-14,5518,30,5,6121651,6,1.99,11.94
3814,578073,580,-14148,2019-03-15,5518,30,5,6121651,3,1.99,5.97
3820,579695,580,-14148,2019-03-16,5518,30,5,6121651,6,1.99,11.94
3824,580520,580,-14148,2019-03-17,5518,30,5,6121651,1,1.99,1.99
3831,581378,580,-14148,2019-03-18,5518,30,5,6121651,3,1.99,5.97
3847,584088,580,-14148,2019-03-20,5518,30,5,6121651,4,1.99,7.96
3861,586247,580,-14148,2019-03-21,5518,30,5,6121651,3,1.99,5.97
3864,587089,580,-14148,2019-03-22,5518,30,5,6121651,1,1.99,1.99
3875,588796,580,-14148,2019-03-23,5518,30,5,6121651,6,1.99,11.94
3880,590548,580,-14148,2019-03-24,5518,30,5,6121651,1,1.99,1.99
3887,591219,580,-14148,2019-03-25,5518,30,5,6121651,1,1.99,1.99
3894,593051,580,-14148,2019-03-26,5518,30,5,6121651,1,1.99,1.99
3905,594751,580,-14148,2019-03-27,5518,30,5,6121651,2,1.99,3.98
3910,595511,580,-14148,2019-03-28,5518,30,5,6121651,2,1.99,3.98
3918,597365,580,-14148,2019-03-29,5518,30,5,6121651,5,1.9899999999999998,9.95
3928,599187,580,-14148,2019-03-30,5518,30,5,6121651,6,1.99,11.94
3937,599985,580,-14148,2019-03-31,5518,30,5,6121651,1,1.99,1.99
3946,601463,580,-14148,2019-04-01,5518,30,5,6121651,4,1.99,7.96
3955,603382,580,-14148,2019-04-02,5518,30,5,6121651,2,1.99,3.98
3961,604452,580,-14148,2019-04-03,5518,30,5,6121651,4,1.99,7.96
3965,605069,580,-14148,2019-04-04,5518,30,5,6121651,9,1.99,17.91
3977,606684,580,-14148,2019-04-05,5518,30,5,6121651,4,1.99,7.96
3989,608851,580,-14148,2019-04-06,5518,30,5,6121651,3,1.99,5.97
4008,612284,580,-14148,2019-04-09,5518,30,5,6121651,2,1.99,3.98
4019,613903,580,-14148,2019-04-11,5518,30,5,6121651,4,1.99,7.96
4031,615689,580,-14148,2019-04-12,5518,30,5,6121651,5,1.9899999999999998,9.95
4039,617133,580,-14148,2019-04-13,5518,30,5,6121651,6,1.99,11.94
4045,618715,580,-14148,2019-04-14,5518,30,5,6121651,3,1.99,5.97
4058,620144,580,-14148,2019-04-15,5518,30,5,6121651,4,1.99,7.96
4069,621628,580,-14148,2019-04-16,5518,30,5,6121651,2,1.99,3.98
4071,622042,580,-14148,2019-04-17,5518,30,5,6121651,5,1.9899999999999998,9.95
4081,623873,580,-14148,2019-04-18,5518,30,5,6121651,3,1.99,5.97
4088,625265,580,-14148,2019-04-19,5518,30,5,6121651,1,1.99,1.99
4096,626535,580,-14148,2019-04-20,5518,30,5,6121651,1,1.99,1.99
4104,627716,580,-14148,2019-04-21,5518,30,5,6121651,3,1.99,5.97
4115,629592,580,-14148,2019-04-22,5518,30,5,6121651,5,1.9899999999999998,9.95
4119,629970,580,-14148,2019-04-23,5518,30,5,6121651,3,1.99,5.97
4129,631602,580,-14148,2019-04-24,5518,30,5,6121651,5,1.9899999999999998,9.95
4142,633998,580,-14148,2019-04-26,5518,30,5,6121651,4,1.99,7.96
4154,635555,580,-14148,2019-04-27,5518,30,5,6121651,5,1.9899999999999998,9.95
4176,639545,580,-14148,2019-04-30,5518,30,5,6121651,6,1.99,11.94
4187,640716,580,-14148,2019-05-01,5518,30,5,6121651,4,1.99,7.96
4194,641626,580,-14148,2019-05-02,5518,30,5,6121651,10,1.9899999999999998,19.9
4208,644175,580,-14148,2019-05-03,5518,30,5,6121651,5,1.9899999999999998,9.95
4214,645345,580,-14148,2019-05-04,5518,30,5,6121651,5,1.9899999999999998,9.95
4217,646227,580,-14148,2019-05-05,5518,30,5,6121651,4,1.99,7.96
4225,647319,580,-14148,2019-05-06,5518,30,5,6121651,2,1.99,3.98
4239,649077,580,-14148,2019-05-07,5518,30,5,6121651,4,1.99,7.96
4244,649765,580,-14148,2019-05-08,5518,30,5,6121651,4,1.99,7.96
4256,651676,580,-14148,2019-05-09,5518,30,5,6121651,5,1.9899999999999998,9.95
4269,653877,580,-14148,2019-05-10,5518,30,5,6121651,1,1.99,1.99
4273,654429,580,-14148,2019-05-11,5518,30,5,6121651,3,1.99,5.97
4284,656455,580,-14148,2019-05-12,5518,30,5,6121651,3,1.99,5.97
4289,657514,580,-14148,2019-05-13,5518,30,5,6121651,2,1.99,3.98
4300,658517,580,-14148,2019-05-14,5518,30,5,6121651,4,1.99,7.96
4307,659408,580,-14148,2019-05-15,5518,30,5,6121651,1,1.99,1.99
4320,662301,580,-14148,2019-05-17,5518,30,5,6121651,7,1.99,13.93
4330,664153,580,-14148,2019-05-18,5518,30,5,6121651,1,1.99,1.99
4341,666213,580,-14148,2019-05-19,5518,30,5,6121651,1,1.99,1.99
4347,667344,580,-14148,2019-05-20,5518,30,5,6121651,2,1.99,3.98
4350,667646,580,-14148,2019-05-21,5518,30,5,6121651,7,1.99,13.93
4363,670192,580,-14148,2019-05-22,5518,30,5,6121651,7,1.99,13.93
4369,671351,580,-14148,2019-05-23,5518,30,5,6121651,5,1.9899999999999998,9.95
4381,673113,580,-14148,2019-05-24,5518,30,5,6044537,2,1.99,3.98
4383,674009,580,-14148,2019-05-25,5518,30,5,6044537,6,1.99,11.94
4399,676391,580,-14148,2019-05-26,5518,30,5,6044537,3,1.99,5.97
4407,677686,580,-14148,2019-05-27,5518,30,5,6044537,5,1.9899999999999998,9.95
4417,679140,580,-14148,2019-05-28,5518,30,5,6044537,3,1.99,5.97
4424,680213,580,-14148,2019-05-29,5518,30,5,6044537,4,1.99,7.96
4427,680735,580,-14148,2019-05-30,5518,30,5,6044537,5,1.9899999999999998,9.95
4437,682705,580,-14148,2019-05-31,5518,30,5,6044537,6,1.99,11.94
4449,684457,580,-14148,2019-06-01,5518,30,5,6044537,2,1.99,3.98
4458,686185,580,-14148,2019-06-02,5518,30,5,6044537,4,1.99,7.96
4462,687223,580,-14148,2019-06-03,5518,30,5,6044537,1,1.99,1.99
4473,688894,580,-14148,2019-06-04,5518,30,5,6044537,1,1.99,1.99
4478,689428,580,-14148,2019-06-05,5518,30,5,6044537,1,1.99,1.99
4492,691669,580,-14148,2019-06-06,5518,30,5,6044537,5,1.9899999999999998,9.95
4501,693088,580,-14148,2019-06-07,5518,30,5,6044537,4,1.99,7.96
4512,694890,580,-14148,2019-06-08,5518,30,5,6044537,5,1.9899999999999998,9.95
4519,695930,580,-14148,2019-06-09,5518,30,5,6044537,4,1.99,7.96
4528,697425,580,-14148,2019-06-10,5518,30,5,6044537,5,1.9899999999999998,9.95
4533,698411,580,-14148,2019-06-11,5518,30,5,6044537,3,1.99,5.97
4544,700229,580,-14148,2019-06-12,5518,30,5,6044537,2,1.99,3.98
4551,701557,580,-14148,2019-06-13,5518,30,5,6044537,4,1.99,7.96
4555,702488,580,-14148,2019-06-14,5518,30,5,6044537,2,1.99,3.98
4564,703804,580,-14148,2019-06-15,5518,30,5,6044537,5,1.9899999999999998,9.95
4570,704875,580,-14148,2019-06-16,5518,30,5,6044537,2,1.99,3.98
4578,706422,580,-14148,2019-06-17,5518,30,5,6044537,1,1.99,1.99
4589,708270,580,-14148,2019-06-18,5518,30,5,6044537,4,1.99,7.96
4593,708837,580,-14148,2019-06-19,5518,30,5,6044537,5,1.9420000000000002,9.71
4603,710373,580,-14148,2019-06-20,5518,30,5,6044537,9,1.9100000000000001,17.19
4619,713005,580,-14148,2019-06-21,5518,30,5,6044537,11,1.8590909090909091,20.45
4626,714077,580,-14148,2019-06-22,5518,30,5,6044537,13,1.860769230769231,24.19
4637,715779,580,-14148,2019-06-23,5518,30,5,6044537,6,1.79,10.74
4638,715916,580,-14148,2019-06-24,5518,30,5,6044537,6,1.87,11.22
4655,718465,580,-14148,2019-06-25,5518,30,5,6044537,13,1.8423076923076922,23.95
4663,719868,580,-14148,2019-06-26,5518,30,5,6044537,7,1.8871428571428572,13.21
4664,720038,580,-14148,2019-06-27,5518,30,5,6044537,12,1.87,22.44
4673,721382,580,-14148,2019-06-28,5518,30,5,6044537,9,1.9633333333333336,17.67
4686,723367,580,-14148,2019-06-29,5518,30,5,6044537,4,1.93,7.72
4696,725510,580,-14148,2019-06-30,5518,30,5,6044537,5,1.9420000000000002,9.71
4703,726614,580,-14148,2019-07-01,5518,30,5,6044537,6,1.67,10.02
4710,727725,580,-14148,2019-07-02,5518,30,5,6044537,6,1.9100000000000001,11.46
4718,728971,580,-14148,2019-07-03,5518,30,5,6044537,4,1.87,7.48
4732,731069,580,-14148,2019-07-04,5518,30,5,6044537,9,1.8299999999999998,16.47
4737,731507,580,-14148,2019-07-05,5518,30,5,6044537,8,1.87,14.96
4745,733650,580,-14148,2019-07-06,5518,30,5,6044537,9,1.8299999999999998,16.47
4750,734141,580,-14148,2019-07-07,5518,30,5,6044537,5,1.9420000000000002,9.71
4762,736143,580,-14148,2019-07-08,5518,30,5,6044537,3,1.99,5.97
4768,736932,580,-14148,2019-07-09,5518,30,5,6044537,5,1.9899999999999998,9.95
4779,738224,580,-14148,2019-07-10,5518,30,5,6044537,4,1.99,7.96
4784,739287,580,-14148,2019-07-11,5518,30,5,6044537,8,1.99,15.92
4793,740951,580,-14148,2019-07-12,5518,30,5,6044537,4,1.99,7.96
4804,742273,580,-14148,2019-07-13,5518,30,5,6044537,5,1.9899999999999998,9.95
4811,743494,580,-14148,2019-07-14,5518,30,5,6044537,2,1.99,3.98
4820,744684,580,-14148,2019-07-15,5518,30,5,6044537,5,1.9899999999999998,9.95
4835,747131,580,-14148,2019-07-16,5518,30,5,6044537,7,1.99,13.93
4844,748567,580,-14148,2019-07-17,5518,30,5,6044537,10,1.9899999999999998,19.9
4851,749605,580,-14148,2019-07-18,5518,30,5,6044537,5,1.9899999999999998,9.95
4854,750742,580,-14148,2019-07-19,5518,30,5,6044537,9,1.99,17.91
4867,752742,580,-14148,2019-07-20,5518,30,5,6044537,15,1.99,29.85
4874,753668,580,-14148,2019-07-21,5518,30,5,6044537,9,1.99,17.91
4875,754411,580,-14148,2019-07-22,5518,30,5,6044537,7,1.99,13.93
4886,756028,580,-14148,2019-07-23,5518,30,5,6044537,9,1.99,17.91
4895,757338,580,-14148,2019-07-24,5518,30,5,6044537,7,1.99,13.93
4903,758627,580,-14148,2019-07-25,5518,30,5,6044537,2,1.99,3.98
4917,760675,580,-14148,2019-07-26,5518,30,5,6044537,7,1.99,13.93
4921,761230,580,-14148,2019-07-27,5518,30,5,6044537,12,1.99,23.88
4933,763177,580,-14148,2019-07-28,5518,30,5,6044537,3,1.99,5.97
4946,765176,580,-14148,2019-07-29,5518,30,5,6044537,6,1.99,11.94
4955,766409,580,-14148,2019-07-30,5518,30,5,6044537,6,1.99,11.94
4957,766745,580,-14148,2019-07-31,5518,30,5,6044537,1,1.99,1.99
4968,768617,580,-14148,2019-08-01,5518,30,5,6044537,6,1.99,11.94
4975,769544,580,-14148,2019-08-02,5518,30,5,6044537,5,1.9899999999999998,9.95
4986,771959,580,-14148,2019-08-03,5518,30,5,6044537,4,1.99,7.96
4992,773278,580,-14148,2019-08-04,5518,30,5,6044537,3,1.99,5.97
4997,773834,580,-14148,2019-08-05,5518,30,5,6044537,2,1.99,3.98
5009,775848,580,-14148,2019-08-06,5518,30,5,6044537,1,1.99,1.99
5012,776533,580,-14148,2019-08-07,5518,30,5,6044537,3,1.99,5.97
5026,778494,580,-14148,2019-08-08,5518,30,5,6044537,5,1.9899999999999998,9.95
5036,780619,580,-14148,2019-08-09,5518,30,5,6044537,4,1.99,7.96
5039,781273,580,-14148,2019-08-10,5518,30,5,6044537,3,2.19,6.57
5047,782641,580,-14148,2019-08-11,5518,30,5,6044537,4,2.19,8.76
5057,784713,580,-14148,2019-08-12,5518,30,5,6044537,1,2.19,2.19
5066,785991,580,-14148,2019-08-13,5518,30,5,6044537,2,2.19,4.38
5075,787589,580,-14148,2019-08-14,5518,30,5,6044537,6,2.19,13.14
