Data/snickers_df.csv
,index,site_id,item_id,date,sq_footage,mpds,locale,periodic_gbv,quantity_sold,price,sales
5083,789132,580,-14148,2019-08-15,5518,30,5,6044537,2,2.19,4.38
5089,790152,580,-14148,2019-08-16,5518,30,5,6044537,4,2.19,8.76
5093,790775,580,-14148,2019-08-17,5518,30,5,6044537,2,2.19,4.38
5103,792702,580,-14148,2019-08-18,5518,30,5,6044537,2,2.19,4.38
5115,794176,580,-14148,2019-08-19,5518,30,5,6044537,8,2.19,17.52
5118,795085,580,-14148,2019-08-20,5518,30,5,6044537,2,2.19,4.38
5125,796190,580,-14148,2019-08-21,5518,30,5,6044537,5,2.19,10.95
5132,797426,580,-14148,2019-08-22,5518,30,5,6044537,2,2.19,4.38
5147,800162,580,-14148,2019-08-23,5518,30,5,6044537,5,2.19,10.95
5157,801757,580,-14148,2019-08-24,5518,30,5,6044537,5,2.19,10.95
5158,802018,580,-14148,2019-08-25,5518,30,5,6044537,3,2.19,6.57
5164,803232,580,-14148,2019-08-26,5518,30,5,6044537,5,2.19,10.95
5174,804610,580,-14148,2019-08-27,5518,30,5,6044537,2,2.19,4.38
5187,806525,580,-14148,2019-08-28,5518,30,5,6044537,1,2.19,2.19
5191,807652,580,-14148,2019-08-29,5518,30,5,6044537,3,2.19,6.57
5201,808854,580,-14148,2019-08-30,5518,30,5,6044537,4,2.19,8.76
5210,811204,580,-14148,2019-08-31,5518,30,5,6044537,6,2.19,13.14
5215,811837,580,-14148,2019-09-01,5518,30,5,6044537,3,2.19,6.57
5224,813653,580,-14148,2019-09-02,5518,30,5,6044537,1,2.19,2.19
5250,818098,580,-14148,2019-09-05,5518,30,5,6044537,3,2.19,6.57
5258,819552,580,-14148,2019-09-06,5518,30,5,6044537,2,2.19,4.38
5265,820881,580,-14148,2019-09-07,5518,30,5,6044537,5,2.19,10.95
5271,822571,580,-14148,2019-09-08,5518,30,5,6044537,4,2.19,8.76
5275,823066,580,-14148,2019-09-09,5518,30,5,6044537,4,2.19,8.76
5281,824135,580,-14148,2019-09-10,5518,30,5,6044537,1,2.19,2.19
5293,825960,580,-14148,2019-09-11,5518,30,5,6044537,4,2.19,8.76
5296,826548,580,-14148,2019-09-12,5518,30,5,6044537,4,2.19,8.76
5305,827990,580,-14148,2019-09-13,5518,30,5,6044537,6,2.19,13.14
5318,830440,580,-14148,2019-09-14,5518,30,5,6044537,9,2.19,19.71
5325,831464,580,-14148,2019-09-15,5518,30,5,6044537,8,2.19,17.52
5336,833471,580,-14148,2019-09-16,5518,30,5,6044537,4,2.19,8.76
5345,834964,580,-14148,2019-09-17,5518,30,5,6044537,3,2.19,6.57
5347,835240,580,-14148,2019-09-18,5518,30,5,6044537,3,2.19,6.57
5359,837153,580,-14148,2019-09-19,5518,30,5,6044537,4,2.19,8.76
5369,838791,580,-14148,2019-09-20,5518,30,5,6044537,7,2.064285714285714,14.45
5382,840794,580,-14148,2019-09-21,5518,30,5,6044537,7,2.064285714285714,14.45
5386,841713,580,-14148,2019-09-22,5518,30,5,6044537,4,1.86,7.44
5402,843945,580,-14148,2019-09-23,5518,30,5,6044537,1,2.19,2.19
5409,845318,580,-14148,2019-09-24,5518,30,5,6044537,3,2.19,6.57
5421,846579,580,-14148,2019-09-25,5518,30,5,6044537,6,1.97,11.82
5428,847951,580,-14148,2019-09-26,5518,30,5,6044537,5,2.0140000000000002,10.07
5433,849191,580,-14148,2019-09-27,5518,30,5,6044537,7,2.064285714285714,14.45
5449,851514,580,-14148,2019-09-28,5518,30,5,6044537,6,1.97,11.82
5456,852937,580,-14148,2019-09-29,5518,30,5,6044537,4,1.97,7.88
5467,854144,580,-14148,2019-09-30,5518,30,5,6044537,6,1.97,11.82
5473,855215,580,-14148,2019-10-01,5518,30,5,6044537,9,1.798888888888889,16.19
5487,857335,580,-14148,2019-10-02,5518,30,5,6044537,5,2.19,10.95
5494,858799,580,-14148,2019-10-03,5518,30,5,6044537,9,2.0033333333333334,18.03
5505,860166,580,-14148,2019-10-04,5518,30,5,6044537,8,1.97,15.76
5516,862286,580,-14148,2019-10-05,5518,30,5,6044537,11,1.95,21.45
5525,863953,580,-14148,2019-10-06,5518,30,5,6044537,5,1.8379999999999999,9.19
5533,864716,580,-14148,2019-10-07,5518,30,5,6044537,2,2.19,4.38
5539,865639,580,-14148,2019-10-08,5518,30,5,6044537,5,1.9260000000000002,9.63
5551,867684,580,-14148,2019-10-09,5518,30,5,6044537,6,1.8233333333333333,10.94
5558,868518,580,-14148,2019-10-10,5518,30,5,6044537,1,2.19,2.19
5565,869879,580,-14148,2019-10-11,5518,30,5,6044537,2,2.19,4.38
5583,873095,580,-14148,2019-10-12,5518,30,5,6044537,11,1.99,21.89
5587,873529,580,-14148,2019-10-13,5518,30,5,6044537,3,2.0433333333333334,6.13
5600,875806,580,-14148,2019-10-14,5518,30,5,6044537,11,1.7645454545454546,19.41
5603,876231,580,-14148,2019-10-15,5518,30,5,6044537,9,1.9944444444444445,17.95
5618,878162,580,-14148,2019-10-16,5518,30,5,6044537,5,2.0140000000000002,10.07
5624,879153,580,-14148,2019-10-17,5518,30,5,6044537,9,1.8966666666666667,17.07
5641,882043,580,-14148,2019-10-18,5518,30,5,6044537,3,2.0433333333333334,6.13
5642,882168,580,-14148,2019-10-19,5518,30,5,6044537,3,2.19,6.57
5659,884634,580,-14148,2019-10-20,5518,30,5,6044537,2,2.19,4.38
5664,885632,580,-14148,2019-10-21,5518,30,5,6044537,2,2.19,4.38
5671,886604,580,-14148,2019-10-22,5518,30,5,6044537,1,2.19,2.19
5688,888591,580,-14148,2019-10-23,5518,30,5,6044537,4,2.19,8.76
5696,890212,580,-14148,2019-10-24,5518,30,5,6044537,2,2.19,4.38
5703,891106,580,-14148,2019-10-25,5518,30,5,6044537,1,2.19,2.19
5716,893534,580,-14148,2019-10-26,5518,30,5,6044537,7,2.19,15.33
5725,894740,580,-14148,2019-10-27,5518,30,5,6044537,2,2.19,4.38
5730,895402,580,-14148,2019-10-28,5518,30,5,6044537,1,2.19,2.19
5743,897102,580,-14148,2019-10-29,5518,30,5,6044537,1,2.19,2.19
5745,897469,580,-14148,2019-10-30,5518,30,5,6044537,2,2.19,4.38
5755,898839,580,-14148,2019-10-31,5518,30,5,6044537,1,2.19,2.19
5770,900534,580,-14148,2019-11-01,5518,30,5,6044537,1,2.19,2.19
5773,901840,580,-14148,2019-11-02,5518,30,5,6044537,1,2.19,2.19
5778,902328,580,-14148,2019-11-03,5518,30,5,6044537,1,2.19,2.19
5790,904004,580,-14148,2019-11-04,5518,30,5,6044537,5,2.19,10.95
5794,904642,580,-14148,2019-11-05,5518,30,5,6044537,2,2.19,4.38
5808,906033,580,-14148,2019-11-06,5518,30,5,6044537,5,2.19,10.95
5820,907863,580,-14148,2019-11-07,5518,30,5,6044537,2,2.19,4.38
2066,315205,589,-14148,2018-08-16,5518,18,5,4003506,11,1.99,21.89
2071,315536,589,-14148,2018-08-17,5518,18,5,4003506,19,1.9900000000000002,37.81
2084,318069,589,-14148,2018-08-18,5518,18,5,4003506,25,1.99,49.75
2097,319507,589,-14148,2018-08-19,5518,18,5,4003506,4,1.99,7.96
2102,319993,589,-14148,2018-08-20,5518,18,5,4003506,7,1.99,13.93
2114,322116,589,-14148,2018-08-21,5518,18,5,4003506,20,1.9899999999999998,39.8
2119,322409,589,-14148,2018-08-22,5518,18,5,4003506,10,1.9899999999999998,19.9
2133,324678,589,-14148,2018-08-23,5518,18,5,4003506,15,1.99,29.85
2135,324859,589,-14148,2018-08-24,5518,18,5,4003506,12,1.99,23.88
2143,326363,589,-14148,2018-08-25,5518,18,5,4003506,17,1.99,33.83
2157,328573,589,-14148,2018-08-26,5518,18,5,4003506,7,1.99,13.93
2166,330103,589,-14148,2018-08-27,5518,18,5,4003506,14,1.99,27.86
2178,331333,589,-14148,2018-08-28,5518,18,5,4003506,24,1.99,47.76
2183,331952,589,-14148,2018-08-29,5518,18,5,4003506,12,1.99,23.88
2195,333790,589,-14148,2018-08-30,5518,18,5,4003506,7,1.99,13.93
2199,334382,589,-14148,2018-08-31,5518,18,5,4003506,12,1.99,23.88
2207,336059,589,-14148,2018-09-01,5518,18,5,4003506,9,1.99,17.91
2223,338254,589,-14148,2018-09-02,5518,18,5,4003506,6,1.99,11.94
2230,339255,589,-14148,2018-09-03,5518,18,5,4003506,7,1.99,13.93
2235,340012,589,-14148,2018-09-04,5518,18,5,4003506,9,2.018888888888889,18.17
2246,341427,589,-14148,2018-09-05,5518,18,5,4003506,9,1.99,17.91
2253,342435,589,-14148,2018-09-06,5518,18,5,4003506,6,1.99,11.94
2265,343854,589,-14148,2018-09-07,5518,18,5,4075243,9,1.99,17.91
2275,345570,589,-14148,2018-09-08,5518,18,5,4075243,10,1.9899999999999998,19.9
2278,346619,589,-14148,2018-09-09,5518,18,5,4075243,2,1.99,3.98
2287,347546,589,-14148,2018-09-10,5518,18,5,4075243,10,1.9899999999999998,19.9
2298,349029,589,-14148,2018-09-11,5518,18,5,4075243,4,1.99,7.96
2305,350254,589,-14148,2018-09-12,5518,18,5,4075243,4,1.99,7.96
2317,351248,589,-14148,2018-09-13,5518,18,5,4075243,4,1.99,7.96
2329,353612,589,-14148,2018-09-14,5518,18,5,4075243,8,1.99,15.92
2338,355192,589,-14148,2018-09-15,5518,18,5,4075243,8,1.99,15.92
2341,355801,589,-14148,2018-09-16,5518,18,5,4075243,5,1.9899999999999998,9.95
2351,356977,589,-14148,2018-09-17,5518,18,5,4075243,1,1.99,1.99
2359,358378,589,-14148,2018-09-18,5518,18,5,4075243,3,1.99,5.97
2373,360017,589,-14148,2018-09-19,5518,18,5,4075243,6,1.99,11.94
2380,360978,589,-14148,2018-09-20,5518,18,5,4075243,1,1.99,1.99
2392,363023,589,-14148,2018-09-21,5518,18,5,4075243,12,1.99,23.88
2393,363337,589,-14148,2018-09-22,5518,18,5,4075243,5,1.9899999999999998,9.95
2404,365704,589,-14148,2018-09-23,5518,18,5,4075243,3,1.99,5.97
2411,366423,589,-14148,2018-09-24,5518,18,5,4075243,6,1.99,11.94
2421,367836,589,-14148,2018-09-25,5518,18,5,4075243,7,1.99,13.93
2437,369731,589,-14148,2018-09-26,5518,18,5,4075243,5,1.9899999999999998,9.95
2440,370497,589,-14148,2018-09-27,5518,18,5,4075243,7,1.99,13.93
2453,372312,589,-14148,2018-09-28,5518,18,5,4075243,8,1.99,15.92
2465,374506,589,-14148,2018-09-30,5518,18,5,4075243,4,1.99,7.96
2479,376521,589,-14148,2018-10-01,5518,18,5,4075243,6,1.99,11.94
2487,377711,589,-14148,2018-10-02,5518,18,5,4075243,5,1.9899999999999998,9.95
2498,379005,589,-14148,2018-10-03,5518,18,5,4075243,5,1.9899999999999998,9.95
2501,379634,589,-14148,2018-10-04,5518,18,5,4075243,4,1.99,7.96
2508,380617,589,-14148,2018-10-05,5518,18,5,4131647,6,1.99,11.94
2517,382199,589,-14148,2018-10-06,5518,18,5,4131647,4,1.99,7.96
2530,384166,589,-14148,2018-10-07,5518,18,5,4131647,2,1.99,3.98
2542,385546,589,-14148,2018-10-08,5518,18,5,4131647,8,1.99,15.92
2548,386828,589,-14148,2018-10-09,5518,18,5,4131647,2,1.99,3.98
2556,387630,589,-14148,2018-10-10,5518,18,5,4131647,4,1.99,7.96
2569,389554,589,-14148,2018-10-11,5518,18,5,4131647,1,1.99,1.99
2578,390750,589,-14148,2018-10-12,5518,18,5,4131647,7,1.99,13.93
2584,391854,589,-14148,2018-10-13,5518,18,5,4131647,6,1.99,11.94
2596,393618,589,-14148,2018-10-14,5518,18,5,4131647,4,1.99,7.96
2604,394999,589,-14148,2018-10-15,5518,18,5,4131647,6,1.99,11.94
2611,395750,589,-14148,2018-10-16,5518,18,5,4131647,2,1.99,3.98
2617,396800,589,-14148,2018-10-17,5518,18,5,4131647,5,1.9899999999999998,9.95
2625,397899,589,-14148,2018-10-18,5518,18,5,4131647,6,1.99,11.94
2635,399537,589,-14148,2018-10-19,5518,18,5,4131647,10,1.9899999999999998,19.9
2642,400816,589,-14148,2018-10-20,5518,18,5,4131647,5,1.9899999999999998,9.95
2654,402536,589,-14148,2018-10-21,5518,18,5,4131647,2,1.99,3.98
2662,404232,589,-14148,2018-10-22,5518,18,5,4131647,3,1.99,5.97
2669,404888,589,-14148,2018-10-23,5518,18,5,4131647,3,1.99,5.97
2680,406470,589,-14148,2018-10-24,5518,18,5,4131647,4,1.99,7.96
2689,408005,589,-14148,2018-10-25,5518,18,5,4131647,4,1.99,7.96
2694,408901,589,-14148,2018-10-26,5518,18,5,4131647,5,1.9899999999999998,9.95
2700,410074,589,-14148,2018-10-27,5518,18,5,4131647,6,1.99,11.94
2706,411348,589,-14148,2018-10-28,5518,18,5,4131647,3,1.99,5.97
2721,413330,589,-14148,2018-10-30,5518,18,5,4131647,2,1.99,3.98
2732,414867,589,-14148,2018-10-31,5518,18,5,4131647,4,1.99,7.96
2741,415659,589,-14148,2018-11-01,5518,18,5,4131647,1,1.99,1.99
2752,417373,589,-14148,2018-11-02,5518,18,5,4169214,1,1.99,1.99
2754,417883,589,-14148,2018-11-03,5518,18,5,4169214,4,1.99,7.96
2766,419519,589,-14148,2018-11-04,5518,18,5,4169214,2,1.99,3.98
2769,420024,589,-14148,2018-11-05,5518,18,5,4169214,3,1.99,5.97
2787,422490,589,-14148,2018-11-07,5518,18,5,4169214,5,1.9899999999999998,9.95
2801,424976,589,-14148,2018-11-09,5518,18,5,4169214,4,1.99,7.96
2811,426182,589,-14148,2018-11-10,5518,18,5,4169214,3,1.99,5.97
2821,427884,589,-14148,2018-11-12,5518,18,5,4169214,5,1.9899999999999998,9.95
2830,429563,589,-14148,2018-11-13,5518,18,5,4169214,3,1.99,5.97
2835,430099,589,-14148,2018-11-14,5518,18,5,4169214,2,1.99,3.98
2846,432254,589,-14148,2018-11-15,5518,18,5,4169214,6,1.99,11.94
2854,432976,589,-14148,2018-11-16,5518,18,5,4169214,8,1.99,15.92
2858,434239,589,-14148,2018-11-17,5518,18,5,4169214,6,1.99,11.94
2868,435955,589,-14148,2018-11-18,5518,18,5,4169214,2,1.99,3.98
2873,436599,589,-14148,2018-11-19,5518,18,5,4169214,4,1.99,7.96
2881,437765,589,-14148,2018-11-20,5518,18,5,4169214,7,1.99,13.93
2891,439661,589,-14148,2018-11-21,5518,18,5,4169214,4,1.99,7.96
2902,441507,589,-14148,2018-11-23,5518,18,5,4169214,8,1.99,15.92
2915,443499,589,-14148,2018-11-24,5518,18,5,4169214,3,1.99,5.97
2920,444166,589,-14148,2018-11-25,5518,18,5,4169214,6,1.99,11.94
2929,445397,589,-14148,2018-11-26,5518,18,5,4169214,6,1.99,11.94
2940,447021,589,-14148,2018-11-27,5518,18,5,4169214,3,1.99,5.97
2943,447677,589,-14148,2018-11-28,5518,18,5,4169214,3,1.99,5.97
2953,448742,589,-14148,2018-11-29,5518,18,5,4169214,5,1.9899999999999998,9.95
2961,450374,589,-14148,2018-11-30,5518,18,5,4291634,4,1.99,7.96
2969,451470,589,-14148,2018-12-01,5518,18,5,4291634,5,1.9899999999999998,9.95
2976,452418,589,-14148,2018-12-02,5518,18,5,4291634,2,1.99,3.98
2989,454248,589,-14148,2018-12-03,5518,18,5,4291634,5,1.9899999999999998,9.95
2990,454380,589,-14148,2018-12-04,5518,18,5,4291634,2,1.99,3.98
3001,455687,589,-14148,2018-12-05,5518,18,5,4291634,7,1.99,13.93
3012,456936,589,-14148,2018-12-06,5518,18,5,4291634,3,1.99,5.97
3022,458842,589,-14148,2018-12-07,5518,18,5,4291634,3,1.99,5.97
3025,459038,589,-14148,2018-12-08,5518,18,5,4291634,2,1.99,3.98
3047,462383,589,-14148,2018-12-10,5518,18,5,4291634,5,1.9899999999999998,9.95
3053,463431,589,-14148,2018-12-11,5518,18,5,4291634,1,1.99,1.99
3062,464144,589,-14148,2018-12-12,5518,18,5,4291634,2,1.99,3.98
3068,465047,589,-14148,2018-12-13,5518,18,5,4291634,4,1.99,7.96
3079,466822,589,-14148,2018-12-14,5518,18,5,4291634,4,1.99,7.96
3085,467592,589,-14148,2018-12-15,5518,18,5,4291634,5,1.9899999999999998,9.95
3099,469473,589,-14148,2018-12-16,5518,18,5,4291634,2,1.99,3.98
3100,469652,589,-14148,2018-12-17,5518,18,5,4291634,1,1.99,1.99
3121,472482,589,-14148,2018-12-19,5518,18,5,4291634,1,1.99,1.99
3130,473878,589,-14148,2018-12-20,5518,18,5,4291634,2,1.99,3.98
3133,474230,589,-14148,2018-12-21,5518,18,5,4291634,5,1.9899999999999998,9.95
3142,475378,589,-14148,2018-12-22,5518,18,5,4291634,3,1.99,5.97
3154,477240,589,-14148,2018-12-23,5518,18,5,4291634,1,1.99,1.99
3162,477875,589,-14148,2018-12-24,5518,18,5,4291634,1,1.99,1.99
3168,479063,589,-14148,2018-12-25,5518,18,5,4291634,2,1.99,3.98
3190,481845,589,-14148,2018-12-27,5518,18,5,4291634,1,1.99,1.99
3199,482616,589,-14148,2018-12-28,5518,18,5,4291634,2,1.99,3.98
3208,483313,589,-14148,2018-12-29,5518,18,5,4291634,1,1.99,1.99
3222,485598,589,-14148,2018-12-31,5518,18,5,4291634,5,1.9899999999999998,9.95
3238,487768,589,-14148,2019-01-02,5518,18,5,4291634,5,1.9899999999999998,9.95
3244,488686,589,-14148,2019-01-03,5518,18,5,4291634,3,1.99,5.97
3253,489961,589,-14148,2019-01-04,5518,18,5,4311496,2,1.99,3.98
3265,491608,589,-14148,2019-01-05,5518,18,5,4311496,3,1.99,5.97
3267,491782,589,-14148,2019-01-06,5518,18,5,4311496,4,1.93,7.72
3280,493518,589,-14148,2019-01-07,5518,18,5,4311496,3,1.83,5.49
3289,494445,589,-14148,2019-01-08,5518,18,5,4311496,4,1.87,7.48
3296,495287,589,-14148,2019-01-09,5518,18,5,4311496,3,1.9100000000000001,5.73
3305,496506,589,-14148,2019-01-10,5518,18,5,4311496,2,1.87,3.74
3317,498269,589,-14148,2019-01-11,5518,18,5,4311496,4,1.81,7.24
3325,499595,589,-14148,2019-01-12,5518,18,5,4311496,5,1.8940000000000001,9.47
3328,500081,589,-14148,2019-01-13,5518,18,5,4311496,2,1.75,3.5
3346,502587,589,-14148,2019-01-15,5518,18,5,4311496,2,1.75,3.5
3358,504432,589,-14148,2019-01-16,5518,18,5,4311496,4,1.99,7.96
3365,505492,589,-14148,2019-01-17,5518,18,5,4311496,5,1.8940000000000001,9.47
3370,506399,589,-14148,2019-01-18,5518,18,5,4311496,5,1.9420000000000002,9.71
3384,508828,589,-14148,2019-01-19,5518,18,5,4311496,3,1.9100000000000001,5.73
3386,509072,589,-14148,2019-01-20,5518,18,5,4311496,6,1.95,11.7
3396,510135,589,-14148,2019-01-21,5518,18,5,4311496,1,1.75,1.75
3405,511662,589,-14148,2019-01-22,5518,18,5,4311496,7,1.852857142857143,12.97
3415,512682,589,-14148,2019-01-23,5518,18,5,4311496,7,1.8185714285714287,12.73
3423,513816,589,-14148,2019-01-24,5518,18,5,4311496,3,1.9100000000000001,5.73
3429,515146,589,-14148,2019-01-25,5518,18,5,4311496,3,1.9100000000000001,5.73
3439,516560,589,-14148,2019-01-26,5518,18,5,4311496,5,1.8940000000000001,9.47
3448,517742,589,-14148,2019-01-27,5518,18,5,4311496,5,1.8940000000000001,9.47
3458,519193,589,-14148,2019-01-28,5518,18,5,4311496,2,1.99,3.98
3468,520684,589,-14148,2019-01-29,5518,18,5,4311496,4,1.87,7.48
3474,521487,589,-14148,2019-01-30,5518,18,5,4311496,1,1.99,1.99
3487,523236,589,-14148,2019-01-31,5518,18,5,4311496,1,1.99,1.99
3493,524466,589,-14148,2019-02-01,5518,18,5,4311893,4,1.63,6.52
3504,526278,589,-14148,2019-02-02,5518,18,5,4311893,5,1.846,9.23
3508,526607,589,-14148,2019-02-03,5518,18,5,4311893,3,1.83,5.49
3521,528257,589,-14148,2019-02-04,5518,18,5,4311893,1,1.99,1.99
3525,529260,589,-14148,2019-02-05,5518,18,5,4311893,3,1.9100000000000001,5.73
3540,530738,589,-14148,2019-02-06,5518,18,5,4311893,3,1.99,5.97
3546,531590,589,-14148,2019-02-07,5518,18,5,4311893,1,1.75,1.75
3550,532297,589,-14148,2019-02-08,5518,18,5,4311893,4,1.99,7.96
3565,534212,589,-14148,2019-02-09,5518,18,5,4311893,4,1.81,7.24
3595,539587,589,-14148,2019-02-13,5518,18,5,4311893,2,1.99,3.98
3615,543263,589,-14148,2019-02-16,5518,18,5,4311893,1,1.99,1.99
3628,545736,589,-14148,2019-02-18,5518,18,5,4311893,1,1.99,1.99
3639,547566,589,-14148,2019-02-20,5518,18,5,4311893,1,1.99,1.99
3645,549095,589,-14148,2019-02-21,5518,18,5,4311893,1,1.99,1.99
3655,550663,589,-14148,2019-02-22,5518,18,5,4311893,3,1.99,5.97
3665,552020,589,-14148,2019-02-23,5518,18,5,4311893,3,1.99,5.97
3672,553490,589,-14148,2019-02-24,5518,18,5,4311893,2,1.99,3.98
3675,554043,589,-14148,2019-02-25,5518,18,5,4311893,2,1.99,3.98
3681,554760,589,-14148,2019-02-26,5518,18,5,4311893,4,1.99,7.96
3694,556853,589,-14148,2019-02-27,5518,18,5,4311893,3,1.99,5.97
3702,557725,589,-14148,2019-02-28,5518,18,5,4311893,3,1.99,5.97
3710,559619,589,-14148,2019-03-01,5518,18,5,4312773,3,1.99,5.97
3720,560962,589,-14148,2019-03-02,5518,18,5,4312773,1,1.99,1.99
3724,561899,589,-14148,2019-03-03,5518,18,5,4312773,4,1.99,7.96
3731,562884,589,-14148,2019-03-04,5518,18,5,4312773,4,1.99,7.96
3744,564917,589,-14148,2019-03-05,5518,18,5,4312773,3,1.99,5.97
