Data/snickers_df.csv
,index,site_id,item_id,date,sq_footage,mpds,locale,periodic_gbv,quantity_sold,price,sales
3748,565608,589,-14148,2019-03-06,5518,18,5,4312773,5,1.9899999999999998,9.95
3775,570686,589,-14148,2019-03-09,5518,18,5,4312773,4,1.99,7.96
3778,571084,589,-14148,2019-03-10,5518,18,5,4312773,2,1.99,3.98
3801,576022,589,-14148,2019-03-14,5518,18,5,4312773,3,1.99,5.97
3807,577123,589,-14148,2019-03-15,5518,18,5,4312773,1,1.99,1.99
3819,579532,589,-14148,2019-03-16,5518,18,5,4312773,3,1.99,5.97
3830,581341,589,-14148,2019-03-17,5518,18,5,4312773,2,1.99,3.98
3832,581436,589,-14148,2019-03-18,5518,18,5,4312773,2,1.99,3.98
3841,583411,589,-14148,2019-03-19,5518,18,5,4312773,4,1.99,7.96
3849,584321,589,-14148,2019-03-20,5518,18,5,4312773,2,1.99,3.98
3859,586123,589,-14148,2019-03-21,5518,18,5,4312773,5,1.9899999999999998,9.95
3871,588318,589,-14148,2019-03-23,5518,18,5,4312773,4,1.99,7.96
3881,590614,589,-14148,2019-03-24,5518,18,5,4312773,1,1.99,1.99
3888,591537,589,-14148,2019-03-25,5518,18,5,4312773,3,1.99,5.97
3897,593464,589,-14148,2019-03-26,5518,18,5,4312773,2,1.99,3.98
3906,594769,589,-14148,2019-03-27,5518,18,5,4312773,3,1.99,5.97
3914,596030,589,-14148,2019-03-28,5518,18,5,4312773,3,1.99,5.97
3920,597523,589,-14148,2019-03-29,5518,18,5,4368711,5,1.9899999999999998,9.95
3933,599658,589,-14148,2019-03-31,5518,18,5,4368711,5,1.9899999999999998,9.95
3942,601205,589,-14148,2019-04-01,5518,18,5,4368711,2,1.99,3.98
3947,602419,589,-14148,2019-04-02,5518,18,5,4368711,1,1.99,1.99
3960,604265,589,-14148,2019-04-03,5518,18,5,4368711,3,1.99,5.97
3967,605235,589,-14148,2019-04-04,5518,18,5,4368711,5,1.9899999999999998,9.95
3976,606398,589,-14148,2019-04-05,5518,18,5,4368711,9,1.99,17.91
3982,607764,589,-14148,2019-04-06,5518,18,5,4368711,2,1.99,3.98
3995,609676,589,-14148,2019-04-07,5518,18,5,4368711,1,1.99,1.99
4003,611506,589,-14148,2019-04-09,5518,18,5,4368711,2,1.99,3.98
4014,613285,589,-14148,2019-04-10,5518,18,5,4368711,1,1.99,1.99
4024,615039,589,-14148,2019-04-11,5518,18,5,4368711,3,1.99,5.97
4029,615569,589,-14148,2019-04-12,5518,18,5,4368711,2,1.99,3.98
4042,617924,589,-14148,2019-04-13,5518,18,5,4368711,7,1.99,13.93
4050,619223,589,-14148,2019-04-14,5518,18,5,4368711,11,1.99,21.89
4052,619506,589,-14148,2019-04-15,5518,18,5,4368711,4,1.99,7.96
4061,620825,589,-14148,2019-04-16,5518,18,5,4368711,1,1.99,1.99
4077,623249,589,-14148,2019-04-17,5518,18,5,4368711,6,1.99,11.94
4084,624125,589,-14148,2019-04-18,5518,18,5,4368711,7,1.99,13.93
4095,626063,589,-14148,2019-04-19,5518,18,5,4368711,2,1.99,3.98
4097,626537,589,-14148,2019-04-20,5518,18,5,4368711,2,1.99,3.98
4109,628578,589,-14148,2019-04-21,5518,18,5,4368711,4,1.99,7.96
4131,631869,589,-14148,2019-04-24,5518,18,5,4368711,1,1.99,1.99
4133,632183,589,-14148,2019-04-25,5518,18,5,4368711,3,1.99,5.97
4147,634700,589,-14148,2019-04-26,5518,18,5,4367050,11,1.99,21.89
4153,635474,589,-14148,2019-04-27,5518,18,5,4367050,6,1.99,11.94
4158,637028,589,-14148,2019-04-28,5518,18,5,4367050,7,1.99,13.93
4167,637981,589,-14148,2019-04-29,5518,18,5,4367050,4,1.99,7.96
4178,639724,589,-14148,2019-04-30,5518,18,5,4367050,5,1.9899999999999998,9.95
4190,641049,589,-14148,2019-05-01,5518,18,5,4367050,9,1.767777777777778,15.91
4195,641631,589,-14148,2019-05-02,5518,18,5,4367050,5,1.9899999999999998,9.95
4201,643044,589,-14148,2019-05-03,5518,18,5,4367050,6,1.99,11.94
4211,644591,589,-14148,2019-05-04,5518,18,5,4367050,5,1.9899999999999998,9.95
4222,646676,589,-14148,2019-05-05,5518,18,5,4367050,3,1.99,5.97
4226,647445,589,-14148,2019-05-06,5518,18,5,4367050,2,1.99,3.98
4237,648785,589,-14148,2019-05-07,5518,18,5,4367050,2,1.99,3.98
4249,650483,589,-14148,2019-05-08,5518,18,5,4367050,3,1.99,5.97
4259,652017,589,-14148,2019-05-09,5518,18,5,4367050,7,1.99,13.93
4261,652439,589,-14148,2019-05-10,5518,18,5,4367050,3,1.99,5.97
4275,654639,589,-14148,2019-05-11,5518,18,5,4367050,6,1.99,11.94
4280,655695,589,-14148,2019-05-12,5518,18,5,4367050,1,1.99,1.99
4285,657013,589,-14148,2019-05-13,5518,18,5,4367050,5,1.9899999999999998,9.95
4301,658541,589,-14148,2019-05-14,5518,18,5,4367050,7,1.99,13.93
4309,660107,589,-14148,2019-05-15,5518,18,5,4367050,5,1.9899999999999998,9.95
4316,661830,589,-14148,2019-05-16,5518,18,5,4367050,5,1.9899999999999998,9.95
4324,663240,589,-14148,2019-05-17,5518,18,5,4367050,3,1.99,5.97
4326,663945,589,-14148,2019-05-18,5518,18,5,4367050,3,1.99,5.97
4338,665484,589,-14148,2019-05-19,5518,18,5,4367050,4,1.99,7.96
4349,667642,589,-14148,2019-05-20,5518,18,5,4367050,3,1.99,5.97
4355,668391,589,-14148,2019-05-21,5518,18,5,4367050,6,1.99,11.94
4362,670176,589,-14148,2019-05-22,5518,18,5,4367050,5,1.9899999999999998,9.95
4366,670503,589,-14148,2019-05-23,5518,18,5,4367050,4,1.99,7.96
4377,672436,589,-14148,2019-05-24,5518,18,5,4367050,4,1.99,7.96
4389,674685,589,-14148,2019-05-25,5518,18,5,4367050,5,1.9899999999999998,9.95
4397,676314,589,-14148,2019-05-26,5518,18,5,4367050,5,1.9899999999999998,9.95
4408,677774,589,-14148,2019-05-27,5518,18,5,4367050,3,1.99,5.97
4416,678774,589,-14148,2019-05-28,5518,18,5,4367050,1,1.99,1.99
4422,679776,589,-14148,2019-05-29,5518,18,5,4367050,4,1.99,7.96
4428,680930,589,-14148,2019-05-30,5518,18,5,4367050,5,1.9899999999999998,9.95
4440,683311,589,-14148,2019-05-31,5518,18,5,4367050,4,1.99,7.96
4447,683973,589,-14148,2019-06-01,5518,18,5,4367050,9,1.99,17.91
4457,686115,589,-14148,2019-06-02,5518,18,5,4367050,6,1.99,11.94
4466,687500,589,-14148,2019-06-03,5518,18,5,4367050,5,1.9899999999999998,9.95
4472,688757,589,-14148,2019-06-04,5518,18,5,4367050,2,1.99,3.98
4483,689877,589,-14148,2019-06-05,5518,18,5,4367050,1,1.99,1.99
4487,690741,589,-14148,2019-06-06,5518,18,5,4367050,1,1.99,1.99
4498,692478,589,-14148,2019-06-07,5518,18,5,4367050,5,1.9899999999999998,9.95
4506,693728,589,-14148,2019-06-08,5518,18,5,4367050,3,1.99,5.97
4520,696204,589,-14148,2019-06-09,5518,18,5,4367050,3,1.99,5.97
4522,696489,589,-14148,2019-06-10,5518,18,5,4367050,6,1.99,11.94
4531,697826,589,-14148,2019-06-11,5518,18,5,4367050,3,1.99,5.97
4541,699782,589,-14148,2019-06-12,5518,18,5,4367050,6,1.99,11.94
4545,700643,589,-14148,2019-06-13,5518,18,5,4367050,6,1.99,11.94
4552,701841,589,-14148,2019-06-14,5518,18,5,4367050,5,1.9899999999999998,9.95
4563,703744,589,-14148,2019-06-15,5518,18,5,4367050,2,1.99,3.98
4573,705796,589,-14148,2019-06-16,5518,18,5,4367050,5,1.9899999999999998,9.95
4576,706151,589,-14148,2019-06-17,5518,18,5,4367050,6,1.99,11.94
4586,708061,589,-14148,2019-06-18,5518,18,5,4367050,5,1.9899999999999998,9.95
4600,709983,589,-14148,2019-06-19,5518,18,5,4367050,12,1.9100000000000001,22.92
4604,710441,589,-14148,2019-06-20,5518,18,5,4367050,8,1.9,15.2
4614,712258,589,-14148,2019-06-21,5518,18,5,4367050,6,1.9100000000000001,11.46
4622,713292,589,-14148,2019-06-22,5518,18,5,4367050,15,1.894,28.41
4630,714956,589,-14148,2019-06-23,5518,18,5,4367050,5,1.8940000000000001,9.47
4641,716497,589,-14148,2019-06-24,5518,18,5,4367050,8,1.78,14.24
4653,718230,589,-14148,2019-06-25,5518,18,5,4367050,6,1.79,10.74
4656,718733,589,-14148,2019-06-26,5518,18,5,4367050,1,1.75,1.75
4672,721060,589,-14148,2019-06-27,5518,18,5,4367050,5,1.846,9.23
4676,721766,589,-14148,2019-06-28,5518,18,5,4367050,5,1.846,9.23
4682,722951,589,-14148,2019-06-29,5518,18,5,4367050,6,1.83,10.98
4690,724725,589,-14148,2019-06-30,5518,18,5,4367050,2,1.75,3.5
4701,726155,589,-14148,2019-07-01,5518,18,5,4367050,1,1.99,1.99
4712,727902,589,-14148,2019-07-02,5518,18,5,4367050,9,1.8566666666666667,16.71
4715,728525,589,-14148,2019-07-03,5518,18,5,4367050,11,1.8590909090909091,20.45
4725,729988,589,-14148,2019-07-04,5518,18,5,4367050,7,1.7842857142857143,12.49
4736,731449,589,-14148,2019-07-05,5518,18,5,4367050,10,1.846,18.46
4743,733187,589,-14148,2019-07-06,5518,18,5,4367050,4,1.93,7.72
4752,734395,589,-14148,2019-07-07,5518,18,5,4367050,9,1.7766666666666666,15.99
4760,735692,589,-14148,2019-07-08,5518,18,5,4367050,3,1.67,5.01
4767,736888,589,-14148,2019-07-09,5518,18,5,4367050,7,1.8128571428571427,12.69
4778,738162,589,-14148,2019-07-10,5518,18,5,4367050,1,1.99,1.99
4791,739889,589,-14148,2019-07-11,5518,18,5,4367050,3,1.99,5.97
4801,741561,589,-14148,2019-07-12,5518,18,5,4367050,11,1.99,21.89
4810,743147,589,-14148,2019-07-13,5518,18,5,4367050,13,1.99,25.87
4816,743978,589,-14148,2019-07-14,5518,18,5,4367050,3,1.99,5.97
4827,745802,589,-14148,2019-07-15,5518,18,5,4367050,3,1.99,5.97
4837,747548,589,-14148,2019-07-17,5518,18,5,4367050,3,1.99,5.97
4847,749275,589,-14148,2019-07-18,5518,18,5,4367050,8,1.99,15.92
4861,751575,589,-14148,2019-07-19,5518,18,5,4367050,6,1.99,11.94
4866,752148,589,-14148,2019-07-20,5518,18,5,4367050,2,1.99,3.98
4873,753523,589,-14148,2019-07-21,5518,18,5,4367050,1,1.99,1.99
4883,755479,589,-14148,2019-07-22,5518,18,5,4367050,3,1.99,5.97
4885,755798,589,-14148,2019-07-23,5518,18,5,4367050,3,1.99,5.97
4893,757026,589,-14148,2019-07-24,5518,18,5,4367050,3,1.99,5.97
4907,759062,589,-14148,2019-07-25,5518,18,5,4367050,6,1.8233333333333333,10.94
4916,760361,589,-14148,2019-07-26,5518,18,5,4367050,6,1.99,11.94
4924,762120,589,-14148,2019-07-27,5518,18,5,4367050,2,1.99,3.98
4937,763838,589,-14148,2019-07-28,5518,18,5,4367050,5,1.9899999999999998,9.95
4942,764168,589,-14148,2019-07-29,5518,18,5,4367050,2,1.99,3.98
4949,765451,589,-14148,2019-07-30,5518,18,5,4367050,5,1.9899999999999998,9.95
4962,767544,589,-14148,2019-07-31,5518,18,5,4367050,4,1.99,7.96
4965,768168,589,-14148,2019-08-01,5518,18,5,4367050,4,1.99,7.96
4977,769771,589,-14148,2019-08-02,5518,18,5,4367050,5,1.9899999999999998,9.95
4985,771826,589,-14148,2019-08-03,5518,18,5,4367050,8,1.99,15.92
4991,773177,589,-14148,2019-08-04,5518,18,5,4367050,1,1.99,1.99
5002,774478,589,-14148,2019-08-05,5518,18,5,4367050,4,1.99,7.96
5008,775804,589,-14148,2019-08-06,5518,18,5,4367050,3,1.99,5.97
5016,776726,589,-14148,2019-08-07,5518,18,5,4367050,3,1.99,5.97
5021,777983,589,-14148,2019-08-08,5518,18,5,4367050,1,1.99,1.99
5034,780414,589,-14148,2019-08-09,5518,18,5,4367050,2,1.99,3.98
5042,781902,589,-14148,2019-08-10,5518,18,5,4367050,2,2.09,4.18
5059,784985,589,-14148,2019-08-12,5518,18,5,4367050,4,2.19,8.76
5065,785921,589,-14148,2019-08-13,5518,18,5,4367050,5,2.19,10.95
5069,786409,589,-14148,2019-08-14,5518,18,5,4367050,5,2.19,10.95
5076,788214,589,-14148,2019-08-15,5518,18,5,4367050,2,2.19,4.38
5090,790372,589,-14148,2019-08-16,5518,18,5,4365015,3,2.19,6.57
5099,791982,589,-14148,2019-08-17,5518,18,5,4365015,3,2.19,6.57
5102,792393,589,-14148,2019-08-18,5518,18,5,4365015,3,2.19,6.57
5112,793891,589,-14148,2019-08-19,5518,18,5,4365015,2,2.19,4.38
5119,795145,589,-14148,2019-08-20,5518,18,5,4365015,6,2.19,13.14
5131,796951,589,-14148,2019-08-21,5518,18,5,4365015,6,2.19,13.14
5138,798261,589,-14148,2019-08-22,5518,18,5,4365015,4,2.19,8.76
5144,799859,589,-14148,2019-08-23,5518,18,5,4365015,3,2.19,6.57
5152,801040,589,-14148,2019-08-24,5518,18,5,4365015,3,2.19,6.57
5161,802387,589,-14148,2019-08-25,5518,18,5,4365015,2,2.19,4.38
5167,803673,589,-14148,2019-08-26,5518,18,5,4365015,5,2.19,10.95
5176,804787,589,-14148,2019-08-27,5518,18,5,4365015,4,2.19,8.76
5183,806057,589,-14148,2019-08-28,5518,18,5,4365015,1,2.19,2.19
5196,808128,589,-14148,2019-08-29,5518,18,5,4365015,3,2.19,6.57
5202,808938,589,-14148,2019-08-30,5518,18,5,4365015,4,2.19,8.76
5206,810053,589,-14148,2019-08-31,5518,18,5,4365015,1,2.19,2.19
5216,811942,589,-14148,2019-09-01,5518,18,5,4365015,3,2.19,6.57
5226,813753,589,-14148,2019-09-02,5518,18,5,4365015,2,2.19,4.38
5231,814403,589,-14148,2019-09-03,5518,18,5,4365015,7,2.19,15.33
5241,816066,589,-14148,2019-09-04,5518,18,5,4365015,1,2.19,2.19
5247,817315,589,-14148,2019-09-05,5518,18,5,4365015,2,2.19,4.38
5252,818349,589,-14148,2019-09-06,5518,18,5,4365015,5,2.19,10.95
5267,821180,589,-14148,2019-09-07,5518,18,5,4365015,4,2.19,8.76
5269,821507,589,-14148,2019-09-08,5518,18,5,4365015,2,2.19,4.38
5274,822963,589,-14148,2019-09-09,5518,18,5,4365015,4,2.19,8.76
5286,824731,589,-14148,2019-09-10,5518,18,5,4365015,3,2.19,6.57
5290,825535,589,-14148,2019-09-11,5518,18,5,4365015,6,1.8766666666666667,11.26
5302,827540,589,-14148,2019-09-12,5518,18,5,4365015,8,2.19,17.52
5308,828701,589,-14148,2019-09-13,5518,18,5,4365015,16,2.19,35.04
5314,829890,589,-14148,2019-09-14,5518,18,5,4365015,5,2.19,10.95
5328,831964,589,-14148,2019-09-15,5518,18,5,4365015,6,2.19,13.14
5333,833355,589,-14148,2019-09-16,5518,18,5,4365015,7,2.19,15.33
5340,834124,589,-14148,2019-09-17,5518,18,5,4365015,3,2.19,6.57
5350,835557,589,-14148,2019-09-18,5518,18,5,4365015,2,2.19,4.38
5364,837903,589,-14148,2019-09-19,5518,18,5,4365015,5,2.19,10.95
5371,839124,589,-14148,2019-09-20,5518,18,5,4365015,13,1.8176923076923077,23.63
5380,840627,589,-14148,2019-09-21,5518,18,5,4365015,19,1.8426315789473684,35.01
5388,841835,589,-14148,2019-09-22,5518,18,5,4365015,11,1.95,21.45
5394,843171,589,-14148,2019-09-23,5518,18,5,4365015,2,1.97,3.94
5411,845435,589,-14148,2019-09-24,5518,18,5,4365015,5,2.102,10.51
5415,845816,589,-14148,2019-09-25,5518,18,5,4365015,5,2.19,10.95
5425,847670,589,-14148,2019-09-26,5518,18,5,4365015,8,1.86,14.88
5434,849254,589,-14148,2019-09-27,5518,18,5,4365015,6,2.1166666666666667,12.7
5448,851255,589,-14148,2019-09-28,5518,18,5,4365015,6,1.8966666666666667,11.38
5455,852723,589,-14148,2019-09-29,5518,18,5,4365015,5,1.8379999999999999,9.19
5464,853883,589,-14148,2019-09-30,5518,18,5,4365015,13,1.919230769230769,24.95
5479,855975,589,-14148,2019-10-01,5518,18,5,4365015,9,1.8477777777777777,16.63
5488,857383,589,-14148,2019-10-02,5518,18,5,4365015,17,1.8535294117647059,31.51
5492,858558,589,-14148,2019-10-03,5518,18,5,4365015,8,2.08,16.64
5501,859417,589,-14148,2019-10-04,5518,18,5,4365015,10,1.8820000000000001,18.82
5514,862081,589,-14148,2019-10-05,5518,18,5,4365015,9,1.9944444444444445,17.95
5523,863735,589,-14148,2019-10-06,5518,18,5,4365015,4,1.97,7.88
5535,865380,589,-14148,2019-10-07,5518,18,5,4365015,5,1.9260000000000002,9.63
5546,866649,589,-14148,2019-10-08,5518,18,5,4365015,7,1.875714285714286,13.13
5552,867728,589,-14148,2019-10-09,5518,18,5,4365015,2,1.75,3.5
5559,868617,589,-14148,2019-10-10,5518,18,5,4365015,3,1.8966666666666667,5.69
5566,870478,589,-14148,2019-10-11,5518,18,5,4365015,7,1.8128571428571427,12.69
5579,871910,589,-14148,2019-10-12,5518,18,5,4365015,9,1.9455555555555557,17.51
5588,873724,589,-14148,2019-10-13,5518,18,5,4365015,6,1.8966666666666667,11.38
5601,875813,589,-14148,2019-10-14,5518,18,5,4365015,8,1.915,15.32
5602,876202,589,-14148,2019-10-15,5518,18,5,4365015,7,1.9385714285714286,13.57
5620,878810,589,-14148,2019-10-16,5518,18,5,4365015,4,1.97,7.88
5627,879805,589,-14148,2019-10-17,5518,18,5,4365015,4,1.97,7.88
5633,880625,589,-14148,2019-10-18,5518,18,5,4365015,4,2.19,8.76
5649,883225,589,-14148,2019-10-19,5518,18,5,4365015,7,2.19,15.33
5657,884297,589,-14148,2019-10-20,5518,18,5,4365015,3,1.8966666666666667,5.69
5666,885933,589,-14148,2019-10-21,5518,18,5,4365015,5,2.19,10.95
5675,886880,589,-14148,2019-10-22,5518,18,5,4365015,5,1.8379999999999999,9.19
5680,887760,589,-14148,2019-10-23,5518,18,5,4365015,4,2.19,8.76
5697,890338,589,-14148,2019-10-24,5518,18,5,4365015,3,2.19,6.57
5702,890990,589,-14148,2019-10-25,5518,18,5,4365015,2,2.19,4.38
5715,893478,589,-14148,2019-10-26,5518,18,5,4365015,2,2.19,4.38
5726,894768,589,-14148,2019-10-27,5518,18,5,4365015,4,2.19,8.76
5729,895385,589,-14148,2019-10-28,5518,18,5,4365015,1,2.19,2.19
5748,897635,589,-14148,2019-10-30,5518,18,5,4365015,1,2.19,2.19
5753,898782,589,-14148,2019-10-31,5518,18,5,4365015,2,2.19,4.38
5767,900375,589,-14148,2019-11-01,5518,18,5,4365015,2,2.19,4.38
5785,903509,589,-14148,2019-11-04,5518,18,5,4365015,3,2.19,6.57
5800,905082,589,-14148,2019-11-05,5518,18,5,4365015,1,2.19,2.19
5810,906498,589,-14148,2019-11-06,5518,18,5,4365015,1,2.19,2.19
5818,907652,589,-14148,2019-11-07,5518,18,5,4365015,1,2.19,2.19
5823,908706,589,-14148,2019-11-08,5518,18,5,4365015,1,2.19,2.19
