Data/snickers_df.csv
,index,site_id,item_id,date,sq_footage,mpds,locale,periodic_gbv,quantity_sold,price,sales
5351,835576,601,-14148,2019-09-18,4600,12,1,3527242,5,1.8379999999999999,9.19
5363,837868,601,-14148,2019-09-19,4600,12,1,3527242,2,1.75,3.5
5367,838146,601,-14148,2019-09-20,4600,12,1,3527242,8,2.025,16.2
5379,840541,601,-14148,2019-09-21,4600,12,1,3527242,4,1.97,7.88
5391,842580,601,-14148,2019-09-22,4600,12,1,3527242,3,2.0433333333333334,6.13
5403,843969,601,-14148,2019-09-23,4600,12,1,3527242,6,1.8233333333333333,10.94
5410,845378,601,-14148,2019-09-24,4600,12,1,3527242,3,1.8966666666666667,5.69
5417,846215,601,-14148,2019-09-25,4600,12,1,3527242,3,2.0433333333333334,6.13
5429,848442,601,-14148,2019-09-26,4600,12,1,3527242,3,1.8966666666666667,5.69
5437,849728,601,-14148,2019-09-27,4600,12,1,3527242,8,1.97,15.76
5451,852186,601,-14148,2019-09-28,4600,12,1,3527242,9,1.921111111111111,17.29
5458,853158,601,-14148,2019-09-29,4600,12,1,3527242,3,2.0433333333333334,6.13
5470,854488,601,-14148,2019-09-30,4600,12,1,3527242,7,2.0014285714285713,14.01
5476,855616,601,-14148,2019-10-01,4600,12,1,3527242,6,1.8233333333333333,10.94
5489,857673,601,-14148,2019-10-02,4600,12,1,3527242,5,1.8379999999999999,9.19
5499,859313,601,-14148,2019-10-03,4600,12,1,3527242,6,2.0433333333333334,12.26
5502,859481,601,-14148,2019-10-04,4600,12,1,3527242,3,1.6766666666666667,5.03
5517,862569,601,-14148,2019-10-05,4600,12,1,3527242,2,1.97,3.94
5522,863583,601,-14148,2019-10-06,4600,12,1,3527242,2,1.97,3.94
5538,865638,601,-14148,2019-10-08,4600,12,1,3527242,1,2.19,2.19
5547,867144,601,-14148,2019-10-09,4600,12,1,3527242,8,1.86,14.88
5563,869445,601,-14148,2019-10-10,4600,12,1,3527242,10,1.8820000000000001,18.82
5574,871353,601,-14148,2019-10-11,4600,12,1,3616099,10,2.0140000000000002,20.14
5578,871755,601,-14148,2019-10-12,4600,12,1,3616099,6,1.97,11.82
5592,874478,601,-14148,2019-10-13,4600,12,1,3616099,2,2.19,4.38
5594,875140,601,-14148,2019-10-14,4600,12,1,3616099,7,2.064285714285714,14.45
5608,876902,601,-14148,2019-10-15,4600,12,1,3616099,6,2.1166666666666667,12.7
5616,877609,601,-14148,2019-10-16,4600,12,1,3616099,5,1.8379999999999999,9.19
5630,880168,601,-14148,2019-10-17,4600,12,1,3616099,7,1.8128571428571427,12.69
5632,880573,601,-14148,2019-10-18,4600,12,1,3616099,5,1.75,8.75
5645,882930,601,-14148,2019-10-19,4600,12,1,3616099,4,1.97,7.88
5651,883594,601,-14148,2019-10-20,4600,12,1,3616099,2,1.97,3.94
5663,885321,601,-14148,2019-10-21,4600,12,1,3616099,7,1.8128571428571427,12.69
5678,887142,601,-14148,2019-10-22,4600,12,1,3616099,5,2.102,10.51
5686,888451,601,-14148,2019-10-23,4600,12,1,3616099,4,2.19,8.76
5694,889564,601,-14148,2019-10-24,4600,12,1,3616099,4,2.19,8.76
5707,891975,601,-14148,2019-10-25,4600,12,1,3616099,6,2.19,13.14
5709,892355,601,-14148,2019-10-26,4600,12,1,3616099,4,2.19,8.76
5721,894474,601,-14148,2019-10-27,4600,12,1,3616099,2,2.19,4.38
5737,896330,601,-14148,2019-10-29,4600,12,1,3616099,2,2.19,4.38
5747,897624,601,-14148,2019-10-30,4600,12,1,3616099,7,2.19,15.33
5758,899208,601,-14148,2019-10-31,4600,12,1,3616099,2,2.19,4.38
5765,900331,601,-14148,2019-11-01,4600,12,1,3616099,4,2.19,8.76
5786,903523,601,-14148,2019-11-04,4600,12,1,3616099,4,2.19,8.76
5797,904798,601,-14148,2019-11-05,4600,12,1,3616099,5,2.19,10.95
5804,905609,601,-14148,2019-11-06,4600,12,1,3616099,2,2.19,4.38
5816,907515,601,-14148,2019-11-07,4600,12,1,3616099,3,2.19,6.57
5822,908316,601,-14148,2019-11-08,4600,12,1,3616099,8,2.19,17.52
